yosys -c aig_gen.tcl | tee ./graphs/lsu_bypass/aig_gen.log

 /----------------------------------------------------------------------------\
 |                                                                            |
 |  yosys -- Yosys Open SYnthesis Suite                                       |
 |                                                                            |
 |  Copyright (C) 2012 - 2020  Claire Xenia Wolf <claire@yosyshq.com>         |
 |                                                                            |
 |  Permission to use, copy, modify, and/or distribute this software for any  |
 |  purpose with or without fee is hereby granted, provided that the above    |
 |  copyright notice and this permission notice appear in all copies.         |
 |                                                                            |
 |  THE SOFTWARE IS PROVIDED "AS IS" AND THE AUTHOR DISCLAIMS ALL WARRANTIES  |
 |  WITH REGARD TO THIS SOFTWARE INCLUDING ALL IMPLIED WARRANTIES OF          |
 |  MERCHANTABILITY AND FITNESS. IN NO EVENT SHALL THE AUTHOR BE LIABLE FOR   |
 |  ANY SPECIAL, DIRECT, INDIRECT, OR CONSEQUENTIAL DAMAGES OR ANY DAMAGES    |
 |  WHATSOEVER RESULTING FROM LOSS OF USE, DATA OR PROFITS, WHETHER IN AN     |
 |  ACTION OF CONTRACT, NEGLIGENCE OR OTHER TORTIOUS ACTION, ARISING OUT OF   |
 |  OR IN CONNECTION WITH THE USE OR PERFORMANCE OF THIS SOFTWARE.            |
 |                                                                            |
 \----------------------------------------------------------------------------/

 Yosys 0.35+24 (git sha1 032fab1f5, clang 15.0.7 -fPIC -Os)

1. Executing Liberty frontend: /opt/riscv/cad/lib/sky130_osu_sc_t12/12T_hs/lib/sky130_osu_sc_12T_hs_tt_1P20_25C.ccs.lib
Imported 55 cell types from liberty file.

2. Executing Verilog-2005 frontend: /home/qualcomm_clinic/RTL/OpenABC/leaf_level_verilog/tsmc65lp/ariane/alu.v
Parsing SystemVerilog input from `/home/qualcomm_clinic/RTL/OpenABC/leaf_level_verilog/tsmc65lp/ariane/alu.v' to AST representation.
Generating RTLIL representation for module `\alu'.
Successfully finished Verilog frontend.

3. Executing Verilog-2005 frontend: /home/qualcomm_clinic/RTL/OpenABC/leaf_level_verilog/tsmc65lp/ariane/amo_alu.v
Parsing SystemVerilog input from `/home/qualcomm_clinic/RTL/OpenABC/leaf_level_verilog/tsmc65lp/ariane/amo_alu.v' to AST representation.
Generating RTLIL representation for module `\amo_alu'.
Successfully finished Verilog frontend.

4. Executing Verilog-2005 frontend: /home/qualcomm_clinic/RTL/OpenABC/leaf_level_verilog/tsmc65lp/ariane/arbiter_00000003_64.v
Parsing SystemVerilog input from `/home/qualcomm_clinic/RTL/OpenABC/leaf_level_verilog/tsmc65lp/ariane/arbiter_00000003_64.v' to AST representation.
Generating RTLIL representation for module `\arbiter_00000003_64'.
Successfully finished Verilog frontend.

5. Executing Verilog-2005 frontend: /home/qualcomm_clinic/RTL/OpenABC/leaf_level_verilog/tsmc65lp/ariane/ariane_regfile_64_2_00000002_1.v
Parsing SystemVerilog input from `/home/qualcomm_clinic/RTL/OpenABC/leaf_level_verilog/tsmc65lp/ariane/ariane_regfile_64_2_00000002_1.v' to AST representation.
Generating RTLIL representation for module `\ariane_regfile_64_2_00000002_1'.
Successfully finished Verilog frontend.

6. Executing Verilog-2005 frontend: /home/qualcomm_clinic/RTL/OpenABC/leaf_level_verilog/tsmc65lp/ariane/axi_adapter_00000080_4_00000004.v
Parsing SystemVerilog input from `/home/qualcomm_clinic/RTL/OpenABC/leaf_level_verilog/tsmc65lp/ariane/axi_adapter_00000080_4_00000004.v' to AST representation.
Generating RTLIL representation for module `\axi_adapter_00000080_4_00000004'.
Successfully finished Verilog frontend.

7. Executing Verilog-2005 frontend: /home/qualcomm_clinic/RTL/OpenABC/leaf_level_verilog/tsmc65lp/ariane/axi_adapter_64_4_00000004.v
Parsing SystemVerilog input from `/home/qualcomm_clinic/RTL/OpenABC/leaf_level_verilog/tsmc65lp/ariane/axi_adapter_64_4_00000004.v' to AST representation.
Generating RTLIL representation for module `\axi_adapter_64_4_00000004'.
Successfully finished Verilog frontend.

8. Executing Verilog-2005 frontend: /home/qualcomm_clinic/RTL/OpenABC/leaf_level_verilog/tsmc65lp/ariane/bht_NR_ENTRIES128.v
Parsing SystemVerilog input from `/home/qualcomm_clinic/RTL/OpenABC/leaf_level_verilog/tsmc65lp/ariane/bht_NR_ENTRIES128.v' to AST representation.
Generating RTLIL representation for module `\bht_NR_ENTRIES128'.
Successfully finished Verilog frontend.

9. Executing Verilog-2005 frontend: /home/qualcomm_clinic/RTL/OpenABC/leaf_level_verilog/tsmc65lp/ariane/branch_unit.v
Parsing SystemVerilog input from `/home/qualcomm_clinic/RTL/OpenABC/leaf_level_verilog/tsmc65lp/ariane/branch_unit.v' to AST representation.
Generating RTLIL representation for module `\branch_unit'.
Successfully finished Verilog frontend.

10. Executing Verilog-2005 frontend: /home/qualcomm_clinic/RTL/OpenABC/leaf_level_verilog/tsmc65lp/ariane/btb_NR_ENTRIES64.v
Parsing SystemVerilog input from `/home/qualcomm_clinic/RTL/OpenABC/leaf_level_verilog/tsmc65lp/ariane/btb_NR_ENTRIES64.v' to AST representation.
Generating RTLIL representation for module `\btb_NR_ENTRIES64'.
Successfully finished Verilog frontend.

11. Executing Verilog-2005 frontend: /home/qualcomm_clinic/RTL/OpenABC/leaf_level_verilog/tsmc65lp/ariane/cache_ctrl_0000000080000000.v
Parsing SystemVerilog input from `/home/qualcomm_clinic/RTL/OpenABC/leaf_level_verilog/tsmc65lp/ariane/cache_ctrl_0000000080000000.v' to AST representation.
Generating RTLIL representation for module `\cache_ctrl_0000000080000000'.
Successfully finished Verilog frontend.

12. Executing Verilog-2005 frontend: /home/qualcomm_clinic/RTL/OpenABC/leaf_level_verilog/tsmc65lp/ariane/commit_stage.v
Parsing SystemVerilog input from `/home/qualcomm_clinic/RTL/OpenABC/leaf_level_verilog/tsmc65lp/ariane/commit_stage.v' to AST representation.
Generating RTLIL representation for module `\commit_stage'.
Successfully finished Verilog frontend.

13. Executing Verilog-2005 frontend: /home/qualcomm_clinic/RTL/OpenABC/leaf_level_verilog/tsmc65lp/ariane/compressed_decoder.v
Parsing SystemVerilog input from `/home/qualcomm_clinic/RTL/OpenABC/leaf_level_verilog/tsmc65lp/ariane/compressed_decoder.v' to AST representation.
Generating RTLIL representation for module `\compressed_decoder'.
Successfully finished Verilog frontend.

14. Executing Verilog-2005 frontend: /home/qualcomm_clinic/RTL/OpenABC/leaf_level_verilog/tsmc65lp/ariane/controller.v
Parsing SystemVerilog input from `/home/qualcomm_clinic/RTL/OpenABC/leaf_level_verilog/tsmc65lp/ariane/controller.v' to AST representation.
Generating RTLIL representation for module `\controller'.
Successfully finished Verilog frontend.

15. Executing Verilog-2005 frontend: /home/qualcomm_clinic/RTL/OpenABC/leaf_level_verilog/tsmc65lp/ariane/csr_buffer.v
Parsing SystemVerilog input from `/home/qualcomm_clinic/RTL/OpenABC/leaf_level_verilog/tsmc65lp/ariane/csr_buffer.v' to AST representation.
Generating RTLIL representation for module `\csr_buffer'.
Successfully finished Verilog frontend.

16. Executing Verilog-2005 frontend: /home/qualcomm_clinic/RTL/OpenABC/leaf_level_verilog/tsmc65lp/ariane/csr_regfile_0000000000000000_1.v
Parsing SystemVerilog input from `/home/qualcomm_clinic/RTL/OpenABC/leaf_level_verilog/tsmc65lp/ariane/csr_regfile_0000000000000000_1.v' to AST representation.
Generating RTLIL representation for module `\csr_regfile_0000000000000000_1'.
Successfully finished Verilog frontend.

17. Executing Verilog-2005 frontend: /home/qualcomm_clinic/RTL/OpenABC/leaf_level_verilog/tsmc65lp/ariane/decoder.v
Parsing SystemVerilog input from `/home/qualcomm_clinic/RTL/OpenABC/leaf_level_verilog/tsmc65lp/ariane/decoder.v' to AST representation.
Generating RTLIL representation for module `\decoder'.
Successfully finished Verilog frontend.

18. Executing Verilog-2005 frontend: /home/qualcomm_clinic/RTL/OpenABC/leaf_level_verilog/tsmc65lp/ariane/fifo_v3_0_00000020_00000001.v
Parsing SystemVerilog input from `/home/qualcomm_clinic/RTL/OpenABC/leaf_level_verilog/tsmc65lp/ariane/fifo_v3_0_00000020_00000001.v' to AST representation.
Generating RTLIL representation for module `\fifo_v3_0_00000020_00000001'.
Successfully finished Verilog frontend.

19. Executing Verilog-2005 frontend: /home/qualcomm_clinic/RTL/OpenABC/leaf_level_verilog/tsmc65lp/ariane/fifo_v3_0_00000020_00000008.v
Parsing SystemVerilog input from `/home/qualcomm_clinic/RTL/OpenABC/leaf_level_verilog/tsmc65lp/ariane/fifo_v3_0_00000020_00000008.v' to AST representation.
Generating RTLIL representation for module `\fifo_v3_0_00000020_00000008'.
Successfully finished Verilog frontend.

20. Executing Verilog-2005 frontend: /home/qualcomm_clinic/RTL/OpenABC/leaf_level_verilog/tsmc65lp/ariane/fifo_v3_DATA_WIDTH2_DEPTH4.v
Parsing SystemVerilog input from `/home/qualcomm_clinic/RTL/OpenABC/leaf_level_verilog/tsmc65lp/ariane/fifo_v3_DATA_WIDTH2_DEPTH4.v' to AST representation.
Generating RTLIL representation for module `\fifo_v3_DATA_WIDTH2_DEPTH4'.
Successfully finished Verilog frontend.

21. Executing Verilog-2005 frontend: /home/qualcomm_clinic/RTL/OpenABC/leaf_level_verilog/tsmc65lp/ariane/instr_realigner.v
Parsing SystemVerilog input from `/home/qualcomm_clinic/RTL/OpenABC/leaf_level_verilog/tsmc65lp/ariane/instr_realigner.v' to AST representation.
Generating RTLIL representation for module `\instr_realigner'.
Successfully finished Verilog frontend.

22. Executing Verilog-2005 frontend: /home/qualcomm_clinic/RTL/OpenABC/leaf_level_verilog/tsmc65lp/ariane/instr_scan.v
Parsing SystemVerilog input from `/home/qualcomm_clinic/RTL/OpenABC/leaf_level_verilog/tsmc65lp/ariane/instr_scan.v' to AST representation.
Generating RTLIL representation for module `\instr_scan'.
Successfully finished Verilog frontend.

23. Executing Verilog-2005 frontend: /home/qualcomm_clinic/RTL/OpenABC/leaf_level_verilog/tsmc65lp/ariane/lfsr_8bit_00000004.v
Parsing SystemVerilog input from `/home/qualcomm_clinic/RTL/OpenABC/leaf_level_verilog/tsmc65lp/ariane/lfsr_8bit_00000004.v' to AST representation.
Generating RTLIL representation for module `\lfsr_8bit_00000004'.
Successfully finished Verilog frontend.

24. Executing Verilog-2005 frontend: /home/qualcomm_clinic/RTL/OpenABC/leaf_level_verilog/tsmc65lp/ariane/lfsr_8bit_00000008.v
Parsing SystemVerilog input from `/home/qualcomm_clinic/RTL/OpenABC/leaf_level_verilog/tsmc65lp/ariane/lfsr_8bit_00000008.v' to AST representation.
Generating RTLIL representation for module `\lfsr_8bit_00000008'.
Successfully finished Verilog frontend.

25. Executing Verilog-2005 frontend: /home/qualcomm_clinic/RTL/OpenABC/leaf_level_verilog/tsmc65lp/ariane/load_unit.v
Parsing SystemVerilog input from `/home/qualcomm_clinic/RTL/OpenABC/leaf_level_verilog/tsmc65lp/ariane/load_unit.v' to AST representation.
Generating RTLIL representation for module `\load_unit'.
Note: Assuming pure combinatorial block at /home/qualcomm_clinic/RTL/OpenABC/leaf_level_verilog/tsmc65lp/ariane/load_unit.v:696.3-700.6 in
compliance with IEC 62142(E):2005 / IEEE Std. 1364.1(E):2002. Recommending
use of @* instead of @(...) for better match of synthesis and simulation.
Successfully finished Verilog frontend.

26. Executing Verilog-2005 frontend: /home/qualcomm_clinic/RTL/OpenABC/leaf_level_verilog/tsmc65lp/ariane/lsu_bypass.v
Parsing SystemVerilog input from `/home/qualcomm_clinic/RTL/OpenABC/leaf_level_verilog/tsmc65lp/ariane/lsu_bypass.v' to AST representation.
Generating RTLIL representation for module `\lsu_bypass'.
Successfully finished Verilog frontend.

27. Executing Verilog-2005 frontend: /home/qualcomm_clinic/RTL/OpenABC/leaf_level_verilog/tsmc65lp/ariane/lzc_00000003.v
Parsing SystemVerilog input from `/home/qualcomm_clinic/RTL/OpenABC/leaf_level_verilog/tsmc65lp/ariane/lzc_00000003.v' to AST representation.
Generating RTLIL representation for module `\lzc_00000003'.
Successfully finished Verilog frontend.

28. Executing Verilog-2005 frontend: /home/qualcomm_clinic/RTL/OpenABC/leaf_level_verilog/tsmc65lp/ariane/lzc_00000004.v
Parsing SystemVerilog input from `/home/qualcomm_clinic/RTL/OpenABC/leaf_level_verilog/tsmc65lp/ariane/lzc_00000004.v' to AST representation.
Generating RTLIL representation for module `\lzc_00000004'.
Successfully finished Verilog frontend.

29. Executing Verilog-2005 frontend: /home/qualcomm_clinic/RTL/OpenABC/leaf_level_verilog/tsmc65lp/ariane/lzc_WIDTH64_MODE1.v
Parsing SystemVerilog input from `/home/qualcomm_clinic/RTL/OpenABC/leaf_level_verilog/tsmc65lp/ariane/lzc_WIDTH64_MODE1.v' to AST representation.
Generating RTLIL representation for module `\lzc_WIDTH64_MODE1'.
Successfully finished Verilog frontend.

30. Executing Verilog-2005 frontend: /home/qualcomm_clinic/RTL/OpenABC/leaf_level_verilog/tsmc65lp/ariane/multiplier.v
Parsing SystemVerilog input from `/home/qualcomm_clinic/RTL/OpenABC/leaf_level_verilog/tsmc65lp/ariane/multiplier.v' to AST representation.
Generating RTLIL representation for module `\multiplier'.
Successfully finished Verilog frontend.

31. Executing Verilog-2005 frontend: /home/qualcomm_clinic/RTL/OpenABC/leaf_level_verilog/tsmc65lp/ariane/perf_counters.v
Parsing SystemVerilog input from `/home/qualcomm_clinic/RTL/OpenABC/leaf_level_verilog/tsmc65lp/ariane/perf_counters.v' to AST representation.
Generating RTLIL representation for module `\perf_counters'.
Successfully finished Verilog frontend.

32. Executing Verilog-2005 frontend: /home/qualcomm_clinic/RTL/OpenABC/leaf_level_verilog/tsmc65lp/ariane/pipe_reg_simple_Depth0.v
Parsing SystemVerilog input from `/home/qualcomm_clinic/RTL/OpenABC/leaf_level_verilog/tsmc65lp/ariane/pipe_reg_simple_Depth0.v' to AST representation.
Generating RTLIL representation for module `\pipe_reg_simple_Depth0'.
Successfully finished Verilog frontend.

33. Executing Verilog-2005 frontend: /home/qualcomm_clinic/RTL/OpenABC/leaf_level_verilog/tsmc65lp/ariane/pipe_reg_simple_Depth1.v
Parsing SystemVerilog input from `/home/qualcomm_clinic/RTL/OpenABC/leaf_level_verilog/tsmc65lp/ariane/pipe_reg_simple_Depth1.v' to AST representation.
Generating RTLIL representation for module `\pipe_reg_simple_Depth1'.
Successfully finished Verilog frontend.

34. Executing Verilog-2005 frontend: /home/qualcomm_clinic/RTL/OpenABC/leaf_level_verilog/tsmc65lp/ariane/ptw_s00000001.v
Parsing SystemVerilog input from `/home/qualcomm_clinic/RTL/OpenABC/leaf_level_verilog/tsmc65lp/ariane/ptw_s00000001.v' to AST representation.
Generating RTLIL representation for module `\ptw_s00000001'.
Warning: reg '\req_port_o' is assigned in a continuous assignment at /home/qualcomm_clinic/RTL/OpenABC/leaf_level_verilog/tsmc65lp/ariane/ptw_s00000001.v:89.10-89.30.
Warning: reg '\req_port_o' is assigned in a continuous assignment at /home/qualcomm_clinic/RTL/OpenABC/leaf_level_verilog/tsmc65lp/ariane/ptw_s00000001.v:90.10-90.30.
Warning: reg '\req_port_o' is assigned in a continuous assignment at /home/qualcomm_clinic/RTL/OpenABC/leaf_level_verilog/tsmc65lp/ariane/ptw_s00000001.v:91.10-91.30.
Warning: reg '\req_port_o' is assigned in a continuous assignment at /home/qualcomm_clinic/RTL/OpenABC/leaf_level_verilog/tsmc65lp/ariane/ptw_s00000001.v:92.10-92.30.
Warning: reg '\req_port_o' is assigned in a continuous assignment at /home/qualcomm_clinic/RTL/OpenABC/leaf_level_verilog/tsmc65lp/ariane/ptw_s00000001.v:93.10-93.30.
Warning: reg '\req_port_o' is assigned in a continuous assignment at /home/qualcomm_clinic/RTL/OpenABC/leaf_level_verilog/tsmc65lp/ariane/ptw_s00000001.v:94.10-94.30.
Warning: reg '\req_port_o' is assigned in a continuous assignment at /home/qualcomm_clinic/RTL/OpenABC/leaf_level_verilog/tsmc65lp/ariane/ptw_s00000001.v:95.10-95.30.
Warning: reg '\req_port_o' is assigned in a continuous assignment at /home/qualcomm_clinic/RTL/OpenABC/leaf_level_verilog/tsmc65lp/ariane/ptw_s00000001.v:96.10-96.30.
Warning: reg '\req_port_o' is assigned in a continuous assignment at /home/qualcomm_clinic/RTL/OpenABC/leaf_level_verilog/tsmc65lp/ariane/ptw_s00000001.v:97.10-97.31.
Warning: reg '\req_port_o' is assigned in a continuous assignment at /home/qualcomm_clinic/RTL/OpenABC/leaf_level_verilog/tsmc65lp/ariane/ptw_s00000001.v:98.10-98.31.
Warning: reg '\req_port_o' is assigned in a continuous assignment at /home/qualcomm_clinic/RTL/OpenABC/leaf_level_verilog/tsmc65lp/ariane/ptw_s00000001.v:99.10-99.31.
Warning: reg '\req_port_o' is assigned in a continuous assignment at /home/qualcomm_clinic/RTL/OpenABC/leaf_level_verilog/tsmc65lp/ariane/ptw_s00000001.v:100.10-100.31.
Warning: reg '\req_port_o' is assigned in a continuous assignment at /home/qualcomm_clinic/RTL/OpenABC/leaf_level_verilog/tsmc65lp/ariane/ptw_s00000001.v:101.10-101.31.
Warning: reg '\req_port_o' is assigned in a continuous assignment at /home/qualcomm_clinic/RTL/OpenABC/leaf_level_verilog/tsmc65lp/ariane/ptw_s00000001.v:102.10-102.31.
Warning: reg '\req_port_o' is assigned in a continuous assignment at /home/qualcomm_clinic/RTL/OpenABC/leaf_level_verilog/tsmc65lp/ariane/ptw_s00000001.v:103.10-103.31.
Warning: reg '\req_port_o' is assigned in a continuous assignment at /home/qualcomm_clinic/RTL/OpenABC/leaf_level_verilog/tsmc65lp/ariane/ptw_s00000001.v:104.10-104.31.
Warning: reg '\req_port_o' is assigned in a continuous assignment at /home/qualcomm_clinic/RTL/OpenABC/leaf_level_verilog/tsmc65lp/ariane/ptw_s00000001.v:105.10-105.31.
Warning: reg '\req_port_o' is assigned in a continuous assignment at /home/qualcomm_clinic/RTL/OpenABC/leaf_level_verilog/tsmc65lp/ariane/ptw_s00000001.v:106.10-106.31.
Warning: reg '\req_port_o' is assigned in a continuous assignment at /home/qualcomm_clinic/RTL/OpenABC/leaf_level_verilog/tsmc65lp/ariane/ptw_s00000001.v:107.10-107.31.
Warning: reg '\req_port_o' is assigned in a continuous assignment at /home/qualcomm_clinic/RTL/OpenABC/leaf_level_verilog/tsmc65lp/ariane/ptw_s00000001.v:108.10-108.31.
Warning: reg '\req_port_o' is assigned in a continuous assignment at /home/qualcomm_clinic/RTL/OpenABC/leaf_level_verilog/tsmc65lp/ariane/ptw_s00000001.v:109.10-109.31.
Warning: reg '\req_port_o' is assigned in a continuous assignment at /home/qualcomm_clinic/RTL/OpenABC/leaf_level_verilog/tsmc65lp/ariane/ptw_s00000001.v:110.10-110.31.
Warning: reg '\req_port_o' is assigned in a continuous assignment at /home/qualcomm_clinic/RTL/OpenABC/leaf_level_verilog/tsmc65lp/ariane/ptw_s00000001.v:111.10-111.31.
Warning: reg '\req_port_o' is assigned in a continuous assignment at /home/qualcomm_clinic/RTL/OpenABC/leaf_level_verilog/tsmc65lp/ariane/ptw_s00000001.v:112.10-112.31.
Warning: reg '\req_port_o' is assigned in a continuous assignment at /home/qualcomm_clinic/RTL/OpenABC/leaf_level_verilog/tsmc65lp/ariane/ptw_s00000001.v:113.10-113.31.
Warning: reg '\req_port_o' is assigned in a continuous assignment at /home/qualcomm_clinic/RTL/OpenABC/leaf_level_verilog/tsmc65lp/ariane/ptw_s00000001.v:114.10-114.31.
Warning: reg '\req_port_o' is assigned in a continuous assignment at /home/qualcomm_clinic/RTL/OpenABC/leaf_level_verilog/tsmc65lp/ariane/ptw_s00000001.v:115.10-115.31.
Warning: reg '\req_port_o' is assigned in a continuous assignment at /home/qualcomm_clinic/RTL/OpenABC/leaf_level_verilog/tsmc65lp/ariane/ptw_s00000001.v:116.10-116.31.
Warning: reg '\req_port_o' is assigned in a continuous assignment at /home/qualcomm_clinic/RTL/OpenABC/leaf_level_verilog/tsmc65lp/ariane/ptw_s00000001.v:117.10-117.31.
Warning: reg '\req_port_o' is assigned in a continuous assignment at /home/qualcomm_clinic/RTL/OpenABC/leaf_level_verilog/tsmc65lp/ariane/ptw_s00000001.v:118.10-118.31.
Warning: reg '\req_port_o' is assigned in a continuous assignment at /home/qualcomm_clinic/RTL/OpenABC/leaf_level_verilog/tsmc65lp/ariane/ptw_s00000001.v:119.10-119.31.
Warning: reg '\req_port_o' is assigned in a continuous assignment at /home/qualcomm_clinic/RTL/OpenABC/leaf_level_verilog/tsmc65lp/ariane/ptw_s00000001.v:120.10-120.31.
Warning: reg '\req_port_o' is assigned in a continuous assignment at /home/qualcomm_clinic/RTL/OpenABC/leaf_level_verilog/tsmc65lp/ariane/ptw_s00000001.v:121.10-121.31.
Warning: reg '\req_port_o' is assigned in a continuous assignment at /home/qualcomm_clinic/RTL/OpenABC/leaf_level_verilog/tsmc65lp/ariane/ptw_s00000001.v:122.10-122.31.
Warning: reg '\req_port_o' is assigned in a continuous assignment at /home/qualcomm_clinic/RTL/OpenABC/leaf_level_verilog/tsmc65lp/ariane/ptw_s00000001.v:123.10-123.31.
Warning: reg '\req_port_o' is assigned in a continuous assignment at /home/qualcomm_clinic/RTL/OpenABC/leaf_level_verilog/tsmc65lp/ariane/ptw_s00000001.v:124.10-124.31.
Warning: reg '\req_port_o' is assigned in a continuous assignment at /home/qualcomm_clinic/RTL/OpenABC/leaf_level_verilog/tsmc65lp/ariane/ptw_s00000001.v:125.10-125.31.
Warning: reg '\req_port_o' is assigned in a continuous assignment at /home/qualcomm_clinic/RTL/OpenABC/leaf_level_verilog/tsmc65lp/ariane/ptw_s00000001.v:126.10-126.31.
Warning: reg '\req_port_o' is assigned in a continuous assignment at /home/qualcomm_clinic/RTL/OpenABC/leaf_level_verilog/tsmc65lp/ariane/ptw_s00000001.v:127.10-127.31.
Warning: reg '\req_port_o' is assigned in a continuous assignment at /home/qualcomm_clinic/RTL/OpenABC/leaf_level_verilog/tsmc65lp/ariane/ptw_s00000001.v:128.10-128.31.
Warning: reg '\req_port_o' is assigned in a continuous assignment at /home/qualcomm_clinic/RTL/OpenABC/leaf_level_verilog/tsmc65lp/ariane/ptw_s00000001.v:129.10-129.31.
Warning: reg '\req_port_o' is assigned in a continuous assignment at /home/qualcomm_clinic/RTL/OpenABC/leaf_level_verilog/tsmc65lp/ariane/ptw_s00000001.v:130.10-130.31.
Warning: reg '\req_port_o' is assigned in a continuous assignment at /home/qualcomm_clinic/RTL/OpenABC/leaf_level_verilog/tsmc65lp/ariane/ptw_s00000001.v:131.10-131.31.
Warning: reg '\req_port_o' is assigned in a continuous assignment at /home/qualcomm_clinic/RTL/OpenABC/leaf_level_verilog/tsmc65lp/ariane/ptw_s00000001.v:132.10-132.31.
Warning: reg '\req_port_o' is assigned in a continuous assignment at /home/qualcomm_clinic/RTL/OpenABC/leaf_level_verilog/tsmc65lp/ariane/ptw_s00000001.v:133.10-133.31.
Warning: reg '\req_port_o' is assigned in a continuous assignment at /home/qualcomm_clinic/RTL/OpenABC/leaf_level_verilog/tsmc65lp/ariane/ptw_s00000001.v:134.10-134.31.
Warning: reg '\req_port_o' is assigned in a continuous assignment at /home/qualcomm_clinic/RTL/OpenABC/leaf_level_verilog/tsmc65lp/ariane/ptw_s00000001.v:135.10-135.31.
Warning: reg '\req_port_o' is assigned in a continuous assignment at /home/qualcomm_clinic/RTL/OpenABC/leaf_level_verilog/tsmc65lp/ariane/ptw_s00000001.v:136.10-136.31.
Warning: reg '\req_port_o' is assigned in a continuous assignment at /home/qualcomm_clinic/RTL/OpenABC/leaf_level_verilog/tsmc65lp/ariane/ptw_s00000001.v:137.10-137.31.
Warning: reg '\req_port_o' is assigned in a continuous assignment at /home/qualcomm_clinic/RTL/OpenABC/leaf_level_verilog/tsmc65lp/ariane/ptw_s00000001.v:138.10-138.31.
Warning: reg '\req_port_o' is assigned in a continuous assignment at /home/qualcomm_clinic/RTL/OpenABC/leaf_level_verilog/tsmc65lp/ariane/ptw_s00000001.v:139.10-139.31.
Warning: reg '\req_port_o' is assigned in a continuous assignment at /home/qualcomm_clinic/RTL/OpenABC/leaf_level_verilog/tsmc65lp/ariane/ptw_s00000001.v:140.10-140.31.
Warning: reg '\req_port_o' is assigned in a continuous assignment at /home/qualcomm_clinic/RTL/OpenABC/leaf_level_verilog/tsmc65lp/ariane/ptw_s00000001.v:141.10-141.31.
Warning: reg '\req_port_o' is assigned in a continuous assignment at /home/qualcomm_clinic/RTL/OpenABC/leaf_level_verilog/tsmc65lp/ariane/ptw_s00000001.v:142.10-142.31.
Warning: reg '\req_port_o' is assigned in a continuous assignment at /home/qualcomm_clinic/RTL/OpenABC/leaf_level_verilog/tsmc65lp/ariane/ptw_s00000001.v:143.10-143.31.
Warning: reg '\req_port_o' is assigned in a continuous assignment at /home/qualcomm_clinic/RTL/OpenABC/leaf_level_verilog/tsmc65lp/ariane/ptw_s00000001.v:144.10-144.31.
Warning: reg '\req_port_o' is assigned in a continuous assignment at /home/qualcomm_clinic/RTL/OpenABC/leaf_level_verilog/tsmc65lp/ariane/ptw_s00000001.v:145.10-145.31.
Warning: reg '\req_port_o' is assigned in a continuous assignment at /home/qualcomm_clinic/RTL/OpenABC/leaf_level_verilog/tsmc65lp/ariane/ptw_s00000001.v:146.10-146.31.
Warning: reg '\req_port_o' is assigned in a continuous assignment at /home/qualcomm_clinic/RTL/OpenABC/leaf_level_verilog/tsmc65lp/ariane/ptw_s00000001.v:147.10-147.31.
Warning: reg '\req_port_o' is assigned in a continuous assignment at /home/qualcomm_clinic/RTL/OpenABC/leaf_level_verilog/tsmc65lp/ariane/ptw_s00000001.v:148.10-148.31.
Warning: reg '\req_port_o' is assigned in a continuous assignment at /home/qualcomm_clinic/RTL/OpenABC/leaf_level_verilog/tsmc65lp/ariane/ptw_s00000001.v:149.10-149.31.
Warning: reg '\req_port_o' is assigned in a continuous assignment at /home/qualcomm_clinic/RTL/OpenABC/leaf_level_verilog/tsmc65lp/ariane/ptw_s00000001.v:150.10-150.31.
Warning: reg '\req_port_o' is assigned in a continuous assignment at /home/qualcomm_clinic/RTL/OpenABC/leaf_level_verilog/tsmc65lp/ariane/ptw_s00000001.v:151.10-151.31.
Warning: reg '\req_port_o' is assigned in a continuous assignment at /home/qualcomm_clinic/RTL/OpenABC/leaf_level_verilog/tsmc65lp/ariane/ptw_s00000001.v:152.10-152.31.
Warning: reg '\req_port_o' is assigned in a continuous assignment at /home/qualcomm_clinic/RTL/OpenABC/leaf_level_verilog/tsmc65lp/ariane/ptw_s00000001.v:153.10-153.31.
Warning: reg '\req_port_o' is assigned in a continuous assignment at /home/qualcomm_clinic/RTL/OpenABC/leaf_level_verilog/tsmc65lp/ariane/ptw_s00000001.v:154.10-154.31.
Warning: reg '\req_port_o' is assigned in a continuous assignment at /home/qualcomm_clinic/RTL/OpenABC/leaf_level_verilog/tsmc65lp/ariane/ptw_s00000001.v:155.10-155.31.
Warning: reg '\req_port_o' is assigned in a continuous assignment at /home/qualcomm_clinic/RTL/OpenABC/leaf_level_verilog/tsmc65lp/ariane/ptw_s00000001.v:156.10-156.31.
Warning: reg '\req_port_o' is assigned in a continuous assignment at /home/qualcomm_clinic/RTL/OpenABC/leaf_level_verilog/tsmc65lp/ariane/ptw_s00000001.v:157.10-157.31.
Warning: reg '\req_port_o' is assigned in a continuous assignment at /home/qualcomm_clinic/RTL/OpenABC/leaf_level_verilog/tsmc65lp/ariane/ptw_s00000001.v:158.10-158.31.
Warning: reg '\req_port_o' is assigned in a continuous assignment at /home/qualcomm_clinic/RTL/OpenABC/leaf_level_verilog/tsmc65lp/ariane/ptw_s00000001.v:159.10-159.31.
Warning: reg '\req_port_o' is assigned in a continuous assignment at /home/qualcomm_clinic/RTL/OpenABC/leaf_level_verilog/tsmc65lp/ariane/ptw_s00000001.v:160.10-160.31.
Warning: reg '\req_port_o' is assigned in a continuous assignment at /home/qualcomm_clinic/RTL/OpenABC/leaf_level_verilog/tsmc65lp/ariane/ptw_s00000001.v:161.10-161.31.
Warning: reg '\req_port_o' is assigned in a continuous assignment at /home/qualcomm_clinic/RTL/OpenABC/leaf_level_verilog/tsmc65lp/ariane/ptw_s00000001.v:162.10-162.31.
Warning: reg '\req_port_o' is assigned in a continuous assignment at /home/qualcomm_clinic/RTL/OpenABC/leaf_level_verilog/tsmc65lp/ariane/ptw_s00000001.v:163.10-163.31.
Warning: reg '\req_port_o' is assigned in a continuous assignment at /home/qualcomm_clinic/RTL/OpenABC/leaf_level_verilog/tsmc65lp/ariane/ptw_s00000001.v:164.10-164.30.
Warning: reg '\itlb_update_o' is assigned in a continuous assignment at /home/qualcomm_clinic/RTL/OpenABC/leaf_level_verilog/tsmc65lp/ariane/ptw_s00000001.v:230.10-230.48.
Warning: reg '\itlb_update_o' is assigned in a continuous assignment at /home/qualcomm_clinic/RTL/OpenABC/leaf_level_verilog/tsmc65lp/ariane/ptw_s00000001.v:232.10-232.48.
Warning: reg '\itlb_update_o' is assigned in a continuous assignment at /home/qualcomm_clinic/RTL/OpenABC/leaf_level_verilog/tsmc65lp/ariane/ptw_s00000001.v:234.10-234.48.
Warning: reg '\itlb_update_o' is assigned in a continuous assignment at /home/qualcomm_clinic/RTL/OpenABC/leaf_level_verilog/tsmc65lp/ariane/ptw_s00000001.v:236.10-236.48.
Warning: reg '\itlb_update_o' is assigned in a continuous assignment at /home/qualcomm_clinic/RTL/OpenABC/leaf_level_verilog/tsmc65lp/ariane/ptw_s00000001.v:238.10-238.48.
Warning: reg '\itlb_update_o' is assigned in a continuous assignment at /home/qualcomm_clinic/RTL/OpenABC/leaf_level_verilog/tsmc65lp/ariane/ptw_s00000001.v:240.10-240.48.
Warning: reg '\itlb_update_o' is assigned in a continuous assignment at /home/qualcomm_clinic/RTL/OpenABC/leaf_level_verilog/tsmc65lp/ariane/ptw_s00000001.v:242.10-242.48.
Warning: reg '\itlb_update_o' is assigned in a continuous assignment at /home/qualcomm_clinic/RTL/OpenABC/leaf_level_verilog/tsmc65lp/ariane/ptw_s00000001.v:244.10-244.48.
Warning: reg '\itlb_update_o' is assigned in a continuous assignment at /home/qualcomm_clinic/RTL/OpenABC/leaf_level_verilog/tsmc65lp/ariane/ptw_s00000001.v:246.10-246.48.
Warning: reg '\itlb_update_o' is assigned in a continuous assignment at /home/qualcomm_clinic/RTL/OpenABC/leaf_level_verilog/tsmc65lp/ariane/ptw_s00000001.v:248.10-248.48.
Warning: reg '\itlb_update_o' is assigned in a continuous assignment at /home/qualcomm_clinic/RTL/OpenABC/leaf_level_verilog/tsmc65lp/ariane/ptw_s00000001.v:250.10-250.48.
Warning: reg '\itlb_update_o' is assigned in a continuous assignment at /home/qualcomm_clinic/RTL/OpenABC/leaf_level_verilog/tsmc65lp/ariane/ptw_s00000001.v:252.10-252.48.
Warning: reg '\itlb_update_o' is assigned in a continuous assignment at /home/qualcomm_clinic/RTL/OpenABC/leaf_level_verilog/tsmc65lp/ariane/ptw_s00000001.v:254.10-254.48.
Warning: reg '\itlb_update_o' is assigned in a continuous assignment at /home/qualcomm_clinic/RTL/OpenABC/leaf_level_verilog/tsmc65lp/ariane/ptw_s00000001.v:256.10-256.48.
Warning: reg '\itlb_update_o' is assigned in a continuous assignment at /home/qualcomm_clinic/RTL/OpenABC/leaf_level_verilog/tsmc65lp/ariane/ptw_s00000001.v:258.10-258.48.
Warning: reg '\itlb_update_o' is assigned in a continuous assignment at /home/qualcomm_clinic/RTL/OpenABC/leaf_level_verilog/tsmc65lp/ariane/ptw_s00000001.v:260.10-260.48.
Warning: reg '\itlb_update_o' is assigned in a continuous assignment at /home/qualcomm_clinic/RTL/OpenABC/leaf_level_verilog/tsmc65lp/ariane/ptw_s00000001.v:262.10-262.48.
Warning: reg '\itlb_update_o' is assigned in a continuous assignment at /home/qualcomm_clinic/RTL/OpenABC/leaf_level_verilog/tsmc65lp/ariane/ptw_s00000001.v:264.10-264.48.
Warning: reg '\itlb_update_o' is assigned in a continuous assignment at /home/qualcomm_clinic/RTL/OpenABC/leaf_level_verilog/tsmc65lp/ariane/ptw_s00000001.v:266.10-266.48.
Warning: reg '\itlb_update_o' is assigned in a continuous assignment at /home/qualcomm_clinic/RTL/OpenABC/leaf_level_verilog/tsmc65lp/ariane/ptw_s00000001.v:268.10-268.48.
Warning: reg '\itlb_update_o' is assigned in a continuous assignment at /home/qualcomm_clinic/RTL/OpenABC/leaf_level_verilog/tsmc65lp/ariane/ptw_s00000001.v:270.10-270.48.
Warning: reg '\itlb_update_o' is assigned in a continuous assignment at /home/qualcomm_clinic/RTL/OpenABC/leaf_level_verilog/tsmc65lp/ariane/ptw_s00000001.v:272.10-272.48.
Warning: reg '\itlb_update_o' is assigned in a continuous assignment at /home/qualcomm_clinic/RTL/OpenABC/leaf_level_verilog/tsmc65lp/ariane/ptw_s00000001.v:274.10-274.48.
Warning: reg '\itlb_update_o' is assigned in a continuous assignment at /home/qualcomm_clinic/RTL/OpenABC/leaf_level_verilog/tsmc65lp/ariane/ptw_s00000001.v:276.10-276.48.
Warning: reg '\itlb_update_o' is assigned in a continuous assignment at /home/qualcomm_clinic/RTL/OpenABC/leaf_level_verilog/tsmc65lp/ariane/ptw_s00000001.v:278.10-278.48.
Warning: reg '\itlb_update_o' is assigned in a continuous assignment at /home/qualcomm_clinic/RTL/OpenABC/leaf_level_verilog/tsmc65lp/ariane/ptw_s00000001.v:280.10-280.48.
Warning: reg '\itlb_update_o' is assigned in a continuous assignment at /home/qualcomm_clinic/RTL/OpenABC/leaf_level_verilog/tsmc65lp/ariane/ptw_s00000001.v:282.10-282.48.
Warning: reg '\itlb_update_o' is assigned in a continuous assignment at /home/qualcomm_clinic/RTL/OpenABC/leaf_level_verilog/tsmc65lp/ariane/ptw_s00000001.v:1820.10-1820.35.
Warning: reg '\itlb_update_o' is assigned in a continuous assignment at /home/qualcomm_clinic/RTL/OpenABC/leaf_level_verilog/tsmc65lp/ariane/ptw_s00000001.v:1822.10-1822.35.
Warning: reg '\req_port_o' is assigned in a continuous assignment at /home/qualcomm_clinic/RTL/OpenABC/leaf_level_verilog/tsmc65lp/ariane/ptw_s00000001.v:1976.10-1981.45.
Warning: reg '\itlb_update_o' is assigned in a continuous assignment at /home/qualcomm_clinic/RTL/OpenABC/leaf_level_verilog/tsmc65lp/ariane/ptw_s00000001.v:1988.10-1993.48.
Warning: reg '\itlb_update_o' is assigned in a continuous assignment at /home/qualcomm_clinic/RTL/OpenABC/leaf_level_verilog/tsmc65lp/ariane/ptw_s00000001.v:2010.10-2010.54.
Successfully finished Verilog frontend.

35. Executing Verilog-2005 frontend: /home/qualcomm_clinic/RTL/OpenABC/leaf_level_verilog/tsmc65lp/ariane/ras_DEPTH2.v
Parsing SystemVerilog input from `/home/qualcomm_clinic/RTL/OpenABC/leaf_level_verilog/tsmc65lp/ariane/ras_DEPTH2.v' to AST representation.
Generating RTLIL representation for module `\ras_DEPTH2'.
Successfully finished Verilog frontend.

36. Executing Verilog-2005 frontend: /home/qualcomm_clinic/RTL/OpenABC/leaf_level_verilog/tsmc65lp/ariane/re_name.v
Parsing SystemVerilog input from `/home/qualcomm_clinic/RTL/OpenABC/leaf_level_verilog/tsmc65lp/ariane/re_name.v' to AST representation.
Generating RTLIL representation for module `\re_name'.
Successfully finished Verilog frontend.

37. Executing Verilog-2005 frontend: /home/qualcomm_clinic/RTL/OpenABC/leaf_level_verilog/tsmc65lp/ariane/scoreboard_00000008_00000004.v
Parsing SystemVerilog input from `/home/qualcomm_clinic/RTL/OpenABC/leaf_level_verilog/tsmc65lp/ariane/scoreboard_00000008_00000004.v' to AST representation.
Generating RTLIL representation for module `\scoreboard_00000008_00000004'.
Warning: reg '\issue_instr_o' is assigned in a continuous assignment at /home/qualcomm_clinic/RTL/OpenABC/leaf_level_verilog/tsmc65lp/ariane/scoreboard_00000008_00000004.v:3613.10-3613.51.
Warning: reg '\issue_instr_o' is assigned in a continuous assignment at /home/qualcomm_clinic/RTL/OpenABC/leaf_level_verilog/tsmc65lp/ariane/scoreboard_00000008_00000004.v:3614.10-3614.51.
Warning: reg '\issue_instr_o' is assigned in a continuous assignment at /home/qualcomm_clinic/RTL/OpenABC/leaf_level_verilog/tsmc65lp/ariane/scoreboard_00000008_00000004.v:3615.10-3615.51.
Warning: reg '\issue_instr_o' is assigned in a continuous assignment at /home/qualcomm_clinic/RTL/OpenABC/leaf_level_verilog/tsmc65lp/ariane/scoreboard_00000008_00000004.v:3616.10-3616.51.
Warning: reg '\issue_instr_o' is assigned in a continuous assignment at /home/qualcomm_clinic/RTL/OpenABC/leaf_level_verilog/tsmc65lp/ariane/scoreboard_00000008_00000004.v:3617.10-3617.51.
Warning: reg '\issue_instr_o' is assigned in a continuous assignment at /home/qualcomm_clinic/RTL/OpenABC/leaf_level_verilog/tsmc65lp/ariane/scoreboard_00000008_00000004.v:3618.10-3618.51.
Warning: reg '\issue_instr_o' is assigned in a continuous assignment at /home/qualcomm_clinic/RTL/OpenABC/leaf_level_verilog/tsmc65lp/ariane/scoreboard_00000008_00000004.v:3619.10-3619.51.
Warning: reg '\issue_instr_o' is assigned in a continuous assignment at /home/qualcomm_clinic/RTL/OpenABC/leaf_level_verilog/tsmc65lp/ariane/scoreboard_00000008_00000004.v:3620.10-3620.51.
Warning: reg '\issue_instr_o' is assigned in a continuous assignment at /home/qualcomm_clinic/RTL/OpenABC/leaf_level_verilog/tsmc65lp/ariane/scoreboard_00000008_00000004.v:3621.10-3621.51.
Warning: reg '\issue_instr_o' is assigned in a continuous assignment at /home/qualcomm_clinic/RTL/OpenABC/leaf_level_verilog/tsmc65lp/ariane/scoreboard_00000008_00000004.v:3622.10-3622.51.
Warning: reg '\issue_instr_o' is assigned in a continuous assignment at /home/qualcomm_clinic/RTL/OpenABC/leaf_level_verilog/tsmc65lp/ariane/scoreboard_00000008_00000004.v:3623.10-3623.51.
Warning: reg '\issue_instr_o' is assigned in a continuous assignment at /home/qualcomm_clinic/RTL/OpenABC/leaf_level_verilog/tsmc65lp/ariane/scoreboard_00000008_00000004.v:3624.10-3624.51.
Warning: reg '\issue_instr_o' is assigned in a continuous assignment at /home/qualcomm_clinic/RTL/OpenABC/leaf_level_verilog/tsmc65lp/ariane/scoreboard_00000008_00000004.v:3625.10-3625.51.
Warning: reg '\issue_instr_o' is assigned in a continuous assignment at /home/qualcomm_clinic/RTL/OpenABC/leaf_level_verilog/tsmc65lp/ariane/scoreboard_00000008_00000004.v:3626.10-3626.51.
Warning: reg '\issue_instr_o' is assigned in a continuous assignment at /home/qualcomm_clinic/RTL/OpenABC/leaf_level_verilog/tsmc65lp/ariane/scoreboard_00000008_00000004.v:3627.10-3627.51.
Warning: reg '\issue_instr_o' is assigned in a continuous assignment at /home/qualcomm_clinic/RTL/OpenABC/leaf_level_verilog/tsmc65lp/ariane/scoreboard_00000008_00000004.v:3628.10-3628.51.
Warning: reg '\issue_instr_o' is assigned in a continuous assignment at /home/qualcomm_clinic/RTL/OpenABC/leaf_level_verilog/tsmc65lp/ariane/scoreboard_00000008_00000004.v:3629.10-3629.51.
Warning: reg '\issue_instr_o' is assigned in a continuous assignment at /home/qualcomm_clinic/RTL/OpenABC/leaf_level_verilog/tsmc65lp/ariane/scoreboard_00000008_00000004.v:3630.10-3630.51.
Warning: reg '\issue_instr_o' is assigned in a continuous assignment at /home/qualcomm_clinic/RTL/OpenABC/leaf_level_verilog/tsmc65lp/ariane/scoreboard_00000008_00000004.v:3631.10-3631.51.
Warning: reg '\issue_instr_o' is assigned in a continuous assignment at /home/qualcomm_clinic/RTL/OpenABC/leaf_level_verilog/tsmc65lp/ariane/scoreboard_00000008_00000004.v:3632.10-3632.51.
Warning: reg '\issue_instr_o' is assigned in a continuous assignment at /home/qualcomm_clinic/RTL/OpenABC/leaf_level_verilog/tsmc65lp/ariane/scoreboard_00000008_00000004.v:3633.10-3633.51.
Warning: reg '\issue_instr_o' is assigned in a continuous assignment at /home/qualcomm_clinic/RTL/OpenABC/leaf_level_verilog/tsmc65lp/ariane/scoreboard_00000008_00000004.v:3634.10-3634.51.
Warning: reg '\issue_instr_o' is assigned in a continuous assignment at /home/qualcomm_clinic/RTL/OpenABC/leaf_level_verilog/tsmc65lp/ariane/scoreboard_00000008_00000004.v:3635.10-3635.51.
Warning: reg '\issue_instr_o' is assigned in a continuous assignment at /home/qualcomm_clinic/RTL/OpenABC/leaf_level_verilog/tsmc65lp/ariane/scoreboard_00000008_00000004.v:3636.10-3636.51.
Warning: reg '\issue_instr_o' is assigned in a continuous assignment at /home/qualcomm_clinic/RTL/OpenABC/leaf_level_verilog/tsmc65lp/ariane/scoreboard_00000008_00000004.v:3637.10-3637.51.
Warning: reg '\issue_instr_o' is assigned in a continuous assignment at /home/qualcomm_clinic/RTL/OpenABC/leaf_level_verilog/tsmc65lp/ariane/scoreboard_00000008_00000004.v:3638.10-3638.51.
Warning: reg '\issue_instr_o' is assigned in a continuous assignment at /home/qualcomm_clinic/RTL/OpenABC/leaf_level_verilog/tsmc65lp/ariane/scoreboard_00000008_00000004.v:3639.10-3639.51.
Warning: reg '\issue_instr_o' is assigned in a continuous assignment at /home/qualcomm_clinic/RTL/OpenABC/leaf_level_verilog/tsmc65lp/ariane/scoreboard_00000008_00000004.v:3640.10-3640.51.
Warning: reg '\issue_instr_o' is assigned in a continuous assignment at /home/qualcomm_clinic/RTL/OpenABC/leaf_level_verilog/tsmc65lp/ariane/scoreboard_00000008_00000004.v:3641.10-3641.51.
Warning: reg '\issue_instr_o' is assigned in a continuous assignment at /home/qualcomm_clinic/RTL/OpenABC/leaf_level_verilog/tsmc65lp/ariane/scoreboard_00000008_00000004.v:3642.10-3642.51.
Warning: reg '\issue_instr_o' is assigned in a continuous assignment at /home/qualcomm_clinic/RTL/OpenABC/leaf_level_verilog/tsmc65lp/ariane/scoreboard_00000008_00000004.v:3643.10-3643.51.
Warning: reg '\issue_instr_o' is assigned in a continuous assignment at /home/qualcomm_clinic/RTL/OpenABC/leaf_level_verilog/tsmc65lp/ariane/scoreboard_00000008_00000004.v:3644.10-3644.51.
Warning: reg '\issue_instr_o' is assigned in a continuous assignment at /home/qualcomm_clinic/RTL/OpenABC/leaf_level_verilog/tsmc65lp/ariane/scoreboard_00000008_00000004.v:3645.10-3645.51.
Warning: reg '\issue_instr_o' is assigned in a continuous assignment at /home/qualcomm_clinic/RTL/OpenABC/leaf_level_verilog/tsmc65lp/ariane/scoreboard_00000008_00000004.v:3646.10-3646.51.
Warning: reg '\issue_instr_o' is assigned in a continuous assignment at /home/qualcomm_clinic/RTL/OpenABC/leaf_level_verilog/tsmc65lp/ariane/scoreboard_00000008_00000004.v:3647.10-3647.51.
Warning: reg '\issue_instr_o' is assigned in a continuous assignment at /home/qualcomm_clinic/RTL/OpenABC/leaf_level_verilog/tsmc65lp/ariane/scoreboard_00000008_00000004.v:3648.10-3648.51.
Warning: reg '\issue_instr_o' is assigned in a continuous assignment at /home/qualcomm_clinic/RTL/OpenABC/leaf_level_verilog/tsmc65lp/ariane/scoreboard_00000008_00000004.v:3649.10-3649.51.
Warning: reg '\issue_instr_o' is assigned in a continuous assignment at /home/qualcomm_clinic/RTL/OpenABC/leaf_level_verilog/tsmc65lp/ariane/scoreboard_00000008_00000004.v:3650.10-3650.51.
Warning: reg '\issue_instr_o' is assigned in a continuous assignment at /home/qualcomm_clinic/RTL/OpenABC/leaf_level_verilog/tsmc65lp/ariane/scoreboard_00000008_00000004.v:3651.10-3651.51.
Warning: reg '\issue_instr_o' is assigned in a continuous assignment at /home/qualcomm_clinic/RTL/OpenABC/leaf_level_verilog/tsmc65lp/ariane/scoreboard_00000008_00000004.v:3652.10-3652.51.
Warning: reg '\issue_instr_o' is assigned in a continuous assignment at /home/qualcomm_clinic/RTL/OpenABC/leaf_level_verilog/tsmc65lp/ariane/scoreboard_00000008_00000004.v:3653.10-3653.51.
Warning: reg '\issue_instr_o' is assigned in a continuous assignment at /home/qualcomm_clinic/RTL/OpenABC/leaf_level_verilog/tsmc65lp/ariane/scoreboard_00000008_00000004.v:3654.10-3654.51.
Warning: reg '\issue_instr_o' is assigned in a continuous assignment at /home/qualcomm_clinic/RTL/OpenABC/leaf_level_verilog/tsmc65lp/ariane/scoreboard_00000008_00000004.v:3655.10-3655.51.
Warning: reg '\issue_instr_o' is assigned in a continuous assignment at /home/qualcomm_clinic/RTL/OpenABC/leaf_level_verilog/tsmc65lp/ariane/scoreboard_00000008_00000004.v:3656.10-3656.51.
Warning: reg '\issue_instr_o' is assigned in a continuous assignment at /home/qualcomm_clinic/RTL/OpenABC/leaf_level_verilog/tsmc65lp/ariane/scoreboard_00000008_00000004.v:3657.10-3657.51.
Warning: reg '\issue_instr_o' is assigned in a continuous assignment at /home/qualcomm_clinic/RTL/OpenABC/leaf_level_verilog/tsmc65lp/ariane/scoreboard_00000008_00000004.v:3658.10-3658.51.
Warning: reg '\issue_instr_o' is assigned in a continuous assignment at /home/qualcomm_clinic/RTL/OpenABC/leaf_level_verilog/tsmc65lp/ariane/scoreboard_00000008_00000004.v:3659.10-3659.51.
Warning: reg '\issue_instr_o' is assigned in a continuous assignment at /home/qualcomm_clinic/RTL/OpenABC/leaf_level_verilog/tsmc65lp/ariane/scoreboard_00000008_00000004.v:3660.10-3660.51.
Warning: reg '\issue_instr_o' is assigned in a continuous assignment at /home/qualcomm_clinic/RTL/OpenABC/leaf_level_verilog/tsmc65lp/ariane/scoreboard_00000008_00000004.v:3661.10-3661.51.
Warning: reg '\issue_instr_o' is assigned in a continuous assignment at /home/qualcomm_clinic/RTL/OpenABC/leaf_level_verilog/tsmc65lp/ariane/scoreboard_00000008_00000004.v:3662.10-3662.51.
Warning: reg '\issue_instr_o' is assigned in a continuous assignment at /home/qualcomm_clinic/RTL/OpenABC/leaf_level_verilog/tsmc65lp/ariane/scoreboard_00000008_00000004.v:3663.10-3663.51.
Warning: reg '\issue_instr_o' is assigned in a continuous assignment at /home/qualcomm_clinic/RTL/OpenABC/leaf_level_verilog/tsmc65lp/ariane/scoreboard_00000008_00000004.v:3664.10-3664.51.
Warning: reg '\issue_instr_o' is assigned in a continuous assignment at /home/qualcomm_clinic/RTL/OpenABC/leaf_level_verilog/tsmc65lp/ariane/scoreboard_00000008_00000004.v:3665.10-3665.51.
Warning: reg '\issue_instr_o' is assigned in a continuous assignment at /home/qualcomm_clinic/RTL/OpenABC/leaf_level_verilog/tsmc65lp/ariane/scoreboard_00000008_00000004.v:3666.10-3666.51.
Warning: reg '\issue_instr_o' is assigned in a continuous assignment at /home/qualcomm_clinic/RTL/OpenABC/leaf_level_verilog/tsmc65lp/ariane/scoreboard_00000008_00000004.v:3667.10-3667.51.
Warning: reg '\issue_instr_o' is assigned in a continuous assignment at /home/qualcomm_clinic/RTL/OpenABC/leaf_level_verilog/tsmc65lp/ariane/scoreboard_00000008_00000004.v:3668.10-3668.51.
Warning: reg '\issue_instr_o' is assigned in a continuous assignment at /home/qualcomm_clinic/RTL/OpenABC/leaf_level_verilog/tsmc65lp/ariane/scoreboard_00000008_00000004.v:3669.10-3669.51.
Warning: reg '\issue_instr_o' is assigned in a continuous assignment at /home/qualcomm_clinic/RTL/OpenABC/leaf_level_verilog/tsmc65lp/ariane/scoreboard_00000008_00000004.v:3670.10-3670.51.
Warning: reg '\issue_instr_o' is assigned in a continuous assignment at /home/qualcomm_clinic/RTL/OpenABC/leaf_level_verilog/tsmc65lp/ariane/scoreboard_00000008_00000004.v:3671.10-3671.51.
Warning: reg '\issue_instr_o' is assigned in a continuous assignment at /home/qualcomm_clinic/RTL/OpenABC/leaf_level_verilog/tsmc65lp/ariane/scoreboard_00000008_00000004.v:3672.10-3672.51.
Warning: reg '\issue_instr_o' is assigned in a continuous assignment at /home/qualcomm_clinic/RTL/OpenABC/leaf_level_verilog/tsmc65lp/ariane/scoreboard_00000008_00000004.v:3673.10-3673.51.
Warning: reg '\issue_instr_o' is assigned in a continuous assignment at /home/qualcomm_clinic/RTL/OpenABC/leaf_level_verilog/tsmc65lp/ariane/scoreboard_00000008_00000004.v:3674.10-3674.51.
Warning: reg '\issue_instr_o' is assigned in a continuous assignment at /home/qualcomm_clinic/RTL/OpenABC/leaf_level_verilog/tsmc65lp/ariane/scoreboard_00000008_00000004.v:3675.10-3675.51.
Warning: reg '\issue_instr_o' is assigned in a continuous assignment at /home/qualcomm_clinic/RTL/OpenABC/leaf_level_verilog/tsmc65lp/ariane/scoreboard_00000008_00000004.v:3676.10-3676.51.
Warning: reg '\issue_instr_o' is assigned in a continuous assignment at /home/qualcomm_clinic/RTL/OpenABC/leaf_level_verilog/tsmc65lp/ariane/scoreboard_00000008_00000004.v:3677.10-3677.51.
Warning: reg '\issue_instr_o' is assigned in a continuous assignment at /home/qualcomm_clinic/RTL/OpenABC/leaf_level_verilog/tsmc65lp/ariane/scoreboard_00000008_00000004.v:3678.10-3678.51.
Warning: reg '\issue_instr_o' is assigned in a continuous assignment at /home/qualcomm_clinic/RTL/OpenABC/leaf_level_verilog/tsmc65lp/ariane/scoreboard_00000008_00000004.v:3679.10-3679.51.
Warning: reg '\issue_instr_o' is assigned in a continuous assignment at /home/qualcomm_clinic/RTL/OpenABC/leaf_level_verilog/tsmc65lp/ariane/scoreboard_00000008_00000004.v:3680.10-3680.51.
Warning: reg '\issue_instr_o' is assigned in a continuous assignment at /home/qualcomm_clinic/RTL/OpenABC/leaf_level_verilog/tsmc65lp/ariane/scoreboard_00000008_00000004.v:3681.10-3681.51.
Warning: reg '\issue_instr_o' is assigned in a continuous assignment at /home/qualcomm_clinic/RTL/OpenABC/leaf_level_verilog/tsmc65lp/ariane/scoreboard_00000008_00000004.v:3682.10-3682.51.
Warning: reg '\issue_instr_o' is assigned in a continuous assignment at /home/qualcomm_clinic/RTL/OpenABC/leaf_level_verilog/tsmc65lp/ariane/scoreboard_00000008_00000004.v:3683.10-3683.51.
Warning: reg '\issue_instr_o' is assigned in a continuous assignment at /home/qualcomm_clinic/RTL/OpenABC/leaf_level_verilog/tsmc65lp/ariane/scoreboard_00000008_00000004.v:3684.10-3684.51.
Warning: reg '\issue_instr_o' is assigned in a continuous assignment at /home/qualcomm_clinic/RTL/OpenABC/leaf_level_verilog/tsmc65lp/ariane/scoreboard_00000008_00000004.v:3685.10-3685.51.
Warning: reg '\issue_instr_o' is assigned in a continuous assignment at /home/qualcomm_clinic/RTL/OpenABC/leaf_level_verilog/tsmc65lp/ariane/scoreboard_00000008_00000004.v:3686.10-3686.51.
Warning: reg '\issue_instr_o' is assigned in a continuous assignment at /home/qualcomm_clinic/RTL/OpenABC/leaf_level_verilog/tsmc65lp/ariane/scoreboard_00000008_00000004.v:3687.10-3687.51.
Warning: reg '\issue_instr_o' is assigned in a continuous assignment at /home/qualcomm_clinic/RTL/OpenABC/leaf_level_verilog/tsmc65lp/ariane/scoreboard_00000008_00000004.v:3688.10-3688.51.
Warning: reg '\issue_instr_o' is assigned in a continuous assignment at /home/qualcomm_clinic/RTL/OpenABC/leaf_level_verilog/tsmc65lp/ariane/scoreboard_00000008_00000004.v:3689.10-3689.51.
Warning: reg '\issue_instr_o' is assigned in a continuous assignment at /home/qualcomm_clinic/RTL/OpenABC/leaf_level_verilog/tsmc65lp/ariane/scoreboard_00000008_00000004.v:3690.10-3690.51.
Warning: reg '\issue_instr_o' is assigned in a continuous assignment at /home/qualcomm_clinic/RTL/OpenABC/leaf_level_verilog/tsmc65lp/ariane/scoreboard_00000008_00000004.v:3691.10-3691.51.
Warning: reg '\issue_instr_o' is assigned in a continuous assignment at /home/qualcomm_clinic/RTL/OpenABC/leaf_level_verilog/tsmc65lp/ariane/scoreboard_00000008_00000004.v:3692.10-3692.51.
Warning: reg '\issue_instr_o' is assigned in a continuous assignment at /home/qualcomm_clinic/RTL/OpenABC/leaf_level_verilog/tsmc65lp/ariane/scoreboard_00000008_00000004.v:3693.10-3693.51.
Warning: reg '\issue_instr_o' is assigned in a continuous assignment at /home/qualcomm_clinic/RTL/OpenABC/leaf_level_verilog/tsmc65lp/ariane/scoreboard_00000008_00000004.v:3694.10-3694.51.
Warning: reg '\issue_instr_o' is assigned in a continuous assignment at /home/qualcomm_clinic/RTL/OpenABC/leaf_level_verilog/tsmc65lp/ariane/scoreboard_00000008_00000004.v:3695.10-3695.51.
Warning: reg '\issue_instr_o' is assigned in a continuous assignment at /home/qualcomm_clinic/RTL/OpenABC/leaf_level_verilog/tsmc65lp/ariane/scoreboard_00000008_00000004.v:3696.10-3696.51.
Warning: reg '\issue_instr_o' is assigned in a continuous assignment at /home/qualcomm_clinic/RTL/OpenABC/leaf_level_verilog/tsmc65lp/ariane/scoreboard_00000008_00000004.v:3697.10-3697.51.
Warning: reg '\issue_instr_o' is assigned in a continuous assignment at /home/qualcomm_clinic/RTL/OpenABC/leaf_level_verilog/tsmc65lp/ariane/scoreboard_00000008_00000004.v:3698.10-3698.51.
Warning: reg '\issue_instr_o' is assigned in a continuous assignment at /home/qualcomm_clinic/RTL/OpenABC/leaf_level_verilog/tsmc65lp/ariane/scoreboard_00000008_00000004.v:3699.10-3699.51.
Warning: reg '\issue_instr_o' is assigned in a continuous assignment at /home/qualcomm_clinic/RTL/OpenABC/leaf_level_verilog/tsmc65lp/ariane/scoreboard_00000008_00000004.v:3700.10-3700.51.
Warning: reg '\issue_instr_o' is assigned in a continuous assignment at /home/qualcomm_clinic/RTL/OpenABC/leaf_level_verilog/tsmc65lp/ariane/scoreboard_00000008_00000004.v:3701.10-3701.51.
Warning: reg '\issue_instr_o' is assigned in a continuous assignment at /home/qualcomm_clinic/RTL/OpenABC/leaf_level_verilog/tsmc65lp/ariane/scoreboard_00000008_00000004.v:3702.10-3702.51.
Warning: reg '\issue_instr_o' is assigned in a continuous assignment at /home/qualcomm_clinic/RTL/OpenABC/leaf_level_verilog/tsmc65lp/ariane/scoreboard_00000008_00000004.v:3703.10-3703.51.
Warning: reg '\issue_instr_o' is assigned in a continuous assignment at /home/qualcomm_clinic/RTL/OpenABC/leaf_level_verilog/tsmc65lp/ariane/scoreboard_00000008_00000004.v:3704.10-3704.51.
Warning: reg '\issue_instr_o' is assigned in a continuous assignment at /home/qualcomm_clinic/RTL/OpenABC/leaf_level_verilog/tsmc65lp/ariane/scoreboard_00000008_00000004.v:3705.10-3705.51.
Warning: reg '\issue_instr_o' is assigned in a continuous assignment at /home/qualcomm_clinic/RTL/OpenABC/leaf_level_verilog/tsmc65lp/ariane/scoreboard_00000008_00000004.v:3706.10-3706.51.
Warning: reg '\issue_instr_o' is assigned in a continuous assignment at /home/qualcomm_clinic/RTL/OpenABC/leaf_level_verilog/tsmc65lp/ariane/scoreboard_00000008_00000004.v:3707.10-3707.51.
Warning: reg '\issue_instr_o' is assigned in a continuous assignment at /home/qualcomm_clinic/RTL/OpenABC/leaf_level_verilog/tsmc65lp/ariane/scoreboard_00000008_00000004.v:3708.10-3708.51.
Warning: reg '\issue_instr_o' is assigned in a continuous assignment at /home/qualcomm_clinic/RTL/OpenABC/leaf_level_verilog/tsmc65lp/ariane/scoreboard_00000008_00000004.v:3709.10-3709.51.
Warning: reg '\issue_instr_o' is assigned in a continuous assignment at /home/qualcomm_clinic/RTL/OpenABC/leaf_level_verilog/tsmc65lp/ariane/scoreboard_00000008_00000004.v:3710.10-3710.51.
Warning: reg '\issue_instr_o' is assigned in a continuous assignment at /home/qualcomm_clinic/RTL/OpenABC/leaf_level_verilog/tsmc65lp/ariane/scoreboard_00000008_00000004.v:3711.10-3711.51.
Warning: reg '\issue_instr_o' is assigned in a continuous assignment at /home/qualcomm_clinic/RTL/OpenABC/leaf_level_verilog/tsmc65lp/ariane/scoreboard_00000008_00000004.v:3712.10-3712.51.
Warning: reg '\issue_instr_o' is assigned in a continuous assignment at /home/qualcomm_clinic/RTL/OpenABC/leaf_level_verilog/tsmc65lp/ariane/scoreboard_00000008_00000004.v:3713.10-3713.51.
Warning: reg '\issue_instr_o' is assigned in a continuous assignment at /home/qualcomm_clinic/RTL/OpenABC/leaf_level_verilog/tsmc65lp/ariane/scoreboard_00000008_00000004.v:3714.10-3714.51.
Warning: reg '\issue_instr_o' is assigned in a continuous assignment at /home/qualcomm_clinic/RTL/OpenABC/leaf_level_verilog/tsmc65lp/ariane/scoreboard_00000008_00000004.v:3715.10-3715.51.
Warning: reg '\issue_instr_o' is assigned in a continuous assignment at /home/qualcomm_clinic/RTL/OpenABC/leaf_level_verilog/tsmc65lp/ariane/scoreboard_00000008_00000004.v:3716.10-3716.51.
Warning: reg '\issue_instr_o' is assigned in a continuous assignment at /home/qualcomm_clinic/RTL/OpenABC/leaf_level_verilog/tsmc65lp/ariane/scoreboard_00000008_00000004.v:3717.10-3717.51.
Warning: reg '\issue_instr_o' is assigned in a continuous assignment at /home/qualcomm_clinic/RTL/OpenABC/leaf_level_verilog/tsmc65lp/ariane/scoreboard_00000008_00000004.v:3718.10-3718.51.
Warning: reg '\issue_instr_o' is assigned in a continuous assignment at /home/qualcomm_clinic/RTL/OpenABC/leaf_level_verilog/tsmc65lp/ariane/scoreboard_00000008_00000004.v:3719.10-3719.51.
Warning: reg '\issue_instr_o' is assigned in a continuous assignment at /home/qualcomm_clinic/RTL/OpenABC/leaf_level_verilog/tsmc65lp/ariane/scoreboard_00000008_00000004.v:3720.10-3720.51.
Warning: reg '\issue_instr_o' is assigned in a continuous assignment at /home/qualcomm_clinic/RTL/OpenABC/leaf_level_verilog/tsmc65lp/ariane/scoreboard_00000008_00000004.v:3721.10-3721.51.
Warning: reg '\issue_instr_o' is assigned in a continuous assignment at /home/qualcomm_clinic/RTL/OpenABC/leaf_level_verilog/tsmc65lp/ariane/scoreboard_00000008_00000004.v:3722.10-3722.51.
Warning: reg '\issue_instr_o' is assigned in a continuous assignment at /home/qualcomm_clinic/RTL/OpenABC/leaf_level_verilog/tsmc65lp/ariane/scoreboard_00000008_00000004.v:3723.10-3723.51.
Warning: reg '\issue_instr_o' is assigned in a continuous assignment at /home/qualcomm_clinic/RTL/OpenABC/leaf_level_verilog/tsmc65lp/ariane/scoreboard_00000008_00000004.v:3724.10-3724.51.
Warning: reg '\issue_instr_o' is assigned in a continuous assignment at /home/qualcomm_clinic/RTL/OpenABC/leaf_level_verilog/tsmc65lp/ariane/scoreboard_00000008_00000004.v:3725.10-3725.51.
Warning: reg '\issue_instr_o' is assigned in a continuous assignment at /home/qualcomm_clinic/RTL/OpenABC/leaf_level_verilog/tsmc65lp/ariane/scoreboard_00000008_00000004.v:3726.10-3726.51.
Warning: reg '\issue_instr_o' is assigned in a continuous assignment at /home/qualcomm_clinic/RTL/OpenABC/leaf_level_verilog/tsmc65lp/ariane/scoreboard_00000008_00000004.v:3727.10-3727.51.
Warning: reg '\issue_instr_o' is assigned in a continuous assignment at /home/qualcomm_clinic/RTL/OpenABC/leaf_level_verilog/tsmc65lp/ariane/scoreboard_00000008_00000004.v:3728.10-3728.51.
Warning: reg '\issue_instr_o' is assigned in a continuous assignment at /home/qualcomm_clinic/RTL/OpenABC/leaf_level_verilog/tsmc65lp/ariane/scoreboard_00000008_00000004.v:3729.10-3729.51.
Warning: reg '\issue_instr_o' is assigned in a continuous assignment at /home/qualcomm_clinic/RTL/OpenABC/leaf_level_verilog/tsmc65lp/ariane/scoreboard_00000008_00000004.v:3730.10-3730.51.
Warning: reg '\issue_instr_o' is assigned in a continuous assignment at /home/qualcomm_clinic/RTL/OpenABC/leaf_level_verilog/tsmc65lp/ariane/scoreboard_00000008_00000004.v:3731.10-3731.51.
Warning: reg '\issue_instr_o' is assigned in a continuous assignment at /home/qualcomm_clinic/RTL/OpenABC/leaf_level_verilog/tsmc65lp/ariane/scoreboard_00000008_00000004.v:3732.10-3732.51.
Warning: reg '\issue_instr_o' is assigned in a continuous assignment at /home/qualcomm_clinic/RTL/OpenABC/leaf_level_verilog/tsmc65lp/ariane/scoreboard_00000008_00000004.v:3733.10-3733.51.
Warning: reg '\issue_instr_o' is assigned in a continuous assignment at /home/qualcomm_clinic/RTL/OpenABC/leaf_level_verilog/tsmc65lp/ariane/scoreboard_00000008_00000004.v:3734.10-3734.51.
Warning: reg '\issue_instr_o' is assigned in a continuous assignment at /home/qualcomm_clinic/RTL/OpenABC/leaf_level_verilog/tsmc65lp/ariane/scoreboard_00000008_00000004.v:3735.10-3735.51.
Warning: reg '\issue_instr_o' is assigned in a continuous assignment at /home/qualcomm_clinic/RTL/OpenABC/leaf_level_verilog/tsmc65lp/ariane/scoreboard_00000008_00000004.v:3736.10-3736.51.
Warning: reg '\issue_instr_o' is assigned in a continuous assignment at /home/qualcomm_clinic/RTL/OpenABC/leaf_level_verilog/tsmc65lp/ariane/scoreboard_00000008_00000004.v:3737.10-3737.51.
Warning: reg '\issue_instr_o' is assigned in a continuous assignment at /home/qualcomm_clinic/RTL/OpenABC/leaf_level_verilog/tsmc65lp/ariane/scoreboard_00000008_00000004.v:3738.10-3738.51.
Warning: reg '\issue_instr_o' is assigned in a continuous assignment at /home/qualcomm_clinic/RTL/OpenABC/leaf_level_verilog/tsmc65lp/ariane/scoreboard_00000008_00000004.v:3739.10-3739.51.
Warning: reg '\issue_instr_o' is assigned in a continuous assignment at /home/qualcomm_clinic/RTL/OpenABC/leaf_level_verilog/tsmc65lp/ariane/scoreboard_00000008_00000004.v:3740.10-3740.51.
Warning: reg '\issue_instr_o' is assigned in a continuous assignment at /home/qualcomm_clinic/RTL/OpenABC/leaf_level_verilog/tsmc65lp/ariane/scoreboard_00000008_00000004.v:3741.10-3741.51.
Warning: reg '\issue_instr_o' is assigned in a continuous assignment at /home/qualcomm_clinic/RTL/OpenABC/leaf_level_verilog/tsmc65lp/ariane/scoreboard_00000008_00000004.v:3742.10-3742.51.
Warning: reg '\issue_instr_o' is assigned in a continuous assignment at /home/qualcomm_clinic/RTL/OpenABC/leaf_level_verilog/tsmc65lp/ariane/scoreboard_00000008_00000004.v:3743.10-3743.51.
Warning: reg '\issue_instr_o' is assigned in a continuous assignment at /home/qualcomm_clinic/RTL/OpenABC/leaf_level_verilog/tsmc65lp/ariane/scoreboard_00000008_00000004.v:3744.10-3744.51.
Warning: reg '\issue_instr_o' is assigned in a continuous assignment at /home/qualcomm_clinic/RTL/OpenABC/leaf_level_verilog/tsmc65lp/ariane/scoreboard_00000008_00000004.v:3745.10-3745.51.
Warning: reg '\issue_instr_o' is assigned in a continuous assignment at /home/qualcomm_clinic/RTL/OpenABC/leaf_level_verilog/tsmc65lp/ariane/scoreboard_00000008_00000004.v:3746.10-3746.51.
Warning: reg '\issue_instr_o' is assigned in a continuous assignment at /home/qualcomm_clinic/RTL/OpenABC/leaf_level_verilog/tsmc65lp/ariane/scoreboard_00000008_00000004.v:3747.10-3747.51.
Warning: reg '\issue_instr_o' is assigned in a continuous assignment at /home/qualcomm_clinic/RTL/OpenABC/leaf_level_verilog/tsmc65lp/ariane/scoreboard_00000008_00000004.v:3748.10-3748.51.
Warning: reg '\issue_instr_o' is assigned in a continuous assignment at /home/qualcomm_clinic/RTL/OpenABC/leaf_level_verilog/tsmc65lp/ariane/scoreboard_00000008_00000004.v:3749.10-3749.51.
Warning: reg '\issue_instr_o' is assigned in a continuous assignment at /home/qualcomm_clinic/RTL/OpenABC/leaf_level_verilog/tsmc65lp/ariane/scoreboard_00000008_00000004.v:3750.10-3750.51.
Warning: reg '\issue_instr_o' is assigned in a continuous assignment at /home/qualcomm_clinic/RTL/OpenABC/leaf_level_verilog/tsmc65lp/ariane/scoreboard_00000008_00000004.v:3751.10-3751.51.
Warning: reg '\issue_instr_o' is assigned in a continuous assignment at /home/qualcomm_clinic/RTL/OpenABC/leaf_level_verilog/tsmc65lp/ariane/scoreboard_00000008_00000004.v:3752.10-3752.51.
Warning: reg '\issue_instr_o' is assigned in a continuous assignment at /home/qualcomm_clinic/RTL/OpenABC/leaf_level_verilog/tsmc65lp/ariane/scoreboard_00000008_00000004.v:3753.10-3753.51.
Warning: reg '\issue_instr_o' is assigned in a continuous assignment at /home/qualcomm_clinic/RTL/OpenABC/leaf_level_verilog/tsmc65lp/ariane/scoreboard_00000008_00000004.v:3754.10-3754.51.
Warning: reg '\issue_instr_o' is assigned in a continuous assignment at /home/qualcomm_clinic/RTL/OpenABC/leaf_level_verilog/tsmc65lp/ariane/scoreboard_00000008_00000004.v:3755.10-3755.51.
Warning: reg '\issue_instr_o' is assigned in a continuous assignment at /home/qualcomm_clinic/RTL/OpenABC/leaf_level_verilog/tsmc65lp/ariane/scoreboard_00000008_00000004.v:3756.10-3756.51.
Warning: reg '\issue_instr_o' is assigned in a continuous assignment at /home/qualcomm_clinic/RTL/OpenABC/leaf_level_verilog/tsmc65lp/ariane/scoreboard_00000008_00000004.v:3757.10-3757.51.
Warning: reg '\issue_instr_o' is assigned in a continuous assignment at /home/qualcomm_clinic/RTL/OpenABC/leaf_level_verilog/tsmc65lp/ariane/scoreboard_00000008_00000004.v:3758.10-3758.51.
Warning: reg '\issue_instr_o' is assigned in a continuous assignment at /home/qualcomm_clinic/RTL/OpenABC/leaf_level_verilog/tsmc65lp/ariane/scoreboard_00000008_00000004.v:3759.10-3759.51.
Warning: reg '\issue_instr_o' is assigned in a continuous assignment at /home/qualcomm_clinic/RTL/OpenABC/leaf_level_verilog/tsmc65lp/ariane/scoreboard_00000008_00000004.v:3760.10-3760.51.
Warning: reg '\issue_instr_o' is assigned in a continuous assignment at /home/qualcomm_clinic/RTL/OpenABC/leaf_level_verilog/tsmc65lp/ariane/scoreboard_00000008_00000004.v:3761.10-3761.51.
Warning: reg '\issue_instr_o' is assigned in a continuous assignment at /home/qualcomm_clinic/RTL/OpenABC/leaf_level_verilog/tsmc65lp/ariane/scoreboard_00000008_00000004.v:3762.10-3762.51.
Warning: reg '\issue_instr_o' is assigned in a continuous assignment at /home/qualcomm_clinic/RTL/OpenABC/leaf_level_verilog/tsmc65lp/ariane/scoreboard_00000008_00000004.v:3763.10-3763.51.
Warning: reg '\issue_instr_o' is assigned in a continuous assignment at /home/qualcomm_clinic/RTL/OpenABC/leaf_level_verilog/tsmc65lp/ariane/scoreboard_00000008_00000004.v:3764.10-3764.51.
Warning: reg '\issue_instr_o' is assigned in a continuous assignment at /home/qualcomm_clinic/RTL/OpenABC/leaf_level_verilog/tsmc65lp/ariane/scoreboard_00000008_00000004.v:3765.10-3765.51.
Warning: reg '\issue_instr_o' is assigned in a continuous assignment at /home/qualcomm_clinic/RTL/OpenABC/leaf_level_verilog/tsmc65lp/ariane/scoreboard_00000008_00000004.v:3766.10-3766.51.
Warning: reg '\issue_instr_o' is assigned in a continuous assignment at /home/qualcomm_clinic/RTL/OpenABC/leaf_level_verilog/tsmc65lp/ariane/scoreboard_00000008_00000004.v:3767.10-3767.51.
Warning: reg '\issue_instr_o' is assigned in a continuous assignment at /home/qualcomm_clinic/RTL/OpenABC/leaf_level_verilog/tsmc65lp/ariane/scoreboard_00000008_00000004.v:3768.10-3768.51.
Warning: reg '\issue_instr_o' is assigned in a continuous assignment at /home/qualcomm_clinic/RTL/OpenABC/leaf_level_verilog/tsmc65lp/ariane/scoreboard_00000008_00000004.v:3769.10-3769.51.
Warning: reg '\issue_instr_o' is assigned in a continuous assignment at /home/qualcomm_clinic/RTL/OpenABC/leaf_level_verilog/tsmc65lp/ariane/scoreboard_00000008_00000004.v:3770.10-3770.51.
Warning: reg '\issue_instr_o' is assigned in a continuous assignment at /home/qualcomm_clinic/RTL/OpenABC/leaf_level_verilog/tsmc65lp/ariane/scoreboard_00000008_00000004.v:3771.10-3771.51.
Warning: reg '\issue_instr_o' is assigned in a continuous assignment at /home/qualcomm_clinic/RTL/OpenABC/leaf_level_verilog/tsmc65lp/ariane/scoreboard_00000008_00000004.v:3772.10-3772.51.
Warning: reg '\issue_instr_o' is assigned in a continuous assignment at /home/qualcomm_clinic/RTL/OpenABC/leaf_level_verilog/tsmc65lp/ariane/scoreboard_00000008_00000004.v:3773.10-3773.51.
Warning: reg '\issue_instr_o' is assigned in a continuous assignment at /home/qualcomm_clinic/RTL/OpenABC/leaf_level_verilog/tsmc65lp/ariane/scoreboard_00000008_00000004.v:3774.10-3774.51.
Warning: reg '\issue_instr_o' is assigned in a continuous assignment at /home/qualcomm_clinic/RTL/OpenABC/leaf_level_verilog/tsmc65lp/ariane/scoreboard_00000008_00000004.v:3775.10-3775.51.
Warning: reg '\issue_instr_o' is assigned in a continuous assignment at /home/qualcomm_clinic/RTL/OpenABC/leaf_level_verilog/tsmc65lp/ariane/scoreboard_00000008_00000004.v:3776.10-3776.51.
Warning: reg '\issue_instr_o' is assigned in a continuous assignment at /home/qualcomm_clinic/RTL/OpenABC/leaf_level_verilog/tsmc65lp/ariane/scoreboard_00000008_00000004.v:3777.10-3777.51.
Warning: reg '\issue_instr_o' is assigned in a continuous assignment at /home/qualcomm_clinic/RTL/OpenABC/leaf_level_verilog/tsmc65lp/ariane/scoreboard_00000008_00000004.v:3778.10-3778.51.
Warning: reg '\issue_instr_o' is assigned in a continuous assignment at /home/qualcomm_clinic/RTL/OpenABC/leaf_level_verilog/tsmc65lp/ariane/scoreboard_00000008_00000004.v:3779.10-3779.51.
Warning: reg '\issue_instr_o' is assigned in a continuous assignment at /home/qualcomm_clinic/RTL/OpenABC/leaf_level_verilog/tsmc65lp/ariane/scoreboard_00000008_00000004.v:3780.10-3780.51.
Warning: reg '\issue_instr_o' is assigned in a continuous assignment at /home/qualcomm_clinic/RTL/OpenABC/leaf_level_verilog/tsmc65lp/ariane/scoreboard_00000008_00000004.v:3781.10-3781.51.
Warning: reg '\issue_instr_o' is assigned in a continuous assignment at /home/qualcomm_clinic/RTL/OpenABC/leaf_level_verilog/tsmc65lp/ariane/scoreboard_00000008_00000004.v:3782.10-3782.51.
Warning: reg '\issue_instr_o' is assigned in a continuous assignment at /home/qualcomm_clinic/RTL/OpenABC/leaf_level_verilog/tsmc65lp/ariane/scoreboard_00000008_00000004.v:3783.10-3783.51.
Warning: reg '\issue_instr_o' is assigned in a continuous assignment at /home/qualcomm_clinic/RTL/OpenABC/leaf_level_verilog/tsmc65lp/ariane/scoreboard_00000008_00000004.v:3784.10-3784.51.
Warning: reg '\issue_instr_o' is assigned in a continuous assignment at /home/qualcomm_clinic/RTL/OpenABC/leaf_level_verilog/tsmc65lp/ariane/scoreboard_00000008_00000004.v:3785.10-3785.51.
Warning: reg '\issue_instr_o' is assigned in a continuous assignment at /home/qualcomm_clinic/RTL/OpenABC/leaf_level_verilog/tsmc65lp/ariane/scoreboard_00000008_00000004.v:3786.10-3786.51.
Warning: reg '\issue_instr_o' is assigned in a continuous assignment at /home/qualcomm_clinic/RTL/OpenABC/leaf_level_verilog/tsmc65lp/ariane/scoreboard_00000008_00000004.v:3787.10-3787.51.
Warning: reg '\issue_instr_o' is assigned in a continuous assignment at /home/qualcomm_clinic/RTL/OpenABC/leaf_level_verilog/tsmc65lp/ariane/scoreboard_00000008_00000004.v:3788.10-3788.51.
Warning: reg '\issue_instr_o' is assigned in a continuous assignment at /home/qualcomm_clinic/RTL/OpenABC/leaf_level_verilog/tsmc65lp/ariane/scoreboard_00000008_00000004.v:3789.10-3789.51.
Warning: reg '\issue_instr_o' is assigned in a continuous assignment at /home/qualcomm_clinic/RTL/OpenABC/leaf_level_verilog/tsmc65lp/ariane/scoreboard_00000008_00000004.v:3790.10-3790.51.
Warning: reg '\issue_instr_o' is assigned in a continuous assignment at /home/qualcomm_clinic/RTL/OpenABC/leaf_level_verilog/tsmc65lp/ariane/scoreboard_00000008_00000004.v:3791.10-3791.51.
Warning: reg '\issue_instr_o' is assigned in a continuous assignment at /home/qualcomm_clinic/RTL/OpenABC/leaf_level_verilog/tsmc65lp/ariane/scoreboard_00000008_00000004.v:3792.10-3792.51.
Warning: reg '\issue_instr_o' is assigned in a continuous assignment at /home/qualcomm_clinic/RTL/OpenABC/leaf_level_verilog/tsmc65lp/ariane/scoreboard_00000008_00000004.v:3793.10-3793.51.
Warning: reg '\issue_instr_o' is assigned in a continuous assignment at /home/qualcomm_clinic/RTL/OpenABC/leaf_level_verilog/tsmc65lp/ariane/scoreboard_00000008_00000004.v:3794.10-3794.51.
Warning: reg '\issue_instr_o' is assigned in a continuous assignment at /home/qualcomm_clinic/RTL/OpenABC/leaf_level_verilog/tsmc65lp/ariane/scoreboard_00000008_00000004.v:3795.10-3795.51.
Warning: reg '\issue_instr_o' is assigned in a continuous assignment at /home/qualcomm_clinic/RTL/OpenABC/leaf_level_verilog/tsmc65lp/ariane/scoreboard_00000008_00000004.v:3796.10-3796.51.
Warning: reg '\issue_instr_o' is assigned in a continuous assignment at /home/qualcomm_clinic/RTL/OpenABC/leaf_level_verilog/tsmc65lp/ariane/scoreboard_00000008_00000004.v:3797.10-3797.51.
Warning: reg '\issue_instr_o' is assigned in a continuous assignment at /home/qualcomm_clinic/RTL/OpenABC/leaf_level_verilog/tsmc65lp/ariane/scoreboard_00000008_00000004.v:3798.10-3798.51.
Warning: reg '\issue_instr_o' is assigned in a continuous assignment at /home/qualcomm_clinic/RTL/OpenABC/leaf_level_verilog/tsmc65lp/ariane/scoreboard_00000008_00000004.v:3799.10-3799.51.
Warning: reg '\issue_instr_o' is assigned in a continuous assignment at /home/qualcomm_clinic/RTL/OpenABC/leaf_level_verilog/tsmc65lp/ariane/scoreboard_00000008_00000004.v:3800.10-3800.51.
Warning: reg '\issue_instr_o' is assigned in a continuous assignment at /home/qualcomm_clinic/RTL/OpenABC/leaf_level_verilog/tsmc65lp/ariane/scoreboard_00000008_00000004.v:3801.10-3801.51.
Warning: reg '\issue_instr_o' is assigned in a continuous assignment at /home/qualcomm_clinic/RTL/OpenABC/leaf_level_verilog/tsmc65lp/ariane/scoreboard_00000008_00000004.v:3802.10-3802.51.
Warning: reg '\issue_instr_o' is assigned in a continuous assignment at /home/qualcomm_clinic/RTL/OpenABC/leaf_level_verilog/tsmc65lp/ariane/scoreboard_00000008_00000004.v:3803.10-3803.51.
Warning: reg '\issue_instr_o' is assigned in a continuous assignment at /home/qualcomm_clinic/RTL/OpenABC/leaf_level_verilog/tsmc65lp/ariane/scoreboard_00000008_00000004.v:3804.10-3804.51.
Warning: reg '\issue_instr_o' is assigned in a continuous assignment at /home/qualcomm_clinic/RTL/OpenABC/leaf_level_verilog/tsmc65lp/ariane/scoreboard_00000008_00000004.v:3805.10-3805.51.
Warning: reg '\issue_instr_o' is assigned in a continuous assignment at /home/qualcomm_clinic/RTL/OpenABC/leaf_level_verilog/tsmc65lp/ariane/scoreboard_00000008_00000004.v:3806.10-3806.51.
Warning: reg '\issue_instr_o' is assigned in a continuous assignment at /home/qualcomm_clinic/RTL/OpenABC/leaf_level_verilog/tsmc65lp/ariane/scoreboard_00000008_00000004.v:3807.10-3807.51.
Warning: reg '\issue_instr_o' is assigned in a continuous assignment at /home/qualcomm_clinic/RTL/OpenABC/leaf_level_verilog/tsmc65lp/ariane/scoreboard_00000008_00000004.v:3808.10-3808.51.
Warning: reg '\issue_instr_o' is assigned in a continuous assignment at /home/qualcomm_clinic/RTL/OpenABC/leaf_level_verilog/tsmc65lp/ariane/scoreboard_00000008_00000004.v:3809.10-3809.51.
Warning: reg '\issue_instr_o' is assigned in a continuous assignment at /home/qualcomm_clinic/RTL/OpenABC/leaf_level_verilog/tsmc65lp/ariane/scoreboard_00000008_00000004.v:3810.10-3810.51.
Warning: reg '\issue_instr_o' is assigned in a continuous assignment at /home/qualcomm_clinic/RTL/OpenABC/leaf_level_verilog/tsmc65lp/ariane/scoreboard_00000008_00000004.v:3811.10-3811.51.
Warning: reg '\issue_instr_o' is assigned in a continuous assignment at /home/qualcomm_clinic/RTL/OpenABC/leaf_level_verilog/tsmc65lp/ariane/scoreboard_00000008_00000004.v:3812.10-3812.51.
Warning: reg '\issue_instr_o' is assigned in a continuous assignment at /home/qualcomm_clinic/RTL/OpenABC/leaf_level_verilog/tsmc65lp/ariane/scoreboard_00000008_00000004.v:3813.10-3813.51.
Warning: reg '\issue_instr_o' is assigned in a continuous assignment at /home/qualcomm_clinic/RTL/OpenABC/leaf_level_verilog/tsmc65lp/ariane/scoreboard_00000008_00000004.v:3814.10-3814.51.
Warning: reg '\issue_instr_o' is assigned in a continuous assignment at /home/qualcomm_clinic/RTL/OpenABC/leaf_level_verilog/tsmc65lp/ariane/scoreboard_00000008_00000004.v:3815.10-3815.51.
Warning: reg '\issue_instr_o' is assigned in a continuous assignment at /home/qualcomm_clinic/RTL/OpenABC/leaf_level_verilog/tsmc65lp/ariane/scoreboard_00000008_00000004.v:3816.10-3816.51.
Warning: reg '\issue_instr_o' is assigned in a continuous assignment at /home/qualcomm_clinic/RTL/OpenABC/leaf_level_verilog/tsmc65lp/ariane/scoreboard_00000008_00000004.v:3817.10-3817.51.
Warning: reg '\issue_instr_o' is assigned in a continuous assignment at /home/qualcomm_clinic/RTL/OpenABC/leaf_level_verilog/tsmc65lp/ariane/scoreboard_00000008_00000004.v:3818.10-3818.51.
Warning: reg '\issue_instr_o' is assigned in a continuous assignment at /home/qualcomm_clinic/RTL/OpenABC/leaf_level_verilog/tsmc65lp/ariane/scoreboard_00000008_00000004.v:3819.10-3819.51.
Warning: reg '\issue_instr_o' is assigned in a continuous assignment at /home/qualcomm_clinic/RTL/OpenABC/leaf_level_verilog/tsmc65lp/ariane/scoreboard_00000008_00000004.v:3820.10-3820.51.
Warning: reg '\issue_instr_o' is assigned in a continuous assignment at /home/qualcomm_clinic/RTL/OpenABC/leaf_level_verilog/tsmc65lp/ariane/scoreboard_00000008_00000004.v:3821.10-3821.51.
Warning: reg '\issue_instr_o' is assigned in a continuous assignment at /home/qualcomm_clinic/RTL/OpenABC/leaf_level_verilog/tsmc65lp/ariane/scoreboard_00000008_00000004.v:3822.10-3822.51.
Warning: reg '\issue_instr_o' is assigned in a continuous assignment at /home/qualcomm_clinic/RTL/OpenABC/leaf_level_verilog/tsmc65lp/ariane/scoreboard_00000008_00000004.v:3823.10-3823.51.
Warning: reg '\issue_instr_o' is assigned in a continuous assignment at /home/qualcomm_clinic/RTL/OpenABC/leaf_level_verilog/tsmc65lp/ariane/scoreboard_00000008_00000004.v:3824.10-3824.51.
Warning: reg '\issue_instr_o' is assigned in a continuous assignment at /home/qualcomm_clinic/RTL/OpenABC/leaf_level_verilog/tsmc65lp/ariane/scoreboard_00000008_00000004.v:3825.10-3825.51.
Warning: reg '\issue_instr_o' is assigned in a continuous assignment at /home/qualcomm_clinic/RTL/OpenABC/leaf_level_verilog/tsmc65lp/ariane/scoreboard_00000008_00000004.v:3826.10-3826.51.
Warning: reg '\issue_instr_o' is assigned in a continuous assignment at /home/qualcomm_clinic/RTL/OpenABC/leaf_level_verilog/tsmc65lp/ariane/scoreboard_00000008_00000004.v:3827.10-3827.51.
Warning: reg '\issue_instr_o' is assigned in a continuous assignment at /home/qualcomm_clinic/RTL/OpenABC/leaf_level_verilog/tsmc65lp/ariane/scoreboard_00000008_00000004.v:3828.10-3828.51.
Warning: reg '\issue_instr_o' is assigned in a continuous assignment at /home/qualcomm_clinic/RTL/OpenABC/leaf_level_verilog/tsmc65lp/ariane/scoreboard_00000008_00000004.v:3829.10-3829.51.
Warning: reg '\issue_instr_o' is assigned in a continuous assignment at /home/qualcomm_clinic/RTL/OpenABC/leaf_level_verilog/tsmc65lp/ariane/scoreboard_00000008_00000004.v:3830.10-3830.51.
Warning: reg '\issue_instr_o' is assigned in a continuous assignment at /home/qualcomm_clinic/RTL/OpenABC/leaf_level_verilog/tsmc65lp/ariane/scoreboard_00000008_00000004.v:3831.10-3831.51.
Warning: reg '\issue_instr_o' is assigned in a continuous assignment at /home/qualcomm_clinic/RTL/OpenABC/leaf_level_verilog/tsmc65lp/ariane/scoreboard_00000008_00000004.v:3832.10-3832.51.
Warning: reg '\issue_instr_o' is assigned in a continuous assignment at /home/qualcomm_clinic/RTL/OpenABC/leaf_level_verilog/tsmc65lp/ariane/scoreboard_00000008_00000004.v:3833.10-3833.51.
Warning: reg '\issue_instr_o' is assigned in a continuous assignment at /home/qualcomm_clinic/RTL/OpenABC/leaf_level_verilog/tsmc65lp/ariane/scoreboard_00000008_00000004.v:3834.10-3834.51.
Warning: reg '\issue_instr_o' is assigned in a continuous assignment at /home/qualcomm_clinic/RTL/OpenABC/leaf_level_verilog/tsmc65lp/ariane/scoreboard_00000008_00000004.v:3835.10-3835.51.
Warning: reg '\issue_instr_o' is assigned in a continuous assignment at /home/qualcomm_clinic/RTL/OpenABC/leaf_level_verilog/tsmc65lp/ariane/scoreboard_00000008_00000004.v:3836.10-3836.51.
Warning: reg '\issue_instr_o' is assigned in a continuous assignment at /home/qualcomm_clinic/RTL/OpenABC/leaf_level_verilog/tsmc65lp/ariane/scoreboard_00000008_00000004.v:3837.10-3837.51.
Warning: reg '\issue_instr_o' is assigned in a continuous assignment at /home/qualcomm_clinic/RTL/OpenABC/leaf_level_verilog/tsmc65lp/ariane/scoreboard_00000008_00000004.v:3838.10-3838.51.
Warning: reg '\issue_instr_o' is assigned in a continuous assignment at /home/qualcomm_clinic/RTL/OpenABC/leaf_level_verilog/tsmc65lp/ariane/scoreboard_00000008_00000004.v:3839.10-3839.51.
Warning: reg '\issue_instr_o' is assigned in a continuous assignment at /home/qualcomm_clinic/RTL/OpenABC/leaf_level_verilog/tsmc65lp/ariane/scoreboard_00000008_00000004.v:3840.10-3840.51.
Warning: reg '\issue_instr_o' is assigned in a continuous assignment at /home/qualcomm_clinic/RTL/OpenABC/leaf_level_verilog/tsmc65lp/ariane/scoreboard_00000008_00000004.v:3841.10-3841.51.
Warning: reg '\issue_instr_o' is assigned in a continuous assignment at /home/qualcomm_clinic/RTL/OpenABC/leaf_level_verilog/tsmc65lp/ariane/scoreboard_00000008_00000004.v:3842.10-3842.51.
Warning: reg '\issue_instr_o' is assigned in a continuous assignment at /home/qualcomm_clinic/RTL/OpenABC/leaf_level_verilog/tsmc65lp/ariane/scoreboard_00000008_00000004.v:3843.10-3843.51.
Warning: reg '\issue_instr_o' is assigned in a continuous assignment at /home/qualcomm_clinic/RTL/OpenABC/leaf_level_verilog/tsmc65lp/ariane/scoreboard_00000008_00000004.v:3844.10-3844.51.
Warning: reg '\issue_instr_o' is assigned in a continuous assignment at /home/qualcomm_clinic/RTL/OpenABC/leaf_level_verilog/tsmc65lp/ariane/scoreboard_00000008_00000004.v:3845.10-3845.51.
Warning: reg '\issue_instr_o' is assigned in a continuous assignment at /home/qualcomm_clinic/RTL/OpenABC/leaf_level_verilog/tsmc65lp/ariane/scoreboard_00000008_00000004.v:3846.10-3846.51.
Warning: reg '\issue_instr_o' is assigned in a continuous assignment at /home/qualcomm_clinic/RTL/OpenABC/leaf_level_verilog/tsmc65lp/ariane/scoreboard_00000008_00000004.v:3847.10-3847.51.
Warning: reg '\issue_instr_o' is assigned in a continuous assignment at /home/qualcomm_clinic/RTL/OpenABC/leaf_level_verilog/tsmc65lp/ariane/scoreboard_00000008_00000004.v:3848.10-3848.51.
Warning: reg '\issue_instr_o' is assigned in a continuous assignment at /home/qualcomm_clinic/RTL/OpenABC/leaf_level_verilog/tsmc65lp/ariane/scoreboard_00000008_00000004.v:3849.10-3849.51.
Warning: reg '\issue_instr_o' is assigned in a continuous assignment at /home/qualcomm_clinic/RTL/OpenABC/leaf_level_verilog/tsmc65lp/ariane/scoreboard_00000008_00000004.v:3850.10-3850.51.
Warning: reg '\issue_instr_o' is assigned in a continuous assignment at /home/qualcomm_clinic/RTL/OpenABC/leaf_level_verilog/tsmc65lp/ariane/scoreboard_00000008_00000004.v:3851.10-3851.51.
Warning: reg '\issue_instr_o' is assigned in a continuous assignment at /home/qualcomm_clinic/RTL/OpenABC/leaf_level_verilog/tsmc65lp/ariane/scoreboard_00000008_00000004.v:3852.10-3852.51.
Warning: reg '\issue_instr_o' is assigned in a continuous assignment at /home/qualcomm_clinic/RTL/OpenABC/leaf_level_verilog/tsmc65lp/ariane/scoreboard_00000008_00000004.v:3853.10-3853.51.
Warning: reg '\issue_instr_o' is assigned in a continuous assignment at /home/qualcomm_clinic/RTL/OpenABC/leaf_level_verilog/tsmc65lp/ariane/scoreboard_00000008_00000004.v:3854.10-3854.51.
Warning: reg '\issue_instr_o' is assigned in a continuous assignment at /home/qualcomm_clinic/RTL/OpenABC/leaf_level_verilog/tsmc65lp/ariane/scoreboard_00000008_00000004.v:3855.10-3855.51.
Warning: reg '\issue_instr_o' is assigned in a continuous assignment at /home/qualcomm_clinic/RTL/OpenABC/leaf_level_verilog/tsmc65lp/ariane/scoreboard_00000008_00000004.v:3856.10-3856.51.
Warning: reg '\issue_instr_o' is assigned in a continuous assignment at /home/qualcomm_clinic/RTL/OpenABC/leaf_level_verilog/tsmc65lp/ariane/scoreboard_00000008_00000004.v:3857.10-3857.51.
Warning: reg '\issue_instr_o' is assigned in a continuous assignment at /home/qualcomm_clinic/RTL/OpenABC/leaf_level_verilog/tsmc65lp/ariane/scoreboard_00000008_00000004.v:3858.10-3858.51.
Warning: reg '\issue_instr_o' is assigned in a continuous assignment at /home/qualcomm_clinic/RTL/OpenABC/leaf_level_verilog/tsmc65lp/ariane/scoreboard_00000008_00000004.v:3859.10-3859.51.
Warning: reg '\issue_instr_o' is assigned in a continuous assignment at /home/qualcomm_clinic/RTL/OpenABC/leaf_level_verilog/tsmc65lp/ariane/scoreboard_00000008_00000004.v:3860.10-3860.51.
Warning: reg '\issue_instr_o' is assigned in a continuous assignment at /home/qualcomm_clinic/RTL/OpenABC/leaf_level_verilog/tsmc65lp/ariane/scoreboard_00000008_00000004.v:3861.10-3861.51.
Warning: reg '\issue_instr_o' is assigned in a continuous assignment at /home/qualcomm_clinic/RTL/OpenABC/leaf_level_verilog/tsmc65lp/ariane/scoreboard_00000008_00000004.v:3862.10-3862.51.
Warning: reg '\issue_instr_o' is assigned in a continuous assignment at /home/qualcomm_clinic/RTL/OpenABC/leaf_level_verilog/tsmc65lp/ariane/scoreboard_00000008_00000004.v:3863.10-3863.51.
Warning: reg '\issue_instr_o' is assigned in a continuous assignment at /home/qualcomm_clinic/RTL/OpenABC/leaf_level_verilog/tsmc65lp/ariane/scoreboard_00000008_00000004.v:3864.10-3864.51.
Warning: reg '\issue_instr_o' is assigned in a continuous assignment at /home/qualcomm_clinic/RTL/OpenABC/leaf_level_verilog/tsmc65lp/ariane/scoreboard_00000008_00000004.v:3865.10-3865.51.
Warning: reg '\issue_instr_o' is assigned in a continuous assignment at /home/qualcomm_clinic/RTL/OpenABC/leaf_level_verilog/tsmc65lp/ariane/scoreboard_00000008_00000004.v:3866.10-3866.51.
Warning: reg '\issue_instr_o' is assigned in a continuous assignment at /home/qualcomm_clinic/RTL/OpenABC/leaf_level_verilog/tsmc65lp/ariane/scoreboard_00000008_00000004.v:3867.10-3867.51.
Warning: reg '\issue_instr_o' is assigned in a continuous assignment at /home/qualcomm_clinic/RTL/OpenABC/leaf_level_verilog/tsmc65lp/ariane/scoreboard_00000008_00000004.v:3868.10-3868.51.
Warning: reg '\issue_instr_o' is assigned in a continuous assignment at /home/qualcomm_clinic/RTL/OpenABC/leaf_level_verilog/tsmc65lp/ariane/scoreboard_00000008_00000004.v:3869.10-3869.51.
Warning: reg '\issue_instr_o' is assigned in a continuous assignment at /home/qualcomm_clinic/RTL/OpenABC/leaf_level_verilog/tsmc65lp/ariane/scoreboard_00000008_00000004.v:3870.10-3870.51.
Warning: reg '\issue_instr_o' is assigned in a continuous assignment at /home/qualcomm_clinic/RTL/OpenABC/leaf_level_verilog/tsmc65lp/ariane/scoreboard_00000008_00000004.v:3871.10-3871.51.
Warning: reg '\issue_instr_o' is assigned in a continuous assignment at /home/qualcomm_clinic/RTL/OpenABC/leaf_level_verilog/tsmc65lp/ariane/scoreboard_00000008_00000004.v:3872.10-3872.49.
Warning: reg '\issue_instr_o' is assigned in a continuous assignment at /home/qualcomm_clinic/RTL/OpenABC/leaf_level_verilog/tsmc65lp/ariane/scoreboard_00000008_00000004.v:3873.10-3873.49.
Warning: reg '\issue_instr_o' is assigned in a continuous assignment at /home/qualcomm_clinic/RTL/OpenABC/leaf_level_verilog/tsmc65lp/ariane/scoreboard_00000008_00000004.v:3874.10-3874.49.
Warning: reg '\issue_instr_o' is assigned in a continuous assignment at /home/qualcomm_clinic/RTL/OpenABC/leaf_level_verilog/tsmc65lp/ariane/scoreboard_00000008_00000004.v:3875.10-3875.49.
Warning: reg '\issue_instr_o' is assigned in a continuous assignment at /home/qualcomm_clinic/RTL/OpenABC/leaf_level_verilog/tsmc65lp/ariane/scoreboard_00000008_00000004.v:3876.10-3876.49.
Warning: reg '\issue_instr_o' is assigned in a continuous assignment at /home/qualcomm_clinic/RTL/OpenABC/leaf_level_verilog/tsmc65lp/ariane/scoreboard_00000008_00000004.v:3877.10-3877.49.
Warning: reg '\issue_instr_o' is assigned in a continuous assignment at /home/qualcomm_clinic/RTL/OpenABC/leaf_level_verilog/tsmc65lp/ariane/scoreboard_00000008_00000004.v:3878.10-3878.49.
Warning: reg '\issue_instr_o' is assigned in a continuous assignment at /home/qualcomm_clinic/RTL/OpenABC/leaf_level_verilog/tsmc65lp/ariane/scoreboard_00000008_00000004.v:3879.10-3879.49.
Warning: reg '\issue_instr_o' is assigned in a continuous assignment at /home/qualcomm_clinic/RTL/OpenABC/leaf_level_verilog/tsmc65lp/ariane/scoreboard_00000008_00000004.v:3880.10-3880.49.
Warning: reg '\issue_instr_o' is assigned in a continuous assignment at /home/qualcomm_clinic/RTL/OpenABC/leaf_level_verilog/tsmc65lp/ariane/scoreboard_00000008_00000004.v:3881.10-3881.49.
Warning: reg '\issue_instr_o' is assigned in a continuous assignment at /home/qualcomm_clinic/RTL/OpenABC/leaf_level_verilog/tsmc65lp/ariane/scoreboard_00000008_00000004.v:3882.10-3882.49.
Warning: reg '\issue_instr_o' is assigned in a continuous assignment at /home/qualcomm_clinic/RTL/OpenABC/leaf_level_verilog/tsmc65lp/ariane/scoreboard_00000008_00000004.v:3883.10-3883.49.
Warning: reg '\issue_instr_o' is assigned in a continuous assignment at /home/qualcomm_clinic/RTL/OpenABC/leaf_level_verilog/tsmc65lp/ariane/scoreboard_00000008_00000004.v:3884.10-3884.49.
Warning: reg '\issue_instr_o' is assigned in a continuous assignment at /home/qualcomm_clinic/RTL/OpenABC/leaf_level_verilog/tsmc65lp/ariane/scoreboard_00000008_00000004.v:3885.10-3885.49.
Warning: reg '\issue_instr_o' is assigned in a continuous assignment at /home/qualcomm_clinic/RTL/OpenABC/leaf_level_verilog/tsmc65lp/ariane/scoreboard_00000008_00000004.v:3886.10-3886.49.
Warning: reg '\issue_instr_o' is assigned in a continuous assignment at /home/qualcomm_clinic/RTL/OpenABC/leaf_level_verilog/tsmc65lp/ariane/scoreboard_00000008_00000004.v:3887.10-3887.49.
Warning: reg '\issue_instr_o' is assigned in a continuous assignment at /home/qualcomm_clinic/RTL/OpenABC/leaf_level_verilog/tsmc65lp/ariane/scoreboard_00000008_00000004.v:3888.10-3888.49.
Warning: reg '\issue_instr_o' is assigned in a continuous assignment at /home/qualcomm_clinic/RTL/OpenABC/leaf_level_verilog/tsmc65lp/ariane/scoreboard_00000008_00000004.v:3889.10-3889.49.
Warning: reg '\issue_instr_o' is assigned in a continuous assignment at /home/qualcomm_clinic/RTL/OpenABC/leaf_level_verilog/tsmc65lp/ariane/scoreboard_00000008_00000004.v:3890.10-3890.49.
Warning: reg '\issue_instr_o' is assigned in a continuous assignment at /home/qualcomm_clinic/RTL/OpenABC/leaf_level_verilog/tsmc65lp/ariane/scoreboard_00000008_00000004.v:3891.10-3891.49.
Warning: reg '\issue_instr_o' is assigned in a continuous assignment at /home/qualcomm_clinic/RTL/OpenABC/leaf_level_verilog/tsmc65lp/ariane/scoreboard_00000008_00000004.v:3892.10-3892.49.
Warning: reg '\issue_instr_o' is assigned in a continuous assignment at /home/qualcomm_clinic/RTL/OpenABC/leaf_level_verilog/tsmc65lp/ariane/scoreboard_00000008_00000004.v:3893.10-3893.49.
Warning: reg '\issue_instr_o' is assigned in a continuous assignment at /home/qualcomm_clinic/RTL/OpenABC/leaf_level_verilog/tsmc65lp/ariane/scoreboard_00000008_00000004.v:3894.10-3894.49.
Warning: reg '\issue_instr_o' is assigned in a continuous assignment at /home/qualcomm_clinic/RTL/OpenABC/leaf_level_verilog/tsmc65lp/ariane/scoreboard_00000008_00000004.v:3895.10-3895.49.
Warning: reg '\issue_instr_o' is assigned in a continuous assignment at /home/qualcomm_clinic/RTL/OpenABC/leaf_level_verilog/tsmc65lp/ariane/scoreboard_00000008_00000004.v:3896.10-3896.49.
Warning: reg '\issue_instr_o' is assigned in a continuous assignment at /home/qualcomm_clinic/RTL/OpenABC/leaf_level_verilog/tsmc65lp/ariane/scoreboard_00000008_00000004.v:3897.10-3897.49.
Warning: reg '\issue_instr_o' is assigned in a continuous assignment at /home/qualcomm_clinic/RTL/OpenABC/leaf_level_verilog/tsmc65lp/ariane/scoreboard_00000008_00000004.v:3898.10-3898.49.
Warning: reg '\issue_instr_o' is assigned in a continuous assignment at /home/qualcomm_clinic/RTL/OpenABC/leaf_level_verilog/tsmc65lp/ariane/scoreboard_00000008_00000004.v:3899.10-3899.49.
Warning: reg '\issue_instr_o' is assigned in a continuous assignment at /home/qualcomm_clinic/RTL/OpenABC/leaf_level_verilog/tsmc65lp/ariane/scoreboard_00000008_00000004.v:3900.10-3900.49.
Warning: reg '\issue_instr_o' is assigned in a continuous assignment at /home/qualcomm_clinic/RTL/OpenABC/leaf_level_verilog/tsmc65lp/ariane/scoreboard_00000008_00000004.v:3901.10-3901.49.
Warning: reg '\issue_instr_o' is assigned in a continuous assignment at /home/qualcomm_clinic/RTL/OpenABC/leaf_level_verilog/tsmc65lp/ariane/scoreboard_00000008_00000004.v:3902.10-3902.49.
Warning: reg '\issue_instr_o' is assigned in a continuous assignment at /home/qualcomm_clinic/RTL/OpenABC/leaf_level_verilog/tsmc65lp/ariane/scoreboard_00000008_00000004.v:3903.10-3903.49.
Warning: reg '\issue_instr_o' is assigned in a continuous assignment at /home/qualcomm_clinic/RTL/OpenABC/leaf_level_verilog/tsmc65lp/ariane/scoreboard_00000008_00000004.v:3904.10-3904.49.
Warning: reg '\issue_instr_o' is assigned in a continuous assignment at /home/qualcomm_clinic/RTL/OpenABC/leaf_level_verilog/tsmc65lp/ariane/scoreboard_00000008_00000004.v:3905.10-3905.49.
Warning: reg '\issue_instr_o' is assigned in a continuous assignment at /home/qualcomm_clinic/RTL/OpenABC/leaf_level_verilog/tsmc65lp/ariane/scoreboard_00000008_00000004.v:3906.10-3906.49.
Warning: reg '\issue_instr_o' is assigned in a continuous assignment at /home/qualcomm_clinic/RTL/OpenABC/leaf_level_verilog/tsmc65lp/ariane/scoreboard_00000008_00000004.v:3907.10-3907.49.
Warning: reg '\issue_instr_o' is assigned in a continuous assignment at /home/qualcomm_clinic/RTL/OpenABC/leaf_level_verilog/tsmc65lp/ariane/scoreboard_00000008_00000004.v:3908.10-3908.49.
Warning: reg '\issue_instr_o' is assigned in a continuous assignment at /home/qualcomm_clinic/RTL/OpenABC/leaf_level_verilog/tsmc65lp/ariane/scoreboard_00000008_00000004.v:3909.10-3909.49.
Warning: reg '\issue_instr_o' is assigned in a continuous assignment at /home/qualcomm_clinic/RTL/OpenABC/leaf_level_verilog/tsmc65lp/ariane/scoreboard_00000008_00000004.v:3910.10-3910.49.
Warning: reg '\issue_instr_o' is assigned in a continuous assignment at /home/qualcomm_clinic/RTL/OpenABC/leaf_level_verilog/tsmc65lp/ariane/scoreboard_00000008_00000004.v:3911.10-3911.49.
Warning: reg '\issue_instr_o' is assigned in a continuous assignment at /home/qualcomm_clinic/RTL/OpenABC/leaf_level_verilog/tsmc65lp/ariane/scoreboard_00000008_00000004.v:3912.10-3912.49.
Warning: reg '\issue_instr_o' is assigned in a continuous assignment at /home/qualcomm_clinic/RTL/OpenABC/leaf_level_verilog/tsmc65lp/ariane/scoreboard_00000008_00000004.v:3913.10-3913.49.
Warning: reg '\issue_instr_o' is assigned in a continuous assignment at /home/qualcomm_clinic/RTL/OpenABC/leaf_level_verilog/tsmc65lp/ariane/scoreboard_00000008_00000004.v:3914.10-3914.49.
Warning: reg '\issue_instr_o' is assigned in a continuous assignment at /home/qualcomm_clinic/RTL/OpenABC/leaf_level_verilog/tsmc65lp/ariane/scoreboard_00000008_00000004.v:3915.10-3915.49.
Warning: reg '\issue_instr_o' is assigned in a continuous assignment at /home/qualcomm_clinic/RTL/OpenABC/leaf_level_verilog/tsmc65lp/ariane/scoreboard_00000008_00000004.v:3916.10-3916.49.
Warning: reg '\issue_instr_o' is assigned in a continuous assignment at /home/qualcomm_clinic/RTL/OpenABC/leaf_level_verilog/tsmc65lp/ariane/scoreboard_00000008_00000004.v:3917.10-3917.49.
Warning: reg '\issue_instr_o' is assigned in a continuous assignment at /home/qualcomm_clinic/RTL/OpenABC/leaf_level_verilog/tsmc65lp/ariane/scoreboard_00000008_00000004.v:3918.10-3918.49.
Warning: reg '\issue_instr_o' is assigned in a continuous assignment at /home/qualcomm_clinic/RTL/OpenABC/leaf_level_verilog/tsmc65lp/ariane/scoreboard_00000008_00000004.v:3919.10-3919.49.
Warning: reg '\issue_instr_o' is assigned in a continuous assignment at /home/qualcomm_clinic/RTL/OpenABC/leaf_level_verilog/tsmc65lp/ariane/scoreboard_00000008_00000004.v:3920.10-3920.49.
Warning: reg '\issue_instr_o' is assigned in a continuous assignment at /home/qualcomm_clinic/RTL/OpenABC/leaf_level_verilog/tsmc65lp/ariane/scoreboard_00000008_00000004.v:3921.10-3921.49.
Warning: reg '\issue_instr_o' is assigned in a continuous assignment at /home/qualcomm_clinic/RTL/OpenABC/leaf_level_verilog/tsmc65lp/ariane/scoreboard_00000008_00000004.v:3922.10-3922.49.
Warning: reg '\issue_instr_o' is assigned in a continuous assignment at /home/qualcomm_clinic/RTL/OpenABC/leaf_level_verilog/tsmc65lp/ariane/scoreboard_00000008_00000004.v:3923.10-3923.49.
Warning: reg '\issue_instr_o' is assigned in a continuous assignment at /home/qualcomm_clinic/RTL/OpenABC/leaf_level_verilog/tsmc65lp/ariane/scoreboard_00000008_00000004.v:3924.10-3924.49.
Warning: reg '\issue_instr_o' is assigned in a continuous assignment at /home/qualcomm_clinic/RTL/OpenABC/leaf_level_verilog/tsmc65lp/ariane/scoreboard_00000008_00000004.v:3925.10-3925.49.
Warning: reg '\issue_instr_o' is assigned in a continuous assignment at /home/qualcomm_clinic/RTL/OpenABC/leaf_level_verilog/tsmc65lp/ariane/scoreboard_00000008_00000004.v:3926.10-3926.49.
Warning: reg '\issue_instr_o' is assigned in a continuous assignment at /home/qualcomm_clinic/RTL/OpenABC/leaf_level_verilog/tsmc65lp/ariane/scoreboard_00000008_00000004.v:3927.10-3927.49.
Warning: reg '\issue_instr_o' is assigned in a continuous assignment at /home/qualcomm_clinic/RTL/OpenABC/leaf_level_verilog/tsmc65lp/ariane/scoreboard_00000008_00000004.v:3928.10-3928.49.
Warning: reg '\issue_instr_o' is assigned in a continuous assignment at /home/qualcomm_clinic/RTL/OpenABC/leaf_level_verilog/tsmc65lp/ariane/scoreboard_00000008_00000004.v:3929.10-3929.49.
Warning: reg '\issue_instr_o' is assigned in a continuous assignment at /home/qualcomm_clinic/RTL/OpenABC/leaf_level_verilog/tsmc65lp/ariane/scoreboard_00000008_00000004.v:3930.10-3930.49.
Warning: reg '\issue_instr_o' is assigned in a continuous assignment at /home/qualcomm_clinic/RTL/OpenABC/leaf_level_verilog/tsmc65lp/ariane/scoreboard_00000008_00000004.v:3931.10-3931.49.
Warning: reg '\issue_instr_o' is assigned in a continuous assignment at /home/qualcomm_clinic/RTL/OpenABC/leaf_level_verilog/tsmc65lp/ariane/scoreboard_00000008_00000004.v:3932.10-3932.49.
Warning: reg '\issue_instr_o' is assigned in a continuous assignment at /home/qualcomm_clinic/RTL/OpenABC/leaf_level_verilog/tsmc65lp/ariane/scoreboard_00000008_00000004.v:3933.10-3933.49.
Warning: reg '\issue_instr_o' is assigned in a continuous assignment at /home/qualcomm_clinic/RTL/OpenABC/leaf_level_verilog/tsmc65lp/ariane/scoreboard_00000008_00000004.v:3934.10-3934.49.
Warning: reg '\issue_instr_o' is assigned in a continuous assignment at /home/qualcomm_clinic/RTL/OpenABC/leaf_level_verilog/tsmc65lp/ariane/scoreboard_00000008_00000004.v:3935.10-3935.49.
Warning: reg '\issue_instr_o' is assigned in a continuous assignment at /home/qualcomm_clinic/RTL/OpenABC/leaf_level_verilog/tsmc65lp/ariane/scoreboard_00000008_00000004.v:3936.10-3936.49.
Warning: reg '\issue_instr_o' is assigned in a continuous assignment at /home/qualcomm_clinic/RTL/OpenABC/leaf_level_verilog/tsmc65lp/ariane/scoreboard_00000008_00000004.v:3937.10-3937.49.
Warning: reg '\issue_instr_o' is assigned in a continuous assignment at /home/qualcomm_clinic/RTL/OpenABC/leaf_level_verilog/tsmc65lp/ariane/scoreboard_00000008_00000004.v:3938.10-3938.49.
Warning: reg '\issue_instr_o' is assigned in a continuous assignment at /home/qualcomm_clinic/RTL/OpenABC/leaf_level_verilog/tsmc65lp/ariane/scoreboard_00000008_00000004.v:3939.10-3939.49.
Warning: reg '\issue_instr_o' is assigned in a continuous assignment at /home/qualcomm_clinic/RTL/OpenABC/leaf_level_verilog/tsmc65lp/ariane/scoreboard_00000008_00000004.v:3940.10-3940.49.
Warning: reg '\issue_instr_o' is assigned in a continuous assignment at /home/qualcomm_clinic/RTL/OpenABC/leaf_level_verilog/tsmc65lp/ariane/scoreboard_00000008_00000004.v:3941.10-3941.49.
Warning: reg '\issue_instr_o' is assigned in a continuous assignment at /home/qualcomm_clinic/RTL/OpenABC/leaf_level_verilog/tsmc65lp/ariane/scoreboard_00000008_00000004.v:3942.10-3942.49.
Warning: reg '\issue_instr_o' is assigned in a continuous assignment at /home/qualcomm_clinic/RTL/OpenABC/leaf_level_verilog/tsmc65lp/ariane/scoreboard_00000008_00000004.v:3943.10-3943.49.
Warning: reg '\issue_instr_o' is assigned in a continuous assignment at /home/qualcomm_clinic/RTL/OpenABC/leaf_level_verilog/tsmc65lp/ariane/scoreboard_00000008_00000004.v:3944.10-3944.49.
Warning: reg '\issue_instr_o' is assigned in a continuous assignment at /home/qualcomm_clinic/RTL/OpenABC/leaf_level_verilog/tsmc65lp/ariane/scoreboard_00000008_00000004.v:3945.10-3945.49.
Warning: reg '\issue_instr_o' is assigned in a continuous assignment at /home/qualcomm_clinic/RTL/OpenABC/leaf_level_verilog/tsmc65lp/ariane/scoreboard_00000008_00000004.v:3946.10-3946.49.
Warning: reg '\issue_instr_o' is assigned in a continuous assignment at /home/qualcomm_clinic/RTL/OpenABC/leaf_level_verilog/tsmc65lp/ariane/scoreboard_00000008_00000004.v:3947.10-3947.49.
Warning: reg '\issue_instr_o' is assigned in a continuous assignment at /home/qualcomm_clinic/RTL/OpenABC/leaf_level_verilog/tsmc65lp/ariane/scoreboard_00000008_00000004.v:3948.10-3948.49.
Warning: reg '\issue_instr_o' is assigned in a continuous assignment at /home/qualcomm_clinic/RTL/OpenABC/leaf_level_verilog/tsmc65lp/ariane/scoreboard_00000008_00000004.v:3949.10-3949.49.
Warning: reg '\issue_instr_o' is assigned in a continuous assignment at /home/qualcomm_clinic/RTL/OpenABC/leaf_level_verilog/tsmc65lp/ariane/scoreboard_00000008_00000004.v:3950.10-3950.49.
Warning: reg '\issue_instr_o' is assigned in a continuous assignment at /home/qualcomm_clinic/RTL/OpenABC/leaf_level_verilog/tsmc65lp/ariane/scoreboard_00000008_00000004.v:3951.10-3951.49.
Warning: reg '\issue_instr_o' is assigned in a continuous assignment at /home/qualcomm_clinic/RTL/OpenABC/leaf_level_verilog/tsmc65lp/ariane/scoreboard_00000008_00000004.v:3952.10-3952.49.
Warning: reg '\issue_instr_o' is assigned in a continuous assignment at /home/qualcomm_clinic/RTL/OpenABC/leaf_level_verilog/tsmc65lp/ariane/scoreboard_00000008_00000004.v:3953.10-3953.49.
Warning: reg '\issue_instr_o' is assigned in a continuous assignment at /home/qualcomm_clinic/RTL/OpenABC/leaf_level_verilog/tsmc65lp/ariane/scoreboard_00000008_00000004.v:3954.10-3954.49.
Warning: reg '\issue_instr_o' is assigned in a continuous assignment at /home/qualcomm_clinic/RTL/OpenABC/leaf_level_verilog/tsmc65lp/ariane/scoreboard_00000008_00000004.v:3955.10-3955.49.
Warning: reg '\issue_instr_o' is assigned in a continuous assignment at /home/qualcomm_clinic/RTL/OpenABC/leaf_level_verilog/tsmc65lp/ariane/scoreboard_00000008_00000004.v:3956.10-3956.49.
Warning: reg '\issue_instr_o' is assigned in a continuous assignment at /home/qualcomm_clinic/RTL/OpenABC/leaf_level_verilog/tsmc65lp/ariane/scoreboard_00000008_00000004.v:3957.10-3957.49.
Warning: reg '\issue_instr_o' is assigned in a continuous assignment at /home/qualcomm_clinic/RTL/OpenABC/leaf_level_verilog/tsmc65lp/ariane/scoreboard_00000008_00000004.v:3958.10-3958.49.
Warning: reg '\issue_instr_o' is assigned in a continuous assignment at /home/qualcomm_clinic/RTL/OpenABC/leaf_level_verilog/tsmc65lp/ariane/scoreboard_00000008_00000004.v:3959.10-3959.49.
Warning: reg '\issue_instr_o' is assigned in a continuous assignment at /home/qualcomm_clinic/RTL/OpenABC/leaf_level_verilog/tsmc65lp/ariane/scoreboard_00000008_00000004.v:3960.10-3960.49.
Warning: reg '\issue_instr_o' is assigned in a continuous assignment at /home/qualcomm_clinic/RTL/OpenABC/leaf_level_verilog/tsmc65lp/ariane/scoreboard_00000008_00000004.v:3961.10-3961.49.
Warning: reg '\issue_instr_o' is assigned in a continuous assignment at /home/qualcomm_clinic/RTL/OpenABC/leaf_level_verilog/tsmc65lp/ariane/scoreboard_00000008_00000004.v:3962.10-3962.47.
Warning: reg '\issue_instr_o' is assigned in a continuous assignment at /home/qualcomm_clinic/RTL/OpenABC/leaf_level_verilog/tsmc65lp/ariane/scoreboard_00000008_00000004.v:3963.10-3963.47.
Warning: reg '\issue_instr_o' is assigned in a continuous assignment at /home/qualcomm_clinic/RTL/OpenABC/leaf_level_verilog/tsmc65lp/ariane/scoreboard_00000008_00000004.v:3964.10-3964.47.
Warning: reg '\issue_instr_o' is assigned in a continuous assignment at /home/qualcomm_clinic/RTL/OpenABC/leaf_level_verilog/tsmc65lp/ariane/scoreboard_00000008_00000004.v:3965.10-3965.47.
Warning: reg '\issue_instr_o' is assigned in a continuous assignment at /home/qualcomm_clinic/RTL/OpenABC/leaf_level_verilog/tsmc65lp/ariane/scoreboard_00000008_00000004.v:3966.10-3966.47.
Warning: reg '\issue_instr_o' is assigned in a continuous assignment at /home/qualcomm_clinic/RTL/OpenABC/leaf_level_verilog/tsmc65lp/ariane/scoreboard_00000008_00000004.v:3967.10-3967.47.
Warning: reg '\issue_instr_o' is assigned in a continuous assignment at /home/qualcomm_clinic/RTL/OpenABC/leaf_level_verilog/tsmc65lp/ariane/scoreboard_00000008_00000004.v:3968.10-3968.47.
Warning: reg '\issue_instr_o' is assigned in a continuous assignment at /home/qualcomm_clinic/RTL/OpenABC/leaf_level_verilog/tsmc65lp/ariane/scoreboard_00000008_00000004.v:3969.10-3969.47.
Warning: reg '\issue_instr_o' is assigned in a continuous assignment at /home/qualcomm_clinic/RTL/OpenABC/leaf_level_verilog/tsmc65lp/ariane/scoreboard_00000008_00000004.v:3970.10-3970.47.
Warning: reg '\issue_instr_o' is assigned in a continuous assignment at /home/qualcomm_clinic/RTL/OpenABC/leaf_level_verilog/tsmc65lp/ariane/scoreboard_00000008_00000004.v:3971.10-3971.47.
Successfully finished Verilog frontend.

38. Executing Verilog-2005 frontend: /home/qualcomm_clinic/RTL/OpenABC/leaf_level_verilog/tsmc65lp/ariane/store_buffer.v
Parsing SystemVerilog input from `/home/qualcomm_clinic/RTL/OpenABC/leaf_level_verilog/tsmc65lp/ariane/store_buffer.v' to AST representation.
Generating RTLIL representation for module `\store_buffer'.
Successfully finished Verilog frontend.

39. Executing Verilog-2005 frontend: /home/qualcomm_clinic/RTL/OpenABC/leaf_level_verilog/tsmc65lp/ariane/stream_demux_N_OUP3.v
Parsing SystemVerilog input from `/home/qualcomm_clinic/RTL/OpenABC/leaf_level_verilog/tsmc65lp/ariane/stream_demux_N_OUP3.v' to AST representation.
Generating RTLIL representation for module `\stream_demux_N_OUP3'.
Successfully finished Verilog frontend.

40. Executing Verilog-2005 frontend: /home/qualcomm_clinic/RTL/OpenABC/leaf_level_verilog/tsmc65lp/ariane/stream_mux_N_INP3.v
Parsing SystemVerilog input from `/home/qualcomm_clinic/RTL/OpenABC/leaf_level_verilog/tsmc65lp/ariane/stream_mux_N_INP3.v' to AST representation.
Generating RTLIL representation for module `\stream_mux_N_INP3'.
Successfully finished Verilog frontend.

41. Executing Verilog-2005 frontend: /home/qualcomm_clinic/RTL/OpenABC/leaf_level_verilog/tsmc65lp/ariane/tag_cmp_4_0000000c_00000008.v
Parsing SystemVerilog input from `/home/qualcomm_clinic/RTL/OpenABC/leaf_level_verilog/tsmc65lp/ariane/tag_cmp_4_0000000c_00000008.v' to AST representation.
Generating RTLIL representation for module `\tag_cmp_4_0000000c_00000008'.
Successfully finished Verilog frontend.

42. Executing Verilog-2005 frontend: /home/qualcomm_clinic/RTL/OpenABC/leaf_level_verilog/tsmc65lp/ariane/tlb_00000010_00000001.v
Parsing SystemVerilog input from `/home/qualcomm_clinic/RTL/OpenABC/leaf_level_verilog/tsmc65lp/ariane/tlb_00000010_00000001.v' to AST representation.
Generating RTLIL representation for module `\tlb_00000010_00000001'.
Successfully finished Verilog frontend.

43. Executing HIERARCHY pass (managing design hierarchy).

43.1. Analyzing design hierarchy..
Top module:  \lsu_bypass

43.2. Analyzing design hierarchy..
Top module:  \lsu_bypass
Removing unused module `\tlb_00000010_00000001'.
Removing unused module `\tag_cmp_4_0000000c_00000008'.
Removing unused module `\stream_mux_N_INP3'.
Removing unused module `\stream_demux_N_OUP3'.
Removing unused module `\store_buffer'.
Removing unused module `\scoreboard_00000008_00000004'.
Removing unused module `\re_name'.
Removing unused module `\ras_DEPTH2'.
Removing unused module `\ptw_s00000001'.
Removing unused module `\pipe_reg_simple_Depth1'.
Removing unused module `\pipe_reg_simple_Depth0'.
Removing unused module `\perf_counters'.
Removing unused module `\multiplier'.
Removing unused module `\lzc_WIDTH64_MODE1'.
Removing unused module `\lzc_00000004'.
Removing unused module `\lzc_00000003'.
Removing unused module `\load_unit'.
Removing unused module `\lfsr_8bit_00000008'.
Removing unused module `\lfsr_8bit_00000004'.
Removing unused module `\instr_scan'.
Removing unused module `\instr_realigner'.
Removing unused module `\fifo_v3_DATA_WIDTH2_DEPTH4'.
Removing unused module `\fifo_v3_0_00000020_00000008'.
Removing unused module `\fifo_v3_0_00000020_00000001'.
Removing unused module `\decoder'.
Removing unused module `\csr_regfile_0000000000000000_1'.
Removing unused module `\csr_buffer'.
Removing unused module `\controller'.
Removing unused module `\compressed_decoder'.
Removing unused module `\commit_stage'.
Removing unused module `\cache_ctrl_0000000080000000'.
Removing unused module `\btb_NR_ENTRIES64'.
Removing unused module `\branch_unit'.
Removing unused module `\bht_NR_ENTRIES128'.
Removing unused module `\axi_adapter_64_4_00000004'.
Removing unused module `\axi_adapter_00000080_4_00000004'.
Removing unused module `\ariane_regfile_64_2_00000002_1'.
Removing unused module `\arbiter_00000003_64'.
Removing unused module `\amo_alu'.
Removing unused module `\alu'.
Removing unused module `\sky130_osu_sc_12T_hs__xor2_l'.
Removing unused module `\sky130_osu_sc_12T_hs__xnor2_l'.
Removing unused module `\sky130_osu_sc_12T_hs__tnbufi_l'.
Removing unused module `\sky130_osu_sc_12T_hs__tnbufi_1'.
Removing unused module `\sky130_osu_sc_12T_hs__tielo'.
Removing unused module `\sky130_osu_sc_12T_hs__tiehi'.
Removing unused module `\sky130_osu_sc_12T_hs__tbufi_l'.
Removing unused module `\sky130_osu_sc_12T_hs__tbufi_1'.
Removing unused module `\sky130_osu_sc_12T_hs__or2_l'.
Removing unused module `\sky130_osu_sc_12T_hs__or2_8'.
Removing unused module `\sky130_osu_sc_12T_hs__or2_4'.
Removing unused module `\sky130_osu_sc_12T_hs__or2_2'.
Removing unused module `\sky130_osu_sc_12T_hs__or2_1'.
Removing unused module `\sky130_osu_sc_12T_hs__oai22_l'.
Removing unused module `\sky130_osu_sc_12T_hs__oai21_l'.
Removing unused module `\sky130_osu_sc_12T_hs__nor2_l'.
Removing unused module `\sky130_osu_sc_12T_hs__nor2_1'.
Removing unused module `\sky130_osu_sc_12T_hs__nand2_l'.
Removing unused module `\sky130_osu_sc_12T_hs__nand2_1'.
Removing unused module `\sky130_osu_sc_12T_hs__mux2_1'.
Removing unused module `\sky130_osu_sc_12T_hs__inv_l'.
Removing unused module `\sky130_osu_sc_12T_hs__inv_8'.
Removing unused module `\sky130_osu_sc_12T_hs__inv_6'.
Removing unused module `\sky130_osu_sc_12T_hs__inv_4'.
Removing unused module `\sky130_osu_sc_12T_hs__inv_3'.
Removing unused module `\sky130_osu_sc_12T_hs__inv_2'.
Removing unused module `\sky130_osu_sc_12T_hs__inv_10'.
Removing unused module `\sky130_osu_sc_12T_hs__inv_1'.
Removing unused module `\sky130_osu_sc_12T_hs__dffsr_l'.
Removing unused module `\sky130_osu_sc_12T_hs__dffsr_1'.
Removing unused module `\sky130_osu_sc_12T_hs__dffs_l'.
Removing unused module `\sky130_osu_sc_12T_hs__dffs_1'.
Removing unused module `\sky130_osu_sc_12T_hs__dffr_l'.
Removing unused module `\sky130_osu_sc_12T_hs__dffr_1'.
Removing unused module `\sky130_osu_sc_12T_hs__dff_l'.
Removing unused module `\sky130_osu_sc_12T_hs__dff_1'.
Removing unused module `\sky130_osu_sc_12T_hs__buf_l'.
Removing unused module `\sky130_osu_sc_12T_hs__buf_8'.
Removing unused module `\sky130_osu_sc_12T_hs__buf_6'.
Removing unused module `\sky130_osu_sc_12T_hs__buf_4'.
Removing unused module `\sky130_osu_sc_12T_hs__buf_2'.
Removing unused module `\sky130_osu_sc_12T_hs__buf_1'.
Removing unused module `\sky130_osu_sc_12T_hs__aoi22_l'.
Removing unused module `\sky130_osu_sc_12T_hs__aoi21_l'.
Removing unused module `\sky130_osu_sc_12T_hs__ant'.
Removing unused module `\sky130_osu_sc_12T_hs__and2_l'.
Removing unused module `\sky130_osu_sc_12T_hs__and2_8'.
Removing unused module `\sky130_osu_sc_12T_hs__and2_6'.
Removing unused module `\sky130_osu_sc_12T_hs__and2_4'.
Removing unused module `\sky130_osu_sc_12T_hs__and2_2'.
Removing unused module `\sky130_osu_sc_12T_hs__and2_1'.
Removing unused module `\sky130_osu_sc_12T_hs__addh_l'.
Removing unused module `\sky130_osu_sc_12T_hs__addh_1'.
Removing unused module `\sky130_osu_sc_12T_hs__addf_l'.
Removing unused module `\sky130_osu_sc_12T_hs__addf_1'.
Removed 95 unused modules.

44. Executing PROC pass (convert processes to netlists).

44.1. Executing PROC_CLEAN pass (remove empty switches from decision trees).
Found and cleaned up 1 empty switch in `\lsu_bypass.$proc$/home/qualcomm_clinic/RTL/OpenABC/leaf_level_verilog/tsmc65lp/ariane/lsu_bypass.v:3094$36074'.
Found and cleaned up 1 empty switch in `\lsu_bypass.$proc$/home/qualcomm_clinic/RTL/OpenABC/leaf_level_verilog/tsmc65lp/ariane/lsu_bypass.v:3085$36073'.
Found and cleaned up 1 empty switch in `\lsu_bypass.$proc$/home/qualcomm_clinic/RTL/OpenABC/leaf_level_verilog/tsmc65lp/ariane/lsu_bypass.v:1726$35922'.
Found and cleaned up 1 empty switch in `\lsu_bypass.$proc$/home/qualcomm_clinic/RTL/OpenABC/leaf_level_verilog/tsmc65lp/ariane/lsu_bypass.v:367$35771'.
Found and cleaned up 1 empty switch in `\lsu_bypass.$proc$/home/qualcomm_clinic/RTL/OpenABC/leaf_level_verilog/tsmc65lp/ariane/lsu_bypass.v:358$35770'.
Cleaned up 5 empty switches.

44.2. Executing PROC_RMDEAD pass (remove dead branches from decision trees).
Marked 1 switch rules as full_case in process $proc$/home/qualcomm_clinic/RTL/OpenABC/leaf_level_verilog/tsmc65lp/ariane/lsu_bypass.v:3103$36075 in module lsu_bypass.
Marked 1 switch rules as full_case in process $proc$/home/qualcomm_clinic/RTL/OpenABC/leaf_level_verilog/tsmc65lp/ariane/lsu_bypass.v:3094$36074 in module lsu_bypass.
Marked 1 switch rules as full_case in process $proc$/home/qualcomm_clinic/RTL/OpenABC/leaf_level_verilog/tsmc65lp/ariane/lsu_bypass.v:3085$36073 in module lsu_bypass.
Marked 1 switch rules as full_case in process $proc$/home/qualcomm_clinic/RTL/OpenABC/leaf_level_verilog/tsmc65lp/ariane/lsu_bypass.v:3076$36072 in module lsu_bypass.
Marked 1 switch rules as full_case in process $proc$/home/qualcomm_clinic/RTL/OpenABC/leaf_level_verilog/tsmc65lp/ariane/lsu_bypass.v:3067$36071 in module lsu_bypass.
Marked 1 switch rules as full_case in process $proc$/home/qualcomm_clinic/RTL/OpenABC/leaf_level_verilog/tsmc65lp/ariane/lsu_bypass.v:3058$36070 in module lsu_bypass.
Marked 1 switch rules as full_case in process $proc$/home/qualcomm_clinic/RTL/OpenABC/leaf_level_verilog/tsmc65lp/ariane/lsu_bypass.v:3049$36069 in module lsu_bypass.
Marked 1 switch rules as full_case in process $proc$/home/qualcomm_clinic/RTL/OpenABC/leaf_level_verilog/tsmc65lp/ariane/lsu_bypass.v:3040$36068 in module lsu_bypass.
Marked 1 switch rules as full_case in process $proc$/home/qualcomm_clinic/RTL/OpenABC/leaf_level_verilog/tsmc65lp/ariane/lsu_bypass.v:3031$36067 in module lsu_bypass.
Marked 1 switch rules as full_case in process $proc$/home/qualcomm_clinic/RTL/OpenABC/leaf_level_verilog/tsmc65lp/ariane/lsu_bypass.v:3022$36066 in module lsu_bypass.
Marked 1 switch rules as full_case in process $proc$/home/qualcomm_clinic/RTL/OpenABC/leaf_level_verilog/tsmc65lp/ariane/lsu_bypass.v:3013$36065 in module lsu_bypass.
Marked 1 switch rules as full_case in process $proc$/home/qualcomm_clinic/RTL/OpenABC/leaf_level_verilog/tsmc65lp/ariane/lsu_bypass.v:3004$36064 in module lsu_bypass.
Marked 1 switch rules as full_case in process $proc$/home/qualcomm_clinic/RTL/OpenABC/leaf_level_verilog/tsmc65lp/ariane/lsu_bypass.v:2995$36063 in module lsu_bypass.
Marked 1 switch rules as full_case in process $proc$/home/qualcomm_clinic/RTL/OpenABC/leaf_level_verilog/tsmc65lp/ariane/lsu_bypass.v:2986$36062 in module lsu_bypass.
Marked 1 switch rules as full_case in process $proc$/home/qualcomm_clinic/RTL/OpenABC/leaf_level_verilog/tsmc65lp/ariane/lsu_bypass.v:2977$36061 in module lsu_bypass.
Marked 1 switch rules as full_case in process $proc$/home/qualcomm_clinic/RTL/OpenABC/leaf_level_verilog/tsmc65lp/ariane/lsu_bypass.v:2968$36060 in module lsu_bypass.
Marked 1 switch rules as full_case in process $proc$/home/qualcomm_clinic/RTL/OpenABC/leaf_level_verilog/tsmc65lp/ariane/lsu_bypass.v:2959$36059 in module lsu_bypass.
Marked 1 switch rules as full_case in process $proc$/home/qualcomm_clinic/RTL/OpenABC/leaf_level_verilog/tsmc65lp/ariane/lsu_bypass.v:2950$36058 in module lsu_bypass.
Marked 1 switch rules as full_case in process $proc$/home/qualcomm_clinic/RTL/OpenABC/leaf_level_verilog/tsmc65lp/ariane/lsu_bypass.v:2941$36057 in module lsu_bypass.
Marked 1 switch rules as full_case in process $proc$/home/qualcomm_clinic/RTL/OpenABC/leaf_level_verilog/tsmc65lp/ariane/lsu_bypass.v:2932$36056 in module lsu_bypass.
Marked 1 switch rules as full_case in process $proc$/home/qualcomm_clinic/RTL/OpenABC/leaf_level_verilog/tsmc65lp/ariane/lsu_bypass.v:2923$36055 in module lsu_bypass.
Marked 1 switch rules as full_case in process $proc$/home/qualcomm_clinic/RTL/OpenABC/leaf_level_verilog/tsmc65lp/ariane/lsu_bypass.v:2914$36054 in module lsu_bypass.
Marked 1 switch rules as full_case in process $proc$/home/qualcomm_clinic/RTL/OpenABC/leaf_level_verilog/tsmc65lp/ariane/lsu_bypass.v:2905$36053 in module lsu_bypass.
Marked 1 switch rules as full_case in process $proc$/home/qualcomm_clinic/RTL/OpenABC/leaf_level_verilog/tsmc65lp/ariane/lsu_bypass.v:2896$36052 in module lsu_bypass.
Marked 1 switch rules as full_case in process $proc$/home/qualcomm_clinic/RTL/OpenABC/leaf_level_verilog/tsmc65lp/ariane/lsu_bypass.v:2887$36051 in module lsu_bypass.
Marked 1 switch rules as full_case in process $proc$/home/qualcomm_clinic/RTL/OpenABC/leaf_level_verilog/tsmc65lp/ariane/lsu_bypass.v:2878$36050 in module lsu_bypass.
Marked 1 switch rules as full_case in process $proc$/home/qualcomm_clinic/RTL/OpenABC/leaf_level_verilog/tsmc65lp/ariane/lsu_bypass.v:2869$36049 in module lsu_bypass.
Marked 1 switch rules as full_case in process $proc$/home/qualcomm_clinic/RTL/OpenABC/leaf_level_verilog/tsmc65lp/ariane/lsu_bypass.v:2860$36048 in module lsu_bypass.
Marked 1 switch rules as full_case in process $proc$/home/qualcomm_clinic/RTL/OpenABC/leaf_level_verilog/tsmc65lp/ariane/lsu_bypass.v:2851$36047 in module lsu_bypass.
Marked 1 switch rules as full_case in process $proc$/home/qualcomm_clinic/RTL/OpenABC/leaf_level_verilog/tsmc65lp/ariane/lsu_bypass.v:2842$36046 in module lsu_bypass.
Marked 1 switch rules as full_case in process $proc$/home/qualcomm_clinic/RTL/OpenABC/leaf_level_verilog/tsmc65lp/ariane/lsu_bypass.v:2833$36045 in module lsu_bypass.
Marked 1 switch rules as full_case in process $proc$/home/qualcomm_clinic/RTL/OpenABC/leaf_level_verilog/tsmc65lp/ariane/lsu_bypass.v:2824$36044 in module lsu_bypass.
Marked 1 switch rules as full_case in process $proc$/home/qualcomm_clinic/RTL/OpenABC/leaf_level_verilog/tsmc65lp/ariane/lsu_bypass.v:2815$36043 in module lsu_bypass.
Marked 1 switch rules as full_case in process $proc$/home/qualcomm_clinic/RTL/OpenABC/leaf_level_verilog/tsmc65lp/ariane/lsu_bypass.v:2806$36042 in module lsu_bypass.
Marked 1 switch rules as full_case in process $proc$/home/qualcomm_clinic/RTL/OpenABC/leaf_level_verilog/tsmc65lp/ariane/lsu_bypass.v:2797$36041 in module lsu_bypass.
Marked 1 switch rules as full_case in process $proc$/home/qualcomm_clinic/RTL/OpenABC/leaf_level_verilog/tsmc65lp/ariane/lsu_bypass.v:2788$36040 in module lsu_bypass.
Marked 1 switch rules as full_case in process $proc$/home/qualcomm_clinic/RTL/OpenABC/leaf_level_verilog/tsmc65lp/ariane/lsu_bypass.v:2779$36039 in module lsu_bypass.
Marked 1 switch rules as full_case in process $proc$/home/qualcomm_clinic/RTL/OpenABC/leaf_level_verilog/tsmc65lp/ariane/lsu_bypass.v:2770$36038 in module lsu_bypass.
Marked 1 switch rules as full_case in process $proc$/home/qualcomm_clinic/RTL/OpenABC/leaf_level_verilog/tsmc65lp/ariane/lsu_bypass.v:2761$36037 in module lsu_bypass.
Marked 1 switch rules as full_case in process $proc$/home/qualcomm_clinic/RTL/OpenABC/leaf_level_verilog/tsmc65lp/ariane/lsu_bypass.v:2752$36036 in module lsu_bypass.
Marked 1 switch rules as full_case in process $proc$/home/qualcomm_clinic/RTL/OpenABC/leaf_level_verilog/tsmc65lp/ariane/lsu_bypass.v:2743$36035 in module lsu_bypass.
Marked 1 switch rules as full_case in process $proc$/home/qualcomm_clinic/RTL/OpenABC/leaf_level_verilog/tsmc65lp/ariane/lsu_bypass.v:2734$36034 in module lsu_bypass.
Marked 1 switch rules as full_case in process $proc$/home/qualcomm_clinic/RTL/OpenABC/leaf_level_verilog/tsmc65lp/ariane/lsu_bypass.v:2725$36033 in module lsu_bypass.
Marked 1 switch rules as full_case in process $proc$/home/qualcomm_clinic/RTL/OpenABC/leaf_level_verilog/tsmc65lp/ariane/lsu_bypass.v:2716$36032 in module lsu_bypass.
Marked 1 switch rules as full_case in process $proc$/home/qualcomm_clinic/RTL/OpenABC/leaf_level_verilog/tsmc65lp/ariane/lsu_bypass.v:2707$36031 in module lsu_bypass.
Marked 1 switch rules as full_case in process $proc$/home/qualcomm_clinic/RTL/OpenABC/leaf_level_verilog/tsmc65lp/ariane/lsu_bypass.v:2698$36030 in module lsu_bypass.
Marked 1 switch rules as full_case in process $proc$/home/qualcomm_clinic/RTL/OpenABC/leaf_level_verilog/tsmc65lp/ariane/lsu_bypass.v:2689$36029 in module lsu_bypass.
Marked 1 switch rules as full_case in process $proc$/home/qualcomm_clinic/RTL/OpenABC/leaf_level_verilog/tsmc65lp/ariane/lsu_bypass.v:2680$36028 in module lsu_bypass.
Marked 1 switch rules as full_case in process $proc$/home/qualcomm_clinic/RTL/OpenABC/leaf_level_verilog/tsmc65lp/ariane/lsu_bypass.v:2671$36027 in module lsu_bypass.
Marked 1 switch rules as full_case in process $proc$/home/qualcomm_clinic/RTL/OpenABC/leaf_level_verilog/tsmc65lp/ariane/lsu_bypass.v:2662$36026 in module lsu_bypass.
Marked 1 switch rules as full_case in process $proc$/home/qualcomm_clinic/RTL/OpenABC/leaf_level_verilog/tsmc65lp/ariane/lsu_bypass.v:2653$36025 in module lsu_bypass.
Marked 1 switch rules as full_case in process $proc$/home/qualcomm_clinic/RTL/OpenABC/leaf_level_verilog/tsmc65lp/ariane/lsu_bypass.v:2644$36024 in module lsu_bypass.
Marked 1 switch rules as full_case in process $proc$/home/qualcomm_clinic/RTL/OpenABC/leaf_level_verilog/tsmc65lp/ariane/lsu_bypass.v:2635$36023 in module lsu_bypass.
Marked 1 switch rules as full_case in process $proc$/home/qualcomm_clinic/RTL/OpenABC/leaf_level_verilog/tsmc65lp/ariane/lsu_bypass.v:2626$36022 in module lsu_bypass.
Marked 1 switch rules as full_case in process $proc$/home/qualcomm_clinic/RTL/OpenABC/leaf_level_verilog/tsmc65lp/ariane/lsu_bypass.v:2617$36021 in module lsu_bypass.
Marked 1 switch rules as full_case in process $proc$/home/qualcomm_clinic/RTL/OpenABC/leaf_level_verilog/tsmc65lp/ariane/lsu_bypass.v:2608$36020 in module lsu_bypass.
Marked 1 switch rules as full_case in process $proc$/home/qualcomm_clinic/RTL/OpenABC/leaf_level_verilog/tsmc65lp/ariane/lsu_bypass.v:2599$36019 in module lsu_bypass.
Marked 1 switch rules as full_case in process $proc$/home/qualcomm_clinic/RTL/OpenABC/leaf_level_verilog/tsmc65lp/ariane/lsu_bypass.v:2590$36018 in module lsu_bypass.
Marked 1 switch rules as full_case in process $proc$/home/qualcomm_clinic/RTL/OpenABC/leaf_level_verilog/tsmc65lp/ariane/lsu_bypass.v:2581$36017 in module lsu_bypass.
Marked 1 switch rules as full_case in process $proc$/home/qualcomm_clinic/RTL/OpenABC/leaf_level_verilog/tsmc65lp/ariane/lsu_bypass.v:2572$36016 in module lsu_bypass.
Marked 1 switch rules as full_case in process $proc$/home/qualcomm_clinic/RTL/OpenABC/leaf_level_verilog/tsmc65lp/ariane/lsu_bypass.v:2563$36015 in module lsu_bypass.
Marked 1 switch rules as full_case in process $proc$/home/qualcomm_clinic/RTL/OpenABC/leaf_level_verilog/tsmc65lp/ariane/lsu_bypass.v:2554$36014 in module lsu_bypass.
Marked 1 switch rules as full_case in process $proc$/home/qualcomm_clinic/RTL/OpenABC/leaf_level_verilog/tsmc65lp/ariane/lsu_bypass.v:2545$36013 in module lsu_bypass.
Marked 1 switch rules as full_case in process $proc$/home/qualcomm_clinic/RTL/OpenABC/leaf_level_verilog/tsmc65lp/ariane/lsu_bypass.v:2536$36012 in module lsu_bypass.
Marked 1 switch rules as full_case in process $proc$/home/qualcomm_clinic/RTL/OpenABC/leaf_level_verilog/tsmc65lp/ariane/lsu_bypass.v:2527$36011 in module lsu_bypass.
Marked 1 switch rules as full_case in process $proc$/home/qualcomm_clinic/RTL/OpenABC/leaf_level_verilog/tsmc65lp/ariane/lsu_bypass.v:2518$36010 in module lsu_bypass.
Marked 1 switch rules as full_case in process $proc$/home/qualcomm_clinic/RTL/OpenABC/leaf_level_verilog/tsmc65lp/ariane/lsu_bypass.v:2509$36009 in module lsu_bypass.
Marked 1 switch rules as full_case in process $proc$/home/qualcomm_clinic/RTL/OpenABC/leaf_level_verilog/tsmc65lp/ariane/lsu_bypass.v:2500$36008 in module lsu_bypass.
Marked 1 switch rules as full_case in process $proc$/home/qualcomm_clinic/RTL/OpenABC/leaf_level_verilog/tsmc65lp/ariane/lsu_bypass.v:2491$36007 in module lsu_bypass.
Marked 1 switch rules as full_case in process $proc$/home/qualcomm_clinic/RTL/OpenABC/leaf_level_verilog/tsmc65lp/ariane/lsu_bypass.v:2482$36006 in module lsu_bypass.
Marked 1 switch rules as full_case in process $proc$/home/qualcomm_clinic/RTL/OpenABC/leaf_level_verilog/tsmc65lp/ariane/lsu_bypass.v:2473$36005 in module lsu_bypass.
Marked 1 switch rules as full_case in process $proc$/home/qualcomm_clinic/RTL/OpenABC/leaf_level_verilog/tsmc65lp/ariane/lsu_bypass.v:2464$36004 in module lsu_bypass.
Marked 1 switch rules as full_case in process $proc$/home/qualcomm_clinic/RTL/OpenABC/leaf_level_verilog/tsmc65lp/ariane/lsu_bypass.v:2455$36003 in module lsu_bypass.
Marked 1 switch rules as full_case in process $proc$/home/qualcomm_clinic/RTL/OpenABC/leaf_level_verilog/tsmc65lp/ariane/lsu_bypass.v:2446$36002 in module lsu_bypass.
Marked 1 switch rules as full_case in process $proc$/home/qualcomm_clinic/RTL/OpenABC/leaf_level_verilog/tsmc65lp/ariane/lsu_bypass.v:2437$36001 in module lsu_bypass.
Marked 1 switch rules as full_case in process $proc$/home/qualcomm_clinic/RTL/OpenABC/leaf_level_verilog/tsmc65lp/ariane/lsu_bypass.v:2428$36000 in module lsu_bypass.
Marked 1 switch rules as full_case in process $proc$/home/qualcomm_clinic/RTL/OpenABC/leaf_level_verilog/tsmc65lp/ariane/lsu_bypass.v:2419$35999 in module lsu_bypass.
Marked 1 switch rules as full_case in process $proc$/home/qualcomm_clinic/RTL/OpenABC/leaf_level_verilog/tsmc65lp/ariane/lsu_bypass.v:2410$35998 in module lsu_bypass.
Marked 1 switch rules as full_case in process $proc$/home/qualcomm_clinic/RTL/OpenABC/leaf_level_verilog/tsmc65lp/ariane/lsu_bypass.v:2401$35997 in module lsu_bypass.
Marked 1 switch rules as full_case in process $proc$/home/qualcomm_clinic/RTL/OpenABC/leaf_level_verilog/tsmc65lp/ariane/lsu_bypass.v:2392$35996 in module lsu_bypass.
Marked 1 switch rules as full_case in process $proc$/home/qualcomm_clinic/RTL/OpenABC/leaf_level_verilog/tsmc65lp/ariane/lsu_bypass.v:2383$35995 in module lsu_bypass.
Marked 1 switch rules as full_case in process $proc$/home/qualcomm_clinic/RTL/OpenABC/leaf_level_verilog/tsmc65lp/ariane/lsu_bypass.v:2374$35994 in module lsu_bypass.
Marked 1 switch rules as full_case in process $proc$/home/qualcomm_clinic/RTL/OpenABC/leaf_level_verilog/tsmc65lp/ariane/lsu_bypass.v:2365$35993 in module lsu_bypass.
Marked 1 switch rules as full_case in process $proc$/home/qualcomm_clinic/RTL/OpenABC/leaf_level_verilog/tsmc65lp/ariane/lsu_bypass.v:2356$35992 in module lsu_bypass.
Marked 1 switch rules as full_case in process $proc$/home/qualcomm_clinic/RTL/OpenABC/leaf_level_verilog/tsmc65lp/ariane/lsu_bypass.v:2347$35991 in module lsu_bypass.
Marked 1 switch rules as full_case in process $proc$/home/qualcomm_clinic/RTL/OpenABC/leaf_level_verilog/tsmc65lp/ariane/lsu_bypass.v:2338$35990 in module lsu_bypass.
Marked 1 switch rules as full_case in process $proc$/home/qualcomm_clinic/RTL/OpenABC/leaf_level_verilog/tsmc65lp/ariane/lsu_bypass.v:2329$35989 in module lsu_bypass.
Marked 1 switch rules as full_case in process $proc$/home/qualcomm_clinic/RTL/OpenABC/leaf_level_verilog/tsmc65lp/ariane/lsu_bypass.v:2320$35988 in module lsu_bypass.
Marked 1 switch rules as full_case in process $proc$/home/qualcomm_clinic/RTL/OpenABC/leaf_level_verilog/tsmc65lp/ariane/lsu_bypass.v:2311$35987 in module lsu_bypass.
Marked 1 switch rules as full_case in process $proc$/home/qualcomm_clinic/RTL/OpenABC/leaf_level_verilog/tsmc65lp/ariane/lsu_bypass.v:2302$35986 in module lsu_bypass.
Marked 1 switch rules as full_case in process $proc$/home/qualcomm_clinic/RTL/OpenABC/leaf_level_verilog/tsmc65lp/ariane/lsu_bypass.v:2293$35985 in module lsu_bypass.
Marked 1 switch rules as full_case in process $proc$/home/qualcomm_clinic/RTL/OpenABC/leaf_level_verilog/tsmc65lp/ariane/lsu_bypass.v:2284$35984 in module lsu_bypass.
Marked 1 switch rules as full_case in process $proc$/home/qualcomm_clinic/RTL/OpenABC/leaf_level_verilog/tsmc65lp/ariane/lsu_bypass.v:2275$35983 in module lsu_bypass.
Marked 1 switch rules as full_case in process $proc$/home/qualcomm_clinic/RTL/OpenABC/leaf_level_verilog/tsmc65lp/ariane/lsu_bypass.v:2266$35982 in module lsu_bypass.
Marked 1 switch rules as full_case in process $proc$/home/qualcomm_clinic/RTL/OpenABC/leaf_level_verilog/tsmc65lp/ariane/lsu_bypass.v:2257$35981 in module lsu_bypass.
Marked 1 switch rules as full_case in process $proc$/home/qualcomm_clinic/RTL/OpenABC/leaf_level_verilog/tsmc65lp/ariane/lsu_bypass.v:2248$35980 in module lsu_bypass.
Marked 1 switch rules as full_case in process $proc$/home/qualcomm_clinic/RTL/OpenABC/leaf_level_verilog/tsmc65lp/ariane/lsu_bypass.v:2239$35979 in module lsu_bypass.
Marked 1 switch rules as full_case in process $proc$/home/qualcomm_clinic/RTL/OpenABC/leaf_level_verilog/tsmc65lp/ariane/lsu_bypass.v:2230$35978 in module lsu_bypass.
Marked 1 switch rules as full_case in process $proc$/home/qualcomm_clinic/RTL/OpenABC/leaf_level_verilog/tsmc65lp/ariane/lsu_bypass.v:2221$35977 in module lsu_bypass.
Marked 1 switch rules as full_case in process $proc$/home/qualcomm_clinic/RTL/OpenABC/leaf_level_verilog/tsmc65lp/ariane/lsu_bypass.v:2212$35976 in module lsu_bypass.
Marked 1 switch rules as full_case in process $proc$/home/qualcomm_clinic/RTL/OpenABC/leaf_level_verilog/tsmc65lp/ariane/lsu_bypass.v:2203$35975 in module lsu_bypass.
Marked 1 switch rules as full_case in process $proc$/home/qualcomm_clinic/RTL/OpenABC/leaf_level_verilog/tsmc65lp/ariane/lsu_bypass.v:2194$35974 in module lsu_bypass.
Marked 1 switch rules as full_case in process $proc$/home/qualcomm_clinic/RTL/OpenABC/leaf_level_verilog/tsmc65lp/ariane/lsu_bypass.v:2185$35973 in module lsu_bypass.
Marked 1 switch rules as full_case in process $proc$/home/qualcomm_clinic/RTL/OpenABC/leaf_level_verilog/tsmc65lp/ariane/lsu_bypass.v:2176$35972 in module lsu_bypass.
Marked 1 switch rules as full_case in process $proc$/home/qualcomm_clinic/RTL/OpenABC/leaf_level_verilog/tsmc65lp/ariane/lsu_bypass.v:2167$35971 in module lsu_bypass.
Marked 1 switch rules as full_case in process $proc$/home/qualcomm_clinic/RTL/OpenABC/leaf_level_verilog/tsmc65lp/ariane/lsu_bypass.v:2158$35970 in module lsu_bypass.
Marked 1 switch rules as full_case in process $proc$/home/qualcomm_clinic/RTL/OpenABC/leaf_level_verilog/tsmc65lp/ariane/lsu_bypass.v:2149$35969 in module lsu_bypass.
Marked 1 switch rules as full_case in process $proc$/home/qualcomm_clinic/RTL/OpenABC/leaf_level_verilog/tsmc65lp/ariane/lsu_bypass.v:2140$35968 in module lsu_bypass.
Marked 1 switch rules as full_case in process $proc$/home/qualcomm_clinic/RTL/OpenABC/leaf_level_verilog/tsmc65lp/ariane/lsu_bypass.v:2131$35967 in module lsu_bypass.
Marked 1 switch rules as full_case in process $proc$/home/qualcomm_clinic/RTL/OpenABC/leaf_level_verilog/tsmc65lp/ariane/lsu_bypass.v:2122$35966 in module lsu_bypass.
Marked 1 switch rules as full_case in process $proc$/home/qualcomm_clinic/RTL/OpenABC/leaf_level_verilog/tsmc65lp/ariane/lsu_bypass.v:2113$35965 in module lsu_bypass.
Marked 1 switch rules as full_case in process $proc$/home/qualcomm_clinic/RTL/OpenABC/leaf_level_verilog/tsmc65lp/ariane/lsu_bypass.v:2104$35964 in module lsu_bypass.
Marked 1 switch rules as full_case in process $proc$/home/qualcomm_clinic/RTL/OpenABC/leaf_level_verilog/tsmc65lp/ariane/lsu_bypass.v:2095$35963 in module lsu_bypass.
Marked 1 switch rules as full_case in process $proc$/home/qualcomm_clinic/RTL/OpenABC/leaf_level_verilog/tsmc65lp/ariane/lsu_bypass.v:2086$35962 in module lsu_bypass.
Marked 1 switch rules as full_case in process $proc$/home/qualcomm_clinic/RTL/OpenABC/leaf_level_verilog/tsmc65lp/ariane/lsu_bypass.v:2077$35961 in module lsu_bypass.
Marked 1 switch rules as full_case in process $proc$/home/qualcomm_clinic/RTL/OpenABC/leaf_level_verilog/tsmc65lp/ariane/lsu_bypass.v:2068$35960 in module lsu_bypass.
Marked 1 switch rules as full_case in process $proc$/home/qualcomm_clinic/RTL/OpenABC/leaf_level_verilog/tsmc65lp/ariane/lsu_bypass.v:2059$35959 in module lsu_bypass.
Marked 1 switch rules as full_case in process $proc$/home/qualcomm_clinic/RTL/OpenABC/leaf_level_verilog/tsmc65lp/ariane/lsu_bypass.v:2050$35958 in module lsu_bypass.
Marked 1 switch rules as full_case in process $proc$/home/qualcomm_clinic/RTL/OpenABC/leaf_level_verilog/tsmc65lp/ariane/lsu_bypass.v:2041$35957 in module lsu_bypass.
Marked 1 switch rules as full_case in process $proc$/home/qualcomm_clinic/RTL/OpenABC/leaf_level_verilog/tsmc65lp/ariane/lsu_bypass.v:2032$35956 in module lsu_bypass.
Marked 1 switch rules as full_case in process $proc$/home/qualcomm_clinic/RTL/OpenABC/leaf_level_verilog/tsmc65lp/ariane/lsu_bypass.v:2023$35955 in module lsu_bypass.
Marked 1 switch rules as full_case in process $proc$/home/qualcomm_clinic/RTL/OpenABC/leaf_level_verilog/tsmc65lp/ariane/lsu_bypass.v:2014$35954 in module lsu_bypass.
Marked 1 switch rules as full_case in process $proc$/home/qualcomm_clinic/RTL/OpenABC/leaf_level_verilog/tsmc65lp/ariane/lsu_bypass.v:2005$35953 in module lsu_bypass.
Marked 1 switch rules as full_case in process $proc$/home/qualcomm_clinic/RTL/OpenABC/leaf_level_verilog/tsmc65lp/ariane/lsu_bypass.v:1996$35952 in module lsu_bypass.
Marked 1 switch rules as full_case in process $proc$/home/qualcomm_clinic/RTL/OpenABC/leaf_level_verilog/tsmc65lp/ariane/lsu_bypass.v:1987$35951 in module lsu_bypass.
Marked 1 switch rules as full_case in process $proc$/home/qualcomm_clinic/RTL/OpenABC/leaf_level_verilog/tsmc65lp/ariane/lsu_bypass.v:1978$35950 in module lsu_bypass.
Marked 1 switch rules as full_case in process $proc$/home/qualcomm_clinic/RTL/OpenABC/leaf_level_verilog/tsmc65lp/ariane/lsu_bypass.v:1969$35949 in module lsu_bypass.
Marked 1 switch rules as full_case in process $proc$/home/qualcomm_clinic/RTL/OpenABC/leaf_level_verilog/tsmc65lp/ariane/lsu_bypass.v:1960$35948 in module lsu_bypass.
Marked 1 switch rules as full_case in process $proc$/home/qualcomm_clinic/RTL/OpenABC/leaf_level_verilog/tsmc65lp/ariane/lsu_bypass.v:1951$35947 in module lsu_bypass.
Marked 1 switch rules as full_case in process $proc$/home/qualcomm_clinic/RTL/OpenABC/leaf_level_verilog/tsmc65lp/ariane/lsu_bypass.v:1942$35946 in module lsu_bypass.
Marked 1 switch rules as full_case in process $proc$/home/qualcomm_clinic/RTL/OpenABC/leaf_level_verilog/tsmc65lp/ariane/lsu_bypass.v:1933$35945 in module lsu_bypass.
Marked 1 switch rules as full_case in process $proc$/home/qualcomm_clinic/RTL/OpenABC/leaf_level_verilog/tsmc65lp/ariane/lsu_bypass.v:1924$35944 in module lsu_bypass.
Marked 1 switch rules as full_case in process $proc$/home/qualcomm_clinic/RTL/OpenABC/leaf_level_verilog/tsmc65lp/ariane/lsu_bypass.v:1915$35943 in module lsu_bypass.
Marked 1 switch rules as full_case in process $proc$/home/qualcomm_clinic/RTL/OpenABC/leaf_level_verilog/tsmc65lp/ariane/lsu_bypass.v:1906$35942 in module lsu_bypass.
Marked 1 switch rules as full_case in process $proc$/home/qualcomm_clinic/RTL/OpenABC/leaf_level_verilog/tsmc65lp/ariane/lsu_bypass.v:1897$35941 in module lsu_bypass.
Marked 1 switch rules as full_case in process $proc$/home/qualcomm_clinic/RTL/OpenABC/leaf_level_verilog/tsmc65lp/ariane/lsu_bypass.v:1888$35940 in module lsu_bypass.
Marked 1 switch rules as full_case in process $proc$/home/qualcomm_clinic/RTL/OpenABC/leaf_level_verilog/tsmc65lp/ariane/lsu_bypass.v:1879$35939 in module lsu_bypass.
Marked 1 switch rules as full_case in process $proc$/home/qualcomm_clinic/RTL/OpenABC/leaf_level_verilog/tsmc65lp/ariane/lsu_bypass.v:1870$35938 in module lsu_bypass.
Marked 1 switch rules as full_case in process $proc$/home/qualcomm_clinic/RTL/OpenABC/leaf_level_verilog/tsmc65lp/ariane/lsu_bypass.v:1861$35937 in module lsu_bypass.
Marked 1 switch rules as full_case in process $proc$/home/qualcomm_clinic/RTL/OpenABC/leaf_level_verilog/tsmc65lp/ariane/lsu_bypass.v:1852$35936 in module lsu_bypass.
Marked 1 switch rules as full_case in process $proc$/home/qualcomm_clinic/RTL/OpenABC/leaf_level_verilog/tsmc65lp/ariane/lsu_bypass.v:1843$35935 in module lsu_bypass.
Marked 1 switch rules as full_case in process $proc$/home/qualcomm_clinic/RTL/OpenABC/leaf_level_verilog/tsmc65lp/ariane/lsu_bypass.v:1834$35934 in module lsu_bypass.
Marked 1 switch rules as full_case in process $proc$/home/qualcomm_clinic/RTL/OpenABC/leaf_level_verilog/tsmc65lp/ariane/lsu_bypass.v:1825$35933 in module lsu_bypass.
Marked 1 switch rules as full_case in process $proc$/home/qualcomm_clinic/RTL/OpenABC/leaf_level_verilog/tsmc65lp/ariane/lsu_bypass.v:1816$35932 in module lsu_bypass.
Marked 1 switch rules as full_case in process $proc$/home/qualcomm_clinic/RTL/OpenABC/leaf_level_verilog/tsmc65lp/ariane/lsu_bypass.v:1807$35931 in module lsu_bypass.
Marked 1 switch rules as full_case in process $proc$/home/qualcomm_clinic/RTL/OpenABC/leaf_level_verilog/tsmc65lp/ariane/lsu_bypass.v:1798$35930 in module lsu_bypass.
Marked 1 switch rules as full_case in process $proc$/home/qualcomm_clinic/RTL/OpenABC/leaf_level_verilog/tsmc65lp/ariane/lsu_bypass.v:1789$35929 in module lsu_bypass.
Marked 1 switch rules as full_case in process $proc$/home/qualcomm_clinic/RTL/OpenABC/leaf_level_verilog/tsmc65lp/ariane/lsu_bypass.v:1780$35928 in module lsu_bypass.
Marked 1 switch rules as full_case in process $proc$/home/qualcomm_clinic/RTL/OpenABC/leaf_level_verilog/tsmc65lp/ariane/lsu_bypass.v:1771$35927 in module lsu_bypass.
Marked 1 switch rules as full_case in process $proc$/home/qualcomm_clinic/RTL/OpenABC/leaf_level_verilog/tsmc65lp/ariane/lsu_bypass.v:1762$35926 in module lsu_bypass.
Marked 1 switch rules as full_case in process $proc$/home/qualcomm_clinic/RTL/OpenABC/leaf_level_verilog/tsmc65lp/ariane/lsu_bypass.v:1753$35925 in module lsu_bypass.
Marked 1 switch rules as full_case in process $proc$/home/qualcomm_clinic/RTL/OpenABC/leaf_level_verilog/tsmc65lp/ariane/lsu_bypass.v:1744$35924 in module lsu_bypass.
Marked 1 switch rules as full_case in process $proc$/home/qualcomm_clinic/RTL/OpenABC/leaf_level_verilog/tsmc65lp/ariane/lsu_bypass.v:1735$35923 in module lsu_bypass.
Marked 1 switch rules as full_case in process $proc$/home/qualcomm_clinic/RTL/OpenABC/leaf_level_verilog/tsmc65lp/ariane/lsu_bypass.v:1726$35922 in module lsu_bypass.
Marked 1 switch rules as full_case in process $proc$/home/qualcomm_clinic/RTL/OpenABC/leaf_level_verilog/tsmc65lp/ariane/lsu_bypass.v:1717$35921 in module lsu_bypass.
Marked 1 switch rules as full_case in process $proc$/home/qualcomm_clinic/RTL/OpenABC/leaf_level_verilog/tsmc65lp/ariane/lsu_bypass.v:1708$35920 in module lsu_bypass.
Marked 1 switch rules as full_case in process $proc$/home/qualcomm_clinic/RTL/OpenABC/leaf_level_verilog/tsmc65lp/ariane/lsu_bypass.v:1699$35919 in module lsu_bypass.
Marked 1 switch rules as full_case in process $proc$/home/qualcomm_clinic/RTL/OpenABC/leaf_level_verilog/tsmc65lp/ariane/lsu_bypass.v:1690$35918 in module lsu_bypass.
Marked 1 switch rules as full_case in process $proc$/home/qualcomm_clinic/RTL/OpenABC/leaf_level_verilog/tsmc65lp/ariane/lsu_bypass.v:1681$35917 in module lsu_bypass.
Marked 1 switch rules as full_case in process $proc$/home/qualcomm_clinic/RTL/OpenABC/leaf_level_verilog/tsmc65lp/ariane/lsu_bypass.v:1672$35916 in module lsu_bypass.
Marked 1 switch rules as full_case in process $proc$/home/qualcomm_clinic/RTL/OpenABC/leaf_level_verilog/tsmc65lp/ariane/lsu_bypass.v:1663$35915 in module lsu_bypass.
Marked 1 switch rules as full_case in process $proc$/home/qualcomm_clinic/RTL/OpenABC/leaf_level_verilog/tsmc65lp/ariane/lsu_bypass.v:1654$35914 in module lsu_bypass.
Marked 1 switch rules as full_case in process $proc$/home/qualcomm_clinic/RTL/OpenABC/leaf_level_verilog/tsmc65lp/ariane/lsu_bypass.v:1645$35913 in module lsu_bypass.
Marked 1 switch rules as full_case in process $proc$/home/qualcomm_clinic/RTL/OpenABC/leaf_level_verilog/tsmc65lp/ariane/lsu_bypass.v:1636$35912 in module lsu_bypass.
Marked 1 switch rules as full_case in process $proc$/home/qualcomm_clinic/RTL/OpenABC/leaf_level_verilog/tsmc65lp/ariane/lsu_bypass.v:1627$35911 in module lsu_bypass.
Marked 1 switch rules as full_case in process $proc$/home/qualcomm_clinic/RTL/OpenABC/leaf_level_verilog/tsmc65lp/ariane/lsu_bypass.v:1618$35910 in module lsu_bypass.
Marked 1 switch rules as full_case in process $proc$/home/qualcomm_clinic/RTL/OpenABC/leaf_level_verilog/tsmc65lp/ariane/lsu_bypass.v:1609$35909 in module lsu_bypass.
Marked 1 switch rules as full_case in process $proc$/home/qualcomm_clinic/RTL/OpenABC/leaf_level_verilog/tsmc65lp/ariane/lsu_bypass.v:1600$35908 in module lsu_bypass.
Marked 1 switch rules as full_case in process $proc$/home/qualcomm_clinic/RTL/OpenABC/leaf_level_verilog/tsmc65lp/ariane/lsu_bypass.v:1591$35907 in module lsu_bypass.
Marked 1 switch rules as full_case in process $proc$/home/qualcomm_clinic/RTL/OpenABC/leaf_level_verilog/tsmc65lp/ariane/lsu_bypass.v:1582$35906 in module lsu_bypass.
Marked 1 switch rules as full_case in process $proc$/home/qualcomm_clinic/RTL/OpenABC/leaf_level_verilog/tsmc65lp/ariane/lsu_bypass.v:1573$35905 in module lsu_bypass.
Marked 1 switch rules as full_case in process $proc$/home/qualcomm_clinic/RTL/OpenABC/leaf_level_verilog/tsmc65lp/ariane/lsu_bypass.v:1564$35904 in module lsu_bypass.
Marked 1 switch rules as full_case in process $proc$/home/qualcomm_clinic/RTL/OpenABC/leaf_level_verilog/tsmc65lp/ariane/lsu_bypass.v:1555$35903 in module lsu_bypass.
Marked 1 switch rules as full_case in process $proc$/home/qualcomm_clinic/RTL/OpenABC/leaf_level_verilog/tsmc65lp/ariane/lsu_bypass.v:1546$35902 in module lsu_bypass.
Marked 1 switch rules as full_case in process $proc$/home/qualcomm_clinic/RTL/OpenABC/leaf_level_verilog/tsmc65lp/ariane/lsu_bypass.v:1537$35901 in module lsu_bypass.
Marked 1 switch rules as full_case in process $proc$/home/qualcomm_clinic/RTL/OpenABC/leaf_level_verilog/tsmc65lp/ariane/lsu_bypass.v:1528$35900 in module lsu_bypass.
Marked 1 switch rules as full_case in process $proc$/home/qualcomm_clinic/RTL/OpenABC/leaf_level_verilog/tsmc65lp/ariane/lsu_bypass.v:1519$35899 in module lsu_bypass.
Marked 1 switch rules as full_case in process $proc$/home/qualcomm_clinic/RTL/OpenABC/leaf_level_verilog/tsmc65lp/ariane/lsu_bypass.v:1510$35898 in module lsu_bypass.
Marked 1 switch rules as full_case in process $proc$/home/qualcomm_clinic/RTL/OpenABC/leaf_level_verilog/tsmc65lp/ariane/lsu_bypass.v:1501$35897 in module lsu_bypass.
Marked 1 switch rules as full_case in process $proc$/home/qualcomm_clinic/RTL/OpenABC/leaf_level_verilog/tsmc65lp/ariane/lsu_bypass.v:1492$35896 in module lsu_bypass.
Marked 1 switch rules as full_case in process $proc$/home/qualcomm_clinic/RTL/OpenABC/leaf_level_verilog/tsmc65lp/ariane/lsu_bypass.v:1483$35895 in module lsu_bypass.
Marked 1 switch rules as full_case in process $proc$/home/qualcomm_clinic/RTL/OpenABC/leaf_level_verilog/tsmc65lp/ariane/lsu_bypass.v:1474$35894 in module lsu_bypass.
Marked 1 switch rules as full_case in process $proc$/home/qualcomm_clinic/RTL/OpenABC/leaf_level_verilog/tsmc65lp/ariane/lsu_bypass.v:1465$35893 in module lsu_bypass.
Marked 1 switch rules as full_case in process $proc$/home/qualcomm_clinic/RTL/OpenABC/leaf_level_verilog/tsmc65lp/ariane/lsu_bypass.v:1456$35892 in module lsu_bypass.
Marked 1 switch rules as full_case in process $proc$/home/qualcomm_clinic/RTL/OpenABC/leaf_level_verilog/tsmc65lp/ariane/lsu_bypass.v:1447$35891 in module lsu_bypass.
Marked 1 switch rules as full_case in process $proc$/home/qualcomm_clinic/RTL/OpenABC/leaf_level_verilog/tsmc65lp/ariane/lsu_bypass.v:1438$35890 in module lsu_bypass.
Marked 1 switch rules as full_case in process $proc$/home/qualcomm_clinic/RTL/OpenABC/leaf_level_verilog/tsmc65lp/ariane/lsu_bypass.v:1429$35889 in module lsu_bypass.
Marked 1 switch rules as full_case in process $proc$/home/qualcomm_clinic/RTL/OpenABC/leaf_level_verilog/tsmc65lp/ariane/lsu_bypass.v:1420$35888 in module lsu_bypass.
Marked 1 switch rules as full_case in process $proc$/home/qualcomm_clinic/RTL/OpenABC/leaf_level_verilog/tsmc65lp/ariane/lsu_bypass.v:1411$35887 in module lsu_bypass.
Marked 1 switch rules as full_case in process $proc$/home/qualcomm_clinic/RTL/OpenABC/leaf_level_verilog/tsmc65lp/ariane/lsu_bypass.v:1402$35886 in module lsu_bypass.
Marked 1 switch rules as full_case in process $proc$/home/qualcomm_clinic/RTL/OpenABC/leaf_level_verilog/tsmc65lp/ariane/lsu_bypass.v:1393$35885 in module lsu_bypass.
Marked 1 switch rules as full_case in process $proc$/home/qualcomm_clinic/RTL/OpenABC/leaf_level_verilog/tsmc65lp/ariane/lsu_bypass.v:1384$35884 in module lsu_bypass.
Marked 1 switch rules as full_case in process $proc$/home/qualcomm_clinic/RTL/OpenABC/leaf_level_verilog/tsmc65lp/ariane/lsu_bypass.v:1375$35883 in module lsu_bypass.
Marked 1 switch rules as full_case in process $proc$/home/qualcomm_clinic/RTL/OpenABC/leaf_level_verilog/tsmc65lp/ariane/lsu_bypass.v:1366$35882 in module lsu_bypass.
Marked 1 switch rules as full_case in process $proc$/home/qualcomm_clinic/RTL/OpenABC/leaf_level_verilog/tsmc65lp/ariane/lsu_bypass.v:1357$35881 in module lsu_bypass.
Marked 1 switch rules as full_case in process $proc$/home/qualcomm_clinic/RTL/OpenABC/leaf_level_verilog/tsmc65lp/ariane/lsu_bypass.v:1348$35880 in module lsu_bypass.
Marked 1 switch rules as full_case in process $proc$/home/qualcomm_clinic/RTL/OpenABC/leaf_level_verilog/tsmc65lp/ariane/lsu_bypass.v:1339$35879 in module lsu_bypass.
Marked 1 switch rules as full_case in process $proc$/home/qualcomm_clinic/RTL/OpenABC/leaf_level_verilog/tsmc65lp/ariane/lsu_bypass.v:1330$35878 in module lsu_bypass.
Marked 1 switch rules as full_case in process $proc$/home/qualcomm_clinic/RTL/OpenABC/leaf_level_verilog/tsmc65lp/ariane/lsu_bypass.v:1321$35877 in module lsu_bypass.
Marked 1 switch rules as full_case in process $proc$/home/qualcomm_clinic/RTL/OpenABC/leaf_level_verilog/tsmc65lp/ariane/lsu_bypass.v:1312$35876 in module lsu_bypass.
Marked 1 switch rules as full_case in process $proc$/home/qualcomm_clinic/RTL/OpenABC/leaf_level_verilog/tsmc65lp/ariane/lsu_bypass.v:1303$35875 in module lsu_bypass.
Marked 1 switch rules as full_case in process $proc$/home/qualcomm_clinic/RTL/OpenABC/leaf_level_verilog/tsmc65lp/ariane/lsu_bypass.v:1294$35874 in module lsu_bypass.
Marked 1 switch rules as full_case in process $proc$/home/qualcomm_clinic/RTL/OpenABC/leaf_level_verilog/tsmc65lp/ariane/lsu_bypass.v:1285$35873 in module lsu_bypass.
Marked 1 switch rules as full_case in process $proc$/home/qualcomm_clinic/RTL/OpenABC/leaf_level_verilog/tsmc65lp/ariane/lsu_bypass.v:1276$35872 in module lsu_bypass.
Marked 1 switch rules as full_case in process $proc$/home/qualcomm_clinic/RTL/OpenABC/leaf_level_verilog/tsmc65lp/ariane/lsu_bypass.v:1267$35871 in module lsu_bypass.
Marked 1 switch rules as full_case in process $proc$/home/qualcomm_clinic/RTL/OpenABC/leaf_level_verilog/tsmc65lp/ariane/lsu_bypass.v:1258$35870 in module lsu_bypass.
Marked 1 switch rules as full_case in process $proc$/home/qualcomm_clinic/RTL/OpenABC/leaf_level_verilog/tsmc65lp/ariane/lsu_bypass.v:1249$35869 in module lsu_bypass.
Marked 1 switch rules as full_case in process $proc$/home/qualcomm_clinic/RTL/OpenABC/leaf_level_verilog/tsmc65lp/ariane/lsu_bypass.v:1240$35868 in module lsu_bypass.
Marked 1 switch rules as full_case in process $proc$/home/qualcomm_clinic/RTL/OpenABC/leaf_level_verilog/tsmc65lp/ariane/lsu_bypass.v:1231$35867 in module lsu_bypass.
Marked 1 switch rules as full_case in process $proc$/home/qualcomm_clinic/RTL/OpenABC/leaf_level_verilog/tsmc65lp/ariane/lsu_bypass.v:1222$35866 in module lsu_bypass.
Marked 1 switch rules as full_case in process $proc$/home/qualcomm_clinic/RTL/OpenABC/leaf_level_verilog/tsmc65lp/ariane/lsu_bypass.v:1213$35865 in module lsu_bypass.
Marked 1 switch rules as full_case in process $proc$/home/qualcomm_clinic/RTL/OpenABC/leaf_level_verilog/tsmc65lp/ariane/lsu_bypass.v:1204$35864 in module lsu_bypass.
Marked 1 switch rules as full_case in process $proc$/home/qualcomm_clinic/RTL/OpenABC/leaf_level_verilog/tsmc65lp/ariane/lsu_bypass.v:1195$35863 in module lsu_bypass.
Marked 1 switch rules as full_case in process $proc$/home/qualcomm_clinic/RTL/OpenABC/leaf_level_verilog/tsmc65lp/ariane/lsu_bypass.v:1186$35862 in module lsu_bypass.
Marked 1 switch rules as full_case in process $proc$/home/qualcomm_clinic/RTL/OpenABC/leaf_level_verilog/tsmc65lp/ariane/lsu_bypass.v:1177$35861 in module lsu_bypass.
Marked 1 switch rules as full_case in process $proc$/home/qualcomm_clinic/RTL/OpenABC/leaf_level_verilog/tsmc65lp/ariane/lsu_bypass.v:1168$35860 in module lsu_bypass.
Marked 1 switch rules as full_case in process $proc$/home/qualcomm_clinic/RTL/OpenABC/leaf_level_verilog/tsmc65lp/ariane/lsu_bypass.v:1159$35859 in module lsu_bypass.
Marked 1 switch rules as full_case in process $proc$/home/qualcomm_clinic/RTL/OpenABC/leaf_level_verilog/tsmc65lp/ariane/lsu_bypass.v:1150$35858 in module lsu_bypass.
Marked 1 switch rules as full_case in process $proc$/home/qualcomm_clinic/RTL/OpenABC/leaf_level_verilog/tsmc65lp/ariane/lsu_bypass.v:1141$35857 in module lsu_bypass.
Marked 1 switch rules as full_case in process $proc$/home/qualcomm_clinic/RTL/OpenABC/leaf_level_verilog/tsmc65lp/ariane/lsu_bypass.v:1132$35856 in module lsu_bypass.
Marked 1 switch rules as full_case in process $proc$/home/qualcomm_clinic/RTL/OpenABC/leaf_level_verilog/tsmc65lp/ariane/lsu_bypass.v:1123$35855 in module lsu_bypass.
Marked 1 switch rules as full_case in process $proc$/home/qualcomm_clinic/RTL/OpenABC/leaf_level_verilog/tsmc65lp/ariane/lsu_bypass.v:1114$35854 in module lsu_bypass.
Marked 1 switch rules as full_case in process $proc$/home/qualcomm_clinic/RTL/OpenABC/leaf_level_verilog/tsmc65lp/ariane/lsu_bypass.v:1105$35853 in module lsu_bypass.
Marked 1 switch rules as full_case in process $proc$/home/qualcomm_clinic/RTL/OpenABC/leaf_level_verilog/tsmc65lp/ariane/lsu_bypass.v:1096$35852 in module lsu_bypass.
Marked 1 switch rules as full_case in process $proc$/home/qualcomm_clinic/RTL/OpenABC/leaf_level_verilog/tsmc65lp/ariane/lsu_bypass.v:1087$35851 in module lsu_bypass.
Marked 1 switch rules as full_case in process $proc$/home/qualcomm_clinic/RTL/OpenABC/leaf_level_verilog/tsmc65lp/ariane/lsu_bypass.v:1078$35850 in module lsu_bypass.
Marked 1 switch rules as full_case in process $proc$/home/qualcomm_clinic/RTL/OpenABC/leaf_level_verilog/tsmc65lp/ariane/lsu_bypass.v:1069$35849 in module lsu_bypass.
Marked 1 switch rules as full_case in process $proc$/home/qualcomm_clinic/RTL/OpenABC/leaf_level_verilog/tsmc65lp/ariane/lsu_bypass.v:1060$35848 in module lsu_bypass.
Marked 1 switch rules as full_case in process $proc$/home/qualcomm_clinic/RTL/OpenABC/leaf_level_verilog/tsmc65lp/ariane/lsu_bypass.v:1051$35847 in module lsu_bypass.
Marked 1 switch rules as full_case in process $proc$/home/qualcomm_clinic/RTL/OpenABC/leaf_level_verilog/tsmc65lp/ariane/lsu_bypass.v:1042$35846 in module lsu_bypass.
Marked 1 switch rules as full_case in process $proc$/home/qualcomm_clinic/RTL/OpenABC/leaf_level_verilog/tsmc65lp/ariane/lsu_bypass.v:1033$35845 in module lsu_bypass.
Marked 1 switch rules as full_case in process $proc$/home/qualcomm_clinic/RTL/OpenABC/leaf_level_verilog/tsmc65lp/ariane/lsu_bypass.v:1024$35844 in module lsu_bypass.
Marked 1 switch rules as full_case in process $proc$/home/qualcomm_clinic/RTL/OpenABC/leaf_level_verilog/tsmc65lp/ariane/lsu_bypass.v:1015$35843 in module lsu_bypass.
Marked 1 switch rules as full_case in process $proc$/home/qualcomm_clinic/RTL/OpenABC/leaf_level_verilog/tsmc65lp/ariane/lsu_bypass.v:1006$35842 in module lsu_bypass.
Marked 1 switch rules as full_case in process $proc$/home/qualcomm_clinic/RTL/OpenABC/leaf_level_verilog/tsmc65lp/ariane/lsu_bypass.v:997$35841 in module lsu_bypass.
Marked 1 switch rules as full_case in process $proc$/home/qualcomm_clinic/RTL/OpenABC/leaf_level_verilog/tsmc65lp/ariane/lsu_bypass.v:988$35840 in module lsu_bypass.
Marked 1 switch rules as full_case in process $proc$/home/qualcomm_clinic/RTL/OpenABC/leaf_level_verilog/tsmc65lp/ariane/lsu_bypass.v:979$35839 in module lsu_bypass.
Marked 1 switch rules as full_case in process $proc$/home/qualcomm_clinic/RTL/OpenABC/leaf_level_verilog/tsmc65lp/ariane/lsu_bypass.v:970$35838 in module lsu_bypass.
Marked 1 switch rules as full_case in process $proc$/home/qualcomm_clinic/RTL/OpenABC/leaf_level_verilog/tsmc65lp/ariane/lsu_bypass.v:961$35837 in module lsu_bypass.
Marked 1 switch rules as full_case in process $proc$/home/qualcomm_clinic/RTL/OpenABC/leaf_level_verilog/tsmc65lp/ariane/lsu_bypass.v:952$35836 in module lsu_bypass.
Marked 1 switch rules as full_case in process $proc$/home/qualcomm_clinic/RTL/OpenABC/leaf_level_verilog/tsmc65lp/ariane/lsu_bypass.v:943$35835 in module lsu_bypass.
Marked 1 switch rules as full_case in process $proc$/home/qualcomm_clinic/RTL/OpenABC/leaf_level_verilog/tsmc65lp/ariane/lsu_bypass.v:934$35834 in module lsu_bypass.
Marked 1 switch rules as full_case in process $proc$/home/qualcomm_clinic/RTL/OpenABC/leaf_level_verilog/tsmc65lp/ariane/lsu_bypass.v:925$35833 in module lsu_bypass.
Marked 1 switch rules as full_case in process $proc$/home/qualcomm_clinic/RTL/OpenABC/leaf_level_verilog/tsmc65lp/ariane/lsu_bypass.v:916$35832 in module lsu_bypass.
Marked 1 switch rules as full_case in process $proc$/home/qualcomm_clinic/RTL/OpenABC/leaf_level_verilog/tsmc65lp/ariane/lsu_bypass.v:907$35831 in module lsu_bypass.
Marked 1 switch rules as full_case in process $proc$/home/qualcomm_clinic/RTL/OpenABC/leaf_level_verilog/tsmc65lp/ariane/lsu_bypass.v:898$35830 in module lsu_bypass.
Marked 1 switch rules as full_case in process $proc$/home/qualcomm_clinic/RTL/OpenABC/leaf_level_verilog/tsmc65lp/ariane/lsu_bypass.v:889$35829 in module lsu_bypass.
Marked 1 switch rules as full_case in process $proc$/home/qualcomm_clinic/RTL/OpenABC/leaf_level_verilog/tsmc65lp/ariane/lsu_bypass.v:880$35828 in module lsu_bypass.
Marked 1 switch rules as full_case in process $proc$/home/qualcomm_clinic/RTL/OpenABC/leaf_level_verilog/tsmc65lp/ariane/lsu_bypass.v:871$35827 in module lsu_bypass.
Marked 1 switch rules as full_case in process $proc$/home/qualcomm_clinic/RTL/OpenABC/leaf_level_verilog/tsmc65lp/ariane/lsu_bypass.v:862$35826 in module lsu_bypass.
Marked 1 switch rules as full_case in process $proc$/home/qualcomm_clinic/RTL/OpenABC/leaf_level_verilog/tsmc65lp/ariane/lsu_bypass.v:853$35825 in module lsu_bypass.
Marked 1 switch rules as full_case in process $proc$/home/qualcomm_clinic/RTL/OpenABC/leaf_level_verilog/tsmc65lp/ariane/lsu_bypass.v:844$35824 in module lsu_bypass.
Marked 1 switch rules as full_case in process $proc$/home/qualcomm_clinic/RTL/OpenABC/leaf_level_verilog/tsmc65lp/ariane/lsu_bypass.v:835$35823 in module lsu_bypass.
Marked 1 switch rules as full_case in process $proc$/home/qualcomm_clinic/RTL/OpenABC/leaf_level_verilog/tsmc65lp/ariane/lsu_bypass.v:826$35822 in module lsu_bypass.
Marked 1 switch rules as full_case in process $proc$/home/qualcomm_clinic/RTL/OpenABC/leaf_level_verilog/tsmc65lp/ariane/lsu_bypass.v:817$35821 in module lsu_bypass.
Marked 1 switch rules as full_case in process $proc$/home/qualcomm_clinic/RTL/OpenABC/leaf_level_verilog/tsmc65lp/ariane/lsu_bypass.v:808$35820 in module lsu_bypass.
Marked 1 switch rules as full_case in process $proc$/home/qualcomm_clinic/RTL/OpenABC/leaf_level_verilog/tsmc65lp/ariane/lsu_bypass.v:799$35819 in module lsu_bypass.
Marked 1 switch rules as full_case in process $proc$/home/qualcomm_clinic/RTL/OpenABC/leaf_level_verilog/tsmc65lp/ariane/lsu_bypass.v:790$35818 in module lsu_bypass.
Marked 1 switch rules as full_case in process $proc$/home/qualcomm_clinic/RTL/OpenABC/leaf_level_verilog/tsmc65lp/ariane/lsu_bypass.v:781$35817 in module lsu_bypass.
Marked 1 switch rules as full_case in process $proc$/home/qualcomm_clinic/RTL/OpenABC/leaf_level_verilog/tsmc65lp/ariane/lsu_bypass.v:772$35816 in module lsu_bypass.
Marked 1 switch rules as full_case in process $proc$/home/qualcomm_clinic/RTL/OpenABC/leaf_level_verilog/tsmc65lp/ariane/lsu_bypass.v:763$35815 in module lsu_bypass.
Marked 1 switch rules as full_case in process $proc$/home/qualcomm_clinic/RTL/OpenABC/leaf_level_verilog/tsmc65lp/ariane/lsu_bypass.v:754$35814 in module lsu_bypass.
Marked 1 switch rules as full_case in process $proc$/home/qualcomm_clinic/RTL/OpenABC/leaf_level_verilog/tsmc65lp/ariane/lsu_bypass.v:745$35813 in module lsu_bypass.
Marked 1 switch rules as full_case in process $proc$/home/qualcomm_clinic/RTL/OpenABC/leaf_level_verilog/tsmc65lp/ariane/lsu_bypass.v:736$35812 in module lsu_bypass.
Marked 1 switch rules as full_case in process $proc$/home/qualcomm_clinic/RTL/OpenABC/leaf_level_verilog/tsmc65lp/ariane/lsu_bypass.v:727$35811 in module lsu_bypass.
Marked 1 switch rules as full_case in process $proc$/home/qualcomm_clinic/RTL/OpenABC/leaf_level_verilog/tsmc65lp/ariane/lsu_bypass.v:718$35810 in module lsu_bypass.
Marked 1 switch rules as full_case in process $proc$/home/qualcomm_clinic/RTL/OpenABC/leaf_level_verilog/tsmc65lp/ariane/lsu_bypass.v:709$35809 in module lsu_bypass.
Marked 1 switch rules as full_case in process $proc$/home/qualcomm_clinic/RTL/OpenABC/leaf_level_verilog/tsmc65lp/ariane/lsu_bypass.v:700$35808 in module lsu_bypass.
Marked 1 switch rules as full_case in process $proc$/home/qualcomm_clinic/RTL/OpenABC/leaf_level_verilog/tsmc65lp/ariane/lsu_bypass.v:691$35807 in module lsu_bypass.
Marked 1 switch rules as full_case in process $proc$/home/qualcomm_clinic/RTL/OpenABC/leaf_level_verilog/tsmc65lp/ariane/lsu_bypass.v:682$35806 in module lsu_bypass.
Marked 1 switch rules as full_case in process $proc$/home/qualcomm_clinic/RTL/OpenABC/leaf_level_verilog/tsmc65lp/ariane/lsu_bypass.v:673$35805 in module lsu_bypass.
Marked 1 switch rules as full_case in process $proc$/home/qualcomm_clinic/RTL/OpenABC/leaf_level_verilog/tsmc65lp/ariane/lsu_bypass.v:664$35804 in module lsu_bypass.
Marked 1 switch rules as full_case in process $proc$/home/qualcomm_clinic/RTL/OpenABC/leaf_level_verilog/tsmc65lp/ariane/lsu_bypass.v:655$35803 in module lsu_bypass.
Marked 1 switch rules as full_case in process $proc$/home/qualcomm_clinic/RTL/OpenABC/leaf_level_verilog/tsmc65lp/ariane/lsu_bypass.v:646$35802 in module lsu_bypass.
Marked 1 switch rules as full_case in process $proc$/home/qualcomm_clinic/RTL/OpenABC/leaf_level_verilog/tsmc65lp/ariane/lsu_bypass.v:637$35801 in module lsu_bypass.
Marked 1 switch rules as full_case in process $proc$/home/qualcomm_clinic/RTL/OpenABC/leaf_level_verilog/tsmc65lp/ariane/lsu_bypass.v:628$35800 in module lsu_bypass.
Marked 1 switch rules as full_case in process $proc$/home/qualcomm_clinic/RTL/OpenABC/leaf_level_verilog/tsmc65lp/ariane/lsu_bypass.v:619$35799 in module lsu_bypass.
Marked 1 switch rules as full_case in process $proc$/home/qualcomm_clinic/RTL/OpenABC/leaf_level_verilog/tsmc65lp/ariane/lsu_bypass.v:610$35798 in module lsu_bypass.
Marked 1 switch rules as full_case in process $proc$/home/qualcomm_clinic/RTL/OpenABC/leaf_level_verilog/tsmc65lp/ariane/lsu_bypass.v:601$35797 in module lsu_bypass.
Marked 1 switch rules as full_case in process $proc$/home/qualcomm_clinic/RTL/OpenABC/leaf_level_verilog/tsmc65lp/ariane/lsu_bypass.v:592$35796 in module lsu_bypass.
Marked 1 switch rules as full_case in process $proc$/home/qualcomm_clinic/RTL/OpenABC/leaf_level_verilog/tsmc65lp/ariane/lsu_bypass.v:583$35795 in module lsu_bypass.
Marked 1 switch rules as full_case in process $proc$/home/qualcomm_clinic/RTL/OpenABC/leaf_level_verilog/tsmc65lp/ariane/lsu_bypass.v:574$35794 in module lsu_bypass.
Marked 1 switch rules as full_case in process $proc$/home/qualcomm_clinic/RTL/OpenABC/leaf_level_verilog/tsmc65lp/ariane/lsu_bypass.v:565$35793 in module lsu_bypass.
Marked 1 switch rules as full_case in process $proc$/home/qualcomm_clinic/RTL/OpenABC/leaf_level_verilog/tsmc65lp/ariane/lsu_bypass.v:556$35792 in module lsu_bypass.
Marked 1 switch rules as full_case in process $proc$/home/qualcomm_clinic/RTL/OpenABC/leaf_level_verilog/tsmc65lp/ariane/lsu_bypass.v:547$35791 in module lsu_bypass.
Marked 1 switch rules as full_case in process $proc$/home/qualcomm_clinic/RTL/OpenABC/leaf_level_verilog/tsmc65lp/ariane/lsu_bypass.v:538$35790 in module lsu_bypass.
Marked 1 switch rules as full_case in process $proc$/home/qualcomm_clinic/RTL/OpenABC/leaf_level_verilog/tsmc65lp/ariane/lsu_bypass.v:529$35789 in module lsu_bypass.
Marked 1 switch rules as full_case in process $proc$/home/qualcomm_clinic/RTL/OpenABC/leaf_level_verilog/tsmc65lp/ariane/lsu_bypass.v:520$35788 in module lsu_bypass.
Marked 1 switch rules as full_case in process $proc$/home/qualcomm_clinic/RTL/OpenABC/leaf_level_verilog/tsmc65lp/ariane/lsu_bypass.v:511$35787 in module lsu_bypass.
Marked 1 switch rules as full_case in process $proc$/home/qualcomm_clinic/RTL/OpenABC/leaf_level_verilog/tsmc65lp/ariane/lsu_bypass.v:502$35786 in module lsu_bypass.
Marked 1 switch rules as full_case in process $proc$/home/qualcomm_clinic/RTL/OpenABC/leaf_level_verilog/tsmc65lp/ariane/lsu_bypass.v:493$35785 in module lsu_bypass.
Marked 1 switch rules as full_case in process $proc$/home/qualcomm_clinic/RTL/OpenABC/leaf_level_verilog/tsmc65lp/ariane/lsu_bypass.v:484$35784 in module lsu_bypass.
Marked 1 switch rules as full_case in process $proc$/home/qualcomm_clinic/RTL/OpenABC/leaf_level_verilog/tsmc65lp/ariane/lsu_bypass.v:475$35783 in module lsu_bypass.
Marked 1 switch rules as full_case in process $proc$/home/qualcomm_clinic/RTL/OpenABC/leaf_level_verilog/tsmc65lp/ariane/lsu_bypass.v:466$35782 in module lsu_bypass.
Marked 1 switch rules as full_case in process $proc$/home/qualcomm_clinic/RTL/OpenABC/leaf_level_verilog/tsmc65lp/ariane/lsu_bypass.v:457$35781 in module lsu_bypass.
Marked 1 switch rules as full_case in process $proc$/home/qualcomm_clinic/RTL/OpenABC/leaf_level_verilog/tsmc65lp/ariane/lsu_bypass.v:448$35780 in module lsu_bypass.
Marked 1 switch rules as full_case in process $proc$/home/qualcomm_clinic/RTL/OpenABC/leaf_level_verilog/tsmc65lp/ariane/lsu_bypass.v:439$35779 in module lsu_bypass.
Marked 1 switch rules as full_case in process $proc$/home/qualcomm_clinic/RTL/OpenABC/leaf_level_verilog/tsmc65lp/ariane/lsu_bypass.v:430$35778 in module lsu_bypass.
Marked 1 switch rules as full_case in process $proc$/home/qualcomm_clinic/RTL/OpenABC/leaf_level_verilog/tsmc65lp/ariane/lsu_bypass.v:421$35777 in module lsu_bypass.
Marked 1 switch rules as full_case in process $proc$/home/qualcomm_clinic/RTL/OpenABC/leaf_level_verilog/tsmc65lp/ariane/lsu_bypass.v:412$35776 in module lsu_bypass.
Marked 1 switch rules as full_case in process $proc$/home/qualcomm_clinic/RTL/OpenABC/leaf_level_verilog/tsmc65lp/ariane/lsu_bypass.v:403$35775 in module lsu_bypass.
Marked 1 switch rules as full_case in process $proc$/home/qualcomm_clinic/RTL/OpenABC/leaf_level_verilog/tsmc65lp/ariane/lsu_bypass.v:394$35774 in module lsu_bypass.
Marked 1 switch rules as full_case in process $proc$/home/qualcomm_clinic/RTL/OpenABC/leaf_level_verilog/tsmc65lp/ariane/lsu_bypass.v:385$35773 in module lsu_bypass.
Marked 1 switch rules as full_case in process $proc$/home/qualcomm_clinic/RTL/OpenABC/leaf_level_verilog/tsmc65lp/ariane/lsu_bypass.v:376$35772 in module lsu_bypass.
Marked 1 switch rules as full_case in process $proc$/home/qualcomm_clinic/RTL/OpenABC/leaf_level_verilog/tsmc65lp/ariane/lsu_bypass.v:367$35771 in module lsu_bypass.
Marked 1 switch rules as full_case in process $proc$/home/qualcomm_clinic/RTL/OpenABC/leaf_level_verilog/tsmc65lp/ariane/lsu_bypass.v:358$35770 in module lsu_bypass.
Removed a total of 0 dead cases.

44.3. Executing PROC_PRUNE pass (remove redundant assignments in processes).
Removed 5 redundant assignments.
Promoted 0 assignments to connections.

44.4. Executing PROC_INIT pass (extract init attributes).

44.5. Executing PROC_ARST pass (detect async resets in processes).
Found async reset \N357 in `\lsu_bypass.$proc$/home/qualcomm_clinic/RTL/OpenABC/leaf_level_verilog/tsmc65lp/ariane/lsu_bypass.v:3103$36075'.
Found async reset \N357 in `\lsu_bypass.$proc$/home/qualcomm_clinic/RTL/OpenABC/leaf_level_verilog/tsmc65lp/ariane/lsu_bypass.v:3094$36074'.
Found async reset \N357 in `\lsu_bypass.$proc$/home/qualcomm_clinic/RTL/OpenABC/leaf_level_verilog/tsmc65lp/ariane/lsu_bypass.v:3085$36073'.
Found async reset \N357 in `\lsu_bypass.$proc$/home/qualcomm_clinic/RTL/OpenABC/leaf_level_verilog/tsmc65lp/ariane/lsu_bypass.v:3076$36072'.
Found async reset \N357 in `\lsu_bypass.$proc$/home/qualcomm_clinic/RTL/OpenABC/leaf_level_verilog/tsmc65lp/ariane/lsu_bypass.v:3067$36071'.
Found async reset \N357 in `\lsu_bypass.$proc$/home/qualcomm_clinic/RTL/OpenABC/leaf_level_verilog/tsmc65lp/ariane/lsu_bypass.v:3058$36070'.
Found async reset \N357 in `\lsu_bypass.$proc$/home/qualcomm_clinic/RTL/OpenABC/leaf_level_verilog/tsmc65lp/ariane/lsu_bypass.v:3049$36069'.
Found async reset \N357 in `\lsu_bypass.$proc$/home/qualcomm_clinic/RTL/OpenABC/leaf_level_verilog/tsmc65lp/ariane/lsu_bypass.v:3040$36068'.
Found async reset \N357 in `\lsu_bypass.$proc$/home/qualcomm_clinic/RTL/OpenABC/leaf_level_verilog/tsmc65lp/ariane/lsu_bypass.v:3031$36067'.
Found async reset \N357 in `\lsu_bypass.$proc$/home/qualcomm_clinic/RTL/OpenABC/leaf_level_verilog/tsmc65lp/ariane/lsu_bypass.v:3022$36066'.
Found async reset \N357 in `\lsu_bypass.$proc$/home/qualcomm_clinic/RTL/OpenABC/leaf_level_verilog/tsmc65lp/ariane/lsu_bypass.v:3013$36065'.
Found async reset \N357 in `\lsu_bypass.$proc$/home/qualcomm_clinic/RTL/OpenABC/leaf_level_verilog/tsmc65lp/ariane/lsu_bypass.v:3004$36064'.
Found async reset \N357 in `\lsu_bypass.$proc$/home/qualcomm_clinic/RTL/OpenABC/leaf_level_verilog/tsmc65lp/ariane/lsu_bypass.v:2995$36063'.
Found async reset \N357 in `\lsu_bypass.$proc$/home/qualcomm_clinic/RTL/OpenABC/leaf_level_verilog/tsmc65lp/ariane/lsu_bypass.v:2986$36062'.
Found async reset \N357 in `\lsu_bypass.$proc$/home/qualcomm_clinic/RTL/OpenABC/leaf_level_verilog/tsmc65lp/ariane/lsu_bypass.v:2977$36061'.
Found async reset \N357 in `\lsu_bypass.$proc$/home/qualcomm_clinic/RTL/OpenABC/leaf_level_verilog/tsmc65lp/ariane/lsu_bypass.v:2968$36060'.
Found async reset \N357 in `\lsu_bypass.$proc$/home/qualcomm_clinic/RTL/OpenABC/leaf_level_verilog/tsmc65lp/ariane/lsu_bypass.v:2959$36059'.
Found async reset \N357 in `\lsu_bypass.$proc$/home/qualcomm_clinic/RTL/OpenABC/leaf_level_verilog/tsmc65lp/ariane/lsu_bypass.v:2950$36058'.
Found async reset \N357 in `\lsu_bypass.$proc$/home/qualcomm_clinic/RTL/OpenABC/leaf_level_verilog/tsmc65lp/ariane/lsu_bypass.v:2941$36057'.
Found async reset \N357 in `\lsu_bypass.$proc$/home/qualcomm_clinic/RTL/OpenABC/leaf_level_verilog/tsmc65lp/ariane/lsu_bypass.v:2932$36056'.
Found async reset \N357 in `\lsu_bypass.$proc$/home/qualcomm_clinic/RTL/OpenABC/leaf_level_verilog/tsmc65lp/ariane/lsu_bypass.v:2923$36055'.
Found async reset \N357 in `\lsu_bypass.$proc$/home/qualcomm_clinic/RTL/OpenABC/leaf_level_verilog/tsmc65lp/ariane/lsu_bypass.v:2914$36054'.
Found async reset \N357 in `\lsu_bypass.$proc$/home/qualcomm_clinic/RTL/OpenABC/leaf_level_verilog/tsmc65lp/ariane/lsu_bypass.v:2905$36053'.
Found async reset \N357 in `\lsu_bypass.$proc$/home/qualcomm_clinic/RTL/OpenABC/leaf_level_verilog/tsmc65lp/ariane/lsu_bypass.v:2896$36052'.
Found async reset \N357 in `\lsu_bypass.$proc$/home/qualcomm_clinic/RTL/OpenABC/leaf_level_verilog/tsmc65lp/ariane/lsu_bypass.v:2887$36051'.
Found async reset \N357 in `\lsu_bypass.$proc$/home/qualcomm_clinic/RTL/OpenABC/leaf_level_verilog/tsmc65lp/ariane/lsu_bypass.v:2878$36050'.
Found async reset \N357 in `\lsu_bypass.$proc$/home/qualcomm_clinic/RTL/OpenABC/leaf_level_verilog/tsmc65lp/ariane/lsu_bypass.v:2869$36049'.
Found async reset \N357 in `\lsu_bypass.$proc$/home/qualcomm_clinic/RTL/OpenABC/leaf_level_verilog/tsmc65lp/ariane/lsu_bypass.v:2860$36048'.
Found async reset \N357 in `\lsu_bypass.$proc$/home/qualcomm_clinic/RTL/OpenABC/leaf_level_verilog/tsmc65lp/ariane/lsu_bypass.v:2851$36047'.
Found async reset \N357 in `\lsu_bypass.$proc$/home/qualcomm_clinic/RTL/OpenABC/leaf_level_verilog/tsmc65lp/ariane/lsu_bypass.v:2842$36046'.
Found async reset \N357 in `\lsu_bypass.$proc$/home/qualcomm_clinic/RTL/OpenABC/leaf_level_verilog/tsmc65lp/ariane/lsu_bypass.v:2833$36045'.
Found async reset \N357 in `\lsu_bypass.$proc$/home/qualcomm_clinic/RTL/OpenABC/leaf_level_verilog/tsmc65lp/ariane/lsu_bypass.v:2824$36044'.
Found async reset \N357 in `\lsu_bypass.$proc$/home/qualcomm_clinic/RTL/OpenABC/leaf_level_verilog/tsmc65lp/ariane/lsu_bypass.v:2815$36043'.
Found async reset \N357 in `\lsu_bypass.$proc$/home/qualcomm_clinic/RTL/OpenABC/leaf_level_verilog/tsmc65lp/ariane/lsu_bypass.v:2806$36042'.
Found async reset \N357 in `\lsu_bypass.$proc$/home/qualcomm_clinic/RTL/OpenABC/leaf_level_verilog/tsmc65lp/ariane/lsu_bypass.v:2797$36041'.
Found async reset \N357 in `\lsu_bypass.$proc$/home/qualcomm_clinic/RTL/OpenABC/leaf_level_verilog/tsmc65lp/ariane/lsu_bypass.v:2788$36040'.
Found async reset \N357 in `\lsu_bypass.$proc$/home/qualcomm_clinic/RTL/OpenABC/leaf_level_verilog/tsmc65lp/ariane/lsu_bypass.v:2779$36039'.
Found async reset \N357 in `\lsu_bypass.$proc$/home/qualcomm_clinic/RTL/OpenABC/leaf_level_verilog/tsmc65lp/ariane/lsu_bypass.v:2770$36038'.
Found async reset \N357 in `\lsu_bypass.$proc$/home/qualcomm_clinic/RTL/OpenABC/leaf_level_verilog/tsmc65lp/ariane/lsu_bypass.v:2761$36037'.
Found async reset \N357 in `\lsu_bypass.$proc$/home/qualcomm_clinic/RTL/OpenABC/leaf_level_verilog/tsmc65lp/ariane/lsu_bypass.v:2752$36036'.
Found async reset \N357 in `\lsu_bypass.$proc$/home/qualcomm_clinic/RTL/OpenABC/leaf_level_verilog/tsmc65lp/ariane/lsu_bypass.v:2743$36035'.
Found async reset \N357 in `\lsu_bypass.$proc$/home/qualcomm_clinic/RTL/OpenABC/leaf_level_verilog/tsmc65lp/ariane/lsu_bypass.v:2734$36034'.
Found async reset \N357 in `\lsu_bypass.$proc$/home/qualcomm_clinic/RTL/OpenABC/leaf_level_verilog/tsmc65lp/ariane/lsu_bypass.v:2725$36033'.
Found async reset \N357 in `\lsu_bypass.$proc$/home/qualcomm_clinic/RTL/OpenABC/leaf_level_verilog/tsmc65lp/ariane/lsu_bypass.v:2716$36032'.
Found async reset \N357 in `\lsu_bypass.$proc$/home/qualcomm_clinic/RTL/OpenABC/leaf_level_verilog/tsmc65lp/ariane/lsu_bypass.v:2707$36031'.
Found async reset \N357 in `\lsu_bypass.$proc$/home/qualcomm_clinic/RTL/OpenABC/leaf_level_verilog/tsmc65lp/ariane/lsu_bypass.v:2698$36030'.
Found async reset \N357 in `\lsu_bypass.$proc$/home/qualcomm_clinic/RTL/OpenABC/leaf_level_verilog/tsmc65lp/ariane/lsu_bypass.v:2689$36029'.
Found async reset \N357 in `\lsu_bypass.$proc$/home/qualcomm_clinic/RTL/OpenABC/leaf_level_verilog/tsmc65lp/ariane/lsu_bypass.v:2680$36028'.
Found async reset \N357 in `\lsu_bypass.$proc$/home/qualcomm_clinic/RTL/OpenABC/leaf_level_verilog/tsmc65lp/ariane/lsu_bypass.v:2671$36027'.
Found async reset \N357 in `\lsu_bypass.$proc$/home/qualcomm_clinic/RTL/OpenABC/leaf_level_verilog/tsmc65lp/ariane/lsu_bypass.v:2662$36026'.
Found async reset \N357 in `\lsu_bypass.$proc$/home/qualcomm_clinic/RTL/OpenABC/leaf_level_verilog/tsmc65lp/ariane/lsu_bypass.v:2653$36025'.
Found async reset \N357 in `\lsu_bypass.$proc$/home/qualcomm_clinic/RTL/OpenABC/leaf_level_verilog/tsmc65lp/ariane/lsu_bypass.v:2644$36024'.
Found async reset \N357 in `\lsu_bypass.$proc$/home/qualcomm_clinic/RTL/OpenABC/leaf_level_verilog/tsmc65lp/ariane/lsu_bypass.v:2635$36023'.
Found async reset \N357 in `\lsu_bypass.$proc$/home/qualcomm_clinic/RTL/OpenABC/leaf_level_verilog/tsmc65lp/ariane/lsu_bypass.v:2626$36022'.
Found async reset \N357 in `\lsu_bypass.$proc$/home/qualcomm_clinic/RTL/OpenABC/leaf_level_verilog/tsmc65lp/ariane/lsu_bypass.v:2617$36021'.
Found async reset \N357 in `\lsu_bypass.$proc$/home/qualcomm_clinic/RTL/OpenABC/leaf_level_verilog/tsmc65lp/ariane/lsu_bypass.v:2608$36020'.
Found async reset \N357 in `\lsu_bypass.$proc$/home/qualcomm_clinic/RTL/OpenABC/leaf_level_verilog/tsmc65lp/ariane/lsu_bypass.v:2599$36019'.
Found async reset \N357 in `\lsu_bypass.$proc$/home/qualcomm_clinic/RTL/OpenABC/leaf_level_verilog/tsmc65lp/ariane/lsu_bypass.v:2590$36018'.
Found async reset \N357 in `\lsu_bypass.$proc$/home/qualcomm_clinic/RTL/OpenABC/leaf_level_verilog/tsmc65lp/ariane/lsu_bypass.v:2581$36017'.
Found async reset \N357 in `\lsu_bypass.$proc$/home/qualcomm_clinic/RTL/OpenABC/leaf_level_verilog/tsmc65lp/ariane/lsu_bypass.v:2572$36016'.
Found async reset \N357 in `\lsu_bypass.$proc$/home/qualcomm_clinic/RTL/OpenABC/leaf_level_verilog/tsmc65lp/ariane/lsu_bypass.v:2563$36015'.
Found async reset \N357 in `\lsu_bypass.$proc$/home/qualcomm_clinic/RTL/OpenABC/leaf_level_verilog/tsmc65lp/ariane/lsu_bypass.v:2554$36014'.
Found async reset \N357 in `\lsu_bypass.$proc$/home/qualcomm_clinic/RTL/OpenABC/leaf_level_verilog/tsmc65lp/ariane/lsu_bypass.v:2545$36013'.
Found async reset \N357 in `\lsu_bypass.$proc$/home/qualcomm_clinic/RTL/OpenABC/leaf_level_verilog/tsmc65lp/ariane/lsu_bypass.v:2536$36012'.
Found async reset \N357 in `\lsu_bypass.$proc$/home/qualcomm_clinic/RTL/OpenABC/leaf_level_verilog/tsmc65lp/ariane/lsu_bypass.v:2527$36011'.
Found async reset \N357 in `\lsu_bypass.$proc$/home/qualcomm_clinic/RTL/OpenABC/leaf_level_verilog/tsmc65lp/ariane/lsu_bypass.v:2518$36010'.
Found async reset \N357 in `\lsu_bypass.$proc$/home/qualcomm_clinic/RTL/OpenABC/leaf_level_verilog/tsmc65lp/ariane/lsu_bypass.v:2509$36009'.
Found async reset \N357 in `\lsu_bypass.$proc$/home/qualcomm_clinic/RTL/OpenABC/leaf_level_verilog/tsmc65lp/ariane/lsu_bypass.v:2500$36008'.
Found async reset \N357 in `\lsu_bypass.$proc$/home/qualcomm_clinic/RTL/OpenABC/leaf_level_verilog/tsmc65lp/ariane/lsu_bypass.v:2491$36007'.
Found async reset \N357 in `\lsu_bypass.$proc$/home/qualcomm_clinic/RTL/OpenABC/leaf_level_verilog/tsmc65lp/ariane/lsu_bypass.v:2482$36006'.
Found async reset \N357 in `\lsu_bypass.$proc$/home/qualcomm_clinic/RTL/OpenABC/leaf_level_verilog/tsmc65lp/ariane/lsu_bypass.v:2473$36005'.
Found async reset \N357 in `\lsu_bypass.$proc$/home/qualcomm_clinic/RTL/OpenABC/leaf_level_verilog/tsmc65lp/ariane/lsu_bypass.v:2464$36004'.
Found async reset \N357 in `\lsu_bypass.$proc$/home/qualcomm_clinic/RTL/OpenABC/leaf_level_verilog/tsmc65lp/ariane/lsu_bypass.v:2455$36003'.
Found async reset \N357 in `\lsu_bypass.$proc$/home/qualcomm_clinic/RTL/OpenABC/leaf_level_verilog/tsmc65lp/ariane/lsu_bypass.v:2446$36002'.
Found async reset \N357 in `\lsu_bypass.$proc$/home/qualcomm_clinic/RTL/OpenABC/leaf_level_verilog/tsmc65lp/ariane/lsu_bypass.v:2437$36001'.
Found async reset \N357 in `\lsu_bypass.$proc$/home/qualcomm_clinic/RTL/OpenABC/leaf_level_verilog/tsmc65lp/ariane/lsu_bypass.v:2428$36000'.
Found async reset \N357 in `\lsu_bypass.$proc$/home/qualcomm_clinic/RTL/OpenABC/leaf_level_verilog/tsmc65lp/ariane/lsu_bypass.v:2419$35999'.
Found async reset \N357 in `\lsu_bypass.$proc$/home/qualcomm_clinic/RTL/OpenABC/leaf_level_verilog/tsmc65lp/ariane/lsu_bypass.v:2410$35998'.
Found async reset \N357 in `\lsu_bypass.$proc$/home/qualcomm_clinic/RTL/OpenABC/leaf_level_verilog/tsmc65lp/ariane/lsu_bypass.v:2401$35997'.
Found async reset \N357 in `\lsu_bypass.$proc$/home/qualcomm_clinic/RTL/OpenABC/leaf_level_verilog/tsmc65lp/ariane/lsu_bypass.v:2392$35996'.
Found async reset \N357 in `\lsu_bypass.$proc$/home/qualcomm_clinic/RTL/OpenABC/leaf_level_verilog/tsmc65lp/ariane/lsu_bypass.v:2383$35995'.
Found async reset \N357 in `\lsu_bypass.$proc$/home/qualcomm_clinic/RTL/OpenABC/leaf_level_verilog/tsmc65lp/ariane/lsu_bypass.v:2374$35994'.
Found async reset \N357 in `\lsu_bypass.$proc$/home/qualcomm_clinic/RTL/OpenABC/leaf_level_verilog/tsmc65lp/ariane/lsu_bypass.v:2365$35993'.
Found async reset \N357 in `\lsu_bypass.$proc$/home/qualcomm_clinic/RTL/OpenABC/leaf_level_verilog/tsmc65lp/ariane/lsu_bypass.v:2356$35992'.
Found async reset \N357 in `\lsu_bypass.$proc$/home/qualcomm_clinic/RTL/OpenABC/leaf_level_verilog/tsmc65lp/ariane/lsu_bypass.v:2347$35991'.
Found async reset \N357 in `\lsu_bypass.$proc$/home/qualcomm_clinic/RTL/OpenABC/leaf_level_verilog/tsmc65lp/ariane/lsu_bypass.v:2338$35990'.
Found async reset \N357 in `\lsu_bypass.$proc$/home/qualcomm_clinic/RTL/OpenABC/leaf_level_verilog/tsmc65lp/ariane/lsu_bypass.v:2329$35989'.
Found async reset \N357 in `\lsu_bypass.$proc$/home/qualcomm_clinic/RTL/OpenABC/leaf_level_verilog/tsmc65lp/ariane/lsu_bypass.v:2320$35988'.
Found async reset \N357 in `\lsu_bypass.$proc$/home/qualcomm_clinic/RTL/OpenABC/leaf_level_verilog/tsmc65lp/ariane/lsu_bypass.v:2311$35987'.
Found async reset \N357 in `\lsu_bypass.$proc$/home/qualcomm_clinic/RTL/OpenABC/leaf_level_verilog/tsmc65lp/ariane/lsu_bypass.v:2302$35986'.
Found async reset \N357 in `\lsu_bypass.$proc$/home/qualcomm_clinic/RTL/OpenABC/leaf_level_verilog/tsmc65lp/ariane/lsu_bypass.v:2293$35985'.
Found async reset \N357 in `\lsu_bypass.$proc$/home/qualcomm_clinic/RTL/OpenABC/leaf_level_verilog/tsmc65lp/ariane/lsu_bypass.v:2284$35984'.
Found async reset \N357 in `\lsu_bypass.$proc$/home/qualcomm_clinic/RTL/OpenABC/leaf_level_verilog/tsmc65lp/ariane/lsu_bypass.v:2275$35983'.
Found async reset \N357 in `\lsu_bypass.$proc$/home/qualcomm_clinic/RTL/OpenABC/leaf_level_verilog/tsmc65lp/ariane/lsu_bypass.v:2266$35982'.
Found async reset \N357 in `\lsu_bypass.$proc$/home/qualcomm_clinic/RTL/OpenABC/leaf_level_verilog/tsmc65lp/ariane/lsu_bypass.v:2257$35981'.
Found async reset \N357 in `\lsu_bypass.$proc$/home/qualcomm_clinic/RTL/OpenABC/leaf_level_verilog/tsmc65lp/ariane/lsu_bypass.v:2248$35980'.
Found async reset \N357 in `\lsu_bypass.$proc$/home/qualcomm_clinic/RTL/OpenABC/leaf_level_verilog/tsmc65lp/ariane/lsu_bypass.v:2239$35979'.
Found async reset \N357 in `\lsu_bypass.$proc$/home/qualcomm_clinic/RTL/OpenABC/leaf_level_verilog/tsmc65lp/ariane/lsu_bypass.v:2230$35978'.
Found async reset \N357 in `\lsu_bypass.$proc$/home/qualcomm_clinic/RTL/OpenABC/leaf_level_verilog/tsmc65lp/ariane/lsu_bypass.v:2221$35977'.
Found async reset \N357 in `\lsu_bypass.$proc$/home/qualcomm_clinic/RTL/OpenABC/leaf_level_verilog/tsmc65lp/ariane/lsu_bypass.v:2212$35976'.
Found async reset \N357 in `\lsu_bypass.$proc$/home/qualcomm_clinic/RTL/OpenABC/leaf_level_verilog/tsmc65lp/ariane/lsu_bypass.v:2203$35975'.
Found async reset \N357 in `\lsu_bypass.$proc$/home/qualcomm_clinic/RTL/OpenABC/leaf_level_verilog/tsmc65lp/ariane/lsu_bypass.v:2194$35974'.
Found async reset \N357 in `\lsu_bypass.$proc$/home/qualcomm_clinic/RTL/OpenABC/leaf_level_verilog/tsmc65lp/ariane/lsu_bypass.v:2185$35973'.
Found async reset \N357 in `\lsu_bypass.$proc$/home/qualcomm_clinic/RTL/OpenABC/leaf_level_verilog/tsmc65lp/ariane/lsu_bypass.v:2176$35972'.
Found async reset \N357 in `\lsu_bypass.$proc$/home/qualcomm_clinic/RTL/OpenABC/leaf_level_verilog/tsmc65lp/ariane/lsu_bypass.v:2167$35971'.
Found async reset \N357 in `\lsu_bypass.$proc$/home/qualcomm_clinic/RTL/OpenABC/leaf_level_verilog/tsmc65lp/ariane/lsu_bypass.v:2158$35970'.
Found async reset \N357 in `\lsu_bypass.$proc$/home/qualcomm_clinic/RTL/OpenABC/leaf_level_verilog/tsmc65lp/ariane/lsu_bypass.v:2149$35969'.
Found async reset \N357 in `\lsu_bypass.$proc$/home/qualcomm_clinic/RTL/OpenABC/leaf_level_verilog/tsmc65lp/ariane/lsu_bypass.v:2140$35968'.
Found async reset \N357 in `\lsu_bypass.$proc$/home/qualcomm_clinic/RTL/OpenABC/leaf_level_verilog/tsmc65lp/ariane/lsu_bypass.v:2131$35967'.
Found async reset \N357 in `\lsu_bypass.$proc$/home/qualcomm_clinic/RTL/OpenABC/leaf_level_verilog/tsmc65lp/ariane/lsu_bypass.v:2122$35966'.
Found async reset \N357 in `\lsu_bypass.$proc$/home/qualcomm_clinic/RTL/OpenABC/leaf_level_verilog/tsmc65lp/ariane/lsu_bypass.v:2113$35965'.
Found async reset \N357 in `\lsu_bypass.$proc$/home/qualcomm_clinic/RTL/OpenABC/leaf_level_verilog/tsmc65lp/ariane/lsu_bypass.v:2104$35964'.
Found async reset \N357 in `\lsu_bypass.$proc$/home/qualcomm_clinic/RTL/OpenABC/leaf_level_verilog/tsmc65lp/ariane/lsu_bypass.v:2095$35963'.
Found async reset \N357 in `\lsu_bypass.$proc$/home/qualcomm_clinic/RTL/OpenABC/leaf_level_verilog/tsmc65lp/ariane/lsu_bypass.v:2086$35962'.
Found async reset \N357 in `\lsu_bypass.$proc$/home/qualcomm_clinic/RTL/OpenABC/leaf_level_verilog/tsmc65lp/ariane/lsu_bypass.v:2077$35961'.
Found async reset \N357 in `\lsu_bypass.$proc$/home/qualcomm_clinic/RTL/OpenABC/leaf_level_verilog/tsmc65lp/ariane/lsu_bypass.v:2068$35960'.
Found async reset \N357 in `\lsu_bypass.$proc$/home/qualcomm_clinic/RTL/OpenABC/leaf_level_verilog/tsmc65lp/ariane/lsu_bypass.v:2059$35959'.
Found async reset \N357 in `\lsu_bypass.$proc$/home/qualcomm_clinic/RTL/OpenABC/leaf_level_verilog/tsmc65lp/ariane/lsu_bypass.v:2050$35958'.
Found async reset \N357 in `\lsu_bypass.$proc$/home/qualcomm_clinic/RTL/OpenABC/leaf_level_verilog/tsmc65lp/ariane/lsu_bypass.v:2041$35957'.
Found async reset \N357 in `\lsu_bypass.$proc$/home/qualcomm_clinic/RTL/OpenABC/leaf_level_verilog/tsmc65lp/ariane/lsu_bypass.v:2032$35956'.
Found async reset \N357 in `\lsu_bypass.$proc$/home/qualcomm_clinic/RTL/OpenABC/leaf_level_verilog/tsmc65lp/ariane/lsu_bypass.v:2023$35955'.
Found async reset \N357 in `\lsu_bypass.$proc$/home/qualcomm_clinic/RTL/OpenABC/leaf_level_verilog/tsmc65lp/ariane/lsu_bypass.v:2014$35954'.
Found async reset \N357 in `\lsu_bypass.$proc$/home/qualcomm_clinic/RTL/OpenABC/leaf_level_verilog/tsmc65lp/ariane/lsu_bypass.v:2005$35953'.
Found async reset \N357 in `\lsu_bypass.$proc$/home/qualcomm_clinic/RTL/OpenABC/leaf_level_verilog/tsmc65lp/ariane/lsu_bypass.v:1996$35952'.
Found async reset \N357 in `\lsu_bypass.$proc$/home/qualcomm_clinic/RTL/OpenABC/leaf_level_verilog/tsmc65lp/ariane/lsu_bypass.v:1987$35951'.
Found async reset \N357 in `\lsu_bypass.$proc$/home/qualcomm_clinic/RTL/OpenABC/leaf_level_verilog/tsmc65lp/ariane/lsu_bypass.v:1978$35950'.
Found async reset \N357 in `\lsu_bypass.$proc$/home/qualcomm_clinic/RTL/OpenABC/leaf_level_verilog/tsmc65lp/ariane/lsu_bypass.v:1969$35949'.
Found async reset \N357 in `\lsu_bypass.$proc$/home/qualcomm_clinic/RTL/OpenABC/leaf_level_verilog/tsmc65lp/ariane/lsu_bypass.v:1960$35948'.
Found async reset \N357 in `\lsu_bypass.$proc$/home/qualcomm_clinic/RTL/OpenABC/leaf_level_verilog/tsmc65lp/ariane/lsu_bypass.v:1951$35947'.
Found async reset \N357 in `\lsu_bypass.$proc$/home/qualcomm_clinic/RTL/OpenABC/leaf_level_verilog/tsmc65lp/ariane/lsu_bypass.v:1942$35946'.
Found async reset \N357 in `\lsu_bypass.$proc$/home/qualcomm_clinic/RTL/OpenABC/leaf_level_verilog/tsmc65lp/ariane/lsu_bypass.v:1933$35945'.
Found async reset \N357 in `\lsu_bypass.$proc$/home/qualcomm_clinic/RTL/OpenABC/leaf_level_verilog/tsmc65lp/ariane/lsu_bypass.v:1924$35944'.
Found async reset \N357 in `\lsu_bypass.$proc$/home/qualcomm_clinic/RTL/OpenABC/leaf_level_verilog/tsmc65lp/ariane/lsu_bypass.v:1915$35943'.
Found async reset \N357 in `\lsu_bypass.$proc$/home/qualcomm_clinic/RTL/OpenABC/leaf_level_verilog/tsmc65lp/ariane/lsu_bypass.v:1906$35942'.
Found async reset \N357 in `\lsu_bypass.$proc$/home/qualcomm_clinic/RTL/OpenABC/leaf_level_verilog/tsmc65lp/ariane/lsu_bypass.v:1897$35941'.
Found async reset \N357 in `\lsu_bypass.$proc$/home/qualcomm_clinic/RTL/OpenABC/leaf_level_verilog/tsmc65lp/ariane/lsu_bypass.v:1888$35940'.
Found async reset \N357 in `\lsu_bypass.$proc$/home/qualcomm_clinic/RTL/OpenABC/leaf_level_verilog/tsmc65lp/ariane/lsu_bypass.v:1879$35939'.
Found async reset \N357 in `\lsu_bypass.$proc$/home/qualcomm_clinic/RTL/OpenABC/leaf_level_verilog/tsmc65lp/ariane/lsu_bypass.v:1870$35938'.
Found async reset \N357 in `\lsu_bypass.$proc$/home/qualcomm_clinic/RTL/OpenABC/leaf_level_verilog/tsmc65lp/ariane/lsu_bypass.v:1861$35937'.
Found async reset \N357 in `\lsu_bypass.$proc$/home/qualcomm_clinic/RTL/OpenABC/leaf_level_verilog/tsmc65lp/ariane/lsu_bypass.v:1852$35936'.
Found async reset \N357 in `\lsu_bypass.$proc$/home/qualcomm_clinic/RTL/OpenABC/leaf_level_verilog/tsmc65lp/ariane/lsu_bypass.v:1843$35935'.
Found async reset \N357 in `\lsu_bypass.$proc$/home/qualcomm_clinic/RTL/OpenABC/leaf_level_verilog/tsmc65lp/ariane/lsu_bypass.v:1834$35934'.
Found async reset \N357 in `\lsu_bypass.$proc$/home/qualcomm_clinic/RTL/OpenABC/leaf_level_verilog/tsmc65lp/ariane/lsu_bypass.v:1825$35933'.
Found async reset \N357 in `\lsu_bypass.$proc$/home/qualcomm_clinic/RTL/OpenABC/leaf_level_verilog/tsmc65lp/ariane/lsu_bypass.v:1816$35932'.
Found async reset \N357 in `\lsu_bypass.$proc$/home/qualcomm_clinic/RTL/OpenABC/leaf_level_verilog/tsmc65lp/ariane/lsu_bypass.v:1807$35931'.
Found async reset \N357 in `\lsu_bypass.$proc$/home/qualcomm_clinic/RTL/OpenABC/leaf_level_verilog/tsmc65lp/ariane/lsu_bypass.v:1798$35930'.
Found async reset \N357 in `\lsu_bypass.$proc$/home/qualcomm_clinic/RTL/OpenABC/leaf_level_verilog/tsmc65lp/ariane/lsu_bypass.v:1789$35929'.
Found async reset \N357 in `\lsu_bypass.$proc$/home/qualcomm_clinic/RTL/OpenABC/leaf_level_verilog/tsmc65lp/ariane/lsu_bypass.v:1780$35928'.
Found async reset \N357 in `\lsu_bypass.$proc$/home/qualcomm_clinic/RTL/OpenABC/leaf_level_verilog/tsmc65lp/ariane/lsu_bypass.v:1771$35927'.
Found async reset \N357 in `\lsu_bypass.$proc$/home/qualcomm_clinic/RTL/OpenABC/leaf_level_verilog/tsmc65lp/ariane/lsu_bypass.v:1762$35926'.
Found async reset \N357 in `\lsu_bypass.$proc$/home/qualcomm_clinic/RTL/OpenABC/leaf_level_verilog/tsmc65lp/ariane/lsu_bypass.v:1753$35925'.
Found async reset \N357 in `\lsu_bypass.$proc$/home/qualcomm_clinic/RTL/OpenABC/leaf_level_verilog/tsmc65lp/ariane/lsu_bypass.v:1744$35924'.
Found async reset \N357 in `\lsu_bypass.$proc$/home/qualcomm_clinic/RTL/OpenABC/leaf_level_verilog/tsmc65lp/ariane/lsu_bypass.v:1735$35923'.
Found async reset \N357 in `\lsu_bypass.$proc$/home/qualcomm_clinic/RTL/OpenABC/leaf_level_verilog/tsmc65lp/ariane/lsu_bypass.v:1726$35922'.
Found async reset \N357 in `\lsu_bypass.$proc$/home/qualcomm_clinic/RTL/OpenABC/leaf_level_verilog/tsmc65lp/ariane/lsu_bypass.v:1717$35921'.
Found async reset \N357 in `\lsu_bypass.$proc$/home/qualcomm_clinic/RTL/OpenABC/leaf_level_verilog/tsmc65lp/ariane/lsu_bypass.v:1708$35920'.
Found async reset \N357 in `\lsu_bypass.$proc$/home/qualcomm_clinic/RTL/OpenABC/leaf_level_verilog/tsmc65lp/ariane/lsu_bypass.v:1699$35919'.
Found async reset \N357 in `\lsu_bypass.$proc$/home/qualcomm_clinic/RTL/OpenABC/leaf_level_verilog/tsmc65lp/ariane/lsu_bypass.v:1690$35918'.
Found async reset \N357 in `\lsu_bypass.$proc$/home/qualcomm_clinic/RTL/OpenABC/leaf_level_verilog/tsmc65lp/ariane/lsu_bypass.v:1681$35917'.
Found async reset \N357 in `\lsu_bypass.$proc$/home/qualcomm_clinic/RTL/OpenABC/leaf_level_verilog/tsmc65lp/ariane/lsu_bypass.v:1672$35916'.
Found async reset \N357 in `\lsu_bypass.$proc$/home/qualcomm_clinic/RTL/OpenABC/leaf_level_verilog/tsmc65lp/ariane/lsu_bypass.v:1663$35915'.
Found async reset \N357 in `\lsu_bypass.$proc$/home/qualcomm_clinic/RTL/OpenABC/leaf_level_verilog/tsmc65lp/ariane/lsu_bypass.v:1654$35914'.
Found async reset \N357 in `\lsu_bypass.$proc$/home/qualcomm_clinic/RTL/OpenABC/leaf_level_verilog/tsmc65lp/ariane/lsu_bypass.v:1645$35913'.
Found async reset \N357 in `\lsu_bypass.$proc$/home/qualcomm_clinic/RTL/OpenABC/leaf_level_verilog/tsmc65lp/ariane/lsu_bypass.v:1636$35912'.
Found async reset \N357 in `\lsu_bypass.$proc$/home/qualcomm_clinic/RTL/OpenABC/leaf_level_verilog/tsmc65lp/ariane/lsu_bypass.v:1627$35911'.
Found async reset \N357 in `\lsu_bypass.$proc$/home/qualcomm_clinic/RTL/OpenABC/leaf_level_verilog/tsmc65lp/ariane/lsu_bypass.v:1618$35910'.
Found async reset \N357 in `\lsu_bypass.$proc$/home/qualcomm_clinic/RTL/OpenABC/leaf_level_verilog/tsmc65lp/ariane/lsu_bypass.v:1609$35909'.
Found async reset \N357 in `\lsu_bypass.$proc$/home/qualcomm_clinic/RTL/OpenABC/leaf_level_verilog/tsmc65lp/ariane/lsu_bypass.v:1600$35908'.
Found async reset \N357 in `\lsu_bypass.$proc$/home/qualcomm_clinic/RTL/OpenABC/leaf_level_verilog/tsmc65lp/ariane/lsu_bypass.v:1591$35907'.
Found async reset \N357 in `\lsu_bypass.$proc$/home/qualcomm_clinic/RTL/OpenABC/leaf_level_verilog/tsmc65lp/ariane/lsu_bypass.v:1582$35906'.
Found async reset \N357 in `\lsu_bypass.$proc$/home/qualcomm_clinic/RTL/OpenABC/leaf_level_verilog/tsmc65lp/ariane/lsu_bypass.v:1573$35905'.
Found async reset \N357 in `\lsu_bypass.$proc$/home/qualcomm_clinic/RTL/OpenABC/leaf_level_verilog/tsmc65lp/ariane/lsu_bypass.v:1564$35904'.
Found async reset \N357 in `\lsu_bypass.$proc$/home/qualcomm_clinic/RTL/OpenABC/leaf_level_verilog/tsmc65lp/ariane/lsu_bypass.v:1555$35903'.
Found async reset \N357 in `\lsu_bypass.$proc$/home/qualcomm_clinic/RTL/OpenABC/leaf_level_verilog/tsmc65lp/ariane/lsu_bypass.v:1546$35902'.
Found async reset \N357 in `\lsu_bypass.$proc$/home/qualcomm_clinic/RTL/OpenABC/leaf_level_verilog/tsmc65lp/ariane/lsu_bypass.v:1537$35901'.
Found async reset \N357 in `\lsu_bypass.$proc$/home/qualcomm_clinic/RTL/OpenABC/leaf_level_verilog/tsmc65lp/ariane/lsu_bypass.v:1528$35900'.
Found async reset \N357 in `\lsu_bypass.$proc$/home/qualcomm_clinic/RTL/OpenABC/leaf_level_verilog/tsmc65lp/ariane/lsu_bypass.v:1519$35899'.
Found async reset \N357 in `\lsu_bypass.$proc$/home/qualcomm_clinic/RTL/OpenABC/leaf_level_verilog/tsmc65lp/ariane/lsu_bypass.v:1510$35898'.
Found async reset \N357 in `\lsu_bypass.$proc$/home/qualcomm_clinic/RTL/OpenABC/leaf_level_verilog/tsmc65lp/ariane/lsu_bypass.v:1501$35897'.
Found async reset \N357 in `\lsu_bypass.$proc$/home/qualcomm_clinic/RTL/OpenABC/leaf_level_verilog/tsmc65lp/ariane/lsu_bypass.v:1492$35896'.
Found async reset \N357 in `\lsu_bypass.$proc$/home/qualcomm_clinic/RTL/OpenABC/leaf_level_verilog/tsmc65lp/ariane/lsu_bypass.v:1483$35895'.
Found async reset \N357 in `\lsu_bypass.$proc$/home/qualcomm_clinic/RTL/OpenABC/leaf_level_verilog/tsmc65lp/ariane/lsu_bypass.v:1474$35894'.
Found async reset \N357 in `\lsu_bypass.$proc$/home/qualcomm_clinic/RTL/OpenABC/leaf_level_verilog/tsmc65lp/ariane/lsu_bypass.v:1465$35893'.
Found async reset \N357 in `\lsu_bypass.$proc$/home/qualcomm_clinic/RTL/OpenABC/leaf_level_verilog/tsmc65lp/ariane/lsu_bypass.v:1456$35892'.
Found async reset \N357 in `\lsu_bypass.$proc$/home/qualcomm_clinic/RTL/OpenABC/leaf_level_verilog/tsmc65lp/ariane/lsu_bypass.v:1447$35891'.
Found async reset \N357 in `\lsu_bypass.$proc$/home/qualcomm_clinic/RTL/OpenABC/leaf_level_verilog/tsmc65lp/ariane/lsu_bypass.v:1438$35890'.
Found async reset \N357 in `\lsu_bypass.$proc$/home/qualcomm_clinic/RTL/OpenABC/leaf_level_verilog/tsmc65lp/ariane/lsu_bypass.v:1429$35889'.
Found async reset \N357 in `\lsu_bypass.$proc$/home/qualcomm_clinic/RTL/OpenABC/leaf_level_verilog/tsmc65lp/ariane/lsu_bypass.v:1420$35888'.
Found async reset \N357 in `\lsu_bypass.$proc$/home/qualcomm_clinic/RTL/OpenABC/leaf_level_verilog/tsmc65lp/ariane/lsu_bypass.v:1411$35887'.
Found async reset \N357 in `\lsu_bypass.$proc$/home/qualcomm_clinic/RTL/OpenABC/leaf_level_verilog/tsmc65lp/ariane/lsu_bypass.v:1402$35886'.
Found async reset \N357 in `\lsu_bypass.$proc$/home/qualcomm_clinic/RTL/OpenABC/leaf_level_verilog/tsmc65lp/ariane/lsu_bypass.v:1393$35885'.
Found async reset \N357 in `\lsu_bypass.$proc$/home/qualcomm_clinic/RTL/OpenABC/leaf_level_verilog/tsmc65lp/ariane/lsu_bypass.v:1384$35884'.
Found async reset \N357 in `\lsu_bypass.$proc$/home/qualcomm_clinic/RTL/OpenABC/leaf_level_verilog/tsmc65lp/ariane/lsu_bypass.v:1375$35883'.
Found async reset \N357 in `\lsu_bypass.$proc$/home/qualcomm_clinic/RTL/OpenABC/leaf_level_verilog/tsmc65lp/ariane/lsu_bypass.v:1366$35882'.
Found async reset \N357 in `\lsu_bypass.$proc$/home/qualcomm_clinic/RTL/OpenABC/leaf_level_verilog/tsmc65lp/ariane/lsu_bypass.v:1357$35881'.
Found async reset \N357 in `\lsu_bypass.$proc$/home/qualcomm_clinic/RTL/OpenABC/leaf_level_verilog/tsmc65lp/ariane/lsu_bypass.v:1348$35880'.
Found async reset \N357 in `\lsu_bypass.$proc$/home/qualcomm_clinic/RTL/OpenABC/leaf_level_verilog/tsmc65lp/ariane/lsu_bypass.v:1339$35879'.
Found async reset \N357 in `\lsu_bypass.$proc$/home/qualcomm_clinic/RTL/OpenABC/leaf_level_verilog/tsmc65lp/ariane/lsu_bypass.v:1330$35878'.
Found async reset \N357 in `\lsu_bypass.$proc$/home/qualcomm_clinic/RTL/OpenABC/leaf_level_verilog/tsmc65lp/ariane/lsu_bypass.v:1321$35877'.
Found async reset \N357 in `\lsu_bypass.$proc$/home/qualcomm_clinic/RTL/OpenABC/leaf_level_verilog/tsmc65lp/ariane/lsu_bypass.v:1312$35876'.
Found async reset \N357 in `\lsu_bypass.$proc$/home/qualcomm_clinic/RTL/OpenABC/leaf_level_verilog/tsmc65lp/ariane/lsu_bypass.v:1303$35875'.
Found async reset \N357 in `\lsu_bypass.$proc$/home/qualcomm_clinic/RTL/OpenABC/leaf_level_verilog/tsmc65lp/ariane/lsu_bypass.v:1294$35874'.
Found async reset \N357 in `\lsu_bypass.$proc$/home/qualcomm_clinic/RTL/OpenABC/leaf_level_verilog/tsmc65lp/ariane/lsu_bypass.v:1285$35873'.
Found async reset \N357 in `\lsu_bypass.$proc$/home/qualcomm_clinic/RTL/OpenABC/leaf_level_verilog/tsmc65lp/ariane/lsu_bypass.v:1276$35872'.
Found async reset \N357 in `\lsu_bypass.$proc$/home/qualcomm_clinic/RTL/OpenABC/leaf_level_verilog/tsmc65lp/ariane/lsu_bypass.v:1267$35871'.
Found async reset \N357 in `\lsu_bypass.$proc$/home/qualcomm_clinic/RTL/OpenABC/leaf_level_verilog/tsmc65lp/ariane/lsu_bypass.v:1258$35870'.
Found async reset \N357 in `\lsu_bypass.$proc$/home/qualcomm_clinic/RTL/OpenABC/leaf_level_verilog/tsmc65lp/ariane/lsu_bypass.v:1249$35869'.
Found async reset \N357 in `\lsu_bypass.$proc$/home/qualcomm_clinic/RTL/OpenABC/leaf_level_verilog/tsmc65lp/ariane/lsu_bypass.v:1240$35868'.
Found async reset \N357 in `\lsu_bypass.$proc$/home/qualcomm_clinic/RTL/OpenABC/leaf_level_verilog/tsmc65lp/ariane/lsu_bypass.v:1231$35867'.
Found async reset \N357 in `\lsu_bypass.$proc$/home/qualcomm_clinic/RTL/OpenABC/leaf_level_verilog/tsmc65lp/ariane/lsu_bypass.v:1222$35866'.
Found async reset \N357 in `\lsu_bypass.$proc$/home/qualcomm_clinic/RTL/OpenABC/leaf_level_verilog/tsmc65lp/ariane/lsu_bypass.v:1213$35865'.
Found async reset \N357 in `\lsu_bypass.$proc$/home/qualcomm_clinic/RTL/OpenABC/leaf_level_verilog/tsmc65lp/ariane/lsu_bypass.v:1204$35864'.
Found async reset \N357 in `\lsu_bypass.$proc$/home/qualcomm_clinic/RTL/OpenABC/leaf_level_verilog/tsmc65lp/ariane/lsu_bypass.v:1195$35863'.
Found async reset \N357 in `\lsu_bypass.$proc$/home/qualcomm_clinic/RTL/OpenABC/leaf_level_verilog/tsmc65lp/ariane/lsu_bypass.v:1186$35862'.
Found async reset \N357 in `\lsu_bypass.$proc$/home/qualcomm_clinic/RTL/OpenABC/leaf_level_verilog/tsmc65lp/ariane/lsu_bypass.v:1177$35861'.
Found async reset \N357 in `\lsu_bypass.$proc$/home/qualcomm_clinic/RTL/OpenABC/leaf_level_verilog/tsmc65lp/ariane/lsu_bypass.v:1168$35860'.
Found async reset \N357 in `\lsu_bypass.$proc$/home/qualcomm_clinic/RTL/OpenABC/leaf_level_verilog/tsmc65lp/ariane/lsu_bypass.v:1159$35859'.
Found async reset \N357 in `\lsu_bypass.$proc$/home/qualcomm_clinic/RTL/OpenABC/leaf_level_verilog/tsmc65lp/ariane/lsu_bypass.v:1150$35858'.
Found async reset \N357 in `\lsu_bypass.$proc$/home/qualcomm_clinic/RTL/OpenABC/leaf_level_verilog/tsmc65lp/ariane/lsu_bypass.v:1141$35857'.
Found async reset \N357 in `\lsu_bypass.$proc$/home/qualcomm_clinic/RTL/OpenABC/leaf_level_verilog/tsmc65lp/ariane/lsu_bypass.v:1132$35856'.
Found async reset \N357 in `\lsu_bypass.$proc$/home/qualcomm_clinic/RTL/OpenABC/leaf_level_verilog/tsmc65lp/ariane/lsu_bypass.v:1123$35855'.
Found async reset \N357 in `\lsu_bypass.$proc$/home/qualcomm_clinic/RTL/OpenABC/leaf_level_verilog/tsmc65lp/ariane/lsu_bypass.v:1114$35854'.
Found async reset \N357 in `\lsu_bypass.$proc$/home/qualcomm_clinic/RTL/OpenABC/leaf_level_verilog/tsmc65lp/ariane/lsu_bypass.v:1105$35853'.
Found async reset \N357 in `\lsu_bypass.$proc$/home/qualcomm_clinic/RTL/OpenABC/leaf_level_verilog/tsmc65lp/ariane/lsu_bypass.v:1096$35852'.
Found async reset \N357 in `\lsu_bypass.$proc$/home/qualcomm_clinic/RTL/OpenABC/leaf_level_verilog/tsmc65lp/ariane/lsu_bypass.v:1087$35851'.
Found async reset \N357 in `\lsu_bypass.$proc$/home/qualcomm_clinic/RTL/OpenABC/leaf_level_verilog/tsmc65lp/ariane/lsu_bypass.v:1078$35850'.
Found async reset \N357 in `\lsu_bypass.$proc$/home/qualcomm_clinic/RTL/OpenABC/leaf_level_verilog/tsmc65lp/ariane/lsu_bypass.v:1069$35849'.
Found async reset \N357 in `\lsu_bypass.$proc$/home/qualcomm_clinic/RTL/OpenABC/leaf_level_verilog/tsmc65lp/ariane/lsu_bypass.v:1060$35848'.
Found async reset \N357 in `\lsu_bypass.$proc$/home/qualcomm_clinic/RTL/OpenABC/leaf_level_verilog/tsmc65lp/ariane/lsu_bypass.v:1051$35847'.
Found async reset \N357 in `\lsu_bypass.$proc$/home/qualcomm_clinic/RTL/OpenABC/leaf_level_verilog/tsmc65lp/ariane/lsu_bypass.v:1042$35846'.
Found async reset \N357 in `\lsu_bypass.$proc$/home/qualcomm_clinic/RTL/OpenABC/leaf_level_verilog/tsmc65lp/ariane/lsu_bypass.v:1033$35845'.
Found async reset \N357 in `\lsu_bypass.$proc$/home/qualcomm_clinic/RTL/OpenABC/leaf_level_verilog/tsmc65lp/ariane/lsu_bypass.v:1024$35844'.
Found async reset \N357 in `\lsu_bypass.$proc$/home/qualcomm_clinic/RTL/OpenABC/leaf_level_verilog/tsmc65lp/ariane/lsu_bypass.v:1015$35843'.
Found async reset \N357 in `\lsu_bypass.$proc$/home/qualcomm_clinic/RTL/OpenABC/leaf_level_verilog/tsmc65lp/ariane/lsu_bypass.v:1006$35842'.
Found async reset \N357 in `\lsu_bypass.$proc$/home/qualcomm_clinic/RTL/OpenABC/leaf_level_verilog/tsmc65lp/ariane/lsu_bypass.v:997$35841'.
Found async reset \N357 in `\lsu_bypass.$proc$/home/qualcomm_clinic/RTL/OpenABC/leaf_level_verilog/tsmc65lp/ariane/lsu_bypass.v:988$35840'.
Found async reset \N357 in `\lsu_bypass.$proc$/home/qualcomm_clinic/RTL/OpenABC/leaf_level_verilog/tsmc65lp/ariane/lsu_bypass.v:979$35839'.
Found async reset \N357 in `\lsu_bypass.$proc$/home/qualcomm_clinic/RTL/OpenABC/leaf_level_verilog/tsmc65lp/ariane/lsu_bypass.v:970$35838'.
Found async reset \N357 in `\lsu_bypass.$proc$/home/qualcomm_clinic/RTL/OpenABC/leaf_level_verilog/tsmc65lp/ariane/lsu_bypass.v:961$35837'.
Found async reset \N357 in `\lsu_bypass.$proc$/home/qualcomm_clinic/RTL/OpenABC/leaf_level_verilog/tsmc65lp/ariane/lsu_bypass.v:952$35836'.
Found async reset \N357 in `\lsu_bypass.$proc$/home/qualcomm_clinic/RTL/OpenABC/leaf_level_verilog/tsmc65lp/ariane/lsu_bypass.v:943$35835'.
Found async reset \N357 in `\lsu_bypass.$proc$/home/qualcomm_clinic/RTL/OpenABC/leaf_level_verilog/tsmc65lp/ariane/lsu_bypass.v:934$35834'.
Found async reset \N357 in `\lsu_bypass.$proc$/home/qualcomm_clinic/RTL/OpenABC/leaf_level_verilog/tsmc65lp/ariane/lsu_bypass.v:925$35833'.
Found async reset \N357 in `\lsu_bypass.$proc$/home/qualcomm_clinic/RTL/OpenABC/leaf_level_verilog/tsmc65lp/ariane/lsu_bypass.v:916$35832'.
Found async reset \N357 in `\lsu_bypass.$proc$/home/qualcomm_clinic/RTL/OpenABC/leaf_level_verilog/tsmc65lp/ariane/lsu_bypass.v:907$35831'.
Found async reset \N357 in `\lsu_bypass.$proc$/home/qualcomm_clinic/RTL/OpenABC/leaf_level_verilog/tsmc65lp/ariane/lsu_bypass.v:898$35830'.
Found async reset \N357 in `\lsu_bypass.$proc$/home/qualcomm_clinic/RTL/OpenABC/leaf_level_verilog/tsmc65lp/ariane/lsu_bypass.v:889$35829'.
Found async reset \N357 in `\lsu_bypass.$proc$/home/qualcomm_clinic/RTL/OpenABC/leaf_level_verilog/tsmc65lp/ariane/lsu_bypass.v:880$35828'.
Found async reset \N357 in `\lsu_bypass.$proc$/home/qualcomm_clinic/RTL/OpenABC/leaf_level_verilog/tsmc65lp/ariane/lsu_bypass.v:871$35827'.
Found async reset \N357 in `\lsu_bypass.$proc$/home/qualcomm_clinic/RTL/OpenABC/leaf_level_verilog/tsmc65lp/ariane/lsu_bypass.v:862$35826'.
Found async reset \N357 in `\lsu_bypass.$proc$/home/qualcomm_clinic/RTL/OpenABC/leaf_level_verilog/tsmc65lp/ariane/lsu_bypass.v:853$35825'.
Found async reset \N357 in `\lsu_bypass.$proc$/home/qualcomm_clinic/RTL/OpenABC/leaf_level_verilog/tsmc65lp/ariane/lsu_bypass.v:844$35824'.
Found async reset \N357 in `\lsu_bypass.$proc$/home/qualcomm_clinic/RTL/OpenABC/leaf_level_verilog/tsmc65lp/ariane/lsu_bypass.v:835$35823'.
Found async reset \N357 in `\lsu_bypass.$proc$/home/qualcomm_clinic/RTL/OpenABC/leaf_level_verilog/tsmc65lp/ariane/lsu_bypass.v:826$35822'.
Found async reset \N357 in `\lsu_bypass.$proc$/home/qualcomm_clinic/RTL/OpenABC/leaf_level_verilog/tsmc65lp/ariane/lsu_bypass.v:817$35821'.
Found async reset \N357 in `\lsu_bypass.$proc$/home/qualcomm_clinic/RTL/OpenABC/leaf_level_verilog/tsmc65lp/ariane/lsu_bypass.v:808$35820'.
Found async reset \N357 in `\lsu_bypass.$proc$/home/qualcomm_clinic/RTL/OpenABC/leaf_level_verilog/tsmc65lp/ariane/lsu_bypass.v:799$35819'.
Found async reset \N357 in `\lsu_bypass.$proc$/home/qualcomm_clinic/RTL/OpenABC/leaf_level_verilog/tsmc65lp/ariane/lsu_bypass.v:790$35818'.
Found async reset \N357 in `\lsu_bypass.$proc$/home/qualcomm_clinic/RTL/OpenABC/leaf_level_verilog/tsmc65lp/ariane/lsu_bypass.v:781$35817'.
Found async reset \N357 in `\lsu_bypass.$proc$/home/qualcomm_clinic/RTL/OpenABC/leaf_level_verilog/tsmc65lp/ariane/lsu_bypass.v:772$35816'.
Found async reset \N357 in `\lsu_bypass.$proc$/home/qualcomm_clinic/RTL/OpenABC/leaf_level_verilog/tsmc65lp/ariane/lsu_bypass.v:763$35815'.
Found async reset \N357 in `\lsu_bypass.$proc$/home/qualcomm_clinic/RTL/OpenABC/leaf_level_verilog/tsmc65lp/ariane/lsu_bypass.v:754$35814'.
Found async reset \N357 in `\lsu_bypass.$proc$/home/qualcomm_clinic/RTL/OpenABC/leaf_level_verilog/tsmc65lp/ariane/lsu_bypass.v:745$35813'.
Found async reset \N357 in `\lsu_bypass.$proc$/home/qualcomm_clinic/RTL/OpenABC/leaf_level_verilog/tsmc65lp/ariane/lsu_bypass.v:736$35812'.
Found async reset \N357 in `\lsu_bypass.$proc$/home/qualcomm_clinic/RTL/OpenABC/leaf_level_verilog/tsmc65lp/ariane/lsu_bypass.v:727$35811'.
Found async reset \N357 in `\lsu_bypass.$proc$/home/qualcomm_clinic/RTL/OpenABC/leaf_level_verilog/tsmc65lp/ariane/lsu_bypass.v:718$35810'.
Found async reset \N357 in `\lsu_bypass.$proc$/home/qualcomm_clinic/RTL/OpenABC/leaf_level_verilog/tsmc65lp/ariane/lsu_bypass.v:709$35809'.
Found async reset \N357 in `\lsu_bypass.$proc$/home/qualcomm_clinic/RTL/OpenABC/leaf_level_verilog/tsmc65lp/ariane/lsu_bypass.v:700$35808'.
Found async reset \N357 in `\lsu_bypass.$proc$/home/qualcomm_clinic/RTL/OpenABC/leaf_level_verilog/tsmc65lp/ariane/lsu_bypass.v:691$35807'.
Found async reset \N357 in `\lsu_bypass.$proc$/home/qualcomm_clinic/RTL/OpenABC/leaf_level_verilog/tsmc65lp/ariane/lsu_bypass.v:682$35806'.
Found async reset \N357 in `\lsu_bypass.$proc$/home/qualcomm_clinic/RTL/OpenABC/leaf_level_verilog/tsmc65lp/ariane/lsu_bypass.v:673$35805'.
Found async reset \N357 in `\lsu_bypass.$proc$/home/qualcomm_clinic/RTL/OpenABC/leaf_level_verilog/tsmc65lp/ariane/lsu_bypass.v:664$35804'.
Found async reset \N357 in `\lsu_bypass.$proc$/home/qualcomm_clinic/RTL/OpenABC/leaf_level_verilog/tsmc65lp/ariane/lsu_bypass.v:655$35803'.
Found async reset \N357 in `\lsu_bypass.$proc$/home/qualcomm_clinic/RTL/OpenABC/leaf_level_verilog/tsmc65lp/ariane/lsu_bypass.v:646$35802'.
Found async reset \N357 in `\lsu_bypass.$proc$/home/qualcomm_clinic/RTL/OpenABC/leaf_level_verilog/tsmc65lp/ariane/lsu_bypass.v:637$35801'.
Found async reset \N357 in `\lsu_bypass.$proc$/home/qualcomm_clinic/RTL/OpenABC/leaf_level_verilog/tsmc65lp/ariane/lsu_bypass.v:628$35800'.
Found async reset \N357 in `\lsu_bypass.$proc$/home/qualcomm_clinic/RTL/OpenABC/leaf_level_verilog/tsmc65lp/ariane/lsu_bypass.v:619$35799'.
Found async reset \N357 in `\lsu_bypass.$proc$/home/qualcomm_clinic/RTL/OpenABC/leaf_level_verilog/tsmc65lp/ariane/lsu_bypass.v:610$35798'.
Found async reset \N357 in `\lsu_bypass.$proc$/home/qualcomm_clinic/RTL/OpenABC/leaf_level_verilog/tsmc65lp/ariane/lsu_bypass.v:601$35797'.
Found async reset \N357 in `\lsu_bypass.$proc$/home/qualcomm_clinic/RTL/OpenABC/leaf_level_verilog/tsmc65lp/ariane/lsu_bypass.v:592$35796'.
Found async reset \N357 in `\lsu_bypass.$proc$/home/qualcomm_clinic/RTL/OpenABC/leaf_level_verilog/tsmc65lp/ariane/lsu_bypass.v:583$35795'.
Found async reset \N357 in `\lsu_bypass.$proc$/home/qualcomm_clinic/RTL/OpenABC/leaf_level_verilog/tsmc65lp/ariane/lsu_bypass.v:574$35794'.
Found async reset \N357 in `\lsu_bypass.$proc$/home/qualcomm_clinic/RTL/OpenABC/leaf_level_verilog/tsmc65lp/ariane/lsu_bypass.v:565$35793'.
Found async reset \N357 in `\lsu_bypass.$proc$/home/qualcomm_clinic/RTL/OpenABC/leaf_level_verilog/tsmc65lp/ariane/lsu_bypass.v:556$35792'.
Found async reset \N357 in `\lsu_bypass.$proc$/home/qualcomm_clinic/RTL/OpenABC/leaf_level_verilog/tsmc65lp/ariane/lsu_bypass.v:547$35791'.
Found async reset \N357 in `\lsu_bypass.$proc$/home/qualcomm_clinic/RTL/OpenABC/leaf_level_verilog/tsmc65lp/ariane/lsu_bypass.v:538$35790'.
Found async reset \N357 in `\lsu_bypass.$proc$/home/qualcomm_clinic/RTL/OpenABC/leaf_level_verilog/tsmc65lp/ariane/lsu_bypass.v:529$35789'.
Found async reset \N357 in `\lsu_bypass.$proc$/home/qualcomm_clinic/RTL/OpenABC/leaf_level_verilog/tsmc65lp/ariane/lsu_bypass.v:520$35788'.
Found async reset \N357 in `\lsu_bypass.$proc$/home/qualcomm_clinic/RTL/OpenABC/leaf_level_verilog/tsmc65lp/ariane/lsu_bypass.v:511$35787'.
Found async reset \N357 in `\lsu_bypass.$proc$/home/qualcomm_clinic/RTL/OpenABC/leaf_level_verilog/tsmc65lp/ariane/lsu_bypass.v:502$35786'.
Found async reset \N357 in `\lsu_bypass.$proc$/home/qualcomm_clinic/RTL/OpenABC/leaf_level_verilog/tsmc65lp/ariane/lsu_bypass.v:493$35785'.
Found async reset \N357 in `\lsu_bypass.$proc$/home/qualcomm_clinic/RTL/OpenABC/leaf_level_verilog/tsmc65lp/ariane/lsu_bypass.v:484$35784'.
Found async reset \N357 in `\lsu_bypass.$proc$/home/qualcomm_clinic/RTL/OpenABC/leaf_level_verilog/tsmc65lp/ariane/lsu_bypass.v:475$35783'.
Found async reset \N357 in `\lsu_bypass.$proc$/home/qualcomm_clinic/RTL/OpenABC/leaf_level_verilog/tsmc65lp/ariane/lsu_bypass.v:466$35782'.
Found async reset \N357 in `\lsu_bypass.$proc$/home/qualcomm_clinic/RTL/OpenABC/leaf_level_verilog/tsmc65lp/ariane/lsu_bypass.v:457$35781'.
Found async reset \N357 in `\lsu_bypass.$proc$/home/qualcomm_clinic/RTL/OpenABC/leaf_level_verilog/tsmc65lp/ariane/lsu_bypass.v:448$35780'.
Found async reset \N357 in `\lsu_bypass.$proc$/home/qualcomm_clinic/RTL/OpenABC/leaf_level_verilog/tsmc65lp/ariane/lsu_bypass.v:439$35779'.
Found async reset \N357 in `\lsu_bypass.$proc$/home/qualcomm_clinic/RTL/OpenABC/leaf_level_verilog/tsmc65lp/ariane/lsu_bypass.v:430$35778'.
Found async reset \N357 in `\lsu_bypass.$proc$/home/qualcomm_clinic/RTL/OpenABC/leaf_level_verilog/tsmc65lp/ariane/lsu_bypass.v:421$35777'.
Found async reset \N357 in `\lsu_bypass.$proc$/home/qualcomm_clinic/RTL/OpenABC/leaf_level_verilog/tsmc65lp/ariane/lsu_bypass.v:412$35776'.
Found async reset \N357 in `\lsu_bypass.$proc$/home/qualcomm_clinic/RTL/OpenABC/leaf_level_verilog/tsmc65lp/ariane/lsu_bypass.v:403$35775'.
Found async reset \N357 in `\lsu_bypass.$proc$/home/qualcomm_clinic/RTL/OpenABC/leaf_level_verilog/tsmc65lp/ariane/lsu_bypass.v:394$35774'.
Found async reset \N357 in `\lsu_bypass.$proc$/home/qualcomm_clinic/RTL/OpenABC/leaf_level_verilog/tsmc65lp/ariane/lsu_bypass.v:385$35773'.
Found async reset \N357 in `\lsu_bypass.$proc$/home/qualcomm_clinic/RTL/OpenABC/leaf_level_verilog/tsmc65lp/ariane/lsu_bypass.v:376$35772'.
Found async reset \N357 in `\lsu_bypass.$proc$/home/qualcomm_clinic/RTL/OpenABC/leaf_level_verilog/tsmc65lp/ariane/lsu_bypass.v:367$35771'.
Found async reset \N357 in `\lsu_bypass.$proc$/home/qualcomm_clinic/RTL/OpenABC/leaf_level_verilog/tsmc65lp/ariane/lsu_bypass.v:358$35770'.

44.6. Executing PROC_ROM pass (convert switches to ROMs).
Converted 0 switches.
<suppressed ~301 debug messages>

44.7. Executing PROC_MUX pass (convert decision trees to multiplexers).
Creating decoders for process `\lsu_bypass.$proc$/home/qualcomm_clinic/RTL/OpenABC/leaf_level_verilog/tsmc65lp/ariane/lsu_bypass.v:3103$36075'.
     1/1: $0\N17[0:0]
Creating decoders for process `\lsu_bypass.$proc$/home/qualcomm_clinic/RTL/OpenABC/leaf_level_verilog/tsmc65lp/ariane/lsu_bypass.v:3094$36074'.
     1/1: $0\status_cnt_q[0:0]
Creating decoders for process `\lsu_bypass.$proc$/home/qualcomm_clinic/RTL/OpenABC/leaf_level_verilog/tsmc65lp/ariane/lsu_bypass.v:3085$36073'.
     1/1: $0\status_cnt_q[1:1]
Creating decoders for process `\lsu_bypass.$proc$/home/qualcomm_clinic/RTL/OpenABC/leaf_level_verilog/tsmc65lp/ariane/lsu_bypass.v:3076$36072'.
     1/1: $0\mem_q[0:0]
Creating decoders for process `\lsu_bypass.$proc$/home/qualcomm_clinic/RTL/OpenABC/leaf_level_verilog/tsmc65lp/ariane/lsu_bypass.v:3067$36071'.
     1/1: $0\mem_q[1:1]
Creating decoders for process `\lsu_bypass.$proc$/home/qualcomm_clinic/RTL/OpenABC/leaf_level_verilog/tsmc65lp/ariane/lsu_bypass.v:3058$36070'.
     1/1: $0\mem_q[2:2]
Creating decoders for process `\lsu_bypass.$proc$/home/qualcomm_clinic/RTL/OpenABC/leaf_level_verilog/tsmc65lp/ariane/lsu_bypass.v:3049$36069'.
     1/1: $0\mem_q[3:3]
Creating decoders for process `\lsu_bypass.$proc$/home/qualcomm_clinic/RTL/OpenABC/leaf_level_verilog/tsmc65lp/ariane/lsu_bypass.v:3040$36068'.
     1/1: $0\mem_q[4:4]
Creating decoders for process `\lsu_bypass.$proc$/home/qualcomm_clinic/RTL/OpenABC/leaf_level_verilog/tsmc65lp/ariane/lsu_bypass.v:3031$36067'.
     1/1: $0\mem_q[5:5]
Creating decoders for process `\lsu_bypass.$proc$/home/qualcomm_clinic/RTL/OpenABC/leaf_level_verilog/tsmc65lp/ariane/lsu_bypass.v:3022$36066'.
     1/1: $0\mem_q[6:6]
Creating decoders for process `\lsu_bypass.$proc$/home/qualcomm_clinic/RTL/OpenABC/leaf_level_verilog/tsmc65lp/ariane/lsu_bypass.v:3013$36065'.
     1/1: $0\mem_q[7:7]
Creating decoders for process `\lsu_bypass.$proc$/home/qualcomm_clinic/RTL/OpenABC/leaf_level_verilog/tsmc65lp/ariane/lsu_bypass.v:3004$36064'.
     1/1: $0\mem_q[8:8]
Creating decoders for process `\lsu_bypass.$proc$/home/qualcomm_clinic/RTL/OpenABC/leaf_level_verilog/tsmc65lp/ariane/lsu_bypass.v:2995$36063'.
     1/1: $0\mem_q[9:9]
Creating decoders for process `\lsu_bypass.$proc$/home/qualcomm_clinic/RTL/OpenABC/leaf_level_verilog/tsmc65lp/ariane/lsu_bypass.v:2986$36062'.
     1/1: $0\mem_q[10:10]
Creating decoders for process `\lsu_bypass.$proc$/home/qualcomm_clinic/RTL/OpenABC/leaf_level_verilog/tsmc65lp/ariane/lsu_bypass.v:2977$36061'.
     1/1: $0\mem_q[11:11]
Creating decoders for process `\lsu_bypass.$proc$/home/qualcomm_clinic/RTL/OpenABC/leaf_level_verilog/tsmc65lp/ariane/lsu_bypass.v:2968$36060'.
     1/1: $0\mem_q[12:12]
Creating decoders for process `\lsu_bypass.$proc$/home/qualcomm_clinic/RTL/OpenABC/leaf_level_verilog/tsmc65lp/ariane/lsu_bypass.v:2959$36059'.
     1/1: $0\mem_q[13:13]
Creating decoders for process `\lsu_bypass.$proc$/home/qualcomm_clinic/RTL/OpenABC/leaf_level_verilog/tsmc65lp/ariane/lsu_bypass.v:2950$36058'.
     1/1: $0\mem_q[14:14]
Creating decoders for process `\lsu_bypass.$proc$/home/qualcomm_clinic/RTL/OpenABC/leaf_level_verilog/tsmc65lp/ariane/lsu_bypass.v:2941$36057'.
     1/1: $0\mem_q[15:15]
Creating decoders for process `\lsu_bypass.$proc$/home/qualcomm_clinic/RTL/OpenABC/leaf_level_verilog/tsmc65lp/ariane/lsu_bypass.v:2932$36056'.
     1/1: $0\mem_q[16:16]
Creating decoders for process `\lsu_bypass.$proc$/home/qualcomm_clinic/RTL/OpenABC/leaf_level_verilog/tsmc65lp/ariane/lsu_bypass.v:2923$36055'.
     1/1: $0\mem_q[17:17]
Creating decoders for process `\lsu_bypass.$proc$/home/qualcomm_clinic/RTL/OpenABC/leaf_level_verilog/tsmc65lp/ariane/lsu_bypass.v:2914$36054'.
     1/1: $0\mem_q[18:18]
Creating decoders for process `\lsu_bypass.$proc$/home/qualcomm_clinic/RTL/OpenABC/leaf_level_verilog/tsmc65lp/ariane/lsu_bypass.v:2905$36053'.
     1/1: $0\mem_q[19:19]
Creating decoders for process `\lsu_bypass.$proc$/home/qualcomm_clinic/RTL/OpenABC/leaf_level_verilog/tsmc65lp/ariane/lsu_bypass.v:2896$36052'.
     1/1: $0\mem_q[20:20]
Creating decoders for process `\lsu_bypass.$proc$/home/qualcomm_clinic/RTL/OpenABC/leaf_level_verilog/tsmc65lp/ariane/lsu_bypass.v:2887$36051'.
     1/1: $0\mem_q[21:21]
Creating decoders for process `\lsu_bypass.$proc$/home/qualcomm_clinic/RTL/OpenABC/leaf_level_verilog/tsmc65lp/ariane/lsu_bypass.v:2878$36050'.
     1/1: $0\mem_q[22:22]
Creating decoders for process `\lsu_bypass.$proc$/home/qualcomm_clinic/RTL/OpenABC/leaf_level_verilog/tsmc65lp/ariane/lsu_bypass.v:2869$36049'.
     1/1: $0\mem_q[23:23]
Creating decoders for process `\lsu_bypass.$proc$/home/qualcomm_clinic/RTL/OpenABC/leaf_level_verilog/tsmc65lp/ariane/lsu_bypass.v:2860$36048'.
     1/1: $0\mem_q[24:24]
Creating decoders for process `\lsu_bypass.$proc$/home/qualcomm_clinic/RTL/OpenABC/leaf_level_verilog/tsmc65lp/ariane/lsu_bypass.v:2851$36047'.
     1/1: $0\mem_q[25:25]
Creating decoders for process `\lsu_bypass.$proc$/home/qualcomm_clinic/RTL/OpenABC/leaf_level_verilog/tsmc65lp/ariane/lsu_bypass.v:2842$36046'.
     1/1: $0\mem_q[26:26]
Creating decoders for process `\lsu_bypass.$proc$/home/qualcomm_clinic/RTL/OpenABC/leaf_level_verilog/tsmc65lp/ariane/lsu_bypass.v:2833$36045'.
     1/1: $0\mem_q[27:27]
Creating decoders for process `\lsu_bypass.$proc$/home/qualcomm_clinic/RTL/OpenABC/leaf_level_verilog/tsmc65lp/ariane/lsu_bypass.v:2824$36044'.
     1/1: $0\mem_q[28:28]
Creating decoders for process `\lsu_bypass.$proc$/home/qualcomm_clinic/RTL/OpenABC/leaf_level_verilog/tsmc65lp/ariane/lsu_bypass.v:2815$36043'.
     1/1: $0\mem_q[29:29]
Creating decoders for process `\lsu_bypass.$proc$/home/qualcomm_clinic/RTL/OpenABC/leaf_level_verilog/tsmc65lp/ariane/lsu_bypass.v:2806$36042'.
     1/1: $0\mem_q[30:30]
Creating decoders for process `\lsu_bypass.$proc$/home/qualcomm_clinic/RTL/OpenABC/leaf_level_verilog/tsmc65lp/ariane/lsu_bypass.v:2797$36041'.
     1/1: $0\mem_q[31:31]
Creating decoders for process `\lsu_bypass.$proc$/home/qualcomm_clinic/RTL/OpenABC/leaf_level_verilog/tsmc65lp/ariane/lsu_bypass.v:2788$36040'.
     1/1: $0\mem_q[32:32]
Creating decoders for process `\lsu_bypass.$proc$/home/qualcomm_clinic/RTL/OpenABC/leaf_level_verilog/tsmc65lp/ariane/lsu_bypass.v:2779$36039'.
     1/1: $0\mem_q[33:33]
Creating decoders for process `\lsu_bypass.$proc$/home/qualcomm_clinic/RTL/OpenABC/leaf_level_verilog/tsmc65lp/ariane/lsu_bypass.v:2770$36038'.
     1/1: $0\mem_q[34:34]
Creating decoders for process `\lsu_bypass.$proc$/home/qualcomm_clinic/RTL/OpenABC/leaf_level_verilog/tsmc65lp/ariane/lsu_bypass.v:2761$36037'.
     1/1: $0\mem_q[35:35]
Creating decoders for process `\lsu_bypass.$proc$/home/qualcomm_clinic/RTL/OpenABC/leaf_level_verilog/tsmc65lp/ariane/lsu_bypass.v:2752$36036'.
     1/1: $0\mem_q[36:36]
Creating decoders for process `\lsu_bypass.$proc$/home/qualcomm_clinic/RTL/OpenABC/leaf_level_verilog/tsmc65lp/ariane/lsu_bypass.v:2743$36035'.
     1/1: $0\mem_q[37:37]
Creating decoders for process `\lsu_bypass.$proc$/home/qualcomm_clinic/RTL/OpenABC/leaf_level_verilog/tsmc65lp/ariane/lsu_bypass.v:2734$36034'.
     1/1: $0\mem_q[38:38]
Creating decoders for process `\lsu_bypass.$proc$/home/qualcomm_clinic/RTL/OpenABC/leaf_level_verilog/tsmc65lp/ariane/lsu_bypass.v:2725$36033'.
     1/1: $0\mem_q[39:39]
Creating decoders for process `\lsu_bypass.$proc$/home/qualcomm_clinic/RTL/OpenABC/leaf_level_verilog/tsmc65lp/ariane/lsu_bypass.v:2716$36032'.
     1/1: $0\mem_q[40:40]
Creating decoders for process `\lsu_bypass.$proc$/home/qualcomm_clinic/RTL/OpenABC/leaf_level_verilog/tsmc65lp/ariane/lsu_bypass.v:2707$36031'.
     1/1: $0\mem_q[41:41]
Creating decoders for process `\lsu_bypass.$proc$/home/qualcomm_clinic/RTL/OpenABC/leaf_level_verilog/tsmc65lp/ariane/lsu_bypass.v:2698$36030'.
     1/1: $0\mem_q[42:42]
Creating decoders for process `\lsu_bypass.$proc$/home/qualcomm_clinic/RTL/OpenABC/leaf_level_verilog/tsmc65lp/ariane/lsu_bypass.v:2689$36029'.
     1/1: $0\mem_q[43:43]
Creating decoders for process `\lsu_bypass.$proc$/home/qualcomm_clinic/RTL/OpenABC/leaf_level_verilog/tsmc65lp/ariane/lsu_bypass.v:2680$36028'.
     1/1: $0\mem_q[44:44]
Creating decoders for process `\lsu_bypass.$proc$/home/qualcomm_clinic/RTL/OpenABC/leaf_level_verilog/tsmc65lp/ariane/lsu_bypass.v:2671$36027'.
     1/1: $0\mem_q[45:45]
Creating decoders for process `\lsu_bypass.$proc$/home/qualcomm_clinic/RTL/OpenABC/leaf_level_verilog/tsmc65lp/ariane/lsu_bypass.v:2662$36026'.
     1/1: $0\mem_q[46:46]
Creating decoders for process `\lsu_bypass.$proc$/home/qualcomm_clinic/RTL/OpenABC/leaf_level_verilog/tsmc65lp/ariane/lsu_bypass.v:2653$36025'.
     1/1: $0\mem_q[47:47]
Creating decoders for process `\lsu_bypass.$proc$/home/qualcomm_clinic/RTL/OpenABC/leaf_level_verilog/tsmc65lp/ariane/lsu_bypass.v:2644$36024'.
     1/1: $0\mem_q[48:48]
Creating decoders for process `\lsu_bypass.$proc$/home/qualcomm_clinic/RTL/OpenABC/leaf_level_verilog/tsmc65lp/ariane/lsu_bypass.v:2635$36023'.
     1/1: $0\mem_q[49:49]
Creating decoders for process `\lsu_bypass.$proc$/home/qualcomm_clinic/RTL/OpenABC/leaf_level_verilog/tsmc65lp/ariane/lsu_bypass.v:2626$36022'.
     1/1: $0\mem_q[50:50]
Creating decoders for process `\lsu_bypass.$proc$/home/qualcomm_clinic/RTL/OpenABC/leaf_level_verilog/tsmc65lp/ariane/lsu_bypass.v:2617$36021'.
     1/1: $0\mem_q[51:51]
Creating decoders for process `\lsu_bypass.$proc$/home/qualcomm_clinic/RTL/OpenABC/leaf_level_verilog/tsmc65lp/ariane/lsu_bypass.v:2608$36020'.
     1/1: $0\mem_q[52:52]
Creating decoders for process `\lsu_bypass.$proc$/home/qualcomm_clinic/RTL/OpenABC/leaf_level_verilog/tsmc65lp/ariane/lsu_bypass.v:2599$36019'.
     1/1: $0\mem_q[53:53]
Creating decoders for process `\lsu_bypass.$proc$/home/qualcomm_clinic/RTL/OpenABC/leaf_level_verilog/tsmc65lp/ariane/lsu_bypass.v:2590$36018'.
     1/1: $0\mem_q[54:54]
Creating decoders for process `\lsu_bypass.$proc$/home/qualcomm_clinic/RTL/OpenABC/leaf_level_verilog/tsmc65lp/ariane/lsu_bypass.v:2581$36017'.
     1/1: $0\mem_q[55:55]
Creating decoders for process `\lsu_bypass.$proc$/home/qualcomm_clinic/RTL/OpenABC/leaf_level_verilog/tsmc65lp/ariane/lsu_bypass.v:2572$36016'.
     1/1: $0\mem_q[56:56]
Creating decoders for process `\lsu_bypass.$proc$/home/qualcomm_clinic/RTL/OpenABC/leaf_level_verilog/tsmc65lp/ariane/lsu_bypass.v:2563$36015'.
     1/1: $0\mem_q[57:57]
Creating decoders for process `\lsu_bypass.$proc$/home/qualcomm_clinic/RTL/OpenABC/leaf_level_verilog/tsmc65lp/ariane/lsu_bypass.v:2554$36014'.
     1/1: $0\mem_q[58:58]
Creating decoders for process `\lsu_bypass.$proc$/home/qualcomm_clinic/RTL/OpenABC/leaf_level_verilog/tsmc65lp/ariane/lsu_bypass.v:2545$36013'.
     1/1: $0\mem_q[59:59]
Creating decoders for process `\lsu_bypass.$proc$/home/qualcomm_clinic/RTL/OpenABC/leaf_level_verilog/tsmc65lp/ariane/lsu_bypass.v:2536$36012'.
     1/1: $0\mem_q[60:60]
Creating decoders for process `\lsu_bypass.$proc$/home/qualcomm_clinic/RTL/OpenABC/leaf_level_verilog/tsmc65lp/ariane/lsu_bypass.v:2527$36011'.
     1/1: $0\mem_q[61:61]
Creating decoders for process `\lsu_bypass.$proc$/home/qualcomm_clinic/RTL/OpenABC/leaf_level_verilog/tsmc65lp/ariane/lsu_bypass.v:2518$36010'.
     1/1: $0\mem_q[62:62]
Creating decoders for process `\lsu_bypass.$proc$/home/qualcomm_clinic/RTL/OpenABC/leaf_level_verilog/tsmc65lp/ariane/lsu_bypass.v:2509$36009'.
     1/1: $0\mem_q[63:63]
Creating decoders for process `\lsu_bypass.$proc$/home/qualcomm_clinic/RTL/OpenABC/leaf_level_verilog/tsmc65lp/ariane/lsu_bypass.v:2500$36008'.
     1/1: $0\mem_q[64:64]
Creating decoders for process `\lsu_bypass.$proc$/home/qualcomm_clinic/RTL/OpenABC/leaf_level_verilog/tsmc65lp/ariane/lsu_bypass.v:2491$36007'.
     1/1: $0\mem_q[65:65]
Creating decoders for process `\lsu_bypass.$proc$/home/qualcomm_clinic/RTL/OpenABC/leaf_level_verilog/tsmc65lp/ariane/lsu_bypass.v:2482$36006'.
     1/1: $0\mem_q[66:66]
Creating decoders for process `\lsu_bypass.$proc$/home/qualcomm_clinic/RTL/OpenABC/leaf_level_verilog/tsmc65lp/ariane/lsu_bypass.v:2473$36005'.
     1/1: $0\mem_q[67:67]
Creating decoders for process `\lsu_bypass.$proc$/home/qualcomm_clinic/RTL/OpenABC/leaf_level_verilog/tsmc65lp/ariane/lsu_bypass.v:2464$36004'.
     1/1: $0\mem_q[68:68]
Creating decoders for process `\lsu_bypass.$proc$/home/qualcomm_clinic/RTL/OpenABC/leaf_level_verilog/tsmc65lp/ariane/lsu_bypass.v:2455$36003'.
     1/1: $0\mem_q[69:69]
Creating decoders for process `\lsu_bypass.$proc$/home/qualcomm_clinic/RTL/OpenABC/leaf_level_verilog/tsmc65lp/ariane/lsu_bypass.v:2446$36002'.
     1/1: $0\mem_q[70:70]
Creating decoders for process `\lsu_bypass.$proc$/home/qualcomm_clinic/RTL/OpenABC/leaf_level_verilog/tsmc65lp/ariane/lsu_bypass.v:2437$36001'.
     1/1: $0\mem_q[71:71]
Creating decoders for process `\lsu_bypass.$proc$/home/qualcomm_clinic/RTL/OpenABC/leaf_level_verilog/tsmc65lp/ariane/lsu_bypass.v:2428$36000'.
     1/1: $0\mem_q[72:72]
Creating decoders for process `\lsu_bypass.$proc$/home/qualcomm_clinic/RTL/OpenABC/leaf_level_verilog/tsmc65lp/ariane/lsu_bypass.v:2419$35999'.
     1/1: $0\mem_q[73:73]
Creating decoders for process `\lsu_bypass.$proc$/home/qualcomm_clinic/RTL/OpenABC/leaf_level_verilog/tsmc65lp/ariane/lsu_bypass.v:2410$35998'.
     1/1: $0\mem_q[74:74]
Creating decoders for process `\lsu_bypass.$proc$/home/qualcomm_clinic/RTL/OpenABC/leaf_level_verilog/tsmc65lp/ariane/lsu_bypass.v:2401$35997'.
     1/1: $0\mem_q[75:75]
Creating decoders for process `\lsu_bypass.$proc$/home/qualcomm_clinic/RTL/OpenABC/leaf_level_verilog/tsmc65lp/ariane/lsu_bypass.v:2392$35996'.
     1/1: $0\mem_q[76:76]
Creating decoders for process `\lsu_bypass.$proc$/home/qualcomm_clinic/RTL/OpenABC/leaf_level_verilog/tsmc65lp/ariane/lsu_bypass.v:2383$35995'.
     1/1: $0\mem_q[77:77]
Creating decoders for process `\lsu_bypass.$proc$/home/qualcomm_clinic/RTL/OpenABC/leaf_level_verilog/tsmc65lp/ariane/lsu_bypass.v:2374$35994'.
     1/1: $0\mem_q[78:78]
Creating decoders for process `\lsu_bypass.$proc$/home/qualcomm_clinic/RTL/OpenABC/leaf_level_verilog/tsmc65lp/ariane/lsu_bypass.v:2365$35993'.
     1/1: $0\mem_q[79:79]
Creating decoders for process `\lsu_bypass.$proc$/home/qualcomm_clinic/RTL/OpenABC/leaf_level_verilog/tsmc65lp/ariane/lsu_bypass.v:2356$35992'.
     1/1: $0\mem_q[80:80]
Creating decoders for process `\lsu_bypass.$proc$/home/qualcomm_clinic/RTL/OpenABC/leaf_level_verilog/tsmc65lp/ariane/lsu_bypass.v:2347$35991'.
     1/1: $0\mem_q[81:81]
Creating decoders for process `\lsu_bypass.$proc$/home/qualcomm_clinic/RTL/OpenABC/leaf_level_verilog/tsmc65lp/ariane/lsu_bypass.v:2338$35990'.
     1/1: $0\mem_q[82:82]
Creating decoders for process `\lsu_bypass.$proc$/home/qualcomm_clinic/RTL/OpenABC/leaf_level_verilog/tsmc65lp/ariane/lsu_bypass.v:2329$35989'.
     1/1: $0\mem_q[83:83]
Creating decoders for process `\lsu_bypass.$proc$/home/qualcomm_clinic/RTL/OpenABC/leaf_level_verilog/tsmc65lp/ariane/lsu_bypass.v:2320$35988'.
     1/1: $0\mem_q[84:84]
Creating decoders for process `\lsu_bypass.$proc$/home/qualcomm_clinic/RTL/OpenABC/leaf_level_verilog/tsmc65lp/ariane/lsu_bypass.v:2311$35987'.
     1/1: $0\mem_q[85:85]
Creating decoders for process `\lsu_bypass.$proc$/home/qualcomm_clinic/RTL/OpenABC/leaf_level_verilog/tsmc65lp/ariane/lsu_bypass.v:2302$35986'.
     1/1: $0\mem_q[86:86]
Creating decoders for process `\lsu_bypass.$proc$/home/qualcomm_clinic/RTL/OpenABC/leaf_level_verilog/tsmc65lp/ariane/lsu_bypass.v:2293$35985'.
     1/1: $0\mem_q[87:87]
Creating decoders for process `\lsu_bypass.$proc$/home/qualcomm_clinic/RTL/OpenABC/leaf_level_verilog/tsmc65lp/ariane/lsu_bypass.v:2284$35984'.
     1/1: $0\mem_q[88:88]
Creating decoders for process `\lsu_bypass.$proc$/home/qualcomm_clinic/RTL/OpenABC/leaf_level_verilog/tsmc65lp/ariane/lsu_bypass.v:2275$35983'.
     1/1: $0\mem_q[89:89]
Creating decoders for process `\lsu_bypass.$proc$/home/qualcomm_clinic/RTL/OpenABC/leaf_level_verilog/tsmc65lp/ariane/lsu_bypass.v:2266$35982'.
     1/1: $0\mem_q[90:90]
Creating decoders for process `\lsu_bypass.$proc$/home/qualcomm_clinic/RTL/OpenABC/leaf_level_verilog/tsmc65lp/ariane/lsu_bypass.v:2257$35981'.
     1/1: $0\mem_q[91:91]
Creating decoders for process `\lsu_bypass.$proc$/home/qualcomm_clinic/RTL/OpenABC/leaf_level_verilog/tsmc65lp/ariane/lsu_bypass.v:2248$35980'.
     1/1: $0\mem_q[92:92]
Creating decoders for process `\lsu_bypass.$proc$/home/qualcomm_clinic/RTL/OpenABC/leaf_level_verilog/tsmc65lp/ariane/lsu_bypass.v:2239$35979'.
     1/1: $0\mem_q[93:93]
Creating decoders for process `\lsu_bypass.$proc$/home/qualcomm_clinic/RTL/OpenABC/leaf_level_verilog/tsmc65lp/ariane/lsu_bypass.v:2230$35978'.
     1/1: $0\mem_q[94:94]
Creating decoders for process `\lsu_bypass.$proc$/home/qualcomm_clinic/RTL/OpenABC/leaf_level_verilog/tsmc65lp/ariane/lsu_bypass.v:2221$35977'.
     1/1: $0\mem_q[95:95]
Creating decoders for process `\lsu_bypass.$proc$/home/qualcomm_clinic/RTL/OpenABC/leaf_level_verilog/tsmc65lp/ariane/lsu_bypass.v:2212$35976'.
     1/1: $0\mem_q[96:96]
Creating decoders for process `\lsu_bypass.$proc$/home/qualcomm_clinic/RTL/OpenABC/leaf_level_verilog/tsmc65lp/ariane/lsu_bypass.v:2203$35975'.
     1/1: $0\mem_q[97:97]
Creating decoders for process `\lsu_bypass.$proc$/home/qualcomm_clinic/RTL/OpenABC/leaf_level_verilog/tsmc65lp/ariane/lsu_bypass.v:2194$35974'.
     1/1: $0\mem_q[98:98]
Creating decoders for process `\lsu_bypass.$proc$/home/qualcomm_clinic/RTL/OpenABC/leaf_level_verilog/tsmc65lp/ariane/lsu_bypass.v:2185$35973'.
     1/1: $0\mem_q[99:99]
Creating decoders for process `\lsu_bypass.$proc$/home/qualcomm_clinic/RTL/OpenABC/leaf_level_verilog/tsmc65lp/ariane/lsu_bypass.v:2176$35972'.
     1/1: $0\mem_q[100:100]
Creating decoders for process `\lsu_bypass.$proc$/home/qualcomm_clinic/RTL/OpenABC/leaf_level_verilog/tsmc65lp/ariane/lsu_bypass.v:2167$35971'.
     1/1: $0\mem_q[101:101]
Creating decoders for process `\lsu_bypass.$proc$/home/qualcomm_clinic/RTL/OpenABC/leaf_level_verilog/tsmc65lp/ariane/lsu_bypass.v:2158$35970'.
     1/1: $0\mem_q[102:102]
Creating decoders for process `\lsu_bypass.$proc$/home/qualcomm_clinic/RTL/OpenABC/leaf_level_verilog/tsmc65lp/ariane/lsu_bypass.v:2149$35969'.
     1/1: $0\mem_q[103:103]
Creating decoders for process `\lsu_bypass.$proc$/home/qualcomm_clinic/RTL/OpenABC/leaf_level_verilog/tsmc65lp/ariane/lsu_bypass.v:2140$35968'.
     1/1: $0\mem_q[104:104]
Creating decoders for process `\lsu_bypass.$proc$/home/qualcomm_clinic/RTL/OpenABC/leaf_level_verilog/tsmc65lp/ariane/lsu_bypass.v:2131$35967'.
     1/1: $0\mem_q[105:105]
Creating decoders for process `\lsu_bypass.$proc$/home/qualcomm_clinic/RTL/OpenABC/leaf_level_verilog/tsmc65lp/ariane/lsu_bypass.v:2122$35966'.
     1/1: $0\mem_q[106:106]
Creating decoders for process `\lsu_bypass.$proc$/home/qualcomm_clinic/RTL/OpenABC/leaf_level_verilog/tsmc65lp/ariane/lsu_bypass.v:2113$35965'.
     1/1: $0\mem_q[107:107]
Creating decoders for process `\lsu_bypass.$proc$/home/qualcomm_clinic/RTL/OpenABC/leaf_level_verilog/tsmc65lp/ariane/lsu_bypass.v:2104$35964'.
     1/1: $0\mem_q[108:108]
Creating decoders for process `\lsu_bypass.$proc$/home/qualcomm_clinic/RTL/OpenABC/leaf_level_verilog/tsmc65lp/ariane/lsu_bypass.v:2095$35963'.
     1/1: $0\mem_q[109:109]
Creating decoders for process `\lsu_bypass.$proc$/home/qualcomm_clinic/RTL/OpenABC/leaf_level_verilog/tsmc65lp/ariane/lsu_bypass.v:2086$35962'.
     1/1: $0\mem_q[110:110]
Creating decoders for process `\lsu_bypass.$proc$/home/qualcomm_clinic/RTL/OpenABC/leaf_level_verilog/tsmc65lp/ariane/lsu_bypass.v:2077$35961'.
     1/1: $0\mem_q[111:111]
Creating decoders for process `\lsu_bypass.$proc$/home/qualcomm_clinic/RTL/OpenABC/leaf_level_verilog/tsmc65lp/ariane/lsu_bypass.v:2068$35960'.
     1/1: $0\mem_q[112:112]
Creating decoders for process `\lsu_bypass.$proc$/home/qualcomm_clinic/RTL/OpenABC/leaf_level_verilog/tsmc65lp/ariane/lsu_bypass.v:2059$35959'.
     1/1: $0\mem_q[113:113]
Creating decoders for process `\lsu_bypass.$proc$/home/qualcomm_clinic/RTL/OpenABC/leaf_level_verilog/tsmc65lp/ariane/lsu_bypass.v:2050$35958'.
     1/1: $0\mem_q[114:114]
Creating decoders for process `\lsu_bypass.$proc$/home/qualcomm_clinic/RTL/OpenABC/leaf_level_verilog/tsmc65lp/ariane/lsu_bypass.v:2041$35957'.
     1/1: $0\mem_q[115:115]
Creating decoders for process `\lsu_bypass.$proc$/home/qualcomm_clinic/RTL/OpenABC/leaf_level_verilog/tsmc65lp/ariane/lsu_bypass.v:2032$35956'.
     1/1: $0\mem_q[116:116]
Creating decoders for process `\lsu_bypass.$proc$/home/qualcomm_clinic/RTL/OpenABC/leaf_level_verilog/tsmc65lp/ariane/lsu_bypass.v:2023$35955'.
     1/1: $0\mem_q[117:117]
Creating decoders for process `\lsu_bypass.$proc$/home/qualcomm_clinic/RTL/OpenABC/leaf_level_verilog/tsmc65lp/ariane/lsu_bypass.v:2014$35954'.
     1/1: $0\mem_q[118:118]
Creating decoders for process `\lsu_bypass.$proc$/home/qualcomm_clinic/RTL/OpenABC/leaf_level_verilog/tsmc65lp/ariane/lsu_bypass.v:2005$35953'.
     1/1: $0\mem_q[119:119]
Creating decoders for process `\lsu_bypass.$proc$/home/qualcomm_clinic/RTL/OpenABC/leaf_level_verilog/tsmc65lp/ariane/lsu_bypass.v:1996$35952'.
     1/1: $0\mem_q[120:120]
Creating decoders for process `\lsu_bypass.$proc$/home/qualcomm_clinic/RTL/OpenABC/leaf_level_verilog/tsmc65lp/ariane/lsu_bypass.v:1987$35951'.
     1/1: $0\mem_q[121:121]
Creating decoders for process `\lsu_bypass.$proc$/home/qualcomm_clinic/RTL/OpenABC/leaf_level_verilog/tsmc65lp/ariane/lsu_bypass.v:1978$35950'.
     1/1: $0\mem_q[122:122]
Creating decoders for process `\lsu_bypass.$proc$/home/qualcomm_clinic/RTL/OpenABC/leaf_level_verilog/tsmc65lp/ariane/lsu_bypass.v:1969$35949'.
     1/1: $0\mem_q[123:123]
Creating decoders for process `\lsu_bypass.$proc$/home/qualcomm_clinic/RTL/OpenABC/leaf_level_verilog/tsmc65lp/ariane/lsu_bypass.v:1960$35948'.
     1/1: $0\mem_q[124:124]
Creating decoders for process `\lsu_bypass.$proc$/home/qualcomm_clinic/RTL/OpenABC/leaf_level_verilog/tsmc65lp/ariane/lsu_bypass.v:1951$35947'.
     1/1: $0\mem_q[125:125]
Creating decoders for process `\lsu_bypass.$proc$/home/qualcomm_clinic/RTL/OpenABC/leaf_level_verilog/tsmc65lp/ariane/lsu_bypass.v:1942$35946'.
     1/1: $0\mem_q[126:126]
Creating decoders for process `\lsu_bypass.$proc$/home/qualcomm_clinic/RTL/OpenABC/leaf_level_verilog/tsmc65lp/ariane/lsu_bypass.v:1933$35945'.
     1/1: $0\mem_q[127:127]
Creating decoders for process `\lsu_bypass.$proc$/home/qualcomm_clinic/RTL/OpenABC/leaf_level_verilog/tsmc65lp/ariane/lsu_bypass.v:1924$35944'.
     1/1: $0\mem_q[128:128]
Creating decoders for process `\lsu_bypass.$proc$/home/qualcomm_clinic/RTL/OpenABC/leaf_level_verilog/tsmc65lp/ariane/lsu_bypass.v:1915$35943'.
     1/1: $0\mem_q[129:129]
Creating decoders for process `\lsu_bypass.$proc$/home/qualcomm_clinic/RTL/OpenABC/leaf_level_verilog/tsmc65lp/ariane/lsu_bypass.v:1906$35942'.
     1/1: $0\mem_q[130:130]
Creating decoders for process `\lsu_bypass.$proc$/home/qualcomm_clinic/RTL/OpenABC/leaf_level_verilog/tsmc65lp/ariane/lsu_bypass.v:1897$35941'.
     1/1: $0\mem_q[131:131]
Creating decoders for process `\lsu_bypass.$proc$/home/qualcomm_clinic/RTL/OpenABC/leaf_level_verilog/tsmc65lp/ariane/lsu_bypass.v:1888$35940'.
     1/1: $0\mem_q[132:132]
Creating decoders for process `\lsu_bypass.$proc$/home/qualcomm_clinic/RTL/OpenABC/leaf_level_verilog/tsmc65lp/ariane/lsu_bypass.v:1879$35939'.
     1/1: $0\mem_q[133:133]
Creating decoders for process `\lsu_bypass.$proc$/home/qualcomm_clinic/RTL/OpenABC/leaf_level_verilog/tsmc65lp/ariane/lsu_bypass.v:1870$35938'.
     1/1: $0\mem_q[134:134]
Creating decoders for process `\lsu_bypass.$proc$/home/qualcomm_clinic/RTL/OpenABC/leaf_level_verilog/tsmc65lp/ariane/lsu_bypass.v:1861$35937'.
     1/1: $0\mem_q[135:135]
Creating decoders for process `\lsu_bypass.$proc$/home/qualcomm_clinic/RTL/OpenABC/leaf_level_verilog/tsmc65lp/ariane/lsu_bypass.v:1852$35936'.
     1/1: $0\mem_q[136:136]
Creating decoders for process `\lsu_bypass.$proc$/home/qualcomm_clinic/RTL/OpenABC/leaf_level_verilog/tsmc65lp/ariane/lsu_bypass.v:1843$35935'.
     1/1: $0\mem_q[137:137]
Creating decoders for process `\lsu_bypass.$proc$/home/qualcomm_clinic/RTL/OpenABC/leaf_level_verilog/tsmc65lp/ariane/lsu_bypass.v:1834$35934'.
     1/1: $0\mem_q[138:138]
Creating decoders for process `\lsu_bypass.$proc$/home/qualcomm_clinic/RTL/OpenABC/leaf_level_verilog/tsmc65lp/ariane/lsu_bypass.v:1825$35933'.
     1/1: $0\mem_q[139:139]
Creating decoders for process `\lsu_bypass.$proc$/home/qualcomm_clinic/RTL/OpenABC/leaf_level_verilog/tsmc65lp/ariane/lsu_bypass.v:1816$35932'.
     1/1: $0\mem_q[140:140]
Creating decoders for process `\lsu_bypass.$proc$/home/qualcomm_clinic/RTL/OpenABC/leaf_level_verilog/tsmc65lp/ariane/lsu_bypass.v:1807$35931'.
     1/1: $0\mem_q[141:141]
Creating decoders for process `\lsu_bypass.$proc$/home/qualcomm_clinic/RTL/OpenABC/leaf_level_verilog/tsmc65lp/ariane/lsu_bypass.v:1798$35930'.
     1/1: $0\mem_q[142:142]
Creating decoders for process `\lsu_bypass.$proc$/home/qualcomm_clinic/RTL/OpenABC/leaf_level_verilog/tsmc65lp/ariane/lsu_bypass.v:1789$35929'.
     1/1: $0\mem_q[143:143]
Creating decoders for process `\lsu_bypass.$proc$/home/qualcomm_clinic/RTL/OpenABC/leaf_level_verilog/tsmc65lp/ariane/lsu_bypass.v:1780$35928'.
     1/1: $0\mem_q[144:144]
Creating decoders for process `\lsu_bypass.$proc$/home/qualcomm_clinic/RTL/OpenABC/leaf_level_verilog/tsmc65lp/ariane/lsu_bypass.v:1771$35927'.
     1/1: $0\mem_q[145:145]
Creating decoders for process `\lsu_bypass.$proc$/home/qualcomm_clinic/RTL/OpenABC/leaf_level_verilog/tsmc65lp/ariane/lsu_bypass.v:1762$35926'.
     1/1: $0\mem_q[146:146]
Creating decoders for process `\lsu_bypass.$proc$/home/qualcomm_clinic/RTL/OpenABC/leaf_level_verilog/tsmc65lp/ariane/lsu_bypass.v:1753$35925'.
     1/1: $0\mem_q[147:147]
Creating decoders for process `\lsu_bypass.$proc$/home/qualcomm_clinic/RTL/OpenABC/leaf_level_verilog/tsmc65lp/ariane/lsu_bypass.v:1744$35924'.
     1/1: $0\mem_q[148:148]
Creating decoders for process `\lsu_bypass.$proc$/home/qualcomm_clinic/RTL/OpenABC/leaf_level_verilog/tsmc65lp/ariane/lsu_bypass.v:1735$35923'.
     1/1: $0\mem_q[149:149]
Creating decoders for process `\lsu_bypass.$proc$/home/qualcomm_clinic/RTL/OpenABC/leaf_level_verilog/tsmc65lp/ariane/lsu_bypass.v:1726$35922'.
     1/1: $0\mem_q[150:150]
Creating decoders for process `\lsu_bypass.$proc$/home/qualcomm_clinic/RTL/OpenABC/leaf_level_verilog/tsmc65lp/ariane/lsu_bypass.v:1717$35921'.
     1/1: $0\mem_q[151:151]
Creating decoders for process `\lsu_bypass.$proc$/home/qualcomm_clinic/RTL/OpenABC/leaf_level_verilog/tsmc65lp/ariane/lsu_bypass.v:1708$35920'.
     1/1: $0\mem_q[152:152]
Creating decoders for process `\lsu_bypass.$proc$/home/qualcomm_clinic/RTL/OpenABC/leaf_level_verilog/tsmc65lp/ariane/lsu_bypass.v:1699$35919'.
     1/1: $0\mem_q[153:153]
Creating decoders for process `\lsu_bypass.$proc$/home/qualcomm_clinic/RTL/OpenABC/leaf_level_verilog/tsmc65lp/ariane/lsu_bypass.v:1690$35918'.
     1/1: $0\mem_q[154:154]
Creating decoders for process `\lsu_bypass.$proc$/home/qualcomm_clinic/RTL/OpenABC/leaf_level_verilog/tsmc65lp/ariane/lsu_bypass.v:1681$35917'.
     1/1: $0\mem_q[155:155]
Creating decoders for process `\lsu_bypass.$proc$/home/qualcomm_clinic/RTL/OpenABC/leaf_level_verilog/tsmc65lp/ariane/lsu_bypass.v:1672$35916'.
     1/1: $0\mem_q[156:156]
Creating decoders for process `\lsu_bypass.$proc$/home/qualcomm_clinic/RTL/OpenABC/leaf_level_verilog/tsmc65lp/ariane/lsu_bypass.v:1663$35915'.
     1/1: $0\mem_q[157:157]
Creating decoders for process `\lsu_bypass.$proc$/home/qualcomm_clinic/RTL/OpenABC/leaf_level_verilog/tsmc65lp/ariane/lsu_bypass.v:1654$35914'.
     1/1: $0\mem_q[158:158]
Creating decoders for process `\lsu_bypass.$proc$/home/qualcomm_clinic/RTL/OpenABC/leaf_level_verilog/tsmc65lp/ariane/lsu_bypass.v:1645$35913'.
     1/1: $0\mem_q[159:159]
Creating decoders for process `\lsu_bypass.$proc$/home/qualcomm_clinic/RTL/OpenABC/leaf_level_verilog/tsmc65lp/ariane/lsu_bypass.v:1636$35912'.
     1/1: $0\mem_q[160:160]
Creating decoders for process `\lsu_bypass.$proc$/home/qualcomm_clinic/RTL/OpenABC/leaf_level_verilog/tsmc65lp/ariane/lsu_bypass.v:1627$35911'.
     1/1: $0\mem_q[161:161]
Creating decoders for process `\lsu_bypass.$proc$/home/qualcomm_clinic/RTL/OpenABC/leaf_level_verilog/tsmc65lp/ariane/lsu_bypass.v:1618$35910'.
     1/1: $0\mem_q[162:162]
Creating decoders for process `\lsu_bypass.$proc$/home/qualcomm_clinic/RTL/OpenABC/leaf_level_verilog/tsmc65lp/ariane/lsu_bypass.v:1609$35909'.
     1/1: $0\mem_q[163:163]
Creating decoders for process `\lsu_bypass.$proc$/home/qualcomm_clinic/RTL/OpenABC/leaf_level_verilog/tsmc65lp/ariane/lsu_bypass.v:1600$35908'.
     1/1: $0\mem_q[164:164]
Creating decoders for process `\lsu_bypass.$proc$/home/qualcomm_clinic/RTL/OpenABC/leaf_level_verilog/tsmc65lp/ariane/lsu_bypass.v:1591$35907'.
     1/1: $0\mem_q[165:165]
Creating decoders for process `\lsu_bypass.$proc$/home/qualcomm_clinic/RTL/OpenABC/leaf_level_verilog/tsmc65lp/ariane/lsu_bypass.v:1582$35906'.
     1/1: $0\mem_q[166:166]
Creating decoders for process `\lsu_bypass.$proc$/home/qualcomm_clinic/RTL/OpenABC/leaf_level_verilog/tsmc65lp/ariane/lsu_bypass.v:1573$35905'.
     1/1: $0\mem_q[167:167]
Creating decoders for process `\lsu_bypass.$proc$/home/qualcomm_clinic/RTL/OpenABC/leaf_level_verilog/tsmc65lp/ariane/lsu_bypass.v:1564$35904'.
     1/1: $0\mem_q[168:168]
Creating decoders for process `\lsu_bypass.$proc$/home/qualcomm_clinic/RTL/OpenABC/leaf_level_verilog/tsmc65lp/ariane/lsu_bypass.v:1555$35903'.
     1/1: $0\mem_q[169:169]
Creating decoders for process `\lsu_bypass.$proc$/home/qualcomm_clinic/RTL/OpenABC/leaf_level_verilog/tsmc65lp/ariane/lsu_bypass.v:1546$35902'.
     1/1: $0\mem_q[170:170]
Creating decoders for process `\lsu_bypass.$proc$/home/qualcomm_clinic/RTL/OpenABC/leaf_level_verilog/tsmc65lp/ariane/lsu_bypass.v:1537$35901'.
     1/1: $0\mem_q[171:171]
Creating decoders for process `\lsu_bypass.$proc$/home/qualcomm_clinic/RTL/OpenABC/leaf_level_verilog/tsmc65lp/ariane/lsu_bypass.v:1528$35900'.
     1/1: $0\mem_q[172:172]
Creating decoders for process `\lsu_bypass.$proc$/home/qualcomm_clinic/RTL/OpenABC/leaf_level_verilog/tsmc65lp/ariane/lsu_bypass.v:1519$35899'.
     1/1: $0\mem_q[173:173]
Creating decoders for process `\lsu_bypass.$proc$/home/qualcomm_clinic/RTL/OpenABC/leaf_level_verilog/tsmc65lp/ariane/lsu_bypass.v:1510$35898'.
     1/1: $0\mem_q[174:174]
Creating decoders for process `\lsu_bypass.$proc$/home/qualcomm_clinic/RTL/OpenABC/leaf_level_verilog/tsmc65lp/ariane/lsu_bypass.v:1501$35897'.
     1/1: $0\mem_q[175:175]
Creating decoders for process `\lsu_bypass.$proc$/home/qualcomm_clinic/RTL/OpenABC/leaf_level_verilog/tsmc65lp/ariane/lsu_bypass.v:1492$35896'.
     1/1: $0\mem_q[176:176]
Creating decoders for process `\lsu_bypass.$proc$/home/qualcomm_clinic/RTL/OpenABC/leaf_level_verilog/tsmc65lp/ariane/lsu_bypass.v:1483$35895'.
     1/1: $0\mem_q[177:177]
Creating decoders for process `\lsu_bypass.$proc$/home/qualcomm_clinic/RTL/OpenABC/leaf_level_verilog/tsmc65lp/ariane/lsu_bypass.v:1474$35894'.
     1/1: $0\mem_q[178:178]
Creating decoders for process `\lsu_bypass.$proc$/home/qualcomm_clinic/RTL/OpenABC/leaf_level_verilog/tsmc65lp/ariane/lsu_bypass.v:1465$35893'.
     1/1: $0\mem_q[179:179]
Creating decoders for process `\lsu_bypass.$proc$/home/qualcomm_clinic/RTL/OpenABC/leaf_level_verilog/tsmc65lp/ariane/lsu_bypass.v:1456$35892'.
     1/1: $0\mem_q[180:180]
Creating decoders for process `\lsu_bypass.$proc$/home/qualcomm_clinic/RTL/OpenABC/leaf_level_verilog/tsmc65lp/ariane/lsu_bypass.v:1447$35891'.
     1/1: $0\mem_q[181:181]
Creating decoders for process `\lsu_bypass.$proc$/home/qualcomm_clinic/RTL/OpenABC/leaf_level_verilog/tsmc65lp/ariane/lsu_bypass.v:1438$35890'.
     1/1: $0\mem_q[182:182]
Creating decoders for process `\lsu_bypass.$proc$/home/qualcomm_clinic/RTL/OpenABC/leaf_level_verilog/tsmc65lp/ariane/lsu_bypass.v:1429$35889'.
     1/1: $0\mem_q[183:183]
Creating decoders for process `\lsu_bypass.$proc$/home/qualcomm_clinic/RTL/OpenABC/leaf_level_verilog/tsmc65lp/ariane/lsu_bypass.v:1420$35888'.
     1/1: $0\mem_q[184:184]
Creating decoders for process `\lsu_bypass.$proc$/home/qualcomm_clinic/RTL/OpenABC/leaf_level_verilog/tsmc65lp/ariane/lsu_bypass.v:1411$35887'.
     1/1: $0\mem_q[185:185]
Creating decoders for process `\lsu_bypass.$proc$/home/qualcomm_clinic/RTL/OpenABC/leaf_level_verilog/tsmc65lp/ariane/lsu_bypass.v:1402$35886'.
     1/1: $0\mem_q[186:186]
Creating decoders for process `\lsu_bypass.$proc$/home/qualcomm_clinic/RTL/OpenABC/leaf_level_verilog/tsmc65lp/ariane/lsu_bypass.v:1393$35885'.
     1/1: $0\mem_q[187:187]
Creating decoders for process `\lsu_bypass.$proc$/home/qualcomm_clinic/RTL/OpenABC/leaf_level_verilog/tsmc65lp/ariane/lsu_bypass.v:1384$35884'.
     1/1: $0\mem_q[188:188]
Creating decoders for process `\lsu_bypass.$proc$/home/qualcomm_clinic/RTL/OpenABC/leaf_level_verilog/tsmc65lp/ariane/lsu_bypass.v:1375$35883'.
     1/1: $0\mem_q[189:189]
Creating decoders for process `\lsu_bypass.$proc$/home/qualcomm_clinic/RTL/OpenABC/leaf_level_verilog/tsmc65lp/ariane/lsu_bypass.v:1366$35882'.
     1/1: $0\mem_q[190:190]
Creating decoders for process `\lsu_bypass.$proc$/home/qualcomm_clinic/RTL/OpenABC/leaf_level_verilog/tsmc65lp/ariane/lsu_bypass.v:1357$35881'.
     1/1: $0\mem_q[191:191]
Creating decoders for process `\lsu_bypass.$proc$/home/qualcomm_clinic/RTL/OpenABC/leaf_level_verilog/tsmc65lp/ariane/lsu_bypass.v:1348$35880'.
     1/1: $0\mem_q[192:192]
Creating decoders for process `\lsu_bypass.$proc$/home/qualcomm_clinic/RTL/OpenABC/leaf_level_verilog/tsmc65lp/ariane/lsu_bypass.v:1339$35879'.
     1/1: $0\mem_q[193:193]
Creating decoders for process `\lsu_bypass.$proc$/home/qualcomm_clinic/RTL/OpenABC/leaf_level_verilog/tsmc65lp/ariane/lsu_bypass.v:1330$35878'.
     1/1: $0\mem_q[194:194]
Creating decoders for process `\lsu_bypass.$proc$/home/qualcomm_clinic/RTL/OpenABC/leaf_level_verilog/tsmc65lp/ariane/lsu_bypass.v:1321$35877'.
     1/1: $0\mem_q[195:195]
Creating decoders for process `\lsu_bypass.$proc$/home/qualcomm_clinic/RTL/OpenABC/leaf_level_verilog/tsmc65lp/ariane/lsu_bypass.v:1312$35876'.
     1/1: $0\mem_q[196:196]
Creating decoders for process `\lsu_bypass.$proc$/home/qualcomm_clinic/RTL/OpenABC/leaf_level_verilog/tsmc65lp/ariane/lsu_bypass.v:1303$35875'.
     1/1: $0\mem_q[197:197]
Creating decoders for process `\lsu_bypass.$proc$/home/qualcomm_clinic/RTL/OpenABC/leaf_level_verilog/tsmc65lp/ariane/lsu_bypass.v:1294$35874'.
     1/1: $0\mem_q[198:198]
Creating decoders for process `\lsu_bypass.$proc$/home/qualcomm_clinic/RTL/OpenABC/leaf_level_verilog/tsmc65lp/ariane/lsu_bypass.v:1285$35873'.
     1/1: $0\mem_q[199:199]
Creating decoders for process `\lsu_bypass.$proc$/home/qualcomm_clinic/RTL/OpenABC/leaf_level_verilog/tsmc65lp/ariane/lsu_bypass.v:1276$35872'.
     1/1: $0\mem_q[200:200]
Creating decoders for process `\lsu_bypass.$proc$/home/qualcomm_clinic/RTL/OpenABC/leaf_level_verilog/tsmc65lp/ariane/lsu_bypass.v:1267$35871'.
     1/1: $0\mem_q[201:201]
Creating decoders for process `\lsu_bypass.$proc$/home/qualcomm_clinic/RTL/OpenABC/leaf_level_verilog/tsmc65lp/ariane/lsu_bypass.v:1258$35870'.
     1/1: $0\mem_q[202:202]
Creating decoders for process `\lsu_bypass.$proc$/home/qualcomm_clinic/RTL/OpenABC/leaf_level_verilog/tsmc65lp/ariane/lsu_bypass.v:1249$35869'.
     1/1: $0\mem_q[203:203]
Creating decoders for process `\lsu_bypass.$proc$/home/qualcomm_clinic/RTL/OpenABC/leaf_level_verilog/tsmc65lp/ariane/lsu_bypass.v:1240$35868'.
     1/1: $0\mem_q[204:204]
Creating decoders for process `\lsu_bypass.$proc$/home/qualcomm_clinic/RTL/OpenABC/leaf_level_verilog/tsmc65lp/ariane/lsu_bypass.v:1231$35867'.
     1/1: $0\mem_q[205:205]
Creating decoders for process `\lsu_bypass.$proc$/home/qualcomm_clinic/RTL/OpenABC/leaf_level_verilog/tsmc65lp/ariane/lsu_bypass.v:1222$35866'.
     1/1: $0\mem_q[206:206]
Creating decoders for process `\lsu_bypass.$proc$/home/qualcomm_clinic/RTL/OpenABC/leaf_level_verilog/tsmc65lp/ariane/lsu_bypass.v:1213$35865'.
     1/1: $0\mem_q[207:207]
Creating decoders for process `\lsu_bypass.$proc$/home/qualcomm_clinic/RTL/OpenABC/leaf_level_verilog/tsmc65lp/ariane/lsu_bypass.v:1204$35864'.
     1/1: $0\mem_q[208:208]
Creating decoders for process `\lsu_bypass.$proc$/home/qualcomm_clinic/RTL/OpenABC/leaf_level_verilog/tsmc65lp/ariane/lsu_bypass.v:1195$35863'.
     1/1: $0\mem_q[209:209]
Creating decoders for process `\lsu_bypass.$proc$/home/qualcomm_clinic/RTL/OpenABC/leaf_level_verilog/tsmc65lp/ariane/lsu_bypass.v:1186$35862'.
     1/1: $0\mem_q[210:210]
Creating decoders for process `\lsu_bypass.$proc$/home/qualcomm_clinic/RTL/OpenABC/leaf_level_verilog/tsmc65lp/ariane/lsu_bypass.v:1177$35861'.
     1/1: $0\mem_q[211:211]
Creating decoders for process `\lsu_bypass.$proc$/home/qualcomm_clinic/RTL/OpenABC/leaf_level_verilog/tsmc65lp/ariane/lsu_bypass.v:1168$35860'.
     1/1: $0\mem_q[212:212]
Creating decoders for process `\lsu_bypass.$proc$/home/qualcomm_clinic/RTL/OpenABC/leaf_level_verilog/tsmc65lp/ariane/lsu_bypass.v:1159$35859'.
     1/1: $0\mem_q[213:213]
Creating decoders for process `\lsu_bypass.$proc$/home/qualcomm_clinic/RTL/OpenABC/leaf_level_verilog/tsmc65lp/ariane/lsu_bypass.v:1150$35858'.
     1/1: $0\mem_q[214:214]
Creating decoders for process `\lsu_bypass.$proc$/home/qualcomm_clinic/RTL/OpenABC/leaf_level_verilog/tsmc65lp/ariane/lsu_bypass.v:1141$35857'.
     1/1: $0\mem_q[215:215]
Creating decoders for process `\lsu_bypass.$proc$/home/qualcomm_clinic/RTL/OpenABC/leaf_level_verilog/tsmc65lp/ariane/lsu_bypass.v:1132$35856'.
     1/1: $0\mem_q[216:216]
Creating decoders for process `\lsu_bypass.$proc$/home/qualcomm_clinic/RTL/OpenABC/leaf_level_verilog/tsmc65lp/ariane/lsu_bypass.v:1123$35855'.
     1/1: $0\mem_q[217:217]
Creating decoders for process `\lsu_bypass.$proc$/home/qualcomm_clinic/RTL/OpenABC/leaf_level_verilog/tsmc65lp/ariane/lsu_bypass.v:1114$35854'.
     1/1: $0\mem_q[218:218]
Creating decoders for process `\lsu_bypass.$proc$/home/qualcomm_clinic/RTL/OpenABC/leaf_level_verilog/tsmc65lp/ariane/lsu_bypass.v:1105$35853'.
     1/1: $0\mem_q[219:219]
Creating decoders for process `\lsu_bypass.$proc$/home/qualcomm_clinic/RTL/OpenABC/leaf_level_verilog/tsmc65lp/ariane/lsu_bypass.v:1096$35852'.
     1/1: $0\mem_q[220:220]
Creating decoders for process `\lsu_bypass.$proc$/home/qualcomm_clinic/RTL/OpenABC/leaf_level_verilog/tsmc65lp/ariane/lsu_bypass.v:1087$35851'.
     1/1: $0\mem_q[221:221]
Creating decoders for process `\lsu_bypass.$proc$/home/qualcomm_clinic/RTL/OpenABC/leaf_level_verilog/tsmc65lp/ariane/lsu_bypass.v:1078$35850'.
     1/1: $0\mem_q[222:222]
Creating decoders for process `\lsu_bypass.$proc$/home/qualcomm_clinic/RTL/OpenABC/leaf_level_verilog/tsmc65lp/ariane/lsu_bypass.v:1069$35849'.
     1/1: $0\mem_q[223:223]
Creating decoders for process `\lsu_bypass.$proc$/home/qualcomm_clinic/RTL/OpenABC/leaf_level_verilog/tsmc65lp/ariane/lsu_bypass.v:1060$35848'.
     1/1: $0\mem_q[224:224]
Creating decoders for process `\lsu_bypass.$proc$/home/qualcomm_clinic/RTL/OpenABC/leaf_level_verilog/tsmc65lp/ariane/lsu_bypass.v:1051$35847'.
     1/1: $0\mem_q[225:225]
Creating decoders for process `\lsu_bypass.$proc$/home/qualcomm_clinic/RTL/OpenABC/leaf_level_verilog/tsmc65lp/ariane/lsu_bypass.v:1042$35846'.
     1/1: $0\mem_q[226:226]
Creating decoders for process `\lsu_bypass.$proc$/home/qualcomm_clinic/RTL/OpenABC/leaf_level_verilog/tsmc65lp/ariane/lsu_bypass.v:1033$35845'.
     1/1: $0\mem_q[227:227]
Creating decoders for process `\lsu_bypass.$proc$/home/qualcomm_clinic/RTL/OpenABC/leaf_level_verilog/tsmc65lp/ariane/lsu_bypass.v:1024$35844'.
     1/1: $0\mem_q[228:228]
Creating decoders for process `\lsu_bypass.$proc$/home/qualcomm_clinic/RTL/OpenABC/leaf_level_verilog/tsmc65lp/ariane/lsu_bypass.v:1015$35843'.
     1/1: $0\mem_q[229:229]
Creating decoders for process `\lsu_bypass.$proc$/home/qualcomm_clinic/RTL/OpenABC/leaf_level_verilog/tsmc65lp/ariane/lsu_bypass.v:1006$35842'.
     1/1: $0\mem_q[230:230]
Creating decoders for process `\lsu_bypass.$proc$/home/qualcomm_clinic/RTL/OpenABC/leaf_level_verilog/tsmc65lp/ariane/lsu_bypass.v:997$35841'.
     1/1: $0\mem_q[231:231]
Creating decoders for process `\lsu_bypass.$proc$/home/qualcomm_clinic/RTL/OpenABC/leaf_level_verilog/tsmc65lp/ariane/lsu_bypass.v:988$35840'.
     1/1: $0\mem_q[232:232]
Creating decoders for process `\lsu_bypass.$proc$/home/qualcomm_clinic/RTL/OpenABC/leaf_level_verilog/tsmc65lp/ariane/lsu_bypass.v:979$35839'.
     1/1: $0\mem_q[233:233]
Creating decoders for process `\lsu_bypass.$proc$/home/qualcomm_clinic/RTL/OpenABC/leaf_level_verilog/tsmc65lp/ariane/lsu_bypass.v:970$35838'.
     1/1: $0\mem_q[234:234]
Creating decoders for process `\lsu_bypass.$proc$/home/qualcomm_clinic/RTL/OpenABC/leaf_level_verilog/tsmc65lp/ariane/lsu_bypass.v:961$35837'.
     1/1: $0\mem_q[235:235]
Creating decoders for process `\lsu_bypass.$proc$/home/qualcomm_clinic/RTL/OpenABC/leaf_level_verilog/tsmc65lp/ariane/lsu_bypass.v:952$35836'.
     1/1: $0\mem_q[236:236]
Creating decoders for process `\lsu_bypass.$proc$/home/qualcomm_clinic/RTL/OpenABC/leaf_level_verilog/tsmc65lp/ariane/lsu_bypass.v:943$35835'.
     1/1: $0\mem_q[237:237]
Creating decoders for process `\lsu_bypass.$proc$/home/qualcomm_clinic/RTL/OpenABC/leaf_level_verilog/tsmc65lp/ariane/lsu_bypass.v:934$35834'.
     1/1: $0\mem_q[238:238]
Creating decoders for process `\lsu_bypass.$proc$/home/qualcomm_clinic/RTL/OpenABC/leaf_level_verilog/tsmc65lp/ariane/lsu_bypass.v:925$35833'.
     1/1: $0\mem_q[239:239]
Creating decoders for process `\lsu_bypass.$proc$/home/qualcomm_clinic/RTL/OpenABC/leaf_level_verilog/tsmc65lp/ariane/lsu_bypass.v:916$35832'.
     1/1: $0\mem_q[240:240]
Creating decoders for process `\lsu_bypass.$proc$/home/qualcomm_clinic/RTL/OpenABC/leaf_level_verilog/tsmc65lp/ariane/lsu_bypass.v:907$35831'.
     1/1: $0\mem_q[241:241]
Creating decoders for process `\lsu_bypass.$proc$/home/qualcomm_clinic/RTL/OpenABC/leaf_level_verilog/tsmc65lp/ariane/lsu_bypass.v:898$35830'.
     1/1: $0\mem_q[242:242]
Creating decoders for process `\lsu_bypass.$proc$/home/qualcomm_clinic/RTL/OpenABC/leaf_level_verilog/tsmc65lp/ariane/lsu_bypass.v:889$35829'.
     1/1: $0\mem_q[243:243]
Creating decoders for process `\lsu_bypass.$proc$/home/qualcomm_clinic/RTL/OpenABC/leaf_level_verilog/tsmc65lp/ariane/lsu_bypass.v:880$35828'.
     1/1: $0\mem_q[244:244]
Creating decoders for process `\lsu_bypass.$proc$/home/qualcomm_clinic/RTL/OpenABC/leaf_level_verilog/tsmc65lp/ariane/lsu_bypass.v:871$35827'.
     1/1: $0\mem_q[245:245]
Creating decoders for process `\lsu_bypass.$proc$/home/qualcomm_clinic/RTL/OpenABC/leaf_level_verilog/tsmc65lp/ariane/lsu_bypass.v:862$35826'.
     1/1: $0\mem_q[246:246]
Creating decoders for process `\lsu_bypass.$proc$/home/qualcomm_clinic/RTL/OpenABC/leaf_level_verilog/tsmc65lp/ariane/lsu_bypass.v:853$35825'.
     1/1: $0\mem_q[247:247]
Creating decoders for process `\lsu_bypass.$proc$/home/qualcomm_clinic/RTL/OpenABC/leaf_level_verilog/tsmc65lp/ariane/lsu_bypass.v:844$35824'.
     1/1: $0\mem_q[248:248]
Creating decoders for process `\lsu_bypass.$proc$/home/qualcomm_clinic/RTL/OpenABC/leaf_level_verilog/tsmc65lp/ariane/lsu_bypass.v:835$35823'.
     1/1: $0\mem_q[249:249]
Creating decoders for process `\lsu_bypass.$proc$/home/qualcomm_clinic/RTL/OpenABC/leaf_level_verilog/tsmc65lp/ariane/lsu_bypass.v:826$35822'.
     1/1: $0\mem_q[250:250]
Creating decoders for process `\lsu_bypass.$proc$/home/qualcomm_clinic/RTL/OpenABC/leaf_level_verilog/tsmc65lp/ariane/lsu_bypass.v:817$35821'.
     1/1: $0\mem_q[251:251]
Creating decoders for process `\lsu_bypass.$proc$/home/qualcomm_clinic/RTL/OpenABC/leaf_level_verilog/tsmc65lp/ariane/lsu_bypass.v:808$35820'.
     1/1: $0\mem_q[252:252]
Creating decoders for process `\lsu_bypass.$proc$/home/qualcomm_clinic/RTL/OpenABC/leaf_level_verilog/tsmc65lp/ariane/lsu_bypass.v:799$35819'.
     1/1: $0\mem_q[253:253]
Creating decoders for process `\lsu_bypass.$proc$/home/qualcomm_clinic/RTL/OpenABC/leaf_level_verilog/tsmc65lp/ariane/lsu_bypass.v:790$35818'.
     1/1: $0\mem_q[254:254]
Creating decoders for process `\lsu_bypass.$proc$/home/qualcomm_clinic/RTL/OpenABC/leaf_level_verilog/tsmc65lp/ariane/lsu_bypass.v:781$35817'.
     1/1: $0\mem_q[255:255]
Creating decoders for process `\lsu_bypass.$proc$/home/qualcomm_clinic/RTL/OpenABC/leaf_level_verilog/tsmc65lp/ariane/lsu_bypass.v:772$35816'.
     1/1: $0\mem_q[256:256]
Creating decoders for process `\lsu_bypass.$proc$/home/qualcomm_clinic/RTL/OpenABC/leaf_level_verilog/tsmc65lp/ariane/lsu_bypass.v:763$35815'.
     1/1: $0\mem_q[257:257]
Creating decoders for process `\lsu_bypass.$proc$/home/qualcomm_clinic/RTL/OpenABC/leaf_level_verilog/tsmc65lp/ariane/lsu_bypass.v:754$35814'.
     1/1: $0\mem_q[258:258]
Creating decoders for process `\lsu_bypass.$proc$/home/qualcomm_clinic/RTL/OpenABC/leaf_level_verilog/tsmc65lp/ariane/lsu_bypass.v:745$35813'.
     1/1: $0\mem_q[259:259]
Creating decoders for process `\lsu_bypass.$proc$/home/qualcomm_clinic/RTL/OpenABC/leaf_level_verilog/tsmc65lp/ariane/lsu_bypass.v:736$35812'.
     1/1: $0\mem_q[260:260]
Creating decoders for process `\lsu_bypass.$proc$/home/qualcomm_clinic/RTL/OpenABC/leaf_level_verilog/tsmc65lp/ariane/lsu_bypass.v:727$35811'.
     1/1: $0\mem_q[261:261]
Creating decoders for process `\lsu_bypass.$proc$/home/qualcomm_clinic/RTL/OpenABC/leaf_level_verilog/tsmc65lp/ariane/lsu_bypass.v:718$35810'.
     1/1: $0\mem_q[262:262]
Creating decoders for process `\lsu_bypass.$proc$/home/qualcomm_clinic/RTL/OpenABC/leaf_level_verilog/tsmc65lp/ariane/lsu_bypass.v:709$35809'.
     1/1: $0\mem_q[263:263]
Creating decoders for process `\lsu_bypass.$proc$/home/qualcomm_clinic/RTL/OpenABC/leaf_level_verilog/tsmc65lp/ariane/lsu_bypass.v:700$35808'.
     1/1: $0\mem_q[264:264]
Creating decoders for process `\lsu_bypass.$proc$/home/qualcomm_clinic/RTL/OpenABC/leaf_level_verilog/tsmc65lp/ariane/lsu_bypass.v:691$35807'.
     1/1: $0\mem_q[265:265]
Creating decoders for process `\lsu_bypass.$proc$/home/qualcomm_clinic/RTL/OpenABC/leaf_level_verilog/tsmc65lp/ariane/lsu_bypass.v:682$35806'.
     1/1: $0\mem_q[266:266]
Creating decoders for process `\lsu_bypass.$proc$/home/qualcomm_clinic/RTL/OpenABC/leaf_level_verilog/tsmc65lp/ariane/lsu_bypass.v:673$35805'.
     1/1: $0\mem_q[267:267]
Creating decoders for process `\lsu_bypass.$proc$/home/qualcomm_clinic/RTL/OpenABC/leaf_level_verilog/tsmc65lp/ariane/lsu_bypass.v:664$35804'.
     1/1: $0\mem_q[268:268]
Creating decoders for process `\lsu_bypass.$proc$/home/qualcomm_clinic/RTL/OpenABC/leaf_level_verilog/tsmc65lp/ariane/lsu_bypass.v:655$35803'.
     1/1: $0\mem_q[269:269]
Creating decoders for process `\lsu_bypass.$proc$/home/qualcomm_clinic/RTL/OpenABC/leaf_level_verilog/tsmc65lp/ariane/lsu_bypass.v:646$35802'.
     1/1: $0\mem_q[270:270]
Creating decoders for process `\lsu_bypass.$proc$/home/qualcomm_clinic/RTL/OpenABC/leaf_level_verilog/tsmc65lp/ariane/lsu_bypass.v:637$35801'.
     1/1: $0\mem_q[271:271]
Creating decoders for process `\lsu_bypass.$proc$/home/qualcomm_clinic/RTL/OpenABC/leaf_level_verilog/tsmc65lp/ariane/lsu_bypass.v:628$35800'.
     1/1: $0\mem_q[272:272]
Creating decoders for process `\lsu_bypass.$proc$/home/qualcomm_clinic/RTL/OpenABC/leaf_level_verilog/tsmc65lp/ariane/lsu_bypass.v:619$35799'.
     1/1: $0\mem_q[273:273]
Creating decoders for process `\lsu_bypass.$proc$/home/qualcomm_clinic/RTL/OpenABC/leaf_level_verilog/tsmc65lp/ariane/lsu_bypass.v:610$35798'.
     1/1: $0\mem_q[274:274]
Creating decoders for process `\lsu_bypass.$proc$/home/qualcomm_clinic/RTL/OpenABC/leaf_level_verilog/tsmc65lp/ariane/lsu_bypass.v:601$35797'.
     1/1: $0\mem_q[275:275]
Creating decoders for process `\lsu_bypass.$proc$/home/qualcomm_clinic/RTL/OpenABC/leaf_level_verilog/tsmc65lp/ariane/lsu_bypass.v:592$35796'.
     1/1: $0\mem_q[276:276]
Creating decoders for process `\lsu_bypass.$proc$/home/qualcomm_clinic/RTL/OpenABC/leaf_level_verilog/tsmc65lp/ariane/lsu_bypass.v:583$35795'.
     1/1: $0\mem_q[277:277]
Creating decoders for process `\lsu_bypass.$proc$/home/qualcomm_clinic/RTL/OpenABC/leaf_level_verilog/tsmc65lp/ariane/lsu_bypass.v:574$35794'.
     1/1: $0\mem_q[278:278]
Creating decoders for process `\lsu_bypass.$proc$/home/qualcomm_clinic/RTL/OpenABC/leaf_level_verilog/tsmc65lp/ariane/lsu_bypass.v:565$35793'.
     1/1: $0\mem_q[279:279]
Creating decoders for process `\lsu_bypass.$proc$/home/qualcomm_clinic/RTL/OpenABC/leaf_level_verilog/tsmc65lp/ariane/lsu_bypass.v:556$35792'.
     1/1: $0\mem_q[280:280]
Creating decoders for process `\lsu_bypass.$proc$/home/qualcomm_clinic/RTL/OpenABC/leaf_level_verilog/tsmc65lp/ariane/lsu_bypass.v:547$35791'.
     1/1: $0\mem_q[281:281]
Creating decoders for process `\lsu_bypass.$proc$/home/qualcomm_clinic/RTL/OpenABC/leaf_level_verilog/tsmc65lp/ariane/lsu_bypass.v:538$35790'.
     1/1: $0\mem_q[282:282]
Creating decoders for process `\lsu_bypass.$proc$/home/qualcomm_clinic/RTL/OpenABC/leaf_level_verilog/tsmc65lp/ariane/lsu_bypass.v:529$35789'.
     1/1: $0\mem_q[283:283]
Creating decoders for process `\lsu_bypass.$proc$/home/qualcomm_clinic/RTL/OpenABC/leaf_level_verilog/tsmc65lp/ariane/lsu_bypass.v:520$35788'.
     1/1: $0\mem_q[284:284]
Creating decoders for process `\lsu_bypass.$proc$/home/qualcomm_clinic/RTL/OpenABC/leaf_level_verilog/tsmc65lp/ariane/lsu_bypass.v:511$35787'.
     1/1: $0\mem_q[285:285]
Creating decoders for process `\lsu_bypass.$proc$/home/qualcomm_clinic/RTL/OpenABC/leaf_level_verilog/tsmc65lp/ariane/lsu_bypass.v:502$35786'.
     1/1: $0\mem_q[286:286]
Creating decoders for process `\lsu_bypass.$proc$/home/qualcomm_clinic/RTL/OpenABC/leaf_level_verilog/tsmc65lp/ariane/lsu_bypass.v:493$35785'.
     1/1: $0\mem_q[287:287]
Creating decoders for process `\lsu_bypass.$proc$/home/qualcomm_clinic/RTL/OpenABC/leaf_level_verilog/tsmc65lp/ariane/lsu_bypass.v:484$35784'.
     1/1: $0\mem_q[288:288]
Creating decoders for process `\lsu_bypass.$proc$/home/qualcomm_clinic/RTL/OpenABC/leaf_level_verilog/tsmc65lp/ariane/lsu_bypass.v:475$35783'.
     1/1: $0\mem_q[289:289]
Creating decoders for process `\lsu_bypass.$proc$/home/qualcomm_clinic/RTL/OpenABC/leaf_level_verilog/tsmc65lp/ariane/lsu_bypass.v:466$35782'.
     1/1: $0\mem_q[290:290]
Creating decoders for process `\lsu_bypass.$proc$/home/qualcomm_clinic/RTL/OpenABC/leaf_level_verilog/tsmc65lp/ariane/lsu_bypass.v:457$35781'.
     1/1: $0\mem_q[291:291]
Creating decoders for process `\lsu_bypass.$proc$/home/qualcomm_clinic/RTL/OpenABC/leaf_level_verilog/tsmc65lp/ariane/lsu_bypass.v:448$35780'.
     1/1: $0\mem_q[292:292]
Creating decoders for process `\lsu_bypass.$proc$/home/qualcomm_clinic/RTL/OpenABC/leaf_level_verilog/tsmc65lp/ariane/lsu_bypass.v:439$35779'.
     1/1: $0\mem_q[293:293]
Creating decoders for process `\lsu_bypass.$proc$/home/qualcomm_clinic/RTL/OpenABC/leaf_level_verilog/tsmc65lp/ariane/lsu_bypass.v:430$35778'.
     1/1: $0\mem_q[294:294]
Creating decoders for process `\lsu_bypass.$proc$/home/qualcomm_clinic/RTL/OpenABC/leaf_level_verilog/tsmc65lp/ariane/lsu_bypass.v:421$35777'.
     1/1: $0\mem_q[295:295]
Creating decoders for process `\lsu_bypass.$proc$/home/qualcomm_clinic/RTL/OpenABC/leaf_level_verilog/tsmc65lp/ariane/lsu_bypass.v:412$35776'.
     1/1: $0\mem_q[296:296]
Creating decoders for process `\lsu_bypass.$proc$/home/qualcomm_clinic/RTL/OpenABC/leaf_level_verilog/tsmc65lp/ariane/lsu_bypass.v:403$35775'.
     1/1: $0\mem_q[297:297]
Creating decoders for process `\lsu_bypass.$proc$/home/qualcomm_clinic/RTL/OpenABC/leaf_level_verilog/tsmc65lp/ariane/lsu_bypass.v:394$35774'.
     1/1: $0\mem_q[298:298]
Creating decoders for process `\lsu_bypass.$proc$/home/qualcomm_clinic/RTL/OpenABC/leaf_level_verilog/tsmc65lp/ariane/lsu_bypass.v:385$35773'.
     1/1: $0\mem_q[299:299]
Creating decoders for process `\lsu_bypass.$proc$/home/qualcomm_clinic/RTL/OpenABC/leaf_level_verilog/tsmc65lp/ariane/lsu_bypass.v:376$35772'.
     1/1: $0\mem_q[300:300]
Creating decoders for process `\lsu_bypass.$proc$/home/qualcomm_clinic/RTL/OpenABC/leaf_level_verilog/tsmc65lp/ariane/lsu_bypass.v:367$35771'.
     1/1: $0\mem_q[301:301]
Creating decoders for process `\lsu_bypass.$proc$/home/qualcomm_clinic/RTL/OpenABC/leaf_level_verilog/tsmc65lp/ariane/lsu_bypass.v:358$35770'.
     1/1: $0\N41[0:0]

44.8. Executing PROC_DLATCH pass (convert process syncs to latches).

44.9. Executing PROC_DFF pass (convert process syncs to FFs).
Creating register for signal `\lsu_bypass.\N17' using process `\lsu_bypass.$proc$/home/qualcomm_clinic/RTL/OpenABC/leaf_level_verilog/tsmc65lp/ariane/lsu_bypass.v:3103$36075'.
  created $adff cell `$procdff$60970' with positive edge clock and positive level reset.
Creating register for signal `\lsu_bypass.\status_cnt_q [0]' using process `\lsu_bypass.$proc$/home/qualcomm_clinic/RTL/OpenABC/leaf_level_verilog/tsmc65lp/ariane/lsu_bypass.v:3094$36074'.
  created $adff cell `$procdff$60971' with positive edge clock and positive level reset.
Creating register for signal `\lsu_bypass.\status_cnt_q [1]' using process `\lsu_bypass.$proc$/home/qualcomm_clinic/RTL/OpenABC/leaf_level_verilog/tsmc65lp/ariane/lsu_bypass.v:3085$36073'.
  created $adff cell `$procdff$60972' with positive edge clock and positive level reset.
Creating register for signal `\lsu_bypass.\mem_q [0]' using process `\lsu_bypass.$proc$/home/qualcomm_clinic/RTL/OpenABC/leaf_level_verilog/tsmc65lp/ariane/lsu_bypass.v:3076$36072'.
  created $adff cell `$procdff$60973' with positive edge clock and positive level reset.
Creating register for signal `\lsu_bypass.\mem_q [1]' using process `\lsu_bypass.$proc$/home/qualcomm_clinic/RTL/OpenABC/leaf_level_verilog/tsmc65lp/ariane/lsu_bypass.v:3067$36071'.
  created $adff cell `$procdff$60974' with positive edge clock and positive level reset.
Creating register for signal `\lsu_bypass.\mem_q [2]' using process `\lsu_bypass.$proc$/home/qualcomm_clinic/RTL/OpenABC/leaf_level_verilog/tsmc65lp/ariane/lsu_bypass.v:3058$36070'.
  created $adff cell `$procdff$60975' with positive edge clock and positive level reset.
Creating register for signal `\lsu_bypass.\mem_q [3]' using process `\lsu_bypass.$proc$/home/qualcomm_clinic/RTL/OpenABC/leaf_level_verilog/tsmc65lp/ariane/lsu_bypass.v:3049$36069'.
  created $adff cell `$procdff$60976' with positive edge clock and positive level reset.
Creating register for signal `\lsu_bypass.\mem_q [4]' using process `\lsu_bypass.$proc$/home/qualcomm_clinic/RTL/OpenABC/leaf_level_verilog/tsmc65lp/ariane/lsu_bypass.v:3040$36068'.
  created $adff cell `$procdff$60977' with positive edge clock and positive level reset.
Creating register for signal `\lsu_bypass.\mem_q [5]' using process `\lsu_bypass.$proc$/home/qualcomm_clinic/RTL/OpenABC/leaf_level_verilog/tsmc65lp/ariane/lsu_bypass.v:3031$36067'.
  created $adff cell `$procdff$60978' with positive edge clock and positive level reset.
Creating register for signal `\lsu_bypass.\mem_q [6]' using process `\lsu_bypass.$proc$/home/qualcomm_clinic/RTL/OpenABC/leaf_level_verilog/tsmc65lp/ariane/lsu_bypass.v:3022$36066'.
  created $adff cell `$procdff$60979' with positive edge clock and positive level reset.
Creating register for signal `\lsu_bypass.\mem_q [7]' using process `\lsu_bypass.$proc$/home/qualcomm_clinic/RTL/OpenABC/leaf_level_verilog/tsmc65lp/ariane/lsu_bypass.v:3013$36065'.
  created $adff cell `$procdff$60980' with positive edge clock and positive level reset.
Creating register for signal `\lsu_bypass.\mem_q [8]' using process `\lsu_bypass.$proc$/home/qualcomm_clinic/RTL/OpenABC/leaf_level_verilog/tsmc65lp/ariane/lsu_bypass.v:3004$36064'.
  created $adff cell `$procdff$60981' with positive edge clock and positive level reset.
Creating register for signal `\lsu_bypass.\mem_q [9]' using process `\lsu_bypass.$proc$/home/qualcomm_clinic/RTL/OpenABC/leaf_level_verilog/tsmc65lp/ariane/lsu_bypass.v:2995$36063'.
  created $adff cell `$procdff$60982' with positive edge clock and positive level reset.
Creating register for signal `\lsu_bypass.\mem_q [10]' using process `\lsu_bypass.$proc$/home/qualcomm_clinic/RTL/OpenABC/leaf_level_verilog/tsmc65lp/ariane/lsu_bypass.v:2986$36062'.
  created $adff cell `$procdff$60983' with positive edge clock and positive level reset.
Creating register for signal `\lsu_bypass.\mem_q [11]' using process `\lsu_bypass.$proc$/home/qualcomm_clinic/RTL/OpenABC/leaf_level_verilog/tsmc65lp/ariane/lsu_bypass.v:2977$36061'.
  created $adff cell `$procdff$60984' with positive edge clock and positive level reset.
Creating register for signal `\lsu_bypass.\mem_q [12]' using process `\lsu_bypass.$proc$/home/qualcomm_clinic/RTL/OpenABC/leaf_level_verilog/tsmc65lp/ariane/lsu_bypass.v:2968$36060'.
  created $adff cell `$procdff$60985' with positive edge clock and positive level reset.
Creating register for signal `\lsu_bypass.\mem_q [13]' using process `\lsu_bypass.$proc$/home/qualcomm_clinic/RTL/OpenABC/leaf_level_verilog/tsmc65lp/ariane/lsu_bypass.v:2959$36059'.
  created $adff cell `$procdff$60986' with positive edge clock and positive level reset.
Creating register for signal `\lsu_bypass.\mem_q [14]' using process `\lsu_bypass.$proc$/home/qualcomm_clinic/RTL/OpenABC/leaf_level_verilog/tsmc65lp/ariane/lsu_bypass.v:2950$36058'.
  created $adff cell `$procdff$60987' with positive edge clock and positive level reset.
Creating register for signal `\lsu_bypass.\mem_q [15]' using process `\lsu_bypass.$proc$/home/qualcomm_clinic/RTL/OpenABC/leaf_level_verilog/tsmc65lp/ariane/lsu_bypass.v:2941$36057'.
  created $adff cell `$procdff$60988' with positive edge clock and positive level reset.
Creating register for signal `\lsu_bypass.\mem_q [16]' using process `\lsu_bypass.$proc$/home/qualcomm_clinic/RTL/OpenABC/leaf_level_verilog/tsmc65lp/ariane/lsu_bypass.v:2932$36056'.
  created $adff cell `$procdff$60989' with positive edge clock and positive level reset.
Creating register for signal `\lsu_bypass.\mem_q [17]' using process `\lsu_bypass.$proc$/home/qualcomm_clinic/RTL/OpenABC/leaf_level_verilog/tsmc65lp/ariane/lsu_bypass.v:2923$36055'.
  created $adff cell `$procdff$60990' with positive edge clock and positive level reset.
Creating register for signal `\lsu_bypass.\mem_q [18]' using process `\lsu_bypass.$proc$/home/qualcomm_clinic/RTL/OpenABC/leaf_level_verilog/tsmc65lp/ariane/lsu_bypass.v:2914$36054'.
  created $adff cell `$procdff$60991' with positive edge clock and positive level reset.
Creating register for signal `\lsu_bypass.\mem_q [19]' using process `\lsu_bypass.$proc$/home/qualcomm_clinic/RTL/OpenABC/leaf_level_verilog/tsmc65lp/ariane/lsu_bypass.v:2905$36053'.
  created $adff cell `$procdff$60992' with positive edge clock and positive level reset.
Creating register for signal `\lsu_bypass.\mem_q [20]' using process `\lsu_bypass.$proc$/home/qualcomm_clinic/RTL/OpenABC/leaf_level_verilog/tsmc65lp/ariane/lsu_bypass.v:2896$36052'.
  created $adff cell `$procdff$60993' with positive edge clock and positive level reset.
Creating register for signal `\lsu_bypass.\mem_q [21]' using process `\lsu_bypass.$proc$/home/qualcomm_clinic/RTL/OpenABC/leaf_level_verilog/tsmc65lp/ariane/lsu_bypass.v:2887$36051'.
  created $adff cell `$procdff$60994' with positive edge clock and positive level reset.
Creating register for signal `\lsu_bypass.\mem_q [22]' using process `\lsu_bypass.$proc$/home/qualcomm_clinic/RTL/OpenABC/leaf_level_verilog/tsmc65lp/ariane/lsu_bypass.v:2878$36050'.
  created $adff cell `$procdff$60995' with positive edge clock and positive level reset.
Creating register for signal `\lsu_bypass.\mem_q [23]' using process `\lsu_bypass.$proc$/home/qualcomm_clinic/RTL/OpenABC/leaf_level_verilog/tsmc65lp/ariane/lsu_bypass.v:2869$36049'.
  created $adff cell `$procdff$60996' with positive edge clock and positive level reset.
Creating register for signal `\lsu_bypass.\mem_q [24]' using process `\lsu_bypass.$proc$/home/qualcomm_clinic/RTL/OpenABC/leaf_level_verilog/tsmc65lp/ariane/lsu_bypass.v:2860$36048'.
  created $adff cell `$procdff$60997' with positive edge clock and positive level reset.
Creating register for signal `\lsu_bypass.\mem_q [25]' using process `\lsu_bypass.$proc$/home/qualcomm_clinic/RTL/OpenABC/leaf_level_verilog/tsmc65lp/ariane/lsu_bypass.v:2851$36047'.
  created $adff cell `$procdff$60998' with positive edge clock and positive level reset.
Creating register for signal `\lsu_bypass.\mem_q [26]' using process `\lsu_bypass.$proc$/home/qualcomm_clinic/RTL/OpenABC/leaf_level_verilog/tsmc65lp/ariane/lsu_bypass.v:2842$36046'.
  created $adff cell `$procdff$60999' with positive edge clock and positive level reset.
Creating register for signal `\lsu_bypass.\mem_q [27]' using process `\lsu_bypass.$proc$/home/qualcomm_clinic/RTL/OpenABC/leaf_level_verilog/tsmc65lp/ariane/lsu_bypass.v:2833$36045'.
  created $adff cell `$procdff$61000' with positive edge clock and positive level reset.
Creating register for signal `\lsu_bypass.\mem_q [28]' using process `\lsu_bypass.$proc$/home/qualcomm_clinic/RTL/OpenABC/leaf_level_verilog/tsmc65lp/ariane/lsu_bypass.v:2824$36044'.
  created $adff cell `$procdff$61001' with positive edge clock and positive level reset.
Creating register for signal `\lsu_bypass.\mem_q [29]' using process `\lsu_bypass.$proc$/home/qualcomm_clinic/RTL/OpenABC/leaf_level_verilog/tsmc65lp/ariane/lsu_bypass.v:2815$36043'.
  created $adff cell `$procdff$61002' with positive edge clock and positive level reset.
Creating register for signal `\lsu_bypass.\mem_q [30]' using process `\lsu_bypass.$proc$/home/qualcomm_clinic/RTL/OpenABC/leaf_level_verilog/tsmc65lp/ariane/lsu_bypass.v:2806$36042'.
  created $adff cell `$procdff$61003' with positive edge clock and positive level reset.
Creating register for signal `\lsu_bypass.\mem_q [31]' using process `\lsu_bypass.$proc$/home/qualcomm_clinic/RTL/OpenABC/leaf_level_verilog/tsmc65lp/ariane/lsu_bypass.v:2797$36041'.
  created $adff cell `$procdff$61004' with positive edge clock and positive level reset.
Creating register for signal `\lsu_bypass.\mem_q [32]' using process `\lsu_bypass.$proc$/home/qualcomm_clinic/RTL/OpenABC/leaf_level_verilog/tsmc65lp/ariane/lsu_bypass.v:2788$36040'.
  created $adff cell `$procdff$61005' with positive edge clock and positive level reset.
Creating register for signal `\lsu_bypass.\mem_q [33]' using process `\lsu_bypass.$proc$/home/qualcomm_clinic/RTL/OpenABC/leaf_level_verilog/tsmc65lp/ariane/lsu_bypass.v:2779$36039'.
  created $adff cell `$procdff$61006' with positive edge clock and positive level reset.
Creating register for signal `\lsu_bypass.\mem_q [34]' using process `\lsu_bypass.$proc$/home/qualcomm_clinic/RTL/OpenABC/leaf_level_verilog/tsmc65lp/ariane/lsu_bypass.v:2770$36038'.
  created $adff cell `$procdff$61007' with positive edge clock and positive level reset.
Creating register for signal `\lsu_bypass.\mem_q [35]' using process `\lsu_bypass.$proc$/home/qualcomm_clinic/RTL/OpenABC/leaf_level_verilog/tsmc65lp/ariane/lsu_bypass.v:2761$36037'.
  created $adff cell `$procdff$61008' with positive edge clock and positive level reset.
Creating register for signal `\lsu_bypass.\mem_q [36]' using process `\lsu_bypass.$proc$/home/qualcomm_clinic/RTL/OpenABC/leaf_level_verilog/tsmc65lp/ariane/lsu_bypass.v:2752$36036'.
  created $adff cell `$procdff$61009' with positive edge clock and positive level reset.
Creating register for signal `\lsu_bypass.\mem_q [37]' using process `\lsu_bypass.$proc$/home/qualcomm_clinic/RTL/OpenABC/leaf_level_verilog/tsmc65lp/ariane/lsu_bypass.v:2743$36035'.
  created $adff cell `$procdff$61010' with positive edge clock and positive level reset.
Creating register for signal `\lsu_bypass.\mem_q [38]' using process `\lsu_bypass.$proc$/home/qualcomm_clinic/RTL/OpenABC/leaf_level_verilog/tsmc65lp/ariane/lsu_bypass.v:2734$36034'.
  created $adff cell `$procdff$61011' with positive edge clock and positive level reset.
Creating register for signal `\lsu_bypass.\mem_q [39]' using process `\lsu_bypass.$proc$/home/qualcomm_clinic/RTL/OpenABC/leaf_level_verilog/tsmc65lp/ariane/lsu_bypass.v:2725$36033'.
  created $adff cell `$procdff$61012' with positive edge clock and positive level reset.
Creating register for signal `\lsu_bypass.\mem_q [40]' using process `\lsu_bypass.$proc$/home/qualcomm_clinic/RTL/OpenABC/leaf_level_verilog/tsmc65lp/ariane/lsu_bypass.v:2716$36032'.
  created $adff cell `$procdff$61013' with positive edge clock and positive level reset.
Creating register for signal `\lsu_bypass.\mem_q [41]' using process `\lsu_bypass.$proc$/home/qualcomm_clinic/RTL/OpenABC/leaf_level_verilog/tsmc65lp/ariane/lsu_bypass.v:2707$36031'.
  created $adff cell `$procdff$61014' with positive edge clock and positive level reset.
Creating register for signal `\lsu_bypass.\mem_q [42]' using process `\lsu_bypass.$proc$/home/qualcomm_clinic/RTL/OpenABC/leaf_level_verilog/tsmc65lp/ariane/lsu_bypass.v:2698$36030'.
  created $adff cell `$procdff$61015' with positive edge clock and positive level reset.
Creating register for signal `\lsu_bypass.\mem_q [43]' using process `\lsu_bypass.$proc$/home/qualcomm_clinic/RTL/OpenABC/leaf_level_verilog/tsmc65lp/ariane/lsu_bypass.v:2689$36029'.
  created $adff cell `$procdff$61016' with positive edge clock and positive level reset.
Creating register for signal `\lsu_bypass.\mem_q [44]' using process `\lsu_bypass.$proc$/home/qualcomm_clinic/RTL/OpenABC/leaf_level_verilog/tsmc65lp/ariane/lsu_bypass.v:2680$36028'.
  created $adff cell `$procdff$61017' with positive edge clock and positive level reset.
Creating register for signal `\lsu_bypass.\mem_q [45]' using process `\lsu_bypass.$proc$/home/qualcomm_clinic/RTL/OpenABC/leaf_level_verilog/tsmc65lp/ariane/lsu_bypass.v:2671$36027'.
  created $adff cell `$procdff$61018' with positive edge clock and positive level reset.
Creating register for signal `\lsu_bypass.\mem_q [46]' using process `\lsu_bypass.$proc$/home/qualcomm_clinic/RTL/OpenABC/leaf_level_verilog/tsmc65lp/ariane/lsu_bypass.v:2662$36026'.
  created $adff cell `$procdff$61019' with positive edge clock and positive level reset.
Creating register for signal `\lsu_bypass.\mem_q [47]' using process `\lsu_bypass.$proc$/home/qualcomm_clinic/RTL/OpenABC/leaf_level_verilog/tsmc65lp/ariane/lsu_bypass.v:2653$36025'.
  created $adff cell `$procdff$61020' with positive edge clock and positive level reset.
Creating register for signal `\lsu_bypass.\mem_q [48]' using process `\lsu_bypass.$proc$/home/qualcomm_clinic/RTL/OpenABC/leaf_level_verilog/tsmc65lp/ariane/lsu_bypass.v:2644$36024'.
  created $adff cell `$procdff$61021' with positive edge clock and positive level reset.
Creating register for signal `\lsu_bypass.\mem_q [49]' using process `\lsu_bypass.$proc$/home/qualcomm_clinic/RTL/OpenABC/leaf_level_verilog/tsmc65lp/ariane/lsu_bypass.v:2635$36023'.
  created $adff cell `$procdff$61022' with positive edge clock and positive level reset.
Creating register for signal `\lsu_bypass.\mem_q [50]' using process `\lsu_bypass.$proc$/home/qualcomm_clinic/RTL/OpenABC/leaf_level_verilog/tsmc65lp/ariane/lsu_bypass.v:2626$36022'.
  created $adff cell `$procdff$61023' with positive edge clock and positive level reset.
Creating register for signal `\lsu_bypass.\mem_q [51]' using process `\lsu_bypass.$proc$/home/qualcomm_clinic/RTL/OpenABC/leaf_level_verilog/tsmc65lp/ariane/lsu_bypass.v:2617$36021'.
  created $adff cell `$procdff$61024' with positive edge clock and positive level reset.
Creating register for signal `\lsu_bypass.\mem_q [52]' using process `\lsu_bypass.$proc$/home/qualcomm_clinic/RTL/OpenABC/leaf_level_verilog/tsmc65lp/ariane/lsu_bypass.v:2608$36020'.
  created $adff cell `$procdff$61025' with positive edge clock and positive level reset.
Creating register for signal `\lsu_bypass.\mem_q [53]' using process `\lsu_bypass.$proc$/home/qualcomm_clinic/RTL/OpenABC/leaf_level_verilog/tsmc65lp/ariane/lsu_bypass.v:2599$36019'.
  created $adff cell `$procdff$61026' with positive edge clock and positive level reset.
Creating register for signal `\lsu_bypass.\mem_q [54]' using process `\lsu_bypass.$proc$/home/qualcomm_clinic/RTL/OpenABC/leaf_level_verilog/tsmc65lp/ariane/lsu_bypass.v:2590$36018'.
  created $adff cell `$procdff$61027' with positive edge clock and positive level reset.
Creating register for signal `\lsu_bypass.\mem_q [55]' using process `\lsu_bypass.$proc$/home/qualcomm_clinic/RTL/OpenABC/leaf_level_verilog/tsmc65lp/ariane/lsu_bypass.v:2581$36017'.
  created $adff cell `$procdff$61028' with positive edge clock and positive level reset.
Creating register for signal `\lsu_bypass.\mem_q [56]' using process `\lsu_bypass.$proc$/home/qualcomm_clinic/RTL/OpenABC/leaf_level_verilog/tsmc65lp/ariane/lsu_bypass.v:2572$36016'.
  created $adff cell `$procdff$61029' with positive edge clock and positive level reset.
Creating register for signal `\lsu_bypass.\mem_q [57]' using process `\lsu_bypass.$proc$/home/qualcomm_clinic/RTL/OpenABC/leaf_level_verilog/tsmc65lp/ariane/lsu_bypass.v:2563$36015'.
  created $adff cell `$procdff$61030' with positive edge clock and positive level reset.
Creating register for signal `\lsu_bypass.\mem_q [58]' using process `\lsu_bypass.$proc$/home/qualcomm_clinic/RTL/OpenABC/leaf_level_verilog/tsmc65lp/ariane/lsu_bypass.v:2554$36014'.
  created $adff cell `$procdff$61031' with positive edge clock and positive level reset.
Creating register for signal `\lsu_bypass.\mem_q [59]' using process `\lsu_bypass.$proc$/home/qualcomm_clinic/RTL/OpenABC/leaf_level_verilog/tsmc65lp/ariane/lsu_bypass.v:2545$36013'.
  created $adff cell `$procdff$61032' with positive edge clock and positive level reset.
Creating register for signal `\lsu_bypass.\mem_q [60]' using process `\lsu_bypass.$proc$/home/qualcomm_clinic/RTL/OpenABC/leaf_level_verilog/tsmc65lp/ariane/lsu_bypass.v:2536$36012'.
  created $adff cell `$procdff$61033' with positive edge clock and positive level reset.
Creating register for signal `\lsu_bypass.\mem_q [61]' using process `\lsu_bypass.$proc$/home/qualcomm_clinic/RTL/OpenABC/leaf_level_verilog/tsmc65lp/ariane/lsu_bypass.v:2527$36011'.
  created $adff cell `$procdff$61034' with positive edge clock and positive level reset.
Creating register for signal `\lsu_bypass.\mem_q [62]' using process `\lsu_bypass.$proc$/home/qualcomm_clinic/RTL/OpenABC/leaf_level_verilog/tsmc65lp/ariane/lsu_bypass.v:2518$36010'.
  created $adff cell `$procdff$61035' with positive edge clock and positive level reset.
Creating register for signal `\lsu_bypass.\mem_q [63]' using process `\lsu_bypass.$proc$/home/qualcomm_clinic/RTL/OpenABC/leaf_level_verilog/tsmc65lp/ariane/lsu_bypass.v:2509$36009'.
  created $adff cell `$procdff$61036' with positive edge clock and positive level reset.
Creating register for signal `\lsu_bypass.\mem_q [64]' using process `\lsu_bypass.$proc$/home/qualcomm_clinic/RTL/OpenABC/leaf_level_verilog/tsmc65lp/ariane/lsu_bypass.v:2500$36008'.
  created $adff cell `$procdff$61037' with positive edge clock and positive level reset.
Creating register for signal `\lsu_bypass.\mem_q [65]' using process `\lsu_bypass.$proc$/home/qualcomm_clinic/RTL/OpenABC/leaf_level_verilog/tsmc65lp/ariane/lsu_bypass.v:2491$36007'.
  created $adff cell `$procdff$61038' with positive edge clock and positive level reset.
Creating register for signal `\lsu_bypass.\mem_q [66]' using process `\lsu_bypass.$proc$/home/qualcomm_clinic/RTL/OpenABC/leaf_level_verilog/tsmc65lp/ariane/lsu_bypass.v:2482$36006'.
  created $adff cell `$procdff$61039' with positive edge clock and positive level reset.
Creating register for signal `\lsu_bypass.\mem_q [67]' using process `\lsu_bypass.$proc$/home/qualcomm_clinic/RTL/OpenABC/leaf_level_verilog/tsmc65lp/ariane/lsu_bypass.v:2473$36005'.
  created $adff cell `$procdff$61040' with positive edge clock and positive level reset.
Creating register for signal `\lsu_bypass.\mem_q [68]' using process `\lsu_bypass.$proc$/home/qualcomm_clinic/RTL/OpenABC/leaf_level_verilog/tsmc65lp/ariane/lsu_bypass.v:2464$36004'.
  created $adff cell `$procdff$61041' with positive edge clock and positive level reset.
Creating register for signal `\lsu_bypass.\mem_q [69]' using process `\lsu_bypass.$proc$/home/qualcomm_clinic/RTL/OpenABC/leaf_level_verilog/tsmc65lp/ariane/lsu_bypass.v:2455$36003'.
  created $adff cell `$procdff$61042' with positive edge clock and positive level reset.
Creating register for signal `\lsu_bypass.\mem_q [70]' using process `\lsu_bypass.$proc$/home/qualcomm_clinic/RTL/OpenABC/leaf_level_verilog/tsmc65lp/ariane/lsu_bypass.v:2446$36002'.
  created $adff cell `$procdff$61043' with positive edge clock and positive level reset.
Creating register for signal `\lsu_bypass.\mem_q [71]' using process `\lsu_bypass.$proc$/home/qualcomm_clinic/RTL/OpenABC/leaf_level_verilog/tsmc65lp/ariane/lsu_bypass.v:2437$36001'.
  created $adff cell `$procdff$61044' with positive edge clock and positive level reset.
Creating register for signal `\lsu_bypass.\mem_q [72]' using process `\lsu_bypass.$proc$/home/qualcomm_clinic/RTL/OpenABC/leaf_level_verilog/tsmc65lp/ariane/lsu_bypass.v:2428$36000'.
  created $adff cell `$procdff$61045' with positive edge clock and positive level reset.
Creating register for signal `\lsu_bypass.\mem_q [73]' using process `\lsu_bypass.$proc$/home/qualcomm_clinic/RTL/OpenABC/leaf_level_verilog/tsmc65lp/ariane/lsu_bypass.v:2419$35999'.
  created $adff cell `$procdff$61046' with positive edge clock and positive level reset.
Creating register for signal `\lsu_bypass.\mem_q [74]' using process `\lsu_bypass.$proc$/home/qualcomm_clinic/RTL/OpenABC/leaf_level_verilog/tsmc65lp/ariane/lsu_bypass.v:2410$35998'.
  created $adff cell `$procdff$61047' with positive edge clock and positive level reset.
Creating register for signal `\lsu_bypass.\mem_q [75]' using process `\lsu_bypass.$proc$/home/qualcomm_clinic/RTL/OpenABC/leaf_level_verilog/tsmc65lp/ariane/lsu_bypass.v:2401$35997'.
  created $adff cell `$procdff$61048' with positive edge clock and positive level reset.
Creating register for signal `\lsu_bypass.\mem_q [76]' using process `\lsu_bypass.$proc$/home/qualcomm_clinic/RTL/OpenABC/leaf_level_verilog/tsmc65lp/ariane/lsu_bypass.v:2392$35996'.
  created $adff cell `$procdff$61049' with positive edge clock and positive level reset.
Creating register for signal `\lsu_bypass.\mem_q [77]' using process `\lsu_bypass.$proc$/home/qualcomm_clinic/RTL/OpenABC/leaf_level_verilog/tsmc65lp/ariane/lsu_bypass.v:2383$35995'.
  created $adff cell `$procdff$61050' with positive edge clock and positive level reset.
Creating register for signal `\lsu_bypass.\mem_q [78]' using process `\lsu_bypass.$proc$/home/qualcomm_clinic/RTL/OpenABC/leaf_level_verilog/tsmc65lp/ariane/lsu_bypass.v:2374$35994'.
  created $adff cell `$procdff$61051' with positive edge clock and positive level reset.
Creating register for signal `\lsu_bypass.\mem_q [79]' using process `\lsu_bypass.$proc$/home/qualcomm_clinic/RTL/OpenABC/leaf_level_verilog/tsmc65lp/ariane/lsu_bypass.v:2365$35993'.
  created $adff cell `$procdff$61052' with positive edge clock and positive level reset.
Creating register for signal `\lsu_bypass.\mem_q [80]' using process `\lsu_bypass.$proc$/home/qualcomm_clinic/RTL/OpenABC/leaf_level_verilog/tsmc65lp/ariane/lsu_bypass.v:2356$35992'.
  created $adff cell `$procdff$61053' with positive edge clock and positive level reset.
Creating register for signal `\lsu_bypass.\mem_q [81]' using process `\lsu_bypass.$proc$/home/qualcomm_clinic/RTL/OpenABC/leaf_level_verilog/tsmc65lp/ariane/lsu_bypass.v:2347$35991'.
  created $adff cell `$procdff$61054' with positive edge clock and positive level reset.
Creating register for signal `\lsu_bypass.\mem_q [82]' using process `\lsu_bypass.$proc$/home/qualcomm_clinic/RTL/OpenABC/leaf_level_verilog/tsmc65lp/ariane/lsu_bypass.v:2338$35990'.
  created $adff cell `$procdff$61055' with positive edge clock and positive level reset.
Creating register for signal `\lsu_bypass.\mem_q [83]' using process `\lsu_bypass.$proc$/home/qualcomm_clinic/RTL/OpenABC/leaf_level_verilog/tsmc65lp/ariane/lsu_bypass.v:2329$35989'.
  created $adff cell `$procdff$61056' with positive edge clock and positive level reset.
Creating register for signal `\lsu_bypass.\mem_q [84]' using process `\lsu_bypass.$proc$/home/qualcomm_clinic/RTL/OpenABC/leaf_level_verilog/tsmc65lp/ariane/lsu_bypass.v:2320$35988'.
  created $adff cell `$procdff$61057' with positive edge clock and positive level reset.
Creating register for signal `\lsu_bypass.\mem_q [85]' using process `\lsu_bypass.$proc$/home/qualcomm_clinic/RTL/OpenABC/leaf_level_verilog/tsmc65lp/ariane/lsu_bypass.v:2311$35987'.
  created $adff cell `$procdff$61058' with positive edge clock and positive level reset.
Creating register for signal `\lsu_bypass.\mem_q [86]' using process `\lsu_bypass.$proc$/home/qualcomm_clinic/RTL/OpenABC/leaf_level_verilog/tsmc65lp/ariane/lsu_bypass.v:2302$35986'.
  created $adff cell `$procdff$61059' with positive edge clock and positive level reset.
Creating register for signal `\lsu_bypass.\mem_q [87]' using process `\lsu_bypass.$proc$/home/qualcomm_clinic/RTL/OpenABC/leaf_level_verilog/tsmc65lp/ariane/lsu_bypass.v:2293$35985'.
  created $adff cell `$procdff$61060' with positive edge clock and positive level reset.
Creating register for signal `\lsu_bypass.\mem_q [88]' using process `\lsu_bypass.$proc$/home/qualcomm_clinic/RTL/OpenABC/leaf_level_verilog/tsmc65lp/ariane/lsu_bypass.v:2284$35984'.
  created $adff cell `$procdff$61061' with positive edge clock and positive level reset.
Creating register for signal `\lsu_bypass.\mem_q [89]' using process `\lsu_bypass.$proc$/home/qualcomm_clinic/RTL/OpenABC/leaf_level_verilog/tsmc65lp/ariane/lsu_bypass.v:2275$35983'.
  created $adff cell `$procdff$61062' with positive edge clock and positive level reset.
Creating register for signal `\lsu_bypass.\mem_q [90]' using process `\lsu_bypass.$proc$/home/qualcomm_clinic/RTL/OpenABC/leaf_level_verilog/tsmc65lp/ariane/lsu_bypass.v:2266$35982'.
  created $adff cell `$procdff$61063' with positive edge clock and positive level reset.
Creating register for signal `\lsu_bypass.\mem_q [91]' using process `\lsu_bypass.$proc$/home/qualcomm_clinic/RTL/OpenABC/leaf_level_verilog/tsmc65lp/ariane/lsu_bypass.v:2257$35981'.
  created $adff cell `$procdff$61064' with positive edge clock and positive level reset.
Creating register for signal `\lsu_bypass.\mem_q [92]' using process `\lsu_bypass.$proc$/home/qualcomm_clinic/RTL/OpenABC/leaf_level_verilog/tsmc65lp/ariane/lsu_bypass.v:2248$35980'.
  created $adff cell `$procdff$61065' with positive edge clock and positive level reset.
Creating register for signal `\lsu_bypass.\mem_q [93]' using process `\lsu_bypass.$proc$/home/qualcomm_clinic/RTL/OpenABC/leaf_level_verilog/tsmc65lp/ariane/lsu_bypass.v:2239$35979'.
  created $adff cell `$procdff$61066' with positive edge clock and positive level reset.
Creating register for signal `\lsu_bypass.\mem_q [94]' using process `\lsu_bypass.$proc$/home/qualcomm_clinic/RTL/OpenABC/leaf_level_verilog/tsmc65lp/ariane/lsu_bypass.v:2230$35978'.
  created $adff cell `$procdff$61067' with positive edge clock and positive level reset.
Creating register for signal `\lsu_bypass.\mem_q [95]' using process `\lsu_bypass.$proc$/home/qualcomm_clinic/RTL/OpenABC/leaf_level_verilog/tsmc65lp/ariane/lsu_bypass.v:2221$35977'.
  created $adff cell `$procdff$61068' with positive edge clock and positive level reset.
Creating register for signal `\lsu_bypass.\mem_q [96]' using process `\lsu_bypass.$proc$/home/qualcomm_clinic/RTL/OpenABC/leaf_level_verilog/tsmc65lp/ariane/lsu_bypass.v:2212$35976'.
  created $adff cell `$procdff$61069' with positive edge clock and positive level reset.
Creating register for signal `\lsu_bypass.\mem_q [97]' using process `\lsu_bypass.$proc$/home/qualcomm_clinic/RTL/OpenABC/leaf_level_verilog/tsmc65lp/ariane/lsu_bypass.v:2203$35975'.
  created $adff cell `$procdff$61070' with positive edge clock and positive level reset.
Creating register for signal `\lsu_bypass.\mem_q [98]' using process `\lsu_bypass.$proc$/home/qualcomm_clinic/RTL/OpenABC/leaf_level_verilog/tsmc65lp/ariane/lsu_bypass.v:2194$35974'.
  created $adff cell `$procdff$61071' with positive edge clock and positive level reset.
Creating register for signal `\lsu_bypass.\mem_q [99]' using process `\lsu_bypass.$proc$/home/qualcomm_clinic/RTL/OpenABC/leaf_level_verilog/tsmc65lp/ariane/lsu_bypass.v:2185$35973'.
  created $adff cell `$procdff$61072' with positive edge clock and positive level reset.
Creating register for signal `\lsu_bypass.\mem_q [100]' using process `\lsu_bypass.$proc$/home/qualcomm_clinic/RTL/OpenABC/leaf_level_verilog/tsmc65lp/ariane/lsu_bypass.v:2176$35972'.
  created $adff cell `$procdff$61073' with positive edge clock and positive level reset.
Creating register for signal `\lsu_bypass.\mem_q [101]' using process `\lsu_bypass.$proc$/home/qualcomm_clinic/RTL/OpenABC/leaf_level_verilog/tsmc65lp/ariane/lsu_bypass.v:2167$35971'.
  created $adff cell `$procdff$61074' with positive edge clock and positive level reset.
Creating register for signal `\lsu_bypass.\mem_q [102]' using process `\lsu_bypass.$proc$/home/qualcomm_clinic/RTL/OpenABC/leaf_level_verilog/tsmc65lp/ariane/lsu_bypass.v:2158$35970'.
  created $adff cell `$procdff$61075' with positive edge clock and positive level reset.
Creating register for signal `\lsu_bypass.\mem_q [103]' using process `\lsu_bypass.$proc$/home/qualcomm_clinic/RTL/OpenABC/leaf_level_verilog/tsmc65lp/ariane/lsu_bypass.v:2149$35969'.
  created $adff cell `$procdff$61076' with positive edge clock and positive level reset.
Creating register for signal `\lsu_bypass.\mem_q [104]' using process `\lsu_bypass.$proc$/home/qualcomm_clinic/RTL/OpenABC/leaf_level_verilog/tsmc65lp/ariane/lsu_bypass.v:2140$35968'.
  created $adff cell `$procdff$61077' with positive edge clock and positive level reset.
Creating register for signal `\lsu_bypass.\mem_q [105]' using process `\lsu_bypass.$proc$/home/qualcomm_clinic/RTL/OpenABC/leaf_level_verilog/tsmc65lp/ariane/lsu_bypass.v:2131$35967'.
  created $adff cell `$procdff$61078' with positive edge clock and positive level reset.
Creating register for signal `\lsu_bypass.\mem_q [106]' using process `\lsu_bypass.$proc$/home/qualcomm_clinic/RTL/OpenABC/leaf_level_verilog/tsmc65lp/ariane/lsu_bypass.v:2122$35966'.
  created $adff cell `$procdff$61079' with positive edge clock and positive level reset.
Creating register for signal `\lsu_bypass.\mem_q [107]' using process `\lsu_bypass.$proc$/home/qualcomm_clinic/RTL/OpenABC/leaf_level_verilog/tsmc65lp/ariane/lsu_bypass.v:2113$35965'.
  created $adff cell `$procdff$61080' with positive edge clock and positive level reset.
Creating register for signal `\lsu_bypass.\mem_q [108]' using process `\lsu_bypass.$proc$/home/qualcomm_clinic/RTL/OpenABC/leaf_level_verilog/tsmc65lp/ariane/lsu_bypass.v:2104$35964'.
  created $adff cell `$procdff$61081' with positive edge clock and positive level reset.
Creating register for signal `\lsu_bypass.\mem_q [109]' using process `\lsu_bypass.$proc$/home/qualcomm_clinic/RTL/OpenABC/leaf_level_verilog/tsmc65lp/ariane/lsu_bypass.v:2095$35963'.
  created $adff cell `$procdff$61082' with positive edge clock and positive level reset.
Creating register for signal `\lsu_bypass.\mem_q [110]' using process `\lsu_bypass.$proc$/home/qualcomm_clinic/RTL/OpenABC/leaf_level_verilog/tsmc65lp/ariane/lsu_bypass.v:2086$35962'.
  created $adff cell `$procdff$61083' with positive edge clock and positive level reset.
Creating register for signal `\lsu_bypass.\mem_q [111]' using process `\lsu_bypass.$proc$/home/qualcomm_clinic/RTL/OpenABC/leaf_level_verilog/tsmc65lp/ariane/lsu_bypass.v:2077$35961'.
  created $adff cell `$procdff$61084' with positive edge clock and positive level reset.
Creating register for signal `\lsu_bypass.\mem_q [112]' using process `\lsu_bypass.$proc$/home/qualcomm_clinic/RTL/OpenABC/leaf_level_verilog/tsmc65lp/ariane/lsu_bypass.v:2068$35960'.
  created $adff cell `$procdff$61085' with positive edge clock and positive level reset.
Creating register for signal `\lsu_bypass.\mem_q [113]' using process `\lsu_bypass.$proc$/home/qualcomm_clinic/RTL/OpenABC/leaf_level_verilog/tsmc65lp/ariane/lsu_bypass.v:2059$35959'.
  created $adff cell `$procdff$61086' with positive edge clock and positive level reset.
Creating register for signal `\lsu_bypass.\mem_q [114]' using process `\lsu_bypass.$proc$/home/qualcomm_clinic/RTL/OpenABC/leaf_level_verilog/tsmc65lp/ariane/lsu_bypass.v:2050$35958'.
  created $adff cell `$procdff$61087' with positive edge clock and positive level reset.
Creating register for signal `\lsu_bypass.\mem_q [115]' using process `\lsu_bypass.$proc$/home/qualcomm_clinic/RTL/OpenABC/leaf_level_verilog/tsmc65lp/ariane/lsu_bypass.v:2041$35957'.
  created $adff cell `$procdff$61088' with positive edge clock and positive level reset.
Creating register for signal `\lsu_bypass.\mem_q [116]' using process `\lsu_bypass.$proc$/home/qualcomm_clinic/RTL/OpenABC/leaf_level_verilog/tsmc65lp/ariane/lsu_bypass.v:2032$35956'.
  created $adff cell `$procdff$61089' with positive edge clock and positive level reset.
Creating register for signal `\lsu_bypass.\mem_q [117]' using process `\lsu_bypass.$proc$/home/qualcomm_clinic/RTL/OpenABC/leaf_level_verilog/tsmc65lp/ariane/lsu_bypass.v:2023$35955'.
  created $adff cell `$procdff$61090' with positive edge clock and positive level reset.
Creating register for signal `\lsu_bypass.\mem_q [118]' using process `\lsu_bypass.$proc$/home/qualcomm_clinic/RTL/OpenABC/leaf_level_verilog/tsmc65lp/ariane/lsu_bypass.v:2014$35954'.
  created $adff cell `$procdff$61091' with positive edge clock and positive level reset.
Creating register for signal `\lsu_bypass.\mem_q [119]' using process `\lsu_bypass.$proc$/home/qualcomm_clinic/RTL/OpenABC/leaf_level_verilog/tsmc65lp/ariane/lsu_bypass.v:2005$35953'.
  created $adff cell `$procdff$61092' with positive edge clock and positive level reset.
Creating register for signal `\lsu_bypass.\mem_q [120]' using process `\lsu_bypass.$proc$/home/qualcomm_clinic/RTL/OpenABC/leaf_level_verilog/tsmc65lp/ariane/lsu_bypass.v:1996$35952'.
  created $adff cell `$procdff$61093' with positive edge clock and positive level reset.
Creating register for signal `\lsu_bypass.\mem_q [121]' using process `\lsu_bypass.$proc$/home/qualcomm_clinic/RTL/OpenABC/leaf_level_verilog/tsmc65lp/ariane/lsu_bypass.v:1987$35951'.
  created $adff cell `$procdff$61094' with positive edge clock and positive level reset.
Creating register for signal `\lsu_bypass.\mem_q [122]' using process `\lsu_bypass.$proc$/home/qualcomm_clinic/RTL/OpenABC/leaf_level_verilog/tsmc65lp/ariane/lsu_bypass.v:1978$35950'.
  created $adff cell `$procdff$61095' with positive edge clock and positive level reset.
Creating register for signal `\lsu_bypass.\mem_q [123]' using process `\lsu_bypass.$proc$/home/qualcomm_clinic/RTL/OpenABC/leaf_level_verilog/tsmc65lp/ariane/lsu_bypass.v:1969$35949'.
  created $adff cell `$procdff$61096' with positive edge clock and positive level reset.
Creating register for signal `\lsu_bypass.\mem_q [124]' using process `\lsu_bypass.$proc$/home/qualcomm_clinic/RTL/OpenABC/leaf_level_verilog/tsmc65lp/ariane/lsu_bypass.v:1960$35948'.
  created $adff cell `$procdff$61097' with positive edge clock and positive level reset.
Creating register for signal `\lsu_bypass.\mem_q [125]' using process `\lsu_bypass.$proc$/home/qualcomm_clinic/RTL/OpenABC/leaf_level_verilog/tsmc65lp/ariane/lsu_bypass.v:1951$35947'.
  created $adff cell `$procdff$61098' with positive edge clock and positive level reset.
Creating register for signal `\lsu_bypass.\mem_q [126]' using process `\lsu_bypass.$proc$/home/qualcomm_clinic/RTL/OpenABC/leaf_level_verilog/tsmc65lp/ariane/lsu_bypass.v:1942$35946'.
  created $adff cell `$procdff$61099' with positive edge clock and positive level reset.
Creating register for signal `\lsu_bypass.\mem_q [127]' using process `\lsu_bypass.$proc$/home/qualcomm_clinic/RTL/OpenABC/leaf_level_verilog/tsmc65lp/ariane/lsu_bypass.v:1933$35945'.
  created $adff cell `$procdff$61100' with positive edge clock and positive level reset.
Creating register for signal `\lsu_bypass.\mem_q [128]' using process `\lsu_bypass.$proc$/home/qualcomm_clinic/RTL/OpenABC/leaf_level_verilog/tsmc65lp/ariane/lsu_bypass.v:1924$35944'.
  created $adff cell `$procdff$61101' with positive edge clock and positive level reset.
Creating register for signal `\lsu_bypass.\mem_q [129]' using process `\lsu_bypass.$proc$/home/qualcomm_clinic/RTL/OpenABC/leaf_level_verilog/tsmc65lp/ariane/lsu_bypass.v:1915$35943'.
  created $adff cell `$procdff$61102' with positive edge clock and positive level reset.
Creating register for signal `\lsu_bypass.\mem_q [130]' using process `\lsu_bypass.$proc$/home/qualcomm_clinic/RTL/OpenABC/leaf_level_verilog/tsmc65lp/ariane/lsu_bypass.v:1906$35942'.
  created $adff cell `$procdff$61103' with positive edge clock and positive level reset.
Creating register for signal `\lsu_bypass.\mem_q [131]' using process `\lsu_bypass.$proc$/home/qualcomm_clinic/RTL/OpenABC/leaf_level_verilog/tsmc65lp/ariane/lsu_bypass.v:1897$35941'.
  created $adff cell `$procdff$61104' with positive edge clock and positive level reset.
Creating register for signal `\lsu_bypass.\mem_q [132]' using process `\lsu_bypass.$proc$/home/qualcomm_clinic/RTL/OpenABC/leaf_level_verilog/tsmc65lp/ariane/lsu_bypass.v:1888$35940'.
  created $adff cell `$procdff$61105' with positive edge clock and positive level reset.
Creating register for signal `\lsu_bypass.\mem_q [133]' using process `\lsu_bypass.$proc$/home/qualcomm_clinic/RTL/OpenABC/leaf_level_verilog/tsmc65lp/ariane/lsu_bypass.v:1879$35939'.
  created $adff cell `$procdff$61106' with positive edge clock and positive level reset.
Creating register for signal `\lsu_bypass.\mem_q [134]' using process `\lsu_bypass.$proc$/home/qualcomm_clinic/RTL/OpenABC/leaf_level_verilog/tsmc65lp/ariane/lsu_bypass.v:1870$35938'.
  created $adff cell `$procdff$61107' with positive edge clock and positive level reset.
Creating register for signal `\lsu_bypass.\mem_q [135]' using process `\lsu_bypass.$proc$/home/qualcomm_clinic/RTL/OpenABC/leaf_level_verilog/tsmc65lp/ariane/lsu_bypass.v:1861$35937'.
  created $adff cell `$procdff$61108' with positive edge clock and positive level reset.
Creating register for signal `\lsu_bypass.\mem_q [136]' using process `\lsu_bypass.$proc$/home/qualcomm_clinic/RTL/OpenABC/leaf_level_verilog/tsmc65lp/ariane/lsu_bypass.v:1852$35936'.
  created $adff cell `$procdff$61109' with positive edge clock and positive level reset.
Creating register for signal `\lsu_bypass.\mem_q [137]' using process `\lsu_bypass.$proc$/home/qualcomm_clinic/RTL/OpenABC/leaf_level_verilog/tsmc65lp/ariane/lsu_bypass.v:1843$35935'.
  created $adff cell `$procdff$61110' with positive edge clock and positive level reset.
Creating register for signal `\lsu_bypass.\mem_q [138]' using process `\lsu_bypass.$proc$/home/qualcomm_clinic/RTL/OpenABC/leaf_level_verilog/tsmc65lp/ariane/lsu_bypass.v:1834$35934'.
  created $adff cell `$procdff$61111' with positive edge clock and positive level reset.
Creating register for signal `\lsu_bypass.\mem_q [139]' using process `\lsu_bypass.$proc$/home/qualcomm_clinic/RTL/OpenABC/leaf_level_verilog/tsmc65lp/ariane/lsu_bypass.v:1825$35933'.
  created $adff cell `$procdff$61112' with positive edge clock and positive level reset.
Creating register for signal `\lsu_bypass.\mem_q [140]' using process `\lsu_bypass.$proc$/home/qualcomm_clinic/RTL/OpenABC/leaf_level_verilog/tsmc65lp/ariane/lsu_bypass.v:1816$35932'.
  created $adff cell `$procdff$61113' with positive edge clock and positive level reset.
Creating register for signal `\lsu_bypass.\mem_q [141]' using process `\lsu_bypass.$proc$/home/qualcomm_clinic/RTL/OpenABC/leaf_level_verilog/tsmc65lp/ariane/lsu_bypass.v:1807$35931'.
  created $adff cell `$procdff$61114' with positive edge clock and positive level reset.
Creating register for signal `\lsu_bypass.\mem_q [142]' using process `\lsu_bypass.$proc$/home/qualcomm_clinic/RTL/OpenABC/leaf_level_verilog/tsmc65lp/ariane/lsu_bypass.v:1798$35930'.
  created $adff cell `$procdff$61115' with positive edge clock and positive level reset.
Creating register for signal `\lsu_bypass.\mem_q [143]' using process `\lsu_bypass.$proc$/home/qualcomm_clinic/RTL/OpenABC/leaf_level_verilog/tsmc65lp/ariane/lsu_bypass.v:1789$35929'.
  created $adff cell `$procdff$61116' with positive edge clock and positive level reset.
Creating register for signal `\lsu_bypass.\mem_q [144]' using process `\lsu_bypass.$proc$/home/qualcomm_clinic/RTL/OpenABC/leaf_level_verilog/tsmc65lp/ariane/lsu_bypass.v:1780$35928'.
  created $adff cell `$procdff$61117' with positive edge clock and positive level reset.
Creating register for signal `\lsu_bypass.\mem_q [145]' using process `\lsu_bypass.$proc$/home/qualcomm_clinic/RTL/OpenABC/leaf_level_verilog/tsmc65lp/ariane/lsu_bypass.v:1771$35927'.
  created $adff cell `$procdff$61118' with positive edge clock and positive level reset.
Creating register for signal `\lsu_bypass.\mem_q [146]' using process `\lsu_bypass.$proc$/home/qualcomm_clinic/RTL/OpenABC/leaf_level_verilog/tsmc65lp/ariane/lsu_bypass.v:1762$35926'.
  created $adff cell `$procdff$61119' with positive edge clock and positive level reset.
Creating register for signal `\lsu_bypass.\mem_q [147]' using process `\lsu_bypass.$proc$/home/qualcomm_clinic/RTL/OpenABC/leaf_level_verilog/tsmc65lp/ariane/lsu_bypass.v:1753$35925'.
  created $adff cell `$procdff$61120' with positive edge clock and positive level reset.
Creating register for signal `\lsu_bypass.\mem_q [148]' using process `\lsu_bypass.$proc$/home/qualcomm_clinic/RTL/OpenABC/leaf_level_verilog/tsmc65lp/ariane/lsu_bypass.v:1744$35924'.
  created $adff cell `$procdff$61121' with positive edge clock and positive level reset.
Creating register for signal `\lsu_bypass.\mem_q [149]' using process `\lsu_bypass.$proc$/home/qualcomm_clinic/RTL/OpenABC/leaf_level_verilog/tsmc65lp/ariane/lsu_bypass.v:1735$35923'.
  created $adff cell `$procdff$61122' with positive edge clock and positive level reset.
Creating register for signal `\lsu_bypass.\mem_q [150]' using process `\lsu_bypass.$proc$/home/qualcomm_clinic/RTL/OpenABC/leaf_level_verilog/tsmc65lp/ariane/lsu_bypass.v:1726$35922'.
  created $adff cell `$procdff$61123' with positive edge clock and positive level reset.
Creating register for signal `\lsu_bypass.\mem_q [151]' using process `\lsu_bypass.$proc$/home/qualcomm_clinic/RTL/OpenABC/leaf_level_verilog/tsmc65lp/ariane/lsu_bypass.v:1717$35921'.
  created $adff cell `$procdff$61124' with positive edge clock and positive level reset.
Creating register for signal `\lsu_bypass.\mem_q [152]' using process `\lsu_bypass.$proc$/home/qualcomm_clinic/RTL/OpenABC/leaf_level_verilog/tsmc65lp/ariane/lsu_bypass.v:1708$35920'.
  created $adff cell `$procdff$61125' with positive edge clock and positive level reset.
Creating register for signal `\lsu_bypass.\mem_q [153]' using process `\lsu_bypass.$proc$/home/qualcomm_clinic/RTL/OpenABC/leaf_level_verilog/tsmc65lp/ariane/lsu_bypass.v:1699$35919'.
  created $adff cell `$procdff$61126' with positive edge clock and positive level reset.
Creating register for signal `\lsu_bypass.\mem_q [154]' using process `\lsu_bypass.$proc$/home/qualcomm_clinic/RTL/OpenABC/leaf_level_verilog/tsmc65lp/ariane/lsu_bypass.v:1690$35918'.
  created $adff cell `$procdff$61127' with positive edge clock and positive level reset.
Creating register for signal `\lsu_bypass.\mem_q [155]' using process `\lsu_bypass.$proc$/home/qualcomm_clinic/RTL/OpenABC/leaf_level_verilog/tsmc65lp/ariane/lsu_bypass.v:1681$35917'.
  created $adff cell `$procdff$61128' with positive edge clock and positive level reset.
Creating register for signal `\lsu_bypass.\mem_q [156]' using process `\lsu_bypass.$proc$/home/qualcomm_clinic/RTL/OpenABC/leaf_level_verilog/tsmc65lp/ariane/lsu_bypass.v:1672$35916'.
  created $adff cell `$procdff$61129' with positive edge clock and positive level reset.
Creating register for signal `\lsu_bypass.\mem_q [157]' using process `\lsu_bypass.$proc$/home/qualcomm_clinic/RTL/OpenABC/leaf_level_verilog/tsmc65lp/ariane/lsu_bypass.v:1663$35915'.
  created $adff cell `$procdff$61130' with positive edge clock and positive level reset.
Creating register for signal `\lsu_bypass.\mem_q [158]' using process `\lsu_bypass.$proc$/home/qualcomm_clinic/RTL/OpenABC/leaf_level_verilog/tsmc65lp/ariane/lsu_bypass.v:1654$35914'.
  created $adff cell `$procdff$61131' with positive edge clock and positive level reset.
Creating register for signal `\lsu_bypass.\mem_q [159]' using process `\lsu_bypass.$proc$/home/qualcomm_clinic/RTL/OpenABC/leaf_level_verilog/tsmc65lp/ariane/lsu_bypass.v:1645$35913'.
  created $adff cell `$procdff$61132' with positive edge clock and positive level reset.
Creating register for signal `\lsu_bypass.\mem_q [160]' using process `\lsu_bypass.$proc$/home/qualcomm_clinic/RTL/OpenABC/leaf_level_verilog/tsmc65lp/ariane/lsu_bypass.v:1636$35912'.
  created $adff cell `$procdff$61133' with positive edge clock and positive level reset.
Creating register for signal `\lsu_bypass.\mem_q [161]' using process `\lsu_bypass.$proc$/home/qualcomm_clinic/RTL/OpenABC/leaf_level_verilog/tsmc65lp/ariane/lsu_bypass.v:1627$35911'.
  created $adff cell `$procdff$61134' with positive edge clock and positive level reset.
Creating register for signal `\lsu_bypass.\mem_q [162]' using process `\lsu_bypass.$proc$/home/qualcomm_clinic/RTL/OpenABC/leaf_level_verilog/tsmc65lp/ariane/lsu_bypass.v:1618$35910'.
  created $adff cell `$procdff$61135' with positive edge clock and positive level reset.
Creating register for signal `\lsu_bypass.\mem_q [163]' using process `\lsu_bypass.$proc$/home/qualcomm_clinic/RTL/OpenABC/leaf_level_verilog/tsmc65lp/ariane/lsu_bypass.v:1609$35909'.
  created $adff cell `$procdff$61136' with positive edge clock and positive level reset.
Creating register for signal `\lsu_bypass.\mem_q [164]' using process `\lsu_bypass.$proc$/home/qualcomm_clinic/RTL/OpenABC/leaf_level_verilog/tsmc65lp/ariane/lsu_bypass.v:1600$35908'.
  created $adff cell `$procdff$61137' with positive edge clock and positive level reset.
Creating register for signal `\lsu_bypass.\mem_q [165]' using process `\lsu_bypass.$proc$/home/qualcomm_clinic/RTL/OpenABC/leaf_level_verilog/tsmc65lp/ariane/lsu_bypass.v:1591$35907'.
  created $adff cell `$procdff$61138' with positive edge clock and positive level reset.
Creating register for signal `\lsu_bypass.\mem_q [166]' using process `\lsu_bypass.$proc$/home/qualcomm_clinic/RTL/OpenABC/leaf_level_verilog/tsmc65lp/ariane/lsu_bypass.v:1582$35906'.
  created $adff cell `$procdff$61139' with positive edge clock and positive level reset.
Creating register for signal `\lsu_bypass.\mem_q [167]' using process `\lsu_bypass.$proc$/home/qualcomm_clinic/RTL/OpenABC/leaf_level_verilog/tsmc65lp/ariane/lsu_bypass.v:1573$35905'.
  created $adff cell `$procdff$61140' with positive edge clock and positive level reset.
Creating register for signal `\lsu_bypass.\mem_q [168]' using process `\lsu_bypass.$proc$/home/qualcomm_clinic/RTL/OpenABC/leaf_level_verilog/tsmc65lp/ariane/lsu_bypass.v:1564$35904'.
  created $adff cell `$procdff$61141' with positive edge clock and positive level reset.
Creating register for signal `\lsu_bypass.\mem_q [169]' using process `\lsu_bypass.$proc$/home/qualcomm_clinic/RTL/OpenABC/leaf_level_verilog/tsmc65lp/ariane/lsu_bypass.v:1555$35903'.
  created $adff cell `$procdff$61142' with positive edge clock and positive level reset.
Creating register for signal `\lsu_bypass.\mem_q [170]' using process `\lsu_bypass.$proc$/home/qualcomm_clinic/RTL/OpenABC/leaf_level_verilog/tsmc65lp/ariane/lsu_bypass.v:1546$35902'.
  created $adff cell `$procdff$61143' with positive edge clock and positive level reset.
Creating register for signal `\lsu_bypass.\mem_q [171]' using process `\lsu_bypass.$proc$/home/qualcomm_clinic/RTL/OpenABC/leaf_level_verilog/tsmc65lp/ariane/lsu_bypass.v:1537$35901'.
  created $adff cell `$procdff$61144' with positive edge clock and positive level reset.
Creating register for signal `\lsu_bypass.\mem_q [172]' using process `\lsu_bypass.$proc$/home/qualcomm_clinic/RTL/OpenABC/leaf_level_verilog/tsmc65lp/ariane/lsu_bypass.v:1528$35900'.
  created $adff cell `$procdff$61145' with positive edge clock and positive level reset.
Creating register for signal `\lsu_bypass.\mem_q [173]' using process `\lsu_bypass.$proc$/home/qualcomm_clinic/RTL/OpenABC/leaf_level_verilog/tsmc65lp/ariane/lsu_bypass.v:1519$35899'.
  created $adff cell `$procdff$61146' with positive edge clock and positive level reset.
Creating register for signal `\lsu_bypass.\mem_q [174]' using process `\lsu_bypass.$proc$/home/qualcomm_clinic/RTL/OpenABC/leaf_level_verilog/tsmc65lp/ariane/lsu_bypass.v:1510$35898'.
  created $adff cell `$procdff$61147' with positive edge clock and positive level reset.
Creating register for signal `\lsu_bypass.\mem_q [175]' using process `\lsu_bypass.$proc$/home/qualcomm_clinic/RTL/OpenABC/leaf_level_verilog/tsmc65lp/ariane/lsu_bypass.v:1501$35897'.
  created $adff cell `$procdff$61148' with positive edge clock and positive level reset.
Creating register for signal `\lsu_bypass.\mem_q [176]' using process `\lsu_bypass.$proc$/home/qualcomm_clinic/RTL/OpenABC/leaf_level_verilog/tsmc65lp/ariane/lsu_bypass.v:1492$35896'.
  created $adff cell `$procdff$61149' with positive edge clock and positive level reset.
Creating register for signal `\lsu_bypass.\mem_q [177]' using process `\lsu_bypass.$proc$/home/qualcomm_clinic/RTL/OpenABC/leaf_level_verilog/tsmc65lp/ariane/lsu_bypass.v:1483$35895'.
  created $adff cell `$procdff$61150' with positive edge clock and positive level reset.
Creating register for signal `\lsu_bypass.\mem_q [178]' using process `\lsu_bypass.$proc$/home/qualcomm_clinic/RTL/OpenABC/leaf_level_verilog/tsmc65lp/ariane/lsu_bypass.v:1474$35894'.
  created $adff cell `$procdff$61151' with positive edge clock and positive level reset.
Creating register for signal `\lsu_bypass.\mem_q [179]' using process `\lsu_bypass.$proc$/home/qualcomm_clinic/RTL/OpenABC/leaf_level_verilog/tsmc65lp/ariane/lsu_bypass.v:1465$35893'.
  created $adff cell `$procdff$61152' with positive edge clock and positive level reset.
Creating register for signal `\lsu_bypass.\mem_q [180]' using process `\lsu_bypass.$proc$/home/qualcomm_clinic/RTL/OpenABC/leaf_level_verilog/tsmc65lp/ariane/lsu_bypass.v:1456$35892'.
  created $adff cell `$procdff$61153' with positive edge clock and positive level reset.
Creating register for signal `\lsu_bypass.\mem_q [181]' using process `\lsu_bypass.$proc$/home/qualcomm_clinic/RTL/OpenABC/leaf_level_verilog/tsmc65lp/ariane/lsu_bypass.v:1447$35891'.
  created $adff cell `$procdff$61154' with positive edge clock and positive level reset.
Creating register for signal `\lsu_bypass.\mem_q [182]' using process `\lsu_bypass.$proc$/home/qualcomm_clinic/RTL/OpenABC/leaf_level_verilog/tsmc65lp/ariane/lsu_bypass.v:1438$35890'.
  created $adff cell `$procdff$61155' with positive edge clock and positive level reset.
Creating register for signal `\lsu_bypass.\mem_q [183]' using process `\lsu_bypass.$proc$/home/qualcomm_clinic/RTL/OpenABC/leaf_level_verilog/tsmc65lp/ariane/lsu_bypass.v:1429$35889'.
  created $adff cell `$procdff$61156' with positive edge clock and positive level reset.
Creating register for signal `\lsu_bypass.\mem_q [184]' using process `\lsu_bypass.$proc$/home/qualcomm_clinic/RTL/OpenABC/leaf_level_verilog/tsmc65lp/ariane/lsu_bypass.v:1420$35888'.
  created $adff cell `$procdff$61157' with positive edge clock and positive level reset.
Creating register for signal `\lsu_bypass.\mem_q [185]' using process `\lsu_bypass.$proc$/home/qualcomm_clinic/RTL/OpenABC/leaf_level_verilog/tsmc65lp/ariane/lsu_bypass.v:1411$35887'.
  created $adff cell `$procdff$61158' with positive edge clock and positive level reset.
Creating register for signal `\lsu_bypass.\mem_q [186]' using process `\lsu_bypass.$proc$/home/qualcomm_clinic/RTL/OpenABC/leaf_level_verilog/tsmc65lp/ariane/lsu_bypass.v:1402$35886'.
  created $adff cell `$procdff$61159' with positive edge clock and positive level reset.
Creating register for signal `\lsu_bypass.\mem_q [187]' using process `\lsu_bypass.$proc$/home/qualcomm_clinic/RTL/OpenABC/leaf_level_verilog/tsmc65lp/ariane/lsu_bypass.v:1393$35885'.
  created $adff cell `$procdff$61160' with positive edge clock and positive level reset.
Creating register for signal `\lsu_bypass.\mem_q [188]' using process `\lsu_bypass.$proc$/home/qualcomm_clinic/RTL/OpenABC/leaf_level_verilog/tsmc65lp/ariane/lsu_bypass.v:1384$35884'.
  created $adff cell `$procdff$61161' with positive edge clock and positive level reset.
Creating register for signal `\lsu_bypass.\mem_q [189]' using process `\lsu_bypass.$proc$/home/qualcomm_clinic/RTL/OpenABC/leaf_level_verilog/tsmc65lp/ariane/lsu_bypass.v:1375$35883'.
  created $adff cell `$procdff$61162' with positive edge clock and positive level reset.
Creating register for signal `\lsu_bypass.\mem_q [190]' using process `\lsu_bypass.$proc$/home/qualcomm_clinic/RTL/OpenABC/leaf_level_verilog/tsmc65lp/ariane/lsu_bypass.v:1366$35882'.
  created $adff cell `$procdff$61163' with positive edge clock and positive level reset.
Creating register for signal `\lsu_bypass.\mem_q [191]' using process `\lsu_bypass.$proc$/home/qualcomm_clinic/RTL/OpenABC/leaf_level_verilog/tsmc65lp/ariane/lsu_bypass.v:1357$35881'.
  created $adff cell `$procdff$61164' with positive edge clock and positive level reset.
Creating register for signal `\lsu_bypass.\mem_q [192]' using process `\lsu_bypass.$proc$/home/qualcomm_clinic/RTL/OpenABC/leaf_level_verilog/tsmc65lp/ariane/lsu_bypass.v:1348$35880'.
  created $adff cell `$procdff$61165' with positive edge clock and positive level reset.
Creating register for signal `\lsu_bypass.\mem_q [193]' using process `\lsu_bypass.$proc$/home/qualcomm_clinic/RTL/OpenABC/leaf_level_verilog/tsmc65lp/ariane/lsu_bypass.v:1339$35879'.
  created $adff cell `$procdff$61166' with positive edge clock and positive level reset.
Creating register for signal `\lsu_bypass.\mem_q [194]' using process `\lsu_bypass.$proc$/home/qualcomm_clinic/RTL/OpenABC/leaf_level_verilog/tsmc65lp/ariane/lsu_bypass.v:1330$35878'.
  created $adff cell `$procdff$61167' with positive edge clock and positive level reset.
Creating register for signal `\lsu_bypass.\mem_q [195]' using process `\lsu_bypass.$proc$/home/qualcomm_clinic/RTL/OpenABC/leaf_level_verilog/tsmc65lp/ariane/lsu_bypass.v:1321$35877'.
  created $adff cell `$procdff$61168' with positive edge clock and positive level reset.
Creating register for signal `\lsu_bypass.\mem_q [196]' using process `\lsu_bypass.$proc$/home/qualcomm_clinic/RTL/OpenABC/leaf_level_verilog/tsmc65lp/ariane/lsu_bypass.v:1312$35876'.
  created $adff cell `$procdff$61169' with positive edge clock and positive level reset.
Creating register for signal `\lsu_bypass.\mem_q [197]' using process `\lsu_bypass.$proc$/home/qualcomm_clinic/RTL/OpenABC/leaf_level_verilog/tsmc65lp/ariane/lsu_bypass.v:1303$35875'.
  created $adff cell `$procdff$61170' with positive edge clock and positive level reset.
Creating register for signal `\lsu_bypass.\mem_q [198]' using process `\lsu_bypass.$proc$/home/qualcomm_clinic/RTL/OpenABC/leaf_level_verilog/tsmc65lp/ariane/lsu_bypass.v:1294$35874'.
  created $adff cell `$procdff$61171' with positive edge clock and positive level reset.
Creating register for signal `\lsu_bypass.\mem_q [199]' using process `\lsu_bypass.$proc$/home/qualcomm_clinic/RTL/OpenABC/leaf_level_verilog/tsmc65lp/ariane/lsu_bypass.v:1285$35873'.
  created $adff cell `$procdff$61172' with positive edge clock and positive level reset.
Creating register for signal `\lsu_bypass.\mem_q [200]' using process `\lsu_bypass.$proc$/home/qualcomm_clinic/RTL/OpenABC/leaf_level_verilog/tsmc65lp/ariane/lsu_bypass.v:1276$35872'.
  created $adff cell `$procdff$61173' with positive edge clock and positive level reset.
Creating register for signal `\lsu_bypass.\mem_q [201]' using process `\lsu_bypass.$proc$/home/qualcomm_clinic/RTL/OpenABC/leaf_level_verilog/tsmc65lp/ariane/lsu_bypass.v:1267$35871'.
  created $adff cell `$procdff$61174' with positive edge clock and positive level reset.
Creating register for signal `\lsu_bypass.\mem_q [202]' using process `\lsu_bypass.$proc$/home/qualcomm_clinic/RTL/OpenABC/leaf_level_verilog/tsmc65lp/ariane/lsu_bypass.v:1258$35870'.
  created $adff cell `$procdff$61175' with positive edge clock and positive level reset.
Creating register for signal `\lsu_bypass.\mem_q [203]' using process `\lsu_bypass.$proc$/home/qualcomm_clinic/RTL/OpenABC/leaf_level_verilog/tsmc65lp/ariane/lsu_bypass.v:1249$35869'.
  created $adff cell `$procdff$61176' with positive edge clock and positive level reset.
Creating register for signal `\lsu_bypass.\mem_q [204]' using process `\lsu_bypass.$proc$/home/qualcomm_clinic/RTL/OpenABC/leaf_level_verilog/tsmc65lp/ariane/lsu_bypass.v:1240$35868'.
  created $adff cell `$procdff$61177' with positive edge clock and positive level reset.
Creating register for signal `\lsu_bypass.\mem_q [205]' using process `\lsu_bypass.$proc$/home/qualcomm_clinic/RTL/OpenABC/leaf_level_verilog/tsmc65lp/ariane/lsu_bypass.v:1231$35867'.
  created $adff cell `$procdff$61178' with positive edge clock and positive level reset.
Creating register for signal `\lsu_bypass.\mem_q [206]' using process `\lsu_bypass.$proc$/home/qualcomm_clinic/RTL/OpenABC/leaf_level_verilog/tsmc65lp/ariane/lsu_bypass.v:1222$35866'.
  created $adff cell `$procdff$61179' with positive edge clock and positive level reset.
Creating register for signal `\lsu_bypass.\mem_q [207]' using process `\lsu_bypass.$proc$/home/qualcomm_clinic/RTL/OpenABC/leaf_level_verilog/tsmc65lp/ariane/lsu_bypass.v:1213$35865'.
  created $adff cell `$procdff$61180' with positive edge clock and positive level reset.
Creating register for signal `\lsu_bypass.\mem_q [208]' using process `\lsu_bypass.$proc$/home/qualcomm_clinic/RTL/OpenABC/leaf_level_verilog/tsmc65lp/ariane/lsu_bypass.v:1204$35864'.
  created $adff cell `$procdff$61181' with positive edge clock and positive level reset.
Creating register for signal `\lsu_bypass.\mem_q [209]' using process `\lsu_bypass.$proc$/home/qualcomm_clinic/RTL/OpenABC/leaf_level_verilog/tsmc65lp/ariane/lsu_bypass.v:1195$35863'.
  created $adff cell `$procdff$61182' with positive edge clock and positive level reset.
Creating register for signal `\lsu_bypass.\mem_q [210]' using process `\lsu_bypass.$proc$/home/qualcomm_clinic/RTL/OpenABC/leaf_level_verilog/tsmc65lp/ariane/lsu_bypass.v:1186$35862'.
  created $adff cell `$procdff$61183' with positive edge clock and positive level reset.
Creating register for signal `\lsu_bypass.\mem_q [211]' using process `\lsu_bypass.$proc$/home/qualcomm_clinic/RTL/OpenABC/leaf_level_verilog/tsmc65lp/ariane/lsu_bypass.v:1177$35861'.
  created $adff cell `$procdff$61184' with positive edge clock and positive level reset.
Creating register for signal `\lsu_bypass.\mem_q [212]' using process `\lsu_bypass.$proc$/home/qualcomm_clinic/RTL/OpenABC/leaf_level_verilog/tsmc65lp/ariane/lsu_bypass.v:1168$35860'.
  created $adff cell `$procdff$61185' with positive edge clock and positive level reset.
Creating register for signal `\lsu_bypass.\mem_q [213]' using process `\lsu_bypass.$proc$/home/qualcomm_clinic/RTL/OpenABC/leaf_level_verilog/tsmc65lp/ariane/lsu_bypass.v:1159$35859'.
  created $adff cell `$procdff$61186' with positive edge clock and positive level reset.
Creating register for signal `\lsu_bypass.\mem_q [214]' using process `\lsu_bypass.$proc$/home/qualcomm_clinic/RTL/OpenABC/leaf_level_verilog/tsmc65lp/ariane/lsu_bypass.v:1150$35858'.
  created $adff cell `$procdff$61187' with positive edge clock and positive level reset.
Creating register for signal `\lsu_bypass.\mem_q [215]' using process `\lsu_bypass.$proc$/home/qualcomm_clinic/RTL/OpenABC/leaf_level_verilog/tsmc65lp/ariane/lsu_bypass.v:1141$35857'.
  created $adff cell `$procdff$61188' with positive edge clock and positive level reset.
Creating register for signal `\lsu_bypass.\mem_q [216]' using process `\lsu_bypass.$proc$/home/qualcomm_clinic/RTL/OpenABC/leaf_level_verilog/tsmc65lp/ariane/lsu_bypass.v:1132$35856'.
  created $adff cell `$procdff$61189' with positive edge clock and positive level reset.
Creating register for signal `\lsu_bypass.\mem_q [217]' using process `\lsu_bypass.$proc$/home/qualcomm_clinic/RTL/OpenABC/leaf_level_verilog/tsmc65lp/ariane/lsu_bypass.v:1123$35855'.
  created $adff cell `$procdff$61190' with positive edge clock and positive level reset.
Creating register for signal `\lsu_bypass.\mem_q [218]' using process `\lsu_bypass.$proc$/home/qualcomm_clinic/RTL/OpenABC/leaf_level_verilog/tsmc65lp/ariane/lsu_bypass.v:1114$35854'.
  created $adff cell `$procdff$61191' with positive edge clock and positive level reset.
Creating register for signal `\lsu_bypass.\mem_q [219]' using process `\lsu_bypass.$proc$/home/qualcomm_clinic/RTL/OpenABC/leaf_level_verilog/tsmc65lp/ariane/lsu_bypass.v:1105$35853'.
  created $adff cell `$procdff$61192' with positive edge clock and positive level reset.
Creating register for signal `\lsu_bypass.\mem_q [220]' using process `\lsu_bypass.$proc$/home/qualcomm_clinic/RTL/OpenABC/leaf_level_verilog/tsmc65lp/ariane/lsu_bypass.v:1096$35852'.
  created $adff cell `$procdff$61193' with positive edge clock and positive level reset.
Creating register for signal `\lsu_bypass.\mem_q [221]' using process `\lsu_bypass.$proc$/home/qualcomm_clinic/RTL/OpenABC/leaf_level_verilog/tsmc65lp/ariane/lsu_bypass.v:1087$35851'.
  created $adff cell `$procdff$61194' with positive edge clock and positive level reset.
Creating register for signal `\lsu_bypass.\mem_q [222]' using process `\lsu_bypass.$proc$/home/qualcomm_clinic/RTL/OpenABC/leaf_level_verilog/tsmc65lp/ariane/lsu_bypass.v:1078$35850'.
  created $adff cell `$procdff$61195' with positive edge clock and positive level reset.
Creating register for signal `\lsu_bypass.\mem_q [223]' using process `\lsu_bypass.$proc$/home/qualcomm_clinic/RTL/OpenABC/leaf_level_verilog/tsmc65lp/ariane/lsu_bypass.v:1069$35849'.
  created $adff cell `$procdff$61196' with positive edge clock and positive level reset.
Creating register for signal `\lsu_bypass.\mem_q [224]' using process `\lsu_bypass.$proc$/home/qualcomm_clinic/RTL/OpenABC/leaf_level_verilog/tsmc65lp/ariane/lsu_bypass.v:1060$35848'.
  created $adff cell `$procdff$61197' with positive edge clock and positive level reset.
Creating register for signal `\lsu_bypass.\mem_q [225]' using process `\lsu_bypass.$proc$/home/qualcomm_clinic/RTL/OpenABC/leaf_level_verilog/tsmc65lp/ariane/lsu_bypass.v:1051$35847'.
  created $adff cell `$procdff$61198' with positive edge clock and positive level reset.
Creating register for signal `\lsu_bypass.\mem_q [226]' using process `\lsu_bypass.$proc$/home/qualcomm_clinic/RTL/OpenABC/leaf_level_verilog/tsmc65lp/ariane/lsu_bypass.v:1042$35846'.
  created $adff cell `$procdff$61199' with positive edge clock and positive level reset.
Creating register for signal `\lsu_bypass.\mem_q [227]' using process `\lsu_bypass.$proc$/home/qualcomm_clinic/RTL/OpenABC/leaf_level_verilog/tsmc65lp/ariane/lsu_bypass.v:1033$35845'.
  created $adff cell `$procdff$61200' with positive edge clock and positive level reset.
Creating register for signal `\lsu_bypass.\mem_q [228]' using process `\lsu_bypass.$proc$/home/qualcomm_clinic/RTL/OpenABC/leaf_level_verilog/tsmc65lp/ariane/lsu_bypass.v:1024$35844'.
  created $adff cell `$procdff$61201' with positive edge clock and positive level reset.
Creating register for signal `\lsu_bypass.\mem_q [229]' using process `\lsu_bypass.$proc$/home/qualcomm_clinic/RTL/OpenABC/leaf_level_verilog/tsmc65lp/ariane/lsu_bypass.v:1015$35843'.
  created $adff cell `$procdff$61202' with positive edge clock and positive level reset.
Creating register for signal `\lsu_bypass.\mem_q [230]' using process `\lsu_bypass.$proc$/home/qualcomm_clinic/RTL/OpenABC/leaf_level_verilog/tsmc65lp/ariane/lsu_bypass.v:1006$35842'.
  created $adff cell `$procdff$61203' with positive edge clock and positive level reset.
Creating register for signal `\lsu_bypass.\mem_q [231]' using process `\lsu_bypass.$proc$/home/qualcomm_clinic/RTL/OpenABC/leaf_level_verilog/tsmc65lp/ariane/lsu_bypass.v:997$35841'.
  created $adff cell `$procdff$61204' with positive edge clock and positive level reset.
Creating register for signal `\lsu_bypass.\mem_q [232]' using process `\lsu_bypass.$proc$/home/qualcomm_clinic/RTL/OpenABC/leaf_level_verilog/tsmc65lp/ariane/lsu_bypass.v:988$35840'.
  created $adff cell `$procdff$61205' with positive edge clock and positive level reset.
Creating register for signal `\lsu_bypass.\mem_q [233]' using process `\lsu_bypass.$proc$/home/qualcomm_clinic/RTL/OpenABC/leaf_level_verilog/tsmc65lp/ariane/lsu_bypass.v:979$35839'.
  created $adff cell `$procdff$61206' with positive edge clock and positive level reset.
Creating register for signal `\lsu_bypass.\mem_q [234]' using process `\lsu_bypass.$proc$/home/qualcomm_clinic/RTL/OpenABC/leaf_level_verilog/tsmc65lp/ariane/lsu_bypass.v:970$35838'.
  created $adff cell `$procdff$61207' with positive edge clock and positive level reset.
Creating register for signal `\lsu_bypass.\mem_q [235]' using process `\lsu_bypass.$proc$/home/qualcomm_clinic/RTL/OpenABC/leaf_level_verilog/tsmc65lp/ariane/lsu_bypass.v:961$35837'.
  created $adff cell `$procdff$61208' with positive edge clock and positive level reset.
Creating register for signal `\lsu_bypass.\mem_q [236]' using process `\lsu_bypass.$proc$/home/qualcomm_clinic/RTL/OpenABC/leaf_level_verilog/tsmc65lp/ariane/lsu_bypass.v:952$35836'.
  created $adff cell `$procdff$61209' with positive edge clock and positive level reset.
Creating register for signal `\lsu_bypass.\mem_q [237]' using process `\lsu_bypass.$proc$/home/qualcomm_clinic/RTL/OpenABC/leaf_level_verilog/tsmc65lp/ariane/lsu_bypass.v:943$35835'.
  created $adff cell `$procdff$61210' with positive edge clock and positive level reset.
Creating register for signal `\lsu_bypass.\mem_q [238]' using process `\lsu_bypass.$proc$/home/qualcomm_clinic/RTL/OpenABC/leaf_level_verilog/tsmc65lp/ariane/lsu_bypass.v:934$35834'.
  created $adff cell `$procdff$61211' with positive edge clock and positive level reset.
Creating register for signal `\lsu_bypass.\mem_q [239]' using process `\lsu_bypass.$proc$/home/qualcomm_clinic/RTL/OpenABC/leaf_level_verilog/tsmc65lp/ariane/lsu_bypass.v:925$35833'.
  created $adff cell `$procdff$61212' with positive edge clock and positive level reset.
Creating register for signal `\lsu_bypass.\mem_q [240]' using process `\lsu_bypass.$proc$/home/qualcomm_clinic/RTL/OpenABC/leaf_level_verilog/tsmc65lp/ariane/lsu_bypass.v:916$35832'.
  created $adff cell `$procdff$61213' with positive edge clock and positive level reset.
Creating register for signal `\lsu_bypass.\mem_q [241]' using process `\lsu_bypass.$proc$/home/qualcomm_clinic/RTL/OpenABC/leaf_level_verilog/tsmc65lp/ariane/lsu_bypass.v:907$35831'.
  created $adff cell `$procdff$61214' with positive edge clock and positive level reset.
Creating register for signal `\lsu_bypass.\mem_q [242]' using process `\lsu_bypass.$proc$/home/qualcomm_clinic/RTL/OpenABC/leaf_level_verilog/tsmc65lp/ariane/lsu_bypass.v:898$35830'.
  created $adff cell `$procdff$61215' with positive edge clock and positive level reset.
Creating register for signal `\lsu_bypass.\mem_q [243]' using process `\lsu_bypass.$proc$/home/qualcomm_clinic/RTL/OpenABC/leaf_level_verilog/tsmc65lp/ariane/lsu_bypass.v:889$35829'.
  created $adff cell `$procdff$61216' with positive edge clock and positive level reset.
Creating register for signal `\lsu_bypass.\mem_q [244]' using process `\lsu_bypass.$proc$/home/qualcomm_clinic/RTL/OpenABC/leaf_level_verilog/tsmc65lp/ariane/lsu_bypass.v:880$35828'.
  created $adff cell `$procdff$61217' with positive edge clock and positive level reset.
Creating register for signal `\lsu_bypass.\mem_q [245]' using process `\lsu_bypass.$proc$/home/qualcomm_clinic/RTL/OpenABC/leaf_level_verilog/tsmc65lp/ariane/lsu_bypass.v:871$35827'.
  created $adff cell `$procdff$61218' with positive edge clock and positive level reset.
Creating register for signal `\lsu_bypass.\mem_q [246]' using process `\lsu_bypass.$proc$/home/qualcomm_clinic/RTL/OpenABC/leaf_level_verilog/tsmc65lp/ariane/lsu_bypass.v:862$35826'.
  created $adff cell `$procdff$61219' with positive edge clock and positive level reset.
Creating register for signal `\lsu_bypass.\mem_q [247]' using process `\lsu_bypass.$proc$/home/qualcomm_clinic/RTL/OpenABC/leaf_level_verilog/tsmc65lp/ariane/lsu_bypass.v:853$35825'.
  created $adff cell `$procdff$61220' with positive edge clock and positive level reset.
Creating register for signal `\lsu_bypass.\mem_q [248]' using process `\lsu_bypass.$proc$/home/qualcomm_clinic/RTL/OpenABC/leaf_level_verilog/tsmc65lp/ariane/lsu_bypass.v:844$35824'.
  created $adff cell `$procdff$61221' with positive edge clock and positive level reset.
Creating register for signal `\lsu_bypass.\mem_q [249]' using process `\lsu_bypass.$proc$/home/qualcomm_clinic/RTL/OpenABC/leaf_level_verilog/tsmc65lp/ariane/lsu_bypass.v:835$35823'.
  created $adff cell `$procdff$61222' with positive edge clock and positive level reset.
Creating register for signal `\lsu_bypass.\mem_q [250]' using process `\lsu_bypass.$proc$/home/qualcomm_clinic/RTL/OpenABC/leaf_level_verilog/tsmc65lp/ariane/lsu_bypass.v:826$35822'.
  created $adff cell `$procdff$61223' with positive edge clock and positive level reset.
Creating register for signal `\lsu_bypass.\mem_q [251]' using process `\lsu_bypass.$proc$/home/qualcomm_clinic/RTL/OpenABC/leaf_level_verilog/tsmc65lp/ariane/lsu_bypass.v:817$35821'.
  created $adff cell `$procdff$61224' with positive edge clock and positive level reset.
Creating register for signal `\lsu_bypass.\mem_q [252]' using process `\lsu_bypass.$proc$/home/qualcomm_clinic/RTL/OpenABC/leaf_level_verilog/tsmc65lp/ariane/lsu_bypass.v:808$35820'.
  created $adff cell `$procdff$61225' with positive edge clock and positive level reset.
Creating register for signal `\lsu_bypass.\mem_q [253]' using process `\lsu_bypass.$proc$/home/qualcomm_clinic/RTL/OpenABC/leaf_level_verilog/tsmc65lp/ariane/lsu_bypass.v:799$35819'.
  created $adff cell `$procdff$61226' with positive edge clock and positive level reset.
Creating register for signal `\lsu_bypass.\mem_q [254]' using process `\lsu_bypass.$proc$/home/qualcomm_clinic/RTL/OpenABC/leaf_level_verilog/tsmc65lp/ariane/lsu_bypass.v:790$35818'.
  created $adff cell `$procdff$61227' with positive edge clock and positive level reset.
Creating register for signal `\lsu_bypass.\mem_q [255]' using process `\lsu_bypass.$proc$/home/qualcomm_clinic/RTL/OpenABC/leaf_level_verilog/tsmc65lp/ariane/lsu_bypass.v:781$35817'.
  created $adff cell `$procdff$61228' with positive edge clock and positive level reset.
Creating register for signal `\lsu_bypass.\mem_q [256]' using process `\lsu_bypass.$proc$/home/qualcomm_clinic/RTL/OpenABC/leaf_level_verilog/tsmc65lp/ariane/lsu_bypass.v:772$35816'.
  created $adff cell `$procdff$61229' with positive edge clock and positive level reset.
Creating register for signal `\lsu_bypass.\mem_q [257]' using process `\lsu_bypass.$proc$/home/qualcomm_clinic/RTL/OpenABC/leaf_level_verilog/tsmc65lp/ariane/lsu_bypass.v:763$35815'.
  created $adff cell `$procdff$61230' with positive edge clock and positive level reset.
Creating register for signal `\lsu_bypass.\mem_q [258]' using process `\lsu_bypass.$proc$/home/qualcomm_clinic/RTL/OpenABC/leaf_level_verilog/tsmc65lp/ariane/lsu_bypass.v:754$35814'.
  created $adff cell `$procdff$61231' with positive edge clock and positive level reset.
Creating register for signal `\lsu_bypass.\mem_q [259]' using process `\lsu_bypass.$proc$/home/qualcomm_clinic/RTL/OpenABC/leaf_level_verilog/tsmc65lp/ariane/lsu_bypass.v:745$35813'.
  created $adff cell `$procdff$61232' with positive edge clock and positive level reset.
Creating register for signal `\lsu_bypass.\mem_q [260]' using process `\lsu_bypass.$proc$/home/qualcomm_clinic/RTL/OpenABC/leaf_level_verilog/tsmc65lp/ariane/lsu_bypass.v:736$35812'.
  created $adff cell `$procdff$61233' with positive edge clock and positive level reset.
Creating register for signal `\lsu_bypass.\mem_q [261]' using process `\lsu_bypass.$proc$/home/qualcomm_clinic/RTL/OpenABC/leaf_level_verilog/tsmc65lp/ariane/lsu_bypass.v:727$35811'.
  created $adff cell `$procdff$61234' with positive edge clock and positive level reset.
Creating register for signal `\lsu_bypass.\mem_q [262]' using process `\lsu_bypass.$proc$/home/qualcomm_clinic/RTL/OpenABC/leaf_level_verilog/tsmc65lp/ariane/lsu_bypass.v:718$35810'.
  created $adff cell `$procdff$61235' with positive edge clock and positive level reset.
Creating register for signal `\lsu_bypass.\mem_q [263]' using process `\lsu_bypass.$proc$/home/qualcomm_clinic/RTL/OpenABC/leaf_level_verilog/tsmc65lp/ariane/lsu_bypass.v:709$35809'.
  created $adff cell `$procdff$61236' with positive edge clock and positive level reset.
Creating register for signal `\lsu_bypass.\mem_q [264]' using process `\lsu_bypass.$proc$/home/qualcomm_clinic/RTL/OpenABC/leaf_level_verilog/tsmc65lp/ariane/lsu_bypass.v:700$35808'.
  created $adff cell `$procdff$61237' with positive edge clock and positive level reset.
Creating register for signal `\lsu_bypass.\mem_q [265]' using process `\lsu_bypass.$proc$/home/qualcomm_clinic/RTL/OpenABC/leaf_level_verilog/tsmc65lp/ariane/lsu_bypass.v:691$35807'.
  created $adff cell `$procdff$61238' with positive edge clock and positive level reset.
Creating register for signal `\lsu_bypass.\mem_q [266]' using process `\lsu_bypass.$proc$/home/qualcomm_clinic/RTL/OpenABC/leaf_level_verilog/tsmc65lp/ariane/lsu_bypass.v:682$35806'.
  created $adff cell `$procdff$61239' with positive edge clock and positive level reset.
Creating register for signal `\lsu_bypass.\mem_q [267]' using process `\lsu_bypass.$proc$/home/qualcomm_clinic/RTL/OpenABC/leaf_level_verilog/tsmc65lp/ariane/lsu_bypass.v:673$35805'.
  created $adff cell `$procdff$61240' with positive edge clock and positive level reset.
Creating register for signal `\lsu_bypass.\mem_q [268]' using process `\lsu_bypass.$proc$/home/qualcomm_clinic/RTL/OpenABC/leaf_level_verilog/tsmc65lp/ariane/lsu_bypass.v:664$35804'.
  created $adff cell `$procdff$61241' with positive edge clock and positive level reset.
Creating register for signal `\lsu_bypass.\mem_q [269]' using process `\lsu_bypass.$proc$/home/qualcomm_clinic/RTL/OpenABC/leaf_level_verilog/tsmc65lp/ariane/lsu_bypass.v:655$35803'.
  created $adff cell `$procdff$61242' with positive edge clock and positive level reset.
Creating register for signal `\lsu_bypass.\mem_q [270]' using process `\lsu_bypass.$proc$/home/qualcomm_clinic/RTL/OpenABC/leaf_level_verilog/tsmc65lp/ariane/lsu_bypass.v:646$35802'.
  created $adff cell `$procdff$61243' with positive edge clock and positive level reset.
Creating register for signal `\lsu_bypass.\mem_q [271]' using process `\lsu_bypass.$proc$/home/qualcomm_clinic/RTL/OpenABC/leaf_level_verilog/tsmc65lp/ariane/lsu_bypass.v:637$35801'.
  created $adff cell `$procdff$61244' with positive edge clock and positive level reset.
Creating register for signal `\lsu_bypass.\mem_q [272]' using process `\lsu_bypass.$proc$/home/qualcomm_clinic/RTL/OpenABC/leaf_level_verilog/tsmc65lp/ariane/lsu_bypass.v:628$35800'.
  created $adff cell `$procdff$61245' with positive edge clock and positive level reset.
Creating register for signal `\lsu_bypass.\mem_q [273]' using process `\lsu_bypass.$proc$/home/qualcomm_clinic/RTL/OpenABC/leaf_level_verilog/tsmc65lp/ariane/lsu_bypass.v:619$35799'.
  created $adff cell `$procdff$61246' with positive edge clock and positive level reset.
Creating register for signal `\lsu_bypass.\mem_q [274]' using process `\lsu_bypass.$proc$/home/qualcomm_clinic/RTL/OpenABC/leaf_level_verilog/tsmc65lp/ariane/lsu_bypass.v:610$35798'.
  created $adff cell `$procdff$61247' with positive edge clock and positive level reset.
Creating register for signal `\lsu_bypass.\mem_q [275]' using process `\lsu_bypass.$proc$/home/qualcomm_clinic/RTL/OpenABC/leaf_level_verilog/tsmc65lp/ariane/lsu_bypass.v:601$35797'.
  created $adff cell `$procdff$61248' with positive edge clock and positive level reset.
Creating register for signal `\lsu_bypass.\mem_q [276]' using process `\lsu_bypass.$proc$/home/qualcomm_clinic/RTL/OpenABC/leaf_level_verilog/tsmc65lp/ariane/lsu_bypass.v:592$35796'.
  created $adff cell `$procdff$61249' with positive edge clock and positive level reset.
Creating register for signal `\lsu_bypass.\mem_q [277]' using process `\lsu_bypass.$proc$/home/qualcomm_clinic/RTL/OpenABC/leaf_level_verilog/tsmc65lp/ariane/lsu_bypass.v:583$35795'.
  created $adff cell `$procdff$61250' with positive edge clock and positive level reset.
Creating register for signal `\lsu_bypass.\mem_q [278]' using process `\lsu_bypass.$proc$/home/qualcomm_clinic/RTL/OpenABC/leaf_level_verilog/tsmc65lp/ariane/lsu_bypass.v:574$35794'.
  created $adff cell `$procdff$61251' with positive edge clock and positive level reset.
Creating register for signal `\lsu_bypass.\mem_q [279]' using process `\lsu_bypass.$proc$/home/qualcomm_clinic/RTL/OpenABC/leaf_level_verilog/tsmc65lp/ariane/lsu_bypass.v:565$35793'.
  created $adff cell `$procdff$61252' with positive edge clock and positive level reset.
Creating register for signal `\lsu_bypass.\mem_q [280]' using process `\lsu_bypass.$proc$/home/qualcomm_clinic/RTL/OpenABC/leaf_level_verilog/tsmc65lp/ariane/lsu_bypass.v:556$35792'.
  created $adff cell `$procdff$61253' with positive edge clock and positive level reset.
Creating register for signal `\lsu_bypass.\mem_q [281]' using process `\lsu_bypass.$proc$/home/qualcomm_clinic/RTL/OpenABC/leaf_level_verilog/tsmc65lp/ariane/lsu_bypass.v:547$35791'.
  created $adff cell `$procdff$61254' with positive edge clock and positive level reset.
Creating register for signal `\lsu_bypass.\mem_q [282]' using process `\lsu_bypass.$proc$/home/qualcomm_clinic/RTL/OpenABC/leaf_level_verilog/tsmc65lp/ariane/lsu_bypass.v:538$35790'.
  created $adff cell `$procdff$61255' with positive edge clock and positive level reset.
Creating register for signal `\lsu_bypass.\mem_q [283]' using process `\lsu_bypass.$proc$/home/qualcomm_clinic/RTL/OpenABC/leaf_level_verilog/tsmc65lp/ariane/lsu_bypass.v:529$35789'.
  created $adff cell `$procdff$61256' with positive edge clock and positive level reset.
Creating register for signal `\lsu_bypass.\mem_q [284]' using process `\lsu_bypass.$proc$/home/qualcomm_clinic/RTL/OpenABC/leaf_level_verilog/tsmc65lp/ariane/lsu_bypass.v:520$35788'.
  created $adff cell `$procdff$61257' with positive edge clock and positive level reset.
Creating register for signal `\lsu_bypass.\mem_q [285]' using process `\lsu_bypass.$proc$/home/qualcomm_clinic/RTL/OpenABC/leaf_level_verilog/tsmc65lp/ariane/lsu_bypass.v:511$35787'.
  created $adff cell `$procdff$61258' with positive edge clock and positive level reset.
Creating register for signal `\lsu_bypass.\mem_q [286]' using process `\lsu_bypass.$proc$/home/qualcomm_clinic/RTL/OpenABC/leaf_level_verilog/tsmc65lp/ariane/lsu_bypass.v:502$35786'.
  created $adff cell `$procdff$61259' with positive edge clock and positive level reset.
Creating register for signal `\lsu_bypass.\mem_q [287]' using process `\lsu_bypass.$proc$/home/qualcomm_clinic/RTL/OpenABC/leaf_level_verilog/tsmc65lp/ariane/lsu_bypass.v:493$35785'.
  created $adff cell `$procdff$61260' with positive edge clock and positive level reset.
Creating register for signal `\lsu_bypass.\mem_q [288]' using process `\lsu_bypass.$proc$/home/qualcomm_clinic/RTL/OpenABC/leaf_level_verilog/tsmc65lp/ariane/lsu_bypass.v:484$35784'.
  created $adff cell `$procdff$61261' with positive edge clock and positive level reset.
Creating register for signal `\lsu_bypass.\mem_q [289]' using process `\lsu_bypass.$proc$/home/qualcomm_clinic/RTL/OpenABC/leaf_level_verilog/tsmc65lp/ariane/lsu_bypass.v:475$35783'.
  created $adff cell `$procdff$61262' with positive edge clock and positive level reset.
Creating register for signal `\lsu_bypass.\mem_q [290]' using process `\lsu_bypass.$proc$/home/qualcomm_clinic/RTL/OpenABC/leaf_level_verilog/tsmc65lp/ariane/lsu_bypass.v:466$35782'.
  created $adff cell `$procdff$61263' with positive edge clock and positive level reset.
Creating register for signal `\lsu_bypass.\mem_q [291]' using process `\lsu_bypass.$proc$/home/qualcomm_clinic/RTL/OpenABC/leaf_level_verilog/tsmc65lp/ariane/lsu_bypass.v:457$35781'.
  created $adff cell `$procdff$61264' with positive edge clock and positive level reset.
Creating register for signal `\lsu_bypass.\mem_q [292]' using process `\lsu_bypass.$proc$/home/qualcomm_clinic/RTL/OpenABC/leaf_level_verilog/tsmc65lp/ariane/lsu_bypass.v:448$35780'.
  created $adff cell `$procdff$61265' with positive edge clock and positive level reset.
Creating register for signal `\lsu_bypass.\mem_q [293]' using process `\lsu_bypass.$proc$/home/qualcomm_clinic/RTL/OpenABC/leaf_level_verilog/tsmc65lp/ariane/lsu_bypass.v:439$35779'.
  created $adff cell `$procdff$61266' with positive edge clock and positive level reset.
Creating register for signal `\lsu_bypass.\mem_q [294]' using process `\lsu_bypass.$proc$/home/qualcomm_clinic/RTL/OpenABC/leaf_level_verilog/tsmc65lp/ariane/lsu_bypass.v:430$35778'.
  created $adff cell `$procdff$61267' with positive edge clock and positive level reset.
Creating register for signal `\lsu_bypass.\mem_q [295]' using process `\lsu_bypass.$proc$/home/qualcomm_clinic/RTL/OpenABC/leaf_level_verilog/tsmc65lp/ariane/lsu_bypass.v:421$35777'.
  created $adff cell `$procdff$61268' with positive edge clock and positive level reset.
Creating register for signal `\lsu_bypass.\mem_q [296]' using process `\lsu_bypass.$proc$/home/qualcomm_clinic/RTL/OpenABC/leaf_level_verilog/tsmc65lp/ariane/lsu_bypass.v:412$35776'.
  created $adff cell `$procdff$61269' with positive edge clock and positive level reset.
Creating register for signal `\lsu_bypass.\mem_q [297]' using process `\lsu_bypass.$proc$/home/qualcomm_clinic/RTL/OpenABC/leaf_level_verilog/tsmc65lp/ariane/lsu_bypass.v:403$35775'.
  created $adff cell `$procdff$61270' with positive edge clock and positive level reset.
Creating register for signal `\lsu_bypass.\mem_q [298]' using process `\lsu_bypass.$proc$/home/qualcomm_clinic/RTL/OpenABC/leaf_level_verilog/tsmc65lp/ariane/lsu_bypass.v:394$35774'.
  created $adff cell `$procdff$61271' with positive edge clock and positive level reset.
Creating register for signal `\lsu_bypass.\mem_q [299]' using process `\lsu_bypass.$proc$/home/qualcomm_clinic/RTL/OpenABC/leaf_level_verilog/tsmc65lp/ariane/lsu_bypass.v:385$35773'.
  created $adff cell `$procdff$61272' with positive edge clock and positive level reset.
Creating register for signal `\lsu_bypass.\mem_q [300]' using process `\lsu_bypass.$proc$/home/qualcomm_clinic/RTL/OpenABC/leaf_level_verilog/tsmc65lp/ariane/lsu_bypass.v:376$35772'.
  created $adff cell `$procdff$61273' with positive edge clock and positive level reset.
Creating register for signal `\lsu_bypass.\mem_q [301]' using process `\lsu_bypass.$proc$/home/qualcomm_clinic/RTL/OpenABC/leaf_level_verilog/tsmc65lp/ariane/lsu_bypass.v:367$35771'.
  created $adff cell `$procdff$61274' with positive edge clock and positive level reset.
Creating register for signal `\lsu_bypass.\N41' using process `\lsu_bypass.$proc$/home/qualcomm_clinic/RTL/OpenABC/leaf_level_verilog/tsmc65lp/ariane/lsu_bypass.v:358$35770'.
  created $adff cell `$procdff$61275' with positive edge clock and positive level reset.

44.10. Executing PROC_MEMWR pass (convert process memory writes to cells).

44.11. Executing PROC_CLEAN pass (remove empty switches from decision trees).
Found and cleaned up 1 empty switch in `\lsu_bypass.$proc$/home/qualcomm_clinic/RTL/OpenABC/leaf_level_verilog/tsmc65lp/ariane/lsu_bypass.v:3103$36075'.
Removing empty process `lsu_bypass.$proc$/home/qualcomm_clinic/RTL/OpenABC/leaf_level_verilog/tsmc65lp/ariane/lsu_bypass.v:3103$36075'.
Removing empty process `lsu_bypass.$proc$/home/qualcomm_clinic/RTL/OpenABC/leaf_level_verilog/tsmc65lp/ariane/lsu_bypass.v:3094$36074'.
Removing empty process `lsu_bypass.$proc$/home/qualcomm_clinic/RTL/OpenABC/leaf_level_verilog/tsmc65lp/ariane/lsu_bypass.v:3085$36073'.
Found and cleaned up 1 empty switch in `\lsu_bypass.$proc$/home/qualcomm_clinic/RTL/OpenABC/leaf_level_verilog/tsmc65lp/ariane/lsu_bypass.v:3076$36072'.
Removing empty process `lsu_bypass.$proc$/home/qualcomm_clinic/RTL/OpenABC/leaf_level_verilog/tsmc65lp/ariane/lsu_bypass.v:3076$36072'.
Found and cleaned up 1 empty switch in `\lsu_bypass.$proc$/home/qualcomm_clinic/RTL/OpenABC/leaf_level_verilog/tsmc65lp/ariane/lsu_bypass.v:3067$36071'.
Removing empty process `lsu_bypass.$proc$/home/qualcomm_clinic/RTL/OpenABC/leaf_level_verilog/tsmc65lp/ariane/lsu_bypass.v:3067$36071'.
Found and cleaned up 1 empty switch in `\lsu_bypass.$proc$/home/qualcomm_clinic/RTL/OpenABC/leaf_level_verilog/tsmc65lp/ariane/lsu_bypass.v:3058$36070'.
Removing empty process `lsu_bypass.$proc$/home/qualcomm_clinic/RTL/OpenABC/leaf_level_verilog/tsmc65lp/ariane/lsu_bypass.v:3058$36070'.
Found and cleaned up 1 empty switch in `\lsu_bypass.$proc$/home/qualcomm_clinic/RTL/OpenABC/leaf_level_verilog/tsmc65lp/ariane/lsu_bypass.v:3049$36069'.
Removing empty process `lsu_bypass.$proc$/home/qualcomm_clinic/RTL/OpenABC/leaf_level_verilog/tsmc65lp/ariane/lsu_bypass.v:3049$36069'.
Found and cleaned up 1 empty switch in `\lsu_bypass.$proc$/home/qualcomm_clinic/RTL/OpenABC/leaf_level_verilog/tsmc65lp/ariane/lsu_bypass.v:3040$36068'.
Removing empty process `lsu_bypass.$proc$/home/qualcomm_clinic/RTL/OpenABC/leaf_level_verilog/tsmc65lp/ariane/lsu_bypass.v:3040$36068'.
Found and cleaned up 1 empty switch in `\lsu_bypass.$proc$/home/qualcomm_clinic/RTL/OpenABC/leaf_level_verilog/tsmc65lp/ariane/lsu_bypass.v:3031$36067'.
Removing empty process `lsu_bypass.$proc$/home/qualcomm_clinic/RTL/OpenABC/leaf_level_verilog/tsmc65lp/ariane/lsu_bypass.v:3031$36067'.
Found and cleaned up 1 empty switch in `\lsu_bypass.$proc$/home/qualcomm_clinic/RTL/OpenABC/leaf_level_verilog/tsmc65lp/ariane/lsu_bypass.v:3022$36066'.
Removing empty process `lsu_bypass.$proc$/home/qualcomm_clinic/RTL/OpenABC/leaf_level_verilog/tsmc65lp/ariane/lsu_bypass.v:3022$36066'.
Found and cleaned up 1 empty switch in `\lsu_bypass.$proc$/home/qualcomm_clinic/RTL/OpenABC/leaf_level_verilog/tsmc65lp/ariane/lsu_bypass.v:3013$36065'.
Removing empty process `lsu_bypass.$proc$/home/qualcomm_clinic/RTL/OpenABC/leaf_level_verilog/tsmc65lp/ariane/lsu_bypass.v:3013$36065'.
Found and cleaned up 1 empty switch in `\lsu_bypass.$proc$/home/qualcomm_clinic/RTL/OpenABC/leaf_level_verilog/tsmc65lp/ariane/lsu_bypass.v:3004$36064'.
Removing empty process `lsu_bypass.$proc$/home/qualcomm_clinic/RTL/OpenABC/leaf_level_verilog/tsmc65lp/ariane/lsu_bypass.v:3004$36064'.
Found and cleaned up 1 empty switch in `\lsu_bypass.$proc$/home/qualcomm_clinic/RTL/OpenABC/leaf_level_verilog/tsmc65lp/ariane/lsu_bypass.v:2995$36063'.
Removing empty process `lsu_bypass.$proc$/home/qualcomm_clinic/RTL/OpenABC/leaf_level_verilog/tsmc65lp/ariane/lsu_bypass.v:2995$36063'.
Found and cleaned up 1 empty switch in `\lsu_bypass.$proc$/home/qualcomm_clinic/RTL/OpenABC/leaf_level_verilog/tsmc65lp/ariane/lsu_bypass.v:2986$36062'.
Removing empty process `lsu_bypass.$proc$/home/qualcomm_clinic/RTL/OpenABC/leaf_level_verilog/tsmc65lp/ariane/lsu_bypass.v:2986$36062'.
Found and cleaned up 1 empty switch in `\lsu_bypass.$proc$/home/qualcomm_clinic/RTL/OpenABC/leaf_level_verilog/tsmc65lp/ariane/lsu_bypass.v:2977$36061'.
Removing empty process `lsu_bypass.$proc$/home/qualcomm_clinic/RTL/OpenABC/leaf_level_verilog/tsmc65lp/ariane/lsu_bypass.v:2977$36061'.
Found and cleaned up 1 empty switch in `\lsu_bypass.$proc$/home/qualcomm_clinic/RTL/OpenABC/leaf_level_verilog/tsmc65lp/ariane/lsu_bypass.v:2968$36060'.
Removing empty process `lsu_bypass.$proc$/home/qualcomm_clinic/RTL/OpenABC/leaf_level_verilog/tsmc65lp/ariane/lsu_bypass.v:2968$36060'.
Found and cleaned up 1 empty switch in `\lsu_bypass.$proc$/home/qualcomm_clinic/RTL/OpenABC/leaf_level_verilog/tsmc65lp/ariane/lsu_bypass.v:2959$36059'.
Removing empty process `lsu_bypass.$proc$/home/qualcomm_clinic/RTL/OpenABC/leaf_level_verilog/tsmc65lp/ariane/lsu_bypass.v:2959$36059'.
Found and cleaned up 1 empty switch in `\lsu_bypass.$proc$/home/qualcomm_clinic/RTL/OpenABC/leaf_level_verilog/tsmc65lp/ariane/lsu_bypass.v:2950$36058'.
Removing empty process `lsu_bypass.$proc$/home/qualcomm_clinic/RTL/OpenABC/leaf_level_verilog/tsmc65lp/ariane/lsu_bypass.v:2950$36058'.
Found and cleaned up 1 empty switch in `\lsu_bypass.$proc$/home/qualcomm_clinic/RTL/OpenABC/leaf_level_verilog/tsmc65lp/ariane/lsu_bypass.v:2941$36057'.
Removing empty process `lsu_bypass.$proc$/home/qualcomm_clinic/RTL/OpenABC/leaf_level_verilog/tsmc65lp/ariane/lsu_bypass.v:2941$36057'.
Found and cleaned up 1 empty switch in `\lsu_bypass.$proc$/home/qualcomm_clinic/RTL/OpenABC/leaf_level_verilog/tsmc65lp/ariane/lsu_bypass.v:2932$36056'.
Removing empty process `lsu_bypass.$proc$/home/qualcomm_clinic/RTL/OpenABC/leaf_level_verilog/tsmc65lp/ariane/lsu_bypass.v:2932$36056'.
Found and cleaned up 1 empty switch in `\lsu_bypass.$proc$/home/qualcomm_clinic/RTL/OpenABC/leaf_level_verilog/tsmc65lp/ariane/lsu_bypass.v:2923$36055'.
Removing empty process `lsu_bypass.$proc$/home/qualcomm_clinic/RTL/OpenABC/leaf_level_verilog/tsmc65lp/ariane/lsu_bypass.v:2923$36055'.
Found and cleaned up 1 empty switch in `\lsu_bypass.$proc$/home/qualcomm_clinic/RTL/OpenABC/leaf_level_verilog/tsmc65lp/ariane/lsu_bypass.v:2914$36054'.
Removing empty process `lsu_bypass.$proc$/home/qualcomm_clinic/RTL/OpenABC/leaf_level_verilog/tsmc65lp/ariane/lsu_bypass.v:2914$36054'.
Found and cleaned up 1 empty switch in `\lsu_bypass.$proc$/home/qualcomm_clinic/RTL/OpenABC/leaf_level_verilog/tsmc65lp/ariane/lsu_bypass.v:2905$36053'.
Removing empty process `lsu_bypass.$proc$/home/qualcomm_clinic/RTL/OpenABC/leaf_level_verilog/tsmc65lp/ariane/lsu_bypass.v:2905$36053'.
Found and cleaned up 1 empty switch in `\lsu_bypass.$proc$/home/qualcomm_clinic/RTL/OpenABC/leaf_level_verilog/tsmc65lp/ariane/lsu_bypass.v:2896$36052'.
Removing empty process `lsu_bypass.$proc$/home/qualcomm_clinic/RTL/OpenABC/leaf_level_verilog/tsmc65lp/ariane/lsu_bypass.v:2896$36052'.
Found and cleaned up 1 empty switch in `\lsu_bypass.$proc$/home/qualcomm_clinic/RTL/OpenABC/leaf_level_verilog/tsmc65lp/ariane/lsu_bypass.v:2887$36051'.
Removing empty process `lsu_bypass.$proc$/home/qualcomm_clinic/RTL/OpenABC/leaf_level_verilog/tsmc65lp/ariane/lsu_bypass.v:2887$36051'.
Found and cleaned up 1 empty switch in `\lsu_bypass.$proc$/home/qualcomm_clinic/RTL/OpenABC/leaf_level_verilog/tsmc65lp/ariane/lsu_bypass.v:2878$36050'.
Removing empty process `lsu_bypass.$proc$/home/qualcomm_clinic/RTL/OpenABC/leaf_level_verilog/tsmc65lp/ariane/lsu_bypass.v:2878$36050'.
Found and cleaned up 1 empty switch in `\lsu_bypass.$proc$/home/qualcomm_clinic/RTL/OpenABC/leaf_level_verilog/tsmc65lp/ariane/lsu_bypass.v:2869$36049'.
Removing empty process `lsu_bypass.$proc$/home/qualcomm_clinic/RTL/OpenABC/leaf_level_verilog/tsmc65lp/ariane/lsu_bypass.v:2869$36049'.
Found and cleaned up 1 empty switch in `\lsu_bypass.$proc$/home/qualcomm_clinic/RTL/OpenABC/leaf_level_verilog/tsmc65lp/ariane/lsu_bypass.v:2860$36048'.
Removing empty process `lsu_bypass.$proc$/home/qualcomm_clinic/RTL/OpenABC/leaf_level_verilog/tsmc65lp/ariane/lsu_bypass.v:2860$36048'.
Found and cleaned up 1 empty switch in `\lsu_bypass.$proc$/home/qualcomm_clinic/RTL/OpenABC/leaf_level_verilog/tsmc65lp/ariane/lsu_bypass.v:2851$36047'.
Removing empty process `lsu_bypass.$proc$/home/qualcomm_clinic/RTL/OpenABC/leaf_level_verilog/tsmc65lp/ariane/lsu_bypass.v:2851$36047'.
Found and cleaned up 1 empty switch in `\lsu_bypass.$proc$/home/qualcomm_clinic/RTL/OpenABC/leaf_level_verilog/tsmc65lp/ariane/lsu_bypass.v:2842$36046'.
Removing empty process `lsu_bypass.$proc$/home/qualcomm_clinic/RTL/OpenABC/leaf_level_verilog/tsmc65lp/ariane/lsu_bypass.v:2842$36046'.
Found and cleaned up 1 empty switch in `\lsu_bypass.$proc$/home/qualcomm_clinic/RTL/OpenABC/leaf_level_verilog/tsmc65lp/ariane/lsu_bypass.v:2833$36045'.
Removing empty process `lsu_bypass.$proc$/home/qualcomm_clinic/RTL/OpenABC/leaf_level_verilog/tsmc65lp/ariane/lsu_bypass.v:2833$36045'.
Found and cleaned up 1 empty switch in `\lsu_bypass.$proc$/home/qualcomm_clinic/RTL/OpenABC/leaf_level_verilog/tsmc65lp/ariane/lsu_bypass.v:2824$36044'.
Removing empty process `lsu_bypass.$proc$/home/qualcomm_clinic/RTL/OpenABC/leaf_level_verilog/tsmc65lp/ariane/lsu_bypass.v:2824$36044'.
Found and cleaned up 1 empty switch in `\lsu_bypass.$proc$/home/qualcomm_clinic/RTL/OpenABC/leaf_level_verilog/tsmc65lp/ariane/lsu_bypass.v:2815$36043'.
Removing empty process `lsu_bypass.$proc$/home/qualcomm_clinic/RTL/OpenABC/leaf_level_verilog/tsmc65lp/ariane/lsu_bypass.v:2815$36043'.
Found and cleaned up 1 empty switch in `\lsu_bypass.$proc$/home/qualcomm_clinic/RTL/OpenABC/leaf_level_verilog/tsmc65lp/ariane/lsu_bypass.v:2806$36042'.
Removing empty process `lsu_bypass.$proc$/home/qualcomm_clinic/RTL/OpenABC/leaf_level_verilog/tsmc65lp/ariane/lsu_bypass.v:2806$36042'.
Found and cleaned up 1 empty switch in `\lsu_bypass.$proc$/home/qualcomm_clinic/RTL/OpenABC/leaf_level_verilog/tsmc65lp/ariane/lsu_bypass.v:2797$36041'.
Removing empty process `lsu_bypass.$proc$/home/qualcomm_clinic/RTL/OpenABC/leaf_level_verilog/tsmc65lp/ariane/lsu_bypass.v:2797$36041'.
Found and cleaned up 1 empty switch in `\lsu_bypass.$proc$/home/qualcomm_clinic/RTL/OpenABC/leaf_level_verilog/tsmc65lp/ariane/lsu_bypass.v:2788$36040'.
Removing empty process `lsu_bypass.$proc$/home/qualcomm_clinic/RTL/OpenABC/leaf_level_verilog/tsmc65lp/ariane/lsu_bypass.v:2788$36040'.
Found and cleaned up 1 empty switch in `\lsu_bypass.$proc$/home/qualcomm_clinic/RTL/OpenABC/leaf_level_verilog/tsmc65lp/ariane/lsu_bypass.v:2779$36039'.
Removing empty process `lsu_bypass.$proc$/home/qualcomm_clinic/RTL/OpenABC/leaf_level_verilog/tsmc65lp/ariane/lsu_bypass.v:2779$36039'.
Found and cleaned up 1 empty switch in `\lsu_bypass.$proc$/home/qualcomm_clinic/RTL/OpenABC/leaf_level_verilog/tsmc65lp/ariane/lsu_bypass.v:2770$36038'.
Removing empty process `lsu_bypass.$proc$/home/qualcomm_clinic/RTL/OpenABC/leaf_level_verilog/tsmc65lp/ariane/lsu_bypass.v:2770$36038'.
Found and cleaned up 1 empty switch in `\lsu_bypass.$proc$/home/qualcomm_clinic/RTL/OpenABC/leaf_level_verilog/tsmc65lp/ariane/lsu_bypass.v:2761$36037'.
Removing empty process `lsu_bypass.$proc$/home/qualcomm_clinic/RTL/OpenABC/leaf_level_verilog/tsmc65lp/ariane/lsu_bypass.v:2761$36037'.
Found and cleaned up 1 empty switch in `\lsu_bypass.$proc$/home/qualcomm_clinic/RTL/OpenABC/leaf_level_verilog/tsmc65lp/ariane/lsu_bypass.v:2752$36036'.
Removing empty process `lsu_bypass.$proc$/home/qualcomm_clinic/RTL/OpenABC/leaf_level_verilog/tsmc65lp/ariane/lsu_bypass.v:2752$36036'.
Found and cleaned up 1 empty switch in `\lsu_bypass.$proc$/home/qualcomm_clinic/RTL/OpenABC/leaf_level_verilog/tsmc65lp/ariane/lsu_bypass.v:2743$36035'.
Removing empty process `lsu_bypass.$proc$/home/qualcomm_clinic/RTL/OpenABC/leaf_level_verilog/tsmc65lp/ariane/lsu_bypass.v:2743$36035'.
Found and cleaned up 1 empty switch in `\lsu_bypass.$proc$/home/qualcomm_clinic/RTL/OpenABC/leaf_level_verilog/tsmc65lp/ariane/lsu_bypass.v:2734$36034'.
Removing empty process `lsu_bypass.$proc$/home/qualcomm_clinic/RTL/OpenABC/leaf_level_verilog/tsmc65lp/ariane/lsu_bypass.v:2734$36034'.
Found and cleaned up 1 empty switch in `\lsu_bypass.$proc$/home/qualcomm_clinic/RTL/OpenABC/leaf_level_verilog/tsmc65lp/ariane/lsu_bypass.v:2725$36033'.
Removing empty process `lsu_bypass.$proc$/home/qualcomm_clinic/RTL/OpenABC/leaf_level_verilog/tsmc65lp/ariane/lsu_bypass.v:2725$36033'.
Found and cleaned up 1 empty switch in `\lsu_bypass.$proc$/home/qualcomm_clinic/RTL/OpenABC/leaf_level_verilog/tsmc65lp/ariane/lsu_bypass.v:2716$36032'.
Removing empty process `lsu_bypass.$proc$/home/qualcomm_clinic/RTL/OpenABC/leaf_level_verilog/tsmc65lp/ariane/lsu_bypass.v:2716$36032'.
Found and cleaned up 1 empty switch in `\lsu_bypass.$proc$/home/qualcomm_clinic/RTL/OpenABC/leaf_level_verilog/tsmc65lp/ariane/lsu_bypass.v:2707$36031'.
Removing empty process `lsu_bypass.$proc$/home/qualcomm_clinic/RTL/OpenABC/leaf_level_verilog/tsmc65lp/ariane/lsu_bypass.v:2707$36031'.
Found and cleaned up 1 empty switch in `\lsu_bypass.$proc$/home/qualcomm_clinic/RTL/OpenABC/leaf_level_verilog/tsmc65lp/ariane/lsu_bypass.v:2698$36030'.
Removing empty process `lsu_bypass.$proc$/home/qualcomm_clinic/RTL/OpenABC/leaf_level_verilog/tsmc65lp/ariane/lsu_bypass.v:2698$36030'.
Found and cleaned up 1 empty switch in `\lsu_bypass.$proc$/home/qualcomm_clinic/RTL/OpenABC/leaf_level_verilog/tsmc65lp/ariane/lsu_bypass.v:2689$36029'.
Removing empty process `lsu_bypass.$proc$/home/qualcomm_clinic/RTL/OpenABC/leaf_level_verilog/tsmc65lp/ariane/lsu_bypass.v:2689$36029'.
Found and cleaned up 1 empty switch in `\lsu_bypass.$proc$/home/qualcomm_clinic/RTL/OpenABC/leaf_level_verilog/tsmc65lp/ariane/lsu_bypass.v:2680$36028'.
Removing empty process `lsu_bypass.$proc$/home/qualcomm_clinic/RTL/OpenABC/leaf_level_verilog/tsmc65lp/ariane/lsu_bypass.v:2680$36028'.
Found and cleaned up 1 empty switch in `\lsu_bypass.$proc$/home/qualcomm_clinic/RTL/OpenABC/leaf_level_verilog/tsmc65lp/ariane/lsu_bypass.v:2671$36027'.
Removing empty process `lsu_bypass.$proc$/home/qualcomm_clinic/RTL/OpenABC/leaf_level_verilog/tsmc65lp/ariane/lsu_bypass.v:2671$36027'.
Found and cleaned up 1 empty switch in `\lsu_bypass.$proc$/home/qualcomm_clinic/RTL/OpenABC/leaf_level_verilog/tsmc65lp/ariane/lsu_bypass.v:2662$36026'.
Removing empty process `lsu_bypass.$proc$/home/qualcomm_clinic/RTL/OpenABC/leaf_level_verilog/tsmc65lp/ariane/lsu_bypass.v:2662$36026'.
Found and cleaned up 1 empty switch in `\lsu_bypass.$proc$/home/qualcomm_clinic/RTL/OpenABC/leaf_level_verilog/tsmc65lp/ariane/lsu_bypass.v:2653$36025'.
Removing empty process `lsu_bypass.$proc$/home/qualcomm_clinic/RTL/OpenABC/leaf_level_verilog/tsmc65lp/ariane/lsu_bypass.v:2653$36025'.
Found and cleaned up 1 empty switch in `\lsu_bypass.$proc$/home/qualcomm_clinic/RTL/OpenABC/leaf_level_verilog/tsmc65lp/ariane/lsu_bypass.v:2644$36024'.
Removing empty process `lsu_bypass.$proc$/home/qualcomm_clinic/RTL/OpenABC/leaf_level_verilog/tsmc65lp/ariane/lsu_bypass.v:2644$36024'.
Found and cleaned up 1 empty switch in `\lsu_bypass.$proc$/home/qualcomm_clinic/RTL/OpenABC/leaf_level_verilog/tsmc65lp/ariane/lsu_bypass.v:2635$36023'.
Removing empty process `lsu_bypass.$proc$/home/qualcomm_clinic/RTL/OpenABC/leaf_level_verilog/tsmc65lp/ariane/lsu_bypass.v:2635$36023'.
Found and cleaned up 1 empty switch in `\lsu_bypass.$proc$/home/qualcomm_clinic/RTL/OpenABC/leaf_level_verilog/tsmc65lp/ariane/lsu_bypass.v:2626$36022'.
Removing empty process `lsu_bypass.$proc$/home/qualcomm_clinic/RTL/OpenABC/leaf_level_verilog/tsmc65lp/ariane/lsu_bypass.v:2626$36022'.
Found and cleaned up 1 empty switch in `\lsu_bypass.$proc$/home/qualcomm_clinic/RTL/OpenABC/leaf_level_verilog/tsmc65lp/ariane/lsu_bypass.v:2617$36021'.
Removing empty process `lsu_bypass.$proc$/home/qualcomm_clinic/RTL/OpenABC/leaf_level_verilog/tsmc65lp/ariane/lsu_bypass.v:2617$36021'.
Found and cleaned up 1 empty switch in `\lsu_bypass.$proc$/home/qualcomm_clinic/RTL/OpenABC/leaf_level_verilog/tsmc65lp/ariane/lsu_bypass.v:2608$36020'.
Removing empty process `lsu_bypass.$proc$/home/qualcomm_clinic/RTL/OpenABC/leaf_level_verilog/tsmc65lp/ariane/lsu_bypass.v:2608$36020'.
Found and cleaned up 1 empty switch in `\lsu_bypass.$proc$/home/qualcomm_clinic/RTL/OpenABC/leaf_level_verilog/tsmc65lp/ariane/lsu_bypass.v:2599$36019'.
Removing empty process `lsu_bypass.$proc$/home/qualcomm_clinic/RTL/OpenABC/leaf_level_verilog/tsmc65lp/ariane/lsu_bypass.v:2599$36019'.
Found and cleaned up 1 empty switch in `\lsu_bypass.$proc$/home/qualcomm_clinic/RTL/OpenABC/leaf_level_verilog/tsmc65lp/ariane/lsu_bypass.v:2590$36018'.
Removing empty process `lsu_bypass.$proc$/home/qualcomm_clinic/RTL/OpenABC/leaf_level_verilog/tsmc65lp/ariane/lsu_bypass.v:2590$36018'.
Found and cleaned up 1 empty switch in `\lsu_bypass.$proc$/home/qualcomm_clinic/RTL/OpenABC/leaf_level_verilog/tsmc65lp/ariane/lsu_bypass.v:2581$36017'.
Removing empty process `lsu_bypass.$proc$/home/qualcomm_clinic/RTL/OpenABC/leaf_level_verilog/tsmc65lp/ariane/lsu_bypass.v:2581$36017'.
Found and cleaned up 1 empty switch in `\lsu_bypass.$proc$/home/qualcomm_clinic/RTL/OpenABC/leaf_level_verilog/tsmc65lp/ariane/lsu_bypass.v:2572$36016'.
Removing empty process `lsu_bypass.$proc$/home/qualcomm_clinic/RTL/OpenABC/leaf_level_verilog/tsmc65lp/ariane/lsu_bypass.v:2572$36016'.
Found and cleaned up 1 empty switch in `\lsu_bypass.$proc$/home/qualcomm_clinic/RTL/OpenABC/leaf_level_verilog/tsmc65lp/ariane/lsu_bypass.v:2563$36015'.
Removing empty process `lsu_bypass.$proc$/home/qualcomm_clinic/RTL/OpenABC/leaf_level_verilog/tsmc65lp/ariane/lsu_bypass.v:2563$36015'.
Found and cleaned up 1 empty switch in `\lsu_bypass.$proc$/home/qualcomm_clinic/RTL/OpenABC/leaf_level_verilog/tsmc65lp/ariane/lsu_bypass.v:2554$36014'.
Removing empty process `lsu_bypass.$proc$/home/qualcomm_clinic/RTL/OpenABC/leaf_level_verilog/tsmc65lp/ariane/lsu_bypass.v:2554$36014'.
Found and cleaned up 1 empty switch in `\lsu_bypass.$proc$/home/qualcomm_clinic/RTL/OpenABC/leaf_level_verilog/tsmc65lp/ariane/lsu_bypass.v:2545$36013'.
Removing empty process `lsu_bypass.$proc$/home/qualcomm_clinic/RTL/OpenABC/leaf_level_verilog/tsmc65lp/ariane/lsu_bypass.v:2545$36013'.
Found and cleaned up 1 empty switch in `\lsu_bypass.$proc$/home/qualcomm_clinic/RTL/OpenABC/leaf_level_verilog/tsmc65lp/ariane/lsu_bypass.v:2536$36012'.
Removing empty process `lsu_bypass.$proc$/home/qualcomm_clinic/RTL/OpenABC/leaf_level_verilog/tsmc65lp/ariane/lsu_bypass.v:2536$36012'.
Found and cleaned up 1 empty switch in `\lsu_bypass.$proc$/home/qualcomm_clinic/RTL/OpenABC/leaf_level_verilog/tsmc65lp/ariane/lsu_bypass.v:2527$36011'.
Removing empty process `lsu_bypass.$proc$/home/qualcomm_clinic/RTL/OpenABC/leaf_level_verilog/tsmc65lp/ariane/lsu_bypass.v:2527$36011'.
Found and cleaned up 1 empty switch in `\lsu_bypass.$proc$/home/qualcomm_clinic/RTL/OpenABC/leaf_level_verilog/tsmc65lp/ariane/lsu_bypass.v:2518$36010'.
Removing empty process `lsu_bypass.$proc$/home/qualcomm_clinic/RTL/OpenABC/leaf_level_verilog/tsmc65lp/ariane/lsu_bypass.v:2518$36010'.
Found and cleaned up 1 empty switch in `\lsu_bypass.$proc$/home/qualcomm_clinic/RTL/OpenABC/leaf_level_verilog/tsmc65lp/ariane/lsu_bypass.v:2509$36009'.
Removing empty process `lsu_bypass.$proc$/home/qualcomm_clinic/RTL/OpenABC/leaf_level_verilog/tsmc65lp/ariane/lsu_bypass.v:2509$36009'.
Found and cleaned up 1 empty switch in `\lsu_bypass.$proc$/home/qualcomm_clinic/RTL/OpenABC/leaf_level_verilog/tsmc65lp/ariane/lsu_bypass.v:2500$36008'.
Removing empty process `lsu_bypass.$proc$/home/qualcomm_clinic/RTL/OpenABC/leaf_level_verilog/tsmc65lp/ariane/lsu_bypass.v:2500$36008'.
Found and cleaned up 1 empty switch in `\lsu_bypass.$proc$/home/qualcomm_clinic/RTL/OpenABC/leaf_level_verilog/tsmc65lp/ariane/lsu_bypass.v:2491$36007'.
Removing empty process `lsu_bypass.$proc$/home/qualcomm_clinic/RTL/OpenABC/leaf_level_verilog/tsmc65lp/ariane/lsu_bypass.v:2491$36007'.
Found and cleaned up 1 empty switch in `\lsu_bypass.$proc$/home/qualcomm_clinic/RTL/OpenABC/leaf_level_verilog/tsmc65lp/ariane/lsu_bypass.v:2482$36006'.
Removing empty process `lsu_bypass.$proc$/home/qualcomm_clinic/RTL/OpenABC/leaf_level_verilog/tsmc65lp/ariane/lsu_bypass.v:2482$36006'.
Found and cleaned up 1 empty switch in `\lsu_bypass.$proc$/home/qualcomm_clinic/RTL/OpenABC/leaf_level_verilog/tsmc65lp/ariane/lsu_bypass.v:2473$36005'.
Removing empty process `lsu_bypass.$proc$/home/qualcomm_clinic/RTL/OpenABC/leaf_level_verilog/tsmc65lp/ariane/lsu_bypass.v:2473$36005'.
Found and cleaned up 1 empty switch in `\lsu_bypass.$proc$/home/qualcomm_clinic/RTL/OpenABC/leaf_level_verilog/tsmc65lp/ariane/lsu_bypass.v:2464$36004'.
Removing empty process `lsu_bypass.$proc$/home/qualcomm_clinic/RTL/OpenABC/leaf_level_verilog/tsmc65lp/ariane/lsu_bypass.v:2464$36004'.
Found and cleaned up 1 empty switch in `\lsu_bypass.$proc$/home/qualcomm_clinic/RTL/OpenABC/leaf_level_verilog/tsmc65lp/ariane/lsu_bypass.v:2455$36003'.
Removing empty process `lsu_bypass.$proc$/home/qualcomm_clinic/RTL/OpenABC/leaf_level_verilog/tsmc65lp/ariane/lsu_bypass.v:2455$36003'.
Found and cleaned up 1 empty switch in `\lsu_bypass.$proc$/home/qualcomm_clinic/RTL/OpenABC/leaf_level_verilog/tsmc65lp/ariane/lsu_bypass.v:2446$36002'.
Removing empty process `lsu_bypass.$proc$/home/qualcomm_clinic/RTL/OpenABC/leaf_level_verilog/tsmc65lp/ariane/lsu_bypass.v:2446$36002'.
Found and cleaned up 1 empty switch in `\lsu_bypass.$proc$/home/qualcomm_clinic/RTL/OpenABC/leaf_level_verilog/tsmc65lp/ariane/lsu_bypass.v:2437$36001'.
Removing empty process `lsu_bypass.$proc$/home/qualcomm_clinic/RTL/OpenABC/leaf_level_verilog/tsmc65lp/ariane/lsu_bypass.v:2437$36001'.
Found and cleaned up 1 empty switch in `\lsu_bypass.$proc$/home/qualcomm_clinic/RTL/OpenABC/leaf_level_verilog/tsmc65lp/ariane/lsu_bypass.v:2428$36000'.
Removing empty process `lsu_bypass.$proc$/home/qualcomm_clinic/RTL/OpenABC/leaf_level_verilog/tsmc65lp/ariane/lsu_bypass.v:2428$36000'.
Found and cleaned up 1 empty switch in `\lsu_bypass.$proc$/home/qualcomm_clinic/RTL/OpenABC/leaf_level_verilog/tsmc65lp/ariane/lsu_bypass.v:2419$35999'.
Removing empty process `lsu_bypass.$proc$/home/qualcomm_clinic/RTL/OpenABC/leaf_level_verilog/tsmc65lp/ariane/lsu_bypass.v:2419$35999'.
Found and cleaned up 1 empty switch in `\lsu_bypass.$proc$/home/qualcomm_clinic/RTL/OpenABC/leaf_level_verilog/tsmc65lp/ariane/lsu_bypass.v:2410$35998'.
Removing empty process `lsu_bypass.$proc$/home/qualcomm_clinic/RTL/OpenABC/leaf_level_verilog/tsmc65lp/ariane/lsu_bypass.v:2410$35998'.
Found and cleaned up 1 empty switch in `\lsu_bypass.$proc$/home/qualcomm_clinic/RTL/OpenABC/leaf_level_verilog/tsmc65lp/ariane/lsu_bypass.v:2401$35997'.
Removing empty process `lsu_bypass.$proc$/home/qualcomm_clinic/RTL/OpenABC/leaf_level_verilog/tsmc65lp/ariane/lsu_bypass.v:2401$35997'.
Found and cleaned up 1 empty switch in `\lsu_bypass.$proc$/home/qualcomm_clinic/RTL/OpenABC/leaf_level_verilog/tsmc65lp/ariane/lsu_bypass.v:2392$35996'.
Removing empty process `lsu_bypass.$proc$/home/qualcomm_clinic/RTL/OpenABC/leaf_level_verilog/tsmc65lp/ariane/lsu_bypass.v:2392$35996'.
Found and cleaned up 1 empty switch in `\lsu_bypass.$proc$/home/qualcomm_clinic/RTL/OpenABC/leaf_level_verilog/tsmc65lp/ariane/lsu_bypass.v:2383$35995'.
Removing empty process `lsu_bypass.$proc$/home/qualcomm_clinic/RTL/OpenABC/leaf_level_verilog/tsmc65lp/ariane/lsu_bypass.v:2383$35995'.
Found and cleaned up 1 empty switch in `\lsu_bypass.$proc$/home/qualcomm_clinic/RTL/OpenABC/leaf_level_verilog/tsmc65lp/ariane/lsu_bypass.v:2374$35994'.
Removing empty process `lsu_bypass.$proc$/home/qualcomm_clinic/RTL/OpenABC/leaf_level_verilog/tsmc65lp/ariane/lsu_bypass.v:2374$35994'.
Found and cleaned up 1 empty switch in `\lsu_bypass.$proc$/home/qualcomm_clinic/RTL/OpenABC/leaf_level_verilog/tsmc65lp/ariane/lsu_bypass.v:2365$35993'.
Removing empty process `lsu_bypass.$proc$/home/qualcomm_clinic/RTL/OpenABC/leaf_level_verilog/tsmc65lp/ariane/lsu_bypass.v:2365$35993'.
Found and cleaned up 1 empty switch in `\lsu_bypass.$proc$/home/qualcomm_clinic/RTL/OpenABC/leaf_level_verilog/tsmc65lp/ariane/lsu_bypass.v:2356$35992'.
Removing empty process `lsu_bypass.$proc$/home/qualcomm_clinic/RTL/OpenABC/leaf_level_verilog/tsmc65lp/ariane/lsu_bypass.v:2356$35992'.
Found and cleaned up 1 empty switch in `\lsu_bypass.$proc$/home/qualcomm_clinic/RTL/OpenABC/leaf_level_verilog/tsmc65lp/ariane/lsu_bypass.v:2347$35991'.
Removing empty process `lsu_bypass.$proc$/home/qualcomm_clinic/RTL/OpenABC/leaf_level_verilog/tsmc65lp/ariane/lsu_bypass.v:2347$35991'.
Found and cleaned up 1 empty switch in `\lsu_bypass.$proc$/home/qualcomm_clinic/RTL/OpenABC/leaf_level_verilog/tsmc65lp/ariane/lsu_bypass.v:2338$35990'.
Removing empty process `lsu_bypass.$proc$/home/qualcomm_clinic/RTL/OpenABC/leaf_level_verilog/tsmc65lp/ariane/lsu_bypass.v:2338$35990'.
Found and cleaned up 1 empty switch in `\lsu_bypass.$proc$/home/qualcomm_clinic/RTL/OpenABC/leaf_level_verilog/tsmc65lp/ariane/lsu_bypass.v:2329$35989'.
Removing empty process `lsu_bypass.$proc$/home/qualcomm_clinic/RTL/OpenABC/leaf_level_verilog/tsmc65lp/ariane/lsu_bypass.v:2329$35989'.
Found and cleaned up 1 empty switch in `\lsu_bypass.$proc$/home/qualcomm_clinic/RTL/OpenABC/leaf_level_verilog/tsmc65lp/ariane/lsu_bypass.v:2320$35988'.
Removing empty process `lsu_bypass.$proc$/home/qualcomm_clinic/RTL/OpenABC/leaf_level_verilog/tsmc65lp/ariane/lsu_bypass.v:2320$35988'.
Found and cleaned up 1 empty switch in `\lsu_bypass.$proc$/home/qualcomm_clinic/RTL/OpenABC/leaf_level_verilog/tsmc65lp/ariane/lsu_bypass.v:2311$35987'.
Removing empty process `lsu_bypass.$proc$/home/qualcomm_clinic/RTL/OpenABC/leaf_level_verilog/tsmc65lp/ariane/lsu_bypass.v:2311$35987'.
Found and cleaned up 1 empty switch in `\lsu_bypass.$proc$/home/qualcomm_clinic/RTL/OpenABC/leaf_level_verilog/tsmc65lp/ariane/lsu_bypass.v:2302$35986'.
Removing empty process `lsu_bypass.$proc$/home/qualcomm_clinic/RTL/OpenABC/leaf_level_verilog/tsmc65lp/ariane/lsu_bypass.v:2302$35986'.
Found and cleaned up 1 empty switch in `\lsu_bypass.$proc$/home/qualcomm_clinic/RTL/OpenABC/leaf_level_verilog/tsmc65lp/ariane/lsu_bypass.v:2293$35985'.
Removing empty process `lsu_bypass.$proc$/home/qualcomm_clinic/RTL/OpenABC/leaf_level_verilog/tsmc65lp/ariane/lsu_bypass.v:2293$35985'.
Found and cleaned up 1 empty switch in `\lsu_bypass.$proc$/home/qualcomm_clinic/RTL/OpenABC/leaf_level_verilog/tsmc65lp/ariane/lsu_bypass.v:2284$35984'.
Removing empty process `lsu_bypass.$proc$/home/qualcomm_clinic/RTL/OpenABC/leaf_level_verilog/tsmc65lp/ariane/lsu_bypass.v:2284$35984'.
Found and cleaned up 1 empty switch in `\lsu_bypass.$proc$/home/qualcomm_clinic/RTL/OpenABC/leaf_level_verilog/tsmc65lp/ariane/lsu_bypass.v:2275$35983'.
Removing empty process `lsu_bypass.$proc$/home/qualcomm_clinic/RTL/OpenABC/leaf_level_verilog/tsmc65lp/ariane/lsu_bypass.v:2275$35983'.
Found and cleaned up 1 empty switch in `\lsu_bypass.$proc$/home/qualcomm_clinic/RTL/OpenABC/leaf_level_verilog/tsmc65lp/ariane/lsu_bypass.v:2266$35982'.
Removing empty process `lsu_bypass.$proc$/home/qualcomm_clinic/RTL/OpenABC/leaf_level_verilog/tsmc65lp/ariane/lsu_bypass.v:2266$35982'.
Found and cleaned up 1 empty switch in `\lsu_bypass.$proc$/home/qualcomm_clinic/RTL/OpenABC/leaf_level_verilog/tsmc65lp/ariane/lsu_bypass.v:2257$35981'.
Removing empty process `lsu_bypass.$proc$/home/qualcomm_clinic/RTL/OpenABC/leaf_level_verilog/tsmc65lp/ariane/lsu_bypass.v:2257$35981'.
Found and cleaned up 1 empty switch in `\lsu_bypass.$proc$/home/qualcomm_clinic/RTL/OpenABC/leaf_level_verilog/tsmc65lp/ariane/lsu_bypass.v:2248$35980'.
Removing empty process `lsu_bypass.$proc$/home/qualcomm_clinic/RTL/OpenABC/leaf_level_verilog/tsmc65lp/ariane/lsu_bypass.v:2248$35980'.
Found and cleaned up 1 empty switch in `\lsu_bypass.$proc$/home/qualcomm_clinic/RTL/OpenABC/leaf_level_verilog/tsmc65lp/ariane/lsu_bypass.v:2239$35979'.
Removing empty process `lsu_bypass.$proc$/home/qualcomm_clinic/RTL/OpenABC/leaf_level_verilog/tsmc65lp/ariane/lsu_bypass.v:2239$35979'.
Found and cleaned up 1 empty switch in `\lsu_bypass.$proc$/home/qualcomm_clinic/RTL/OpenABC/leaf_level_verilog/tsmc65lp/ariane/lsu_bypass.v:2230$35978'.
Removing empty process `lsu_bypass.$proc$/home/qualcomm_clinic/RTL/OpenABC/leaf_level_verilog/tsmc65lp/ariane/lsu_bypass.v:2230$35978'.
Found and cleaned up 1 empty switch in `\lsu_bypass.$proc$/home/qualcomm_clinic/RTL/OpenABC/leaf_level_verilog/tsmc65lp/ariane/lsu_bypass.v:2221$35977'.
Removing empty process `lsu_bypass.$proc$/home/qualcomm_clinic/RTL/OpenABC/leaf_level_verilog/tsmc65lp/ariane/lsu_bypass.v:2221$35977'.
Found and cleaned up 1 empty switch in `\lsu_bypass.$proc$/home/qualcomm_clinic/RTL/OpenABC/leaf_level_verilog/tsmc65lp/ariane/lsu_bypass.v:2212$35976'.
Removing empty process `lsu_bypass.$proc$/home/qualcomm_clinic/RTL/OpenABC/leaf_level_verilog/tsmc65lp/ariane/lsu_bypass.v:2212$35976'.
Found and cleaned up 1 empty switch in `\lsu_bypass.$proc$/home/qualcomm_clinic/RTL/OpenABC/leaf_level_verilog/tsmc65lp/ariane/lsu_bypass.v:2203$35975'.
Removing empty process `lsu_bypass.$proc$/home/qualcomm_clinic/RTL/OpenABC/leaf_level_verilog/tsmc65lp/ariane/lsu_bypass.v:2203$35975'.
Found and cleaned up 1 empty switch in `\lsu_bypass.$proc$/home/qualcomm_clinic/RTL/OpenABC/leaf_level_verilog/tsmc65lp/ariane/lsu_bypass.v:2194$35974'.
Removing empty process `lsu_bypass.$proc$/home/qualcomm_clinic/RTL/OpenABC/leaf_level_verilog/tsmc65lp/ariane/lsu_bypass.v:2194$35974'.
Found and cleaned up 1 empty switch in `\lsu_bypass.$proc$/home/qualcomm_clinic/RTL/OpenABC/leaf_level_verilog/tsmc65lp/ariane/lsu_bypass.v:2185$35973'.
Removing empty process `lsu_bypass.$proc$/home/qualcomm_clinic/RTL/OpenABC/leaf_level_verilog/tsmc65lp/ariane/lsu_bypass.v:2185$35973'.
Found and cleaned up 1 empty switch in `\lsu_bypass.$proc$/home/qualcomm_clinic/RTL/OpenABC/leaf_level_verilog/tsmc65lp/ariane/lsu_bypass.v:2176$35972'.
Removing empty process `lsu_bypass.$proc$/home/qualcomm_clinic/RTL/OpenABC/leaf_level_verilog/tsmc65lp/ariane/lsu_bypass.v:2176$35972'.
Found and cleaned up 1 empty switch in `\lsu_bypass.$proc$/home/qualcomm_clinic/RTL/OpenABC/leaf_level_verilog/tsmc65lp/ariane/lsu_bypass.v:2167$35971'.
Removing empty process `lsu_bypass.$proc$/home/qualcomm_clinic/RTL/OpenABC/leaf_level_verilog/tsmc65lp/ariane/lsu_bypass.v:2167$35971'.
Found and cleaned up 1 empty switch in `\lsu_bypass.$proc$/home/qualcomm_clinic/RTL/OpenABC/leaf_level_verilog/tsmc65lp/ariane/lsu_bypass.v:2158$35970'.
Removing empty process `lsu_bypass.$proc$/home/qualcomm_clinic/RTL/OpenABC/leaf_level_verilog/tsmc65lp/ariane/lsu_bypass.v:2158$35970'.
Found and cleaned up 1 empty switch in `\lsu_bypass.$proc$/home/qualcomm_clinic/RTL/OpenABC/leaf_level_verilog/tsmc65lp/ariane/lsu_bypass.v:2149$35969'.
Removing empty process `lsu_bypass.$proc$/home/qualcomm_clinic/RTL/OpenABC/leaf_level_verilog/tsmc65lp/ariane/lsu_bypass.v:2149$35969'.
Found and cleaned up 1 empty switch in `\lsu_bypass.$proc$/home/qualcomm_clinic/RTL/OpenABC/leaf_level_verilog/tsmc65lp/ariane/lsu_bypass.v:2140$35968'.
Removing empty process `lsu_bypass.$proc$/home/qualcomm_clinic/RTL/OpenABC/leaf_level_verilog/tsmc65lp/ariane/lsu_bypass.v:2140$35968'.
Found and cleaned up 1 empty switch in `\lsu_bypass.$proc$/home/qualcomm_clinic/RTL/OpenABC/leaf_level_verilog/tsmc65lp/ariane/lsu_bypass.v:2131$35967'.
Removing empty process `lsu_bypass.$proc$/home/qualcomm_clinic/RTL/OpenABC/leaf_level_verilog/tsmc65lp/ariane/lsu_bypass.v:2131$35967'.
Found and cleaned up 1 empty switch in `\lsu_bypass.$proc$/home/qualcomm_clinic/RTL/OpenABC/leaf_level_verilog/tsmc65lp/ariane/lsu_bypass.v:2122$35966'.
Removing empty process `lsu_bypass.$proc$/home/qualcomm_clinic/RTL/OpenABC/leaf_level_verilog/tsmc65lp/ariane/lsu_bypass.v:2122$35966'.
Found and cleaned up 1 empty switch in `\lsu_bypass.$proc$/home/qualcomm_clinic/RTL/OpenABC/leaf_level_verilog/tsmc65lp/ariane/lsu_bypass.v:2113$35965'.
Removing empty process `lsu_bypass.$proc$/home/qualcomm_clinic/RTL/OpenABC/leaf_level_verilog/tsmc65lp/ariane/lsu_bypass.v:2113$35965'.
Found and cleaned up 1 empty switch in `\lsu_bypass.$proc$/home/qualcomm_clinic/RTL/OpenABC/leaf_level_verilog/tsmc65lp/ariane/lsu_bypass.v:2104$35964'.
Removing empty process `lsu_bypass.$proc$/home/qualcomm_clinic/RTL/OpenABC/leaf_level_verilog/tsmc65lp/ariane/lsu_bypass.v:2104$35964'.
Found and cleaned up 1 empty switch in `\lsu_bypass.$proc$/home/qualcomm_clinic/RTL/OpenABC/leaf_level_verilog/tsmc65lp/ariane/lsu_bypass.v:2095$35963'.
Removing empty process `lsu_bypass.$proc$/home/qualcomm_clinic/RTL/OpenABC/leaf_level_verilog/tsmc65lp/ariane/lsu_bypass.v:2095$35963'.
Found and cleaned up 1 empty switch in `\lsu_bypass.$proc$/home/qualcomm_clinic/RTL/OpenABC/leaf_level_verilog/tsmc65lp/ariane/lsu_bypass.v:2086$35962'.
Removing empty process `lsu_bypass.$proc$/home/qualcomm_clinic/RTL/OpenABC/leaf_level_verilog/tsmc65lp/ariane/lsu_bypass.v:2086$35962'.
Found and cleaned up 1 empty switch in `\lsu_bypass.$proc$/home/qualcomm_clinic/RTL/OpenABC/leaf_level_verilog/tsmc65lp/ariane/lsu_bypass.v:2077$35961'.
Removing empty process `lsu_bypass.$proc$/home/qualcomm_clinic/RTL/OpenABC/leaf_level_verilog/tsmc65lp/ariane/lsu_bypass.v:2077$35961'.
Found and cleaned up 1 empty switch in `\lsu_bypass.$proc$/home/qualcomm_clinic/RTL/OpenABC/leaf_level_verilog/tsmc65lp/ariane/lsu_bypass.v:2068$35960'.
Removing empty process `lsu_bypass.$proc$/home/qualcomm_clinic/RTL/OpenABC/leaf_level_verilog/tsmc65lp/ariane/lsu_bypass.v:2068$35960'.
Found and cleaned up 1 empty switch in `\lsu_bypass.$proc$/home/qualcomm_clinic/RTL/OpenABC/leaf_level_verilog/tsmc65lp/ariane/lsu_bypass.v:2059$35959'.
Removing empty process `lsu_bypass.$proc$/home/qualcomm_clinic/RTL/OpenABC/leaf_level_verilog/tsmc65lp/ariane/lsu_bypass.v:2059$35959'.
Found and cleaned up 1 empty switch in `\lsu_bypass.$proc$/home/qualcomm_clinic/RTL/OpenABC/leaf_level_verilog/tsmc65lp/ariane/lsu_bypass.v:2050$35958'.
Removing empty process `lsu_bypass.$proc$/home/qualcomm_clinic/RTL/OpenABC/leaf_level_verilog/tsmc65lp/ariane/lsu_bypass.v:2050$35958'.
Found and cleaned up 1 empty switch in `\lsu_bypass.$proc$/home/qualcomm_clinic/RTL/OpenABC/leaf_level_verilog/tsmc65lp/ariane/lsu_bypass.v:2041$35957'.
Removing empty process `lsu_bypass.$proc$/home/qualcomm_clinic/RTL/OpenABC/leaf_level_verilog/tsmc65lp/ariane/lsu_bypass.v:2041$35957'.
Found and cleaned up 1 empty switch in `\lsu_bypass.$proc$/home/qualcomm_clinic/RTL/OpenABC/leaf_level_verilog/tsmc65lp/ariane/lsu_bypass.v:2032$35956'.
Removing empty process `lsu_bypass.$proc$/home/qualcomm_clinic/RTL/OpenABC/leaf_level_verilog/tsmc65lp/ariane/lsu_bypass.v:2032$35956'.
Found and cleaned up 1 empty switch in `\lsu_bypass.$proc$/home/qualcomm_clinic/RTL/OpenABC/leaf_level_verilog/tsmc65lp/ariane/lsu_bypass.v:2023$35955'.
Removing empty process `lsu_bypass.$proc$/home/qualcomm_clinic/RTL/OpenABC/leaf_level_verilog/tsmc65lp/ariane/lsu_bypass.v:2023$35955'.
Found and cleaned up 1 empty switch in `\lsu_bypass.$proc$/home/qualcomm_clinic/RTL/OpenABC/leaf_level_verilog/tsmc65lp/ariane/lsu_bypass.v:2014$35954'.
Removing empty process `lsu_bypass.$proc$/home/qualcomm_clinic/RTL/OpenABC/leaf_level_verilog/tsmc65lp/ariane/lsu_bypass.v:2014$35954'.
Found and cleaned up 1 empty switch in `\lsu_bypass.$proc$/home/qualcomm_clinic/RTL/OpenABC/leaf_level_verilog/tsmc65lp/ariane/lsu_bypass.v:2005$35953'.
Removing empty process `lsu_bypass.$proc$/home/qualcomm_clinic/RTL/OpenABC/leaf_level_verilog/tsmc65lp/ariane/lsu_bypass.v:2005$35953'.
Found and cleaned up 1 empty switch in `\lsu_bypass.$proc$/home/qualcomm_clinic/RTL/OpenABC/leaf_level_verilog/tsmc65lp/ariane/lsu_bypass.v:1996$35952'.
Removing empty process `lsu_bypass.$proc$/home/qualcomm_clinic/RTL/OpenABC/leaf_level_verilog/tsmc65lp/ariane/lsu_bypass.v:1996$35952'.
Found and cleaned up 1 empty switch in `\lsu_bypass.$proc$/home/qualcomm_clinic/RTL/OpenABC/leaf_level_verilog/tsmc65lp/ariane/lsu_bypass.v:1987$35951'.
Removing empty process `lsu_bypass.$proc$/home/qualcomm_clinic/RTL/OpenABC/leaf_level_verilog/tsmc65lp/ariane/lsu_bypass.v:1987$35951'.
Found and cleaned up 1 empty switch in `\lsu_bypass.$proc$/home/qualcomm_clinic/RTL/OpenABC/leaf_level_verilog/tsmc65lp/ariane/lsu_bypass.v:1978$35950'.
Removing empty process `lsu_bypass.$proc$/home/qualcomm_clinic/RTL/OpenABC/leaf_level_verilog/tsmc65lp/ariane/lsu_bypass.v:1978$35950'.
Found and cleaned up 1 empty switch in `\lsu_bypass.$proc$/home/qualcomm_clinic/RTL/OpenABC/leaf_level_verilog/tsmc65lp/ariane/lsu_bypass.v:1969$35949'.
Removing empty process `lsu_bypass.$proc$/home/qualcomm_clinic/RTL/OpenABC/leaf_level_verilog/tsmc65lp/ariane/lsu_bypass.v:1969$35949'.
Found and cleaned up 1 empty switch in `\lsu_bypass.$proc$/home/qualcomm_clinic/RTL/OpenABC/leaf_level_verilog/tsmc65lp/ariane/lsu_bypass.v:1960$35948'.
Removing empty process `lsu_bypass.$proc$/home/qualcomm_clinic/RTL/OpenABC/leaf_level_verilog/tsmc65lp/ariane/lsu_bypass.v:1960$35948'.
Found and cleaned up 1 empty switch in `\lsu_bypass.$proc$/home/qualcomm_clinic/RTL/OpenABC/leaf_level_verilog/tsmc65lp/ariane/lsu_bypass.v:1951$35947'.
Removing empty process `lsu_bypass.$proc$/home/qualcomm_clinic/RTL/OpenABC/leaf_level_verilog/tsmc65lp/ariane/lsu_bypass.v:1951$35947'.
Found and cleaned up 1 empty switch in `\lsu_bypass.$proc$/home/qualcomm_clinic/RTL/OpenABC/leaf_level_verilog/tsmc65lp/ariane/lsu_bypass.v:1942$35946'.
Removing empty process `lsu_bypass.$proc$/home/qualcomm_clinic/RTL/OpenABC/leaf_level_verilog/tsmc65lp/ariane/lsu_bypass.v:1942$35946'.
Found and cleaned up 1 empty switch in `\lsu_bypass.$proc$/home/qualcomm_clinic/RTL/OpenABC/leaf_level_verilog/tsmc65lp/ariane/lsu_bypass.v:1933$35945'.
Removing empty process `lsu_bypass.$proc$/home/qualcomm_clinic/RTL/OpenABC/leaf_level_verilog/tsmc65lp/ariane/lsu_bypass.v:1933$35945'.
Found and cleaned up 1 empty switch in `\lsu_bypass.$proc$/home/qualcomm_clinic/RTL/OpenABC/leaf_level_verilog/tsmc65lp/ariane/lsu_bypass.v:1924$35944'.
Removing empty process `lsu_bypass.$proc$/home/qualcomm_clinic/RTL/OpenABC/leaf_level_verilog/tsmc65lp/ariane/lsu_bypass.v:1924$35944'.
Found and cleaned up 1 empty switch in `\lsu_bypass.$proc$/home/qualcomm_clinic/RTL/OpenABC/leaf_level_verilog/tsmc65lp/ariane/lsu_bypass.v:1915$35943'.
Removing empty process `lsu_bypass.$proc$/home/qualcomm_clinic/RTL/OpenABC/leaf_level_verilog/tsmc65lp/ariane/lsu_bypass.v:1915$35943'.
Found and cleaned up 1 empty switch in `\lsu_bypass.$proc$/home/qualcomm_clinic/RTL/OpenABC/leaf_level_verilog/tsmc65lp/ariane/lsu_bypass.v:1906$35942'.
Removing empty process `lsu_bypass.$proc$/home/qualcomm_clinic/RTL/OpenABC/leaf_level_verilog/tsmc65lp/ariane/lsu_bypass.v:1906$35942'.
Found and cleaned up 1 empty switch in `\lsu_bypass.$proc$/home/qualcomm_clinic/RTL/OpenABC/leaf_level_verilog/tsmc65lp/ariane/lsu_bypass.v:1897$35941'.
Removing empty process `lsu_bypass.$proc$/home/qualcomm_clinic/RTL/OpenABC/leaf_level_verilog/tsmc65lp/ariane/lsu_bypass.v:1897$35941'.
Found and cleaned up 1 empty switch in `\lsu_bypass.$proc$/home/qualcomm_clinic/RTL/OpenABC/leaf_level_verilog/tsmc65lp/ariane/lsu_bypass.v:1888$35940'.
Removing empty process `lsu_bypass.$proc$/home/qualcomm_clinic/RTL/OpenABC/leaf_level_verilog/tsmc65lp/ariane/lsu_bypass.v:1888$35940'.
Found and cleaned up 1 empty switch in `\lsu_bypass.$proc$/home/qualcomm_clinic/RTL/OpenABC/leaf_level_verilog/tsmc65lp/ariane/lsu_bypass.v:1879$35939'.
Removing empty process `lsu_bypass.$proc$/home/qualcomm_clinic/RTL/OpenABC/leaf_level_verilog/tsmc65lp/ariane/lsu_bypass.v:1879$35939'.
Found and cleaned up 1 empty switch in `\lsu_bypass.$proc$/home/qualcomm_clinic/RTL/OpenABC/leaf_level_verilog/tsmc65lp/ariane/lsu_bypass.v:1870$35938'.
Removing empty process `lsu_bypass.$proc$/home/qualcomm_clinic/RTL/OpenABC/leaf_level_verilog/tsmc65lp/ariane/lsu_bypass.v:1870$35938'.
Found and cleaned up 1 empty switch in `\lsu_bypass.$proc$/home/qualcomm_clinic/RTL/OpenABC/leaf_level_verilog/tsmc65lp/ariane/lsu_bypass.v:1861$35937'.
Removing empty process `lsu_bypass.$proc$/home/qualcomm_clinic/RTL/OpenABC/leaf_level_verilog/tsmc65lp/ariane/lsu_bypass.v:1861$35937'.
Found and cleaned up 1 empty switch in `\lsu_bypass.$proc$/home/qualcomm_clinic/RTL/OpenABC/leaf_level_verilog/tsmc65lp/ariane/lsu_bypass.v:1852$35936'.
Removing empty process `lsu_bypass.$proc$/home/qualcomm_clinic/RTL/OpenABC/leaf_level_verilog/tsmc65lp/ariane/lsu_bypass.v:1852$35936'.
Found and cleaned up 1 empty switch in `\lsu_bypass.$proc$/home/qualcomm_clinic/RTL/OpenABC/leaf_level_verilog/tsmc65lp/ariane/lsu_bypass.v:1843$35935'.
Removing empty process `lsu_bypass.$proc$/home/qualcomm_clinic/RTL/OpenABC/leaf_level_verilog/tsmc65lp/ariane/lsu_bypass.v:1843$35935'.
Found and cleaned up 1 empty switch in `\lsu_bypass.$proc$/home/qualcomm_clinic/RTL/OpenABC/leaf_level_verilog/tsmc65lp/ariane/lsu_bypass.v:1834$35934'.
Removing empty process `lsu_bypass.$proc$/home/qualcomm_clinic/RTL/OpenABC/leaf_level_verilog/tsmc65lp/ariane/lsu_bypass.v:1834$35934'.
Found and cleaned up 1 empty switch in `\lsu_bypass.$proc$/home/qualcomm_clinic/RTL/OpenABC/leaf_level_verilog/tsmc65lp/ariane/lsu_bypass.v:1825$35933'.
Removing empty process `lsu_bypass.$proc$/home/qualcomm_clinic/RTL/OpenABC/leaf_level_verilog/tsmc65lp/ariane/lsu_bypass.v:1825$35933'.
Found and cleaned up 1 empty switch in `\lsu_bypass.$proc$/home/qualcomm_clinic/RTL/OpenABC/leaf_level_verilog/tsmc65lp/ariane/lsu_bypass.v:1816$35932'.
Removing empty process `lsu_bypass.$proc$/home/qualcomm_clinic/RTL/OpenABC/leaf_level_verilog/tsmc65lp/ariane/lsu_bypass.v:1816$35932'.
Found and cleaned up 1 empty switch in `\lsu_bypass.$proc$/home/qualcomm_clinic/RTL/OpenABC/leaf_level_verilog/tsmc65lp/ariane/lsu_bypass.v:1807$35931'.
Removing empty process `lsu_bypass.$proc$/home/qualcomm_clinic/RTL/OpenABC/leaf_level_verilog/tsmc65lp/ariane/lsu_bypass.v:1807$35931'.
Found and cleaned up 1 empty switch in `\lsu_bypass.$proc$/home/qualcomm_clinic/RTL/OpenABC/leaf_level_verilog/tsmc65lp/ariane/lsu_bypass.v:1798$35930'.
Removing empty process `lsu_bypass.$proc$/home/qualcomm_clinic/RTL/OpenABC/leaf_level_verilog/tsmc65lp/ariane/lsu_bypass.v:1798$35930'.
Found and cleaned up 1 empty switch in `\lsu_bypass.$proc$/home/qualcomm_clinic/RTL/OpenABC/leaf_level_verilog/tsmc65lp/ariane/lsu_bypass.v:1789$35929'.
Removing empty process `lsu_bypass.$proc$/home/qualcomm_clinic/RTL/OpenABC/leaf_level_verilog/tsmc65lp/ariane/lsu_bypass.v:1789$35929'.
Found and cleaned up 1 empty switch in `\lsu_bypass.$proc$/home/qualcomm_clinic/RTL/OpenABC/leaf_level_verilog/tsmc65lp/ariane/lsu_bypass.v:1780$35928'.
Removing empty process `lsu_bypass.$proc$/home/qualcomm_clinic/RTL/OpenABC/leaf_level_verilog/tsmc65lp/ariane/lsu_bypass.v:1780$35928'.
Found and cleaned up 1 empty switch in `\lsu_bypass.$proc$/home/qualcomm_clinic/RTL/OpenABC/leaf_level_verilog/tsmc65lp/ariane/lsu_bypass.v:1771$35927'.
Removing empty process `lsu_bypass.$proc$/home/qualcomm_clinic/RTL/OpenABC/leaf_level_verilog/tsmc65lp/ariane/lsu_bypass.v:1771$35927'.
Found and cleaned up 1 empty switch in `\lsu_bypass.$proc$/home/qualcomm_clinic/RTL/OpenABC/leaf_level_verilog/tsmc65lp/ariane/lsu_bypass.v:1762$35926'.
Removing empty process `lsu_bypass.$proc$/home/qualcomm_clinic/RTL/OpenABC/leaf_level_verilog/tsmc65lp/ariane/lsu_bypass.v:1762$35926'.
Found and cleaned up 1 empty switch in `\lsu_bypass.$proc$/home/qualcomm_clinic/RTL/OpenABC/leaf_level_verilog/tsmc65lp/ariane/lsu_bypass.v:1753$35925'.
Removing empty process `lsu_bypass.$proc$/home/qualcomm_clinic/RTL/OpenABC/leaf_level_verilog/tsmc65lp/ariane/lsu_bypass.v:1753$35925'.
Found and cleaned up 1 empty switch in `\lsu_bypass.$proc$/home/qualcomm_clinic/RTL/OpenABC/leaf_level_verilog/tsmc65lp/ariane/lsu_bypass.v:1744$35924'.
Removing empty process `lsu_bypass.$proc$/home/qualcomm_clinic/RTL/OpenABC/leaf_level_verilog/tsmc65lp/ariane/lsu_bypass.v:1744$35924'.
Found and cleaned up 1 empty switch in `\lsu_bypass.$proc$/home/qualcomm_clinic/RTL/OpenABC/leaf_level_verilog/tsmc65lp/ariane/lsu_bypass.v:1735$35923'.
Removing empty process `lsu_bypass.$proc$/home/qualcomm_clinic/RTL/OpenABC/leaf_level_verilog/tsmc65lp/ariane/lsu_bypass.v:1735$35923'.
Removing empty process `lsu_bypass.$proc$/home/qualcomm_clinic/RTL/OpenABC/leaf_level_verilog/tsmc65lp/ariane/lsu_bypass.v:1726$35922'.
Found and cleaned up 1 empty switch in `\lsu_bypass.$proc$/home/qualcomm_clinic/RTL/OpenABC/leaf_level_verilog/tsmc65lp/ariane/lsu_bypass.v:1717$35921'.
Removing empty process `lsu_bypass.$proc$/home/qualcomm_clinic/RTL/OpenABC/leaf_level_verilog/tsmc65lp/ariane/lsu_bypass.v:1717$35921'.
Found and cleaned up 1 empty switch in `\lsu_bypass.$proc$/home/qualcomm_clinic/RTL/OpenABC/leaf_level_verilog/tsmc65lp/ariane/lsu_bypass.v:1708$35920'.
Removing empty process `lsu_bypass.$proc$/home/qualcomm_clinic/RTL/OpenABC/leaf_level_verilog/tsmc65lp/ariane/lsu_bypass.v:1708$35920'.
Found and cleaned up 1 empty switch in `\lsu_bypass.$proc$/home/qualcomm_clinic/RTL/OpenABC/leaf_level_verilog/tsmc65lp/ariane/lsu_bypass.v:1699$35919'.
Removing empty process `lsu_bypass.$proc$/home/qualcomm_clinic/RTL/OpenABC/leaf_level_verilog/tsmc65lp/ariane/lsu_bypass.v:1699$35919'.
Found and cleaned up 1 empty switch in `\lsu_bypass.$proc$/home/qualcomm_clinic/RTL/OpenABC/leaf_level_verilog/tsmc65lp/ariane/lsu_bypass.v:1690$35918'.
Removing empty process `lsu_bypass.$proc$/home/qualcomm_clinic/RTL/OpenABC/leaf_level_verilog/tsmc65lp/ariane/lsu_bypass.v:1690$35918'.
Found and cleaned up 1 empty switch in `\lsu_bypass.$proc$/home/qualcomm_clinic/RTL/OpenABC/leaf_level_verilog/tsmc65lp/ariane/lsu_bypass.v:1681$35917'.
Removing empty process `lsu_bypass.$proc$/home/qualcomm_clinic/RTL/OpenABC/leaf_level_verilog/tsmc65lp/ariane/lsu_bypass.v:1681$35917'.
Found and cleaned up 1 empty switch in `\lsu_bypass.$proc$/home/qualcomm_clinic/RTL/OpenABC/leaf_level_verilog/tsmc65lp/ariane/lsu_bypass.v:1672$35916'.
Removing empty process `lsu_bypass.$proc$/home/qualcomm_clinic/RTL/OpenABC/leaf_level_verilog/tsmc65lp/ariane/lsu_bypass.v:1672$35916'.
Found and cleaned up 1 empty switch in `\lsu_bypass.$proc$/home/qualcomm_clinic/RTL/OpenABC/leaf_level_verilog/tsmc65lp/ariane/lsu_bypass.v:1663$35915'.
Removing empty process `lsu_bypass.$proc$/home/qualcomm_clinic/RTL/OpenABC/leaf_level_verilog/tsmc65lp/ariane/lsu_bypass.v:1663$35915'.
Found and cleaned up 1 empty switch in `\lsu_bypass.$proc$/home/qualcomm_clinic/RTL/OpenABC/leaf_level_verilog/tsmc65lp/ariane/lsu_bypass.v:1654$35914'.
Removing empty process `lsu_bypass.$proc$/home/qualcomm_clinic/RTL/OpenABC/leaf_level_verilog/tsmc65lp/ariane/lsu_bypass.v:1654$35914'.
Found and cleaned up 1 empty switch in `\lsu_bypass.$proc$/home/qualcomm_clinic/RTL/OpenABC/leaf_level_verilog/tsmc65lp/ariane/lsu_bypass.v:1645$35913'.
Removing empty process `lsu_bypass.$proc$/home/qualcomm_clinic/RTL/OpenABC/leaf_level_verilog/tsmc65lp/ariane/lsu_bypass.v:1645$35913'.
Found and cleaned up 1 empty switch in `\lsu_bypass.$proc$/home/qualcomm_clinic/RTL/OpenABC/leaf_level_verilog/tsmc65lp/ariane/lsu_bypass.v:1636$35912'.
Removing empty process `lsu_bypass.$proc$/home/qualcomm_clinic/RTL/OpenABC/leaf_level_verilog/tsmc65lp/ariane/lsu_bypass.v:1636$35912'.
Found and cleaned up 1 empty switch in `\lsu_bypass.$proc$/home/qualcomm_clinic/RTL/OpenABC/leaf_level_verilog/tsmc65lp/ariane/lsu_bypass.v:1627$35911'.
Removing empty process `lsu_bypass.$proc$/home/qualcomm_clinic/RTL/OpenABC/leaf_level_verilog/tsmc65lp/ariane/lsu_bypass.v:1627$35911'.
Found and cleaned up 1 empty switch in `\lsu_bypass.$proc$/home/qualcomm_clinic/RTL/OpenABC/leaf_level_verilog/tsmc65lp/ariane/lsu_bypass.v:1618$35910'.
Removing empty process `lsu_bypass.$proc$/home/qualcomm_clinic/RTL/OpenABC/leaf_level_verilog/tsmc65lp/ariane/lsu_bypass.v:1618$35910'.
Found and cleaned up 1 empty switch in `\lsu_bypass.$proc$/home/qualcomm_clinic/RTL/OpenABC/leaf_level_verilog/tsmc65lp/ariane/lsu_bypass.v:1609$35909'.
Removing empty process `lsu_bypass.$proc$/home/qualcomm_clinic/RTL/OpenABC/leaf_level_verilog/tsmc65lp/ariane/lsu_bypass.v:1609$35909'.
Found and cleaned up 1 empty switch in `\lsu_bypass.$proc$/home/qualcomm_clinic/RTL/OpenABC/leaf_level_verilog/tsmc65lp/ariane/lsu_bypass.v:1600$35908'.
Removing empty process `lsu_bypass.$proc$/home/qualcomm_clinic/RTL/OpenABC/leaf_level_verilog/tsmc65lp/ariane/lsu_bypass.v:1600$35908'.
Found and cleaned up 1 empty switch in `\lsu_bypass.$proc$/home/qualcomm_clinic/RTL/OpenABC/leaf_level_verilog/tsmc65lp/ariane/lsu_bypass.v:1591$35907'.
Removing empty process `lsu_bypass.$proc$/home/qualcomm_clinic/RTL/OpenABC/leaf_level_verilog/tsmc65lp/ariane/lsu_bypass.v:1591$35907'.
Found and cleaned up 1 empty switch in `\lsu_bypass.$proc$/home/qualcomm_clinic/RTL/OpenABC/leaf_level_verilog/tsmc65lp/ariane/lsu_bypass.v:1582$35906'.
Removing empty process `lsu_bypass.$proc$/home/qualcomm_clinic/RTL/OpenABC/leaf_level_verilog/tsmc65lp/ariane/lsu_bypass.v:1582$35906'.
Found and cleaned up 1 empty switch in `\lsu_bypass.$proc$/home/qualcomm_clinic/RTL/OpenABC/leaf_level_verilog/tsmc65lp/ariane/lsu_bypass.v:1573$35905'.
Removing empty process `lsu_bypass.$proc$/home/qualcomm_clinic/RTL/OpenABC/leaf_level_verilog/tsmc65lp/ariane/lsu_bypass.v:1573$35905'.
Found and cleaned up 1 empty switch in `\lsu_bypass.$proc$/home/qualcomm_clinic/RTL/OpenABC/leaf_level_verilog/tsmc65lp/ariane/lsu_bypass.v:1564$35904'.
Removing empty process `lsu_bypass.$proc$/home/qualcomm_clinic/RTL/OpenABC/leaf_level_verilog/tsmc65lp/ariane/lsu_bypass.v:1564$35904'.
Found and cleaned up 1 empty switch in `\lsu_bypass.$proc$/home/qualcomm_clinic/RTL/OpenABC/leaf_level_verilog/tsmc65lp/ariane/lsu_bypass.v:1555$35903'.
Removing empty process `lsu_bypass.$proc$/home/qualcomm_clinic/RTL/OpenABC/leaf_level_verilog/tsmc65lp/ariane/lsu_bypass.v:1555$35903'.
Found and cleaned up 1 empty switch in `\lsu_bypass.$proc$/home/qualcomm_clinic/RTL/OpenABC/leaf_level_verilog/tsmc65lp/ariane/lsu_bypass.v:1546$35902'.
Removing empty process `lsu_bypass.$proc$/home/qualcomm_clinic/RTL/OpenABC/leaf_level_verilog/tsmc65lp/ariane/lsu_bypass.v:1546$35902'.
Found and cleaned up 1 empty switch in `\lsu_bypass.$proc$/home/qualcomm_clinic/RTL/OpenABC/leaf_level_verilog/tsmc65lp/ariane/lsu_bypass.v:1537$35901'.
Removing empty process `lsu_bypass.$proc$/home/qualcomm_clinic/RTL/OpenABC/leaf_level_verilog/tsmc65lp/ariane/lsu_bypass.v:1537$35901'.
Found and cleaned up 1 empty switch in `\lsu_bypass.$proc$/home/qualcomm_clinic/RTL/OpenABC/leaf_level_verilog/tsmc65lp/ariane/lsu_bypass.v:1528$35900'.
Removing empty process `lsu_bypass.$proc$/home/qualcomm_clinic/RTL/OpenABC/leaf_level_verilog/tsmc65lp/ariane/lsu_bypass.v:1528$35900'.
Found and cleaned up 1 empty switch in `\lsu_bypass.$proc$/home/qualcomm_clinic/RTL/OpenABC/leaf_level_verilog/tsmc65lp/ariane/lsu_bypass.v:1519$35899'.
Removing empty process `lsu_bypass.$proc$/home/qualcomm_clinic/RTL/OpenABC/leaf_level_verilog/tsmc65lp/ariane/lsu_bypass.v:1519$35899'.
Found and cleaned up 1 empty switch in `\lsu_bypass.$proc$/home/qualcomm_clinic/RTL/OpenABC/leaf_level_verilog/tsmc65lp/ariane/lsu_bypass.v:1510$35898'.
Removing empty process `lsu_bypass.$proc$/home/qualcomm_clinic/RTL/OpenABC/leaf_level_verilog/tsmc65lp/ariane/lsu_bypass.v:1510$35898'.
Found and cleaned up 1 empty switch in `\lsu_bypass.$proc$/home/qualcomm_clinic/RTL/OpenABC/leaf_level_verilog/tsmc65lp/ariane/lsu_bypass.v:1501$35897'.
Removing empty process `lsu_bypass.$proc$/home/qualcomm_clinic/RTL/OpenABC/leaf_level_verilog/tsmc65lp/ariane/lsu_bypass.v:1501$35897'.
Found and cleaned up 1 empty switch in `\lsu_bypass.$proc$/home/qualcomm_clinic/RTL/OpenABC/leaf_level_verilog/tsmc65lp/ariane/lsu_bypass.v:1492$35896'.
Removing empty process `lsu_bypass.$proc$/home/qualcomm_clinic/RTL/OpenABC/leaf_level_verilog/tsmc65lp/ariane/lsu_bypass.v:1492$35896'.
Found and cleaned up 1 empty switch in `\lsu_bypass.$proc$/home/qualcomm_clinic/RTL/OpenABC/leaf_level_verilog/tsmc65lp/ariane/lsu_bypass.v:1483$35895'.
Removing empty process `lsu_bypass.$proc$/home/qualcomm_clinic/RTL/OpenABC/leaf_level_verilog/tsmc65lp/ariane/lsu_bypass.v:1483$35895'.
Found and cleaned up 1 empty switch in `\lsu_bypass.$proc$/home/qualcomm_clinic/RTL/OpenABC/leaf_level_verilog/tsmc65lp/ariane/lsu_bypass.v:1474$35894'.
Removing empty process `lsu_bypass.$proc$/home/qualcomm_clinic/RTL/OpenABC/leaf_level_verilog/tsmc65lp/ariane/lsu_bypass.v:1474$35894'.
Found and cleaned up 1 empty switch in `\lsu_bypass.$proc$/home/qualcomm_clinic/RTL/OpenABC/leaf_level_verilog/tsmc65lp/ariane/lsu_bypass.v:1465$35893'.
Removing empty process `lsu_bypass.$proc$/home/qualcomm_clinic/RTL/OpenABC/leaf_level_verilog/tsmc65lp/ariane/lsu_bypass.v:1465$35893'.
Found and cleaned up 1 empty switch in `\lsu_bypass.$proc$/home/qualcomm_clinic/RTL/OpenABC/leaf_level_verilog/tsmc65lp/ariane/lsu_bypass.v:1456$35892'.
Removing empty process `lsu_bypass.$proc$/home/qualcomm_clinic/RTL/OpenABC/leaf_level_verilog/tsmc65lp/ariane/lsu_bypass.v:1456$35892'.
Found and cleaned up 1 empty switch in `\lsu_bypass.$proc$/home/qualcomm_clinic/RTL/OpenABC/leaf_level_verilog/tsmc65lp/ariane/lsu_bypass.v:1447$35891'.
Removing empty process `lsu_bypass.$proc$/home/qualcomm_clinic/RTL/OpenABC/leaf_level_verilog/tsmc65lp/ariane/lsu_bypass.v:1447$35891'.
Found and cleaned up 1 empty switch in `\lsu_bypass.$proc$/home/qualcomm_clinic/RTL/OpenABC/leaf_level_verilog/tsmc65lp/ariane/lsu_bypass.v:1438$35890'.
Removing empty process `lsu_bypass.$proc$/home/qualcomm_clinic/RTL/OpenABC/leaf_level_verilog/tsmc65lp/ariane/lsu_bypass.v:1438$35890'.
Found and cleaned up 1 empty switch in `\lsu_bypass.$proc$/home/qualcomm_clinic/RTL/OpenABC/leaf_level_verilog/tsmc65lp/ariane/lsu_bypass.v:1429$35889'.
Removing empty process `lsu_bypass.$proc$/home/qualcomm_clinic/RTL/OpenABC/leaf_level_verilog/tsmc65lp/ariane/lsu_bypass.v:1429$35889'.
Found and cleaned up 1 empty switch in `\lsu_bypass.$proc$/home/qualcomm_clinic/RTL/OpenABC/leaf_level_verilog/tsmc65lp/ariane/lsu_bypass.v:1420$35888'.
Removing empty process `lsu_bypass.$proc$/home/qualcomm_clinic/RTL/OpenABC/leaf_level_verilog/tsmc65lp/ariane/lsu_bypass.v:1420$35888'.
Found and cleaned up 1 empty switch in `\lsu_bypass.$proc$/home/qualcomm_clinic/RTL/OpenABC/leaf_level_verilog/tsmc65lp/ariane/lsu_bypass.v:1411$35887'.
Removing empty process `lsu_bypass.$proc$/home/qualcomm_clinic/RTL/OpenABC/leaf_level_verilog/tsmc65lp/ariane/lsu_bypass.v:1411$35887'.
Found and cleaned up 1 empty switch in `\lsu_bypass.$proc$/home/qualcomm_clinic/RTL/OpenABC/leaf_level_verilog/tsmc65lp/ariane/lsu_bypass.v:1402$35886'.
Removing empty process `lsu_bypass.$proc$/home/qualcomm_clinic/RTL/OpenABC/leaf_level_verilog/tsmc65lp/ariane/lsu_bypass.v:1402$35886'.
Found and cleaned up 1 empty switch in `\lsu_bypass.$proc$/home/qualcomm_clinic/RTL/OpenABC/leaf_level_verilog/tsmc65lp/ariane/lsu_bypass.v:1393$35885'.
Removing empty process `lsu_bypass.$proc$/home/qualcomm_clinic/RTL/OpenABC/leaf_level_verilog/tsmc65lp/ariane/lsu_bypass.v:1393$35885'.
Found and cleaned up 1 empty switch in `\lsu_bypass.$proc$/home/qualcomm_clinic/RTL/OpenABC/leaf_level_verilog/tsmc65lp/ariane/lsu_bypass.v:1384$35884'.
Removing empty process `lsu_bypass.$proc$/home/qualcomm_clinic/RTL/OpenABC/leaf_level_verilog/tsmc65lp/ariane/lsu_bypass.v:1384$35884'.
Found and cleaned up 1 empty switch in `\lsu_bypass.$proc$/home/qualcomm_clinic/RTL/OpenABC/leaf_level_verilog/tsmc65lp/ariane/lsu_bypass.v:1375$35883'.
Removing empty process `lsu_bypass.$proc$/home/qualcomm_clinic/RTL/OpenABC/leaf_level_verilog/tsmc65lp/ariane/lsu_bypass.v:1375$35883'.
Found and cleaned up 1 empty switch in `\lsu_bypass.$proc$/home/qualcomm_clinic/RTL/OpenABC/leaf_level_verilog/tsmc65lp/ariane/lsu_bypass.v:1366$35882'.
Removing empty process `lsu_bypass.$proc$/home/qualcomm_clinic/RTL/OpenABC/leaf_level_verilog/tsmc65lp/ariane/lsu_bypass.v:1366$35882'.
Found and cleaned up 1 empty switch in `\lsu_bypass.$proc$/home/qualcomm_clinic/RTL/OpenABC/leaf_level_verilog/tsmc65lp/ariane/lsu_bypass.v:1357$35881'.
Removing empty process `lsu_bypass.$proc$/home/qualcomm_clinic/RTL/OpenABC/leaf_level_verilog/tsmc65lp/ariane/lsu_bypass.v:1357$35881'.
Found and cleaned up 1 empty switch in `\lsu_bypass.$proc$/home/qualcomm_clinic/RTL/OpenABC/leaf_level_verilog/tsmc65lp/ariane/lsu_bypass.v:1348$35880'.
Removing empty process `lsu_bypass.$proc$/home/qualcomm_clinic/RTL/OpenABC/leaf_level_verilog/tsmc65lp/ariane/lsu_bypass.v:1348$35880'.
Found and cleaned up 1 empty switch in `\lsu_bypass.$proc$/home/qualcomm_clinic/RTL/OpenABC/leaf_level_verilog/tsmc65lp/ariane/lsu_bypass.v:1339$35879'.
Removing empty process `lsu_bypass.$proc$/home/qualcomm_clinic/RTL/OpenABC/leaf_level_verilog/tsmc65lp/ariane/lsu_bypass.v:1339$35879'.
Found and cleaned up 1 empty switch in `\lsu_bypass.$proc$/home/qualcomm_clinic/RTL/OpenABC/leaf_level_verilog/tsmc65lp/ariane/lsu_bypass.v:1330$35878'.
Removing empty process `lsu_bypass.$proc$/home/qualcomm_clinic/RTL/OpenABC/leaf_level_verilog/tsmc65lp/ariane/lsu_bypass.v:1330$35878'.
Found and cleaned up 1 empty switch in `\lsu_bypass.$proc$/home/qualcomm_clinic/RTL/OpenABC/leaf_level_verilog/tsmc65lp/ariane/lsu_bypass.v:1321$35877'.
Removing empty process `lsu_bypass.$proc$/home/qualcomm_clinic/RTL/OpenABC/leaf_level_verilog/tsmc65lp/ariane/lsu_bypass.v:1321$35877'.
Found and cleaned up 1 empty switch in `\lsu_bypass.$proc$/home/qualcomm_clinic/RTL/OpenABC/leaf_level_verilog/tsmc65lp/ariane/lsu_bypass.v:1312$35876'.
Removing empty process `lsu_bypass.$proc$/home/qualcomm_clinic/RTL/OpenABC/leaf_level_verilog/tsmc65lp/ariane/lsu_bypass.v:1312$35876'.
Found and cleaned up 1 empty switch in `\lsu_bypass.$proc$/home/qualcomm_clinic/RTL/OpenABC/leaf_level_verilog/tsmc65lp/ariane/lsu_bypass.v:1303$35875'.
Removing empty process `lsu_bypass.$proc$/home/qualcomm_clinic/RTL/OpenABC/leaf_level_verilog/tsmc65lp/ariane/lsu_bypass.v:1303$35875'.
Found and cleaned up 1 empty switch in `\lsu_bypass.$proc$/home/qualcomm_clinic/RTL/OpenABC/leaf_level_verilog/tsmc65lp/ariane/lsu_bypass.v:1294$35874'.
Removing empty process `lsu_bypass.$proc$/home/qualcomm_clinic/RTL/OpenABC/leaf_level_verilog/tsmc65lp/ariane/lsu_bypass.v:1294$35874'.
Found and cleaned up 1 empty switch in `\lsu_bypass.$proc$/home/qualcomm_clinic/RTL/OpenABC/leaf_level_verilog/tsmc65lp/ariane/lsu_bypass.v:1285$35873'.
Removing empty process `lsu_bypass.$proc$/home/qualcomm_clinic/RTL/OpenABC/leaf_level_verilog/tsmc65lp/ariane/lsu_bypass.v:1285$35873'.
Found and cleaned up 1 empty switch in `\lsu_bypass.$proc$/home/qualcomm_clinic/RTL/OpenABC/leaf_level_verilog/tsmc65lp/ariane/lsu_bypass.v:1276$35872'.
Removing empty process `lsu_bypass.$proc$/home/qualcomm_clinic/RTL/OpenABC/leaf_level_verilog/tsmc65lp/ariane/lsu_bypass.v:1276$35872'.
Found and cleaned up 1 empty switch in `\lsu_bypass.$proc$/home/qualcomm_clinic/RTL/OpenABC/leaf_level_verilog/tsmc65lp/ariane/lsu_bypass.v:1267$35871'.
Removing empty process `lsu_bypass.$proc$/home/qualcomm_clinic/RTL/OpenABC/leaf_level_verilog/tsmc65lp/ariane/lsu_bypass.v:1267$35871'.
Found and cleaned up 1 empty switch in `\lsu_bypass.$proc$/home/qualcomm_clinic/RTL/OpenABC/leaf_level_verilog/tsmc65lp/ariane/lsu_bypass.v:1258$35870'.
Removing empty process `lsu_bypass.$proc$/home/qualcomm_clinic/RTL/OpenABC/leaf_level_verilog/tsmc65lp/ariane/lsu_bypass.v:1258$35870'.
Found and cleaned up 1 empty switch in `\lsu_bypass.$proc$/home/qualcomm_clinic/RTL/OpenABC/leaf_level_verilog/tsmc65lp/ariane/lsu_bypass.v:1249$35869'.
Removing empty process `lsu_bypass.$proc$/home/qualcomm_clinic/RTL/OpenABC/leaf_level_verilog/tsmc65lp/ariane/lsu_bypass.v:1249$35869'.
Found and cleaned up 1 empty switch in `\lsu_bypass.$proc$/home/qualcomm_clinic/RTL/OpenABC/leaf_level_verilog/tsmc65lp/ariane/lsu_bypass.v:1240$35868'.
Removing empty process `lsu_bypass.$proc$/home/qualcomm_clinic/RTL/OpenABC/leaf_level_verilog/tsmc65lp/ariane/lsu_bypass.v:1240$35868'.
Found and cleaned up 1 empty switch in `\lsu_bypass.$proc$/home/qualcomm_clinic/RTL/OpenABC/leaf_level_verilog/tsmc65lp/ariane/lsu_bypass.v:1231$35867'.
Removing empty process `lsu_bypass.$proc$/home/qualcomm_clinic/RTL/OpenABC/leaf_level_verilog/tsmc65lp/ariane/lsu_bypass.v:1231$35867'.
Found and cleaned up 1 empty switch in `\lsu_bypass.$proc$/home/qualcomm_clinic/RTL/OpenABC/leaf_level_verilog/tsmc65lp/ariane/lsu_bypass.v:1222$35866'.
Removing empty process `lsu_bypass.$proc$/home/qualcomm_clinic/RTL/OpenABC/leaf_level_verilog/tsmc65lp/ariane/lsu_bypass.v:1222$35866'.
Found and cleaned up 1 empty switch in `\lsu_bypass.$proc$/home/qualcomm_clinic/RTL/OpenABC/leaf_level_verilog/tsmc65lp/ariane/lsu_bypass.v:1213$35865'.
Removing empty process `lsu_bypass.$proc$/home/qualcomm_clinic/RTL/OpenABC/leaf_level_verilog/tsmc65lp/ariane/lsu_bypass.v:1213$35865'.
Found and cleaned up 1 empty switch in `\lsu_bypass.$proc$/home/qualcomm_clinic/RTL/OpenABC/leaf_level_verilog/tsmc65lp/ariane/lsu_bypass.v:1204$35864'.
Removing empty process `lsu_bypass.$proc$/home/qualcomm_clinic/RTL/OpenABC/leaf_level_verilog/tsmc65lp/ariane/lsu_bypass.v:1204$35864'.
Found and cleaned up 1 empty switch in `\lsu_bypass.$proc$/home/qualcomm_clinic/RTL/OpenABC/leaf_level_verilog/tsmc65lp/ariane/lsu_bypass.v:1195$35863'.
Removing empty process `lsu_bypass.$proc$/home/qualcomm_clinic/RTL/OpenABC/leaf_level_verilog/tsmc65lp/ariane/lsu_bypass.v:1195$35863'.
Found and cleaned up 1 empty switch in `\lsu_bypass.$proc$/home/qualcomm_clinic/RTL/OpenABC/leaf_level_verilog/tsmc65lp/ariane/lsu_bypass.v:1186$35862'.
Removing empty process `lsu_bypass.$proc$/home/qualcomm_clinic/RTL/OpenABC/leaf_level_verilog/tsmc65lp/ariane/lsu_bypass.v:1186$35862'.
Found and cleaned up 1 empty switch in `\lsu_bypass.$proc$/home/qualcomm_clinic/RTL/OpenABC/leaf_level_verilog/tsmc65lp/ariane/lsu_bypass.v:1177$35861'.
Removing empty process `lsu_bypass.$proc$/home/qualcomm_clinic/RTL/OpenABC/leaf_level_verilog/tsmc65lp/ariane/lsu_bypass.v:1177$35861'.
Found and cleaned up 1 empty switch in `\lsu_bypass.$proc$/home/qualcomm_clinic/RTL/OpenABC/leaf_level_verilog/tsmc65lp/ariane/lsu_bypass.v:1168$35860'.
Removing empty process `lsu_bypass.$proc$/home/qualcomm_clinic/RTL/OpenABC/leaf_level_verilog/tsmc65lp/ariane/lsu_bypass.v:1168$35860'.
Found and cleaned up 1 empty switch in `\lsu_bypass.$proc$/home/qualcomm_clinic/RTL/OpenABC/leaf_level_verilog/tsmc65lp/ariane/lsu_bypass.v:1159$35859'.
Removing empty process `lsu_bypass.$proc$/home/qualcomm_clinic/RTL/OpenABC/leaf_level_verilog/tsmc65lp/ariane/lsu_bypass.v:1159$35859'.
Found and cleaned up 1 empty switch in `\lsu_bypass.$proc$/home/qualcomm_clinic/RTL/OpenABC/leaf_level_verilog/tsmc65lp/ariane/lsu_bypass.v:1150$35858'.
Removing empty process `lsu_bypass.$proc$/home/qualcomm_clinic/RTL/OpenABC/leaf_level_verilog/tsmc65lp/ariane/lsu_bypass.v:1150$35858'.
Found and cleaned up 1 empty switch in `\lsu_bypass.$proc$/home/qualcomm_clinic/RTL/OpenABC/leaf_level_verilog/tsmc65lp/ariane/lsu_bypass.v:1141$35857'.
Removing empty process `lsu_bypass.$proc$/home/qualcomm_clinic/RTL/OpenABC/leaf_level_verilog/tsmc65lp/ariane/lsu_bypass.v:1141$35857'.
Found and cleaned up 1 empty switch in `\lsu_bypass.$proc$/home/qualcomm_clinic/RTL/OpenABC/leaf_level_verilog/tsmc65lp/ariane/lsu_bypass.v:1132$35856'.
Removing empty process `lsu_bypass.$proc$/home/qualcomm_clinic/RTL/OpenABC/leaf_level_verilog/tsmc65lp/ariane/lsu_bypass.v:1132$35856'.
Found and cleaned up 1 empty switch in `\lsu_bypass.$proc$/home/qualcomm_clinic/RTL/OpenABC/leaf_level_verilog/tsmc65lp/ariane/lsu_bypass.v:1123$35855'.
Removing empty process `lsu_bypass.$proc$/home/qualcomm_clinic/RTL/OpenABC/leaf_level_verilog/tsmc65lp/ariane/lsu_bypass.v:1123$35855'.
Found and cleaned up 1 empty switch in `\lsu_bypass.$proc$/home/qualcomm_clinic/RTL/OpenABC/leaf_level_verilog/tsmc65lp/ariane/lsu_bypass.v:1114$35854'.
Removing empty process `lsu_bypass.$proc$/home/qualcomm_clinic/RTL/OpenABC/leaf_level_verilog/tsmc65lp/ariane/lsu_bypass.v:1114$35854'.
Found and cleaned up 1 empty switch in `\lsu_bypass.$proc$/home/qualcomm_clinic/RTL/OpenABC/leaf_level_verilog/tsmc65lp/ariane/lsu_bypass.v:1105$35853'.
Removing empty process `lsu_bypass.$proc$/home/qualcomm_clinic/RTL/OpenABC/leaf_level_verilog/tsmc65lp/ariane/lsu_bypass.v:1105$35853'.
Found and cleaned up 1 empty switch in `\lsu_bypass.$proc$/home/qualcomm_clinic/RTL/OpenABC/leaf_level_verilog/tsmc65lp/ariane/lsu_bypass.v:1096$35852'.
Removing empty process `lsu_bypass.$proc$/home/qualcomm_clinic/RTL/OpenABC/leaf_level_verilog/tsmc65lp/ariane/lsu_bypass.v:1096$35852'.
Found and cleaned up 1 empty switch in `\lsu_bypass.$proc$/home/qualcomm_clinic/RTL/OpenABC/leaf_level_verilog/tsmc65lp/ariane/lsu_bypass.v:1087$35851'.
Removing empty process `lsu_bypass.$proc$/home/qualcomm_clinic/RTL/OpenABC/leaf_level_verilog/tsmc65lp/ariane/lsu_bypass.v:1087$35851'.
Found and cleaned up 1 empty switch in `\lsu_bypass.$proc$/home/qualcomm_clinic/RTL/OpenABC/leaf_level_verilog/tsmc65lp/ariane/lsu_bypass.v:1078$35850'.
Removing empty process `lsu_bypass.$proc$/home/qualcomm_clinic/RTL/OpenABC/leaf_level_verilog/tsmc65lp/ariane/lsu_bypass.v:1078$35850'.
Found and cleaned up 1 empty switch in `\lsu_bypass.$proc$/home/qualcomm_clinic/RTL/OpenABC/leaf_level_verilog/tsmc65lp/ariane/lsu_bypass.v:1069$35849'.
Removing empty process `lsu_bypass.$proc$/home/qualcomm_clinic/RTL/OpenABC/leaf_level_verilog/tsmc65lp/ariane/lsu_bypass.v:1069$35849'.
Found and cleaned up 1 empty switch in `\lsu_bypass.$proc$/home/qualcomm_clinic/RTL/OpenABC/leaf_level_verilog/tsmc65lp/ariane/lsu_bypass.v:1060$35848'.
Removing empty process `lsu_bypass.$proc$/home/qualcomm_clinic/RTL/OpenABC/leaf_level_verilog/tsmc65lp/ariane/lsu_bypass.v:1060$35848'.
Found and cleaned up 1 empty switch in `\lsu_bypass.$proc$/home/qualcomm_clinic/RTL/OpenABC/leaf_level_verilog/tsmc65lp/ariane/lsu_bypass.v:1051$35847'.
Removing empty process `lsu_bypass.$proc$/home/qualcomm_clinic/RTL/OpenABC/leaf_level_verilog/tsmc65lp/ariane/lsu_bypass.v:1051$35847'.
Found and cleaned up 1 empty switch in `\lsu_bypass.$proc$/home/qualcomm_clinic/RTL/OpenABC/leaf_level_verilog/tsmc65lp/ariane/lsu_bypass.v:1042$35846'.
Removing empty process `lsu_bypass.$proc$/home/qualcomm_clinic/RTL/OpenABC/leaf_level_verilog/tsmc65lp/ariane/lsu_bypass.v:1042$35846'.
Found and cleaned up 1 empty switch in `\lsu_bypass.$proc$/home/qualcomm_clinic/RTL/OpenABC/leaf_level_verilog/tsmc65lp/ariane/lsu_bypass.v:1033$35845'.
Removing empty process `lsu_bypass.$proc$/home/qualcomm_clinic/RTL/OpenABC/leaf_level_verilog/tsmc65lp/ariane/lsu_bypass.v:1033$35845'.
Found and cleaned up 1 empty switch in `\lsu_bypass.$proc$/home/qualcomm_clinic/RTL/OpenABC/leaf_level_verilog/tsmc65lp/ariane/lsu_bypass.v:1024$35844'.
Removing empty process `lsu_bypass.$proc$/home/qualcomm_clinic/RTL/OpenABC/leaf_level_verilog/tsmc65lp/ariane/lsu_bypass.v:1024$35844'.
Found and cleaned up 1 empty switch in `\lsu_bypass.$proc$/home/qualcomm_clinic/RTL/OpenABC/leaf_level_verilog/tsmc65lp/ariane/lsu_bypass.v:1015$35843'.
Removing empty process `lsu_bypass.$proc$/home/qualcomm_clinic/RTL/OpenABC/leaf_level_verilog/tsmc65lp/ariane/lsu_bypass.v:1015$35843'.
Found and cleaned up 1 empty switch in `\lsu_bypass.$proc$/home/qualcomm_clinic/RTL/OpenABC/leaf_level_verilog/tsmc65lp/ariane/lsu_bypass.v:1006$35842'.
Removing empty process `lsu_bypass.$proc$/home/qualcomm_clinic/RTL/OpenABC/leaf_level_verilog/tsmc65lp/ariane/lsu_bypass.v:1006$35842'.
Found and cleaned up 1 empty switch in `\lsu_bypass.$proc$/home/qualcomm_clinic/RTL/OpenABC/leaf_level_verilog/tsmc65lp/ariane/lsu_bypass.v:997$35841'.
Removing empty process `lsu_bypass.$proc$/home/qualcomm_clinic/RTL/OpenABC/leaf_level_verilog/tsmc65lp/ariane/lsu_bypass.v:997$35841'.
Found and cleaned up 1 empty switch in `\lsu_bypass.$proc$/home/qualcomm_clinic/RTL/OpenABC/leaf_level_verilog/tsmc65lp/ariane/lsu_bypass.v:988$35840'.
Removing empty process `lsu_bypass.$proc$/home/qualcomm_clinic/RTL/OpenABC/leaf_level_verilog/tsmc65lp/ariane/lsu_bypass.v:988$35840'.
Found and cleaned up 1 empty switch in `\lsu_bypass.$proc$/home/qualcomm_clinic/RTL/OpenABC/leaf_level_verilog/tsmc65lp/ariane/lsu_bypass.v:979$35839'.
Removing empty process `lsu_bypass.$proc$/home/qualcomm_clinic/RTL/OpenABC/leaf_level_verilog/tsmc65lp/ariane/lsu_bypass.v:979$35839'.
Found and cleaned up 1 empty switch in `\lsu_bypass.$proc$/home/qualcomm_clinic/RTL/OpenABC/leaf_level_verilog/tsmc65lp/ariane/lsu_bypass.v:970$35838'.
Removing empty process `lsu_bypass.$proc$/home/qualcomm_clinic/RTL/OpenABC/leaf_level_verilog/tsmc65lp/ariane/lsu_bypass.v:970$35838'.
Found and cleaned up 1 empty switch in `\lsu_bypass.$proc$/home/qualcomm_clinic/RTL/OpenABC/leaf_level_verilog/tsmc65lp/ariane/lsu_bypass.v:961$35837'.
Removing empty process `lsu_bypass.$proc$/home/qualcomm_clinic/RTL/OpenABC/leaf_level_verilog/tsmc65lp/ariane/lsu_bypass.v:961$35837'.
Found and cleaned up 1 empty switch in `\lsu_bypass.$proc$/home/qualcomm_clinic/RTL/OpenABC/leaf_level_verilog/tsmc65lp/ariane/lsu_bypass.v:952$35836'.
Removing empty process `lsu_bypass.$proc$/home/qualcomm_clinic/RTL/OpenABC/leaf_level_verilog/tsmc65lp/ariane/lsu_bypass.v:952$35836'.
Found and cleaned up 1 empty switch in `\lsu_bypass.$proc$/home/qualcomm_clinic/RTL/OpenABC/leaf_level_verilog/tsmc65lp/ariane/lsu_bypass.v:943$35835'.
Removing empty process `lsu_bypass.$proc$/home/qualcomm_clinic/RTL/OpenABC/leaf_level_verilog/tsmc65lp/ariane/lsu_bypass.v:943$35835'.
Found and cleaned up 1 empty switch in `\lsu_bypass.$proc$/home/qualcomm_clinic/RTL/OpenABC/leaf_level_verilog/tsmc65lp/ariane/lsu_bypass.v:934$35834'.
Removing empty process `lsu_bypass.$proc$/home/qualcomm_clinic/RTL/OpenABC/leaf_level_verilog/tsmc65lp/ariane/lsu_bypass.v:934$35834'.
Found and cleaned up 1 empty switch in `\lsu_bypass.$proc$/home/qualcomm_clinic/RTL/OpenABC/leaf_level_verilog/tsmc65lp/ariane/lsu_bypass.v:925$35833'.
Removing empty process `lsu_bypass.$proc$/home/qualcomm_clinic/RTL/OpenABC/leaf_level_verilog/tsmc65lp/ariane/lsu_bypass.v:925$35833'.
Found and cleaned up 1 empty switch in `\lsu_bypass.$proc$/home/qualcomm_clinic/RTL/OpenABC/leaf_level_verilog/tsmc65lp/ariane/lsu_bypass.v:916$35832'.
Removing empty process `lsu_bypass.$proc$/home/qualcomm_clinic/RTL/OpenABC/leaf_level_verilog/tsmc65lp/ariane/lsu_bypass.v:916$35832'.
Found and cleaned up 1 empty switch in `\lsu_bypass.$proc$/home/qualcomm_clinic/RTL/OpenABC/leaf_level_verilog/tsmc65lp/ariane/lsu_bypass.v:907$35831'.
Removing empty process `lsu_bypass.$proc$/home/qualcomm_clinic/RTL/OpenABC/leaf_level_verilog/tsmc65lp/ariane/lsu_bypass.v:907$35831'.
Found and cleaned up 1 empty switch in `\lsu_bypass.$proc$/home/qualcomm_clinic/RTL/OpenABC/leaf_level_verilog/tsmc65lp/ariane/lsu_bypass.v:898$35830'.
Removing empty process `lsu_bypass.$proc$/home/qualcomm_clinic/RTL/OpenABC/leaf_level_verilog/tsmc65lp/ariane/lsu_bypass.v:898$35830'.
Found and cleaned up 1 empty switch in `\lsu_bypass.$proc$/home/qualcomm_clinic/RTL/OpenABC/leaf_level_verilog/tsmc65lp/ariane/lsu_bypass.v:889$35829'.
Removing empty process `lsu_bypass.$proc$/home/qualcomm_clinic/RTL/OpenABC/leaf_level_verilog/tsmc65lp/ariane/lsu_bypass.v:889$35829'.
Found and cleaned up 1 empty switch in `\lsu_bypass.$proc$/home/qualcomm_clinic/RTL/OpenABC/leaf_level_verilog/tsmc65lp/ariane/lsu_bypass.v:880$35828'.
Removing empty process `lsu_bypass.$proc$/home/qualcomm_clinic/RTL/OpenABC/leaf_level_verilog/tsmc65lp/ariane/lsu_bypass.v:880$35828'.
Found and cleaned up 1 empty switch in `\lsu_bypass.$proc$/home/qualcomm_clinic/RTL/OpenABC/leaf_level_verilog/tsmc65lp/ariane/lsu_bypass.v:871$35827'.
Removing empty process `lsu_bypass.$proc$/home/qualcomm_clinic/RTL/OpenABC/leaf_level_verilog/tsmc65lp/ariane/lsu_bypass.v:871$35827'.
Found and cleaned up 1 empty switch in `\lsu_bypass.$proc$/home/qualcomm_clinic/RTL/OpenABC/leaf_level_verilog/tsmc65lp/ariane/lsu_bypass.v:862$35826'.
Removing empty process `lsu_bypass.$proc$/home/qualcomm_clinic/RTL/OpenABC/leaf_level_verilog/tsmc65lp/ariane/lsu_bypass.v:862$35826'.
Found and cleaned up 1 empty switch in `\lsu_bypass.$proc$/home/qualcomm_clinic/RTL/OpenABC/leaf_level_verilog/tsmc65lp/ariane/lsu_bypass.v:853$35825'.
Removing empty process `lsu_bypass.$proc$/home/qualcomm_clinic/RTL/OpenABC/leaf_level_verilog/tsmc65lp/ariane/lsu_bypass.v:853$35825'.
Found and cleaned up 1 empty switch in `\lsu_bypass.$proc$/home/qualcomm_clinic/RTL/OpenABC/leaf_level_verilog/tsmc65lp/ariane/lsu_bypass.v:844$35824'.
Removing empty process `lsu_bypass.$proc$/home/qualcomm_clinic/RTL/OpenABC/leaf_level_verilog/tsmc65lp/ariane/lsu_bypass.v:844$35824'.
Found and cleaned up 1 empty switch in `\lsu_bypass.$proc$/home/qualcomm_clinic/RTL/OpenABC/leaf_level_verilog/tsmc65lp/ariane/lsu_bypass.v:835$35823'.
Removing empty process `lsu_bypass.$proc$/home/qualcomm_clinic/RTL/OpenABC/leaf_level_verilog/tsmc65lp/ariane/lsu_bypass.v:835$35823'.
Found and cleaned up 1 empty switch in `\lsu_bypass.$proc$/home/qualcomm_clinic/RTL/OpenABC/leaf_level_verilog/tsmc65lp/ariane/lsu_bypass.v:826$35822'.
Removing empty process `lsu_bypass.$proc$/home/qualcomm_clinic/RTL/OpenABC/leaf_level_verilog/tsmc65lp/ariane/lsu_bypass.v:826$35822'.
Found and cleaned up 1 empty switch in `\lsu_bypass.$proc$/home/qualcomm_clinic/RTL/OpenABC/leaf_level_verilog/tsmc65lp/ariane/lsu_bypass.v:817$35821'.
Removing empty process `lsu_bypass.$proc$/home/qualcomm_clinic/RTL/OpenABC/leaf_level_verilog/tsmc65lp/ariane/lsu_bypass.v:817$35821'.
Found and cleaned up 1 empty switch in `\lsu_bypass.$proc$/home/qualcomm_clinic/RTL/OpenABC/leaf_level_verilog/tsmc65lp/ariane/lsu_bypass.v:808$35820'.
Removing empty process `lsu_bypass.$proc$/home/qualcomm_clinic/RTL/OpenABC/leaf_level_verilog/tsmc65lp/ariane/lsu_bypass.v:808$35820'.
Found and cleaned up 1 empty switch in `\lsu_bypass.$proc$/home/qualcomm_clinic/RTL/OpenABC/leaf_level_verilog/tsmc65lp/ariane/lsu_bypass.v:799$35819'.
Removing empty process `lsu_bypass.$proc$/home/qualcomm_clinic/RTL/OpenABC/leaf_level_verilog/tsmc65lp/ariane/lsu_bypass.v:799$35819'.
Found and cleaned up 1 empty switch in `\lsu_bypass.$proc$/home/qualcomm_clinic/RTL/OpenABC/leaf_level_verilog/tsmc65lp/ariane/lsu_bypass.v:790$35818'.
Removing empty process `lsu_bypass.$proc$/home/qualcomm_clinic/RTL/OpenABC/leaf_level_verilog/tsmc65lp/ariane/lsu_bypass.v:790$35818'.
Found and cleaned up 1 empty switch in `\lsu_bypass.$proc$/home/qualcomm_clinic/RTL/OpenABC/leaf_level_verilog/tsmc65lp/ariane/lsu_bypass.v:781$35817'.
Removing empty process `lsu_bypass.$proc$/home/qualcomm_clinic/RTL/OpenABC/leaf_level_verilog/tsmc65lp/ariane/lsu_bypass.v:781$35817'.
Found and cleaned up 1 empty switch in `\lsu_bypass.$proc$/home/qualcomm_clinic/RTL/OpenABC/leaf_level_verilog/tsmc65lp/ariane/lsu_bypass.v:772$35816'.
Removing empty process `lsu_bypass.$proc$/home/qualcomm_clinic/RTL/OpenABC/leaf_level_verilog/tsmc65lp/ariane/lsu_bypass.v:772$35816'.
Found and cleaned up 1 empty switch in `\lsu_bypass.$proc$/home/qualcomm_clinic/RTL/OpenABC/leaf_level_verilog/tsmc65lp/ariane/lsu_bypass.v:763$35815'.
Removing empty process `lsu_bypass.$proc$/home/qualcomm_clinic/RTL/OpenABC/leaf_level_verilog/tsmc65lp/ariane/lsu_bypass.v:763$35815'.
Found and cleaned up 1 empty switch in `\lsu_bypass.$proc$/home/qualcomm_clinic/RTL/OpenABC/leaf_level_verilog/tsmc65lp/ariane/lsu_bypass.v:754$35814'.
Removing empty process `lsu_bypass.$proc$/home/qualcomm_clinic/RTL/OpenABC/leaf_level_verilog/tsmc65lp/ariane/lsu_bypass.v:754$35814'.
Found and cleaned up 1 empty switch in `\lsu_bypass.$proc$/home/qualcomm_clinic/RTL/OpenABC/leaf_level_verilog/tsmc65lp/ariane/lsu_bypass.v:745$35813'.
Removing empty process `lsu_bypass.$proc$/home/qualcomm_clinic/RTL/OpenABC/leaf_level_verilog/tsmc65lp/ariane/lsu_bypass.v:745$35813'.
Found and cleaned up 1 empty switch in `\lsu_bypass.$proc$/home/qualcomm_clinic/RTL/OpenABC/leaf_level_verilog/tsmc65lp/ariane/lsu_bypass.v:736$35812'.
Removing empty process `lsu_bypass.$proc$/home/qualcomm_clinic/RTL/OpenABC/leaf_level_verilog/tsmc65lp/ariane/lsu_bypass.v:736$35812'.
Found and cleaned up 1 empty switch in `\lsu_bypass.$proc$/home/qualcomm_clinic/RTL/OpenABC/leaf_level_verilog/tsmc65lp/ariane/lsu_bypass.v:727$35811'.
Removing empty process `lsu_bypass.$proc$/home/qualcomm_clinic/RTL/OpenABC/leaf_level_verilog/tsmc65lp/ariane/lsu_bypass.v:727$35811'.
Found and cleaned up 1 empty switch in `\lsu_bypass.$proc$/home/qualcomm_clinic/RTL/OpenABC/leaf_level_verilog/tsmc65lp/ariane/lsu_bypass.v:718$35810'.
Removing empty process `lsu_bypass.$proc$/home/qualcomm_clinic/RTL/OpenABC/leaf_level_verilog/tsmc65lp/ariane/lsu_bypass.v:718$35810'.
Found and cleaned up 1 empty switch in `\lsu_bypass.$proc$/home/qualcomm_clinic/RTL/OpenABC/leaf_level_verilog/tsmc65lp/ariane/lsu_bypass.v:709$35809'.
Removing empty process `lsu_bypass.$proc$/home/qualcomm_clinic/RTL/OpenABC/leaf_level_verilog/tsmc65lp/ariane/lsu_bypass.v:709$35809'.
Found and cleaned up 1 empty switch in `\lsu_bypass.$proc$/home/qualcomm_clinic/RTL/OpenABC/leaf_level_verilog/tsmc65lp/ariane/lsu_bypass.v:700$35808'.
Removing empty process `lsu_bypass.$proc$/home/qualcomm_clinic/RTL/OpenABC/leaf_level_verilog/tsmc65lp/ariane/lsu_bypass.v:700$35808'.
Found and cleaned up 1 empty switch in `\lsu_bypass.$proc$/home/qualcomm_clinic/RTL/OpenABC/leaf_level_verilog/tsmc65lp/ariane/lsu_bypass.v:691$35807'.
Removing empty process `lsu_bypass.$proc$/home/qualcomm_clinic/RTL/OpenABC/leaf_level_verilog/tsmc65lp/ariane/lsu_bypass.v:691$35807'.
Found and cleaned up 1 empty switch in `\lsu_bypass.$proc$/home/qualcomm_clinic/RTL/OpenABC/leaf_level_verilog/tsmc65lp/ariane/lsu_bypass.v:682$35806'.
Removing empty process `lsu_bypass.$proc$/home/qualcomm_clinic/RTL/OpenABC/leaf_level_verilog/tsmc65lp/ariane/lsu_bypass.v:682$35806'.
Found and cleaned up 1 empty switch in `\lsu_bypass.$proc$/home/qualcomm_clinic/RTL/OpenABC/leaf_level_verilog/tsmc65lp/ariane/lsu_bypass.v:673$35805'.
Removing empty process `lsu_bypass.$proc$/home/qualcomm_clinic/RTL/OpenABC/leaf_level_verilog/tsmc65lp/ariane/lsu_bypass.v:673$35805'.
Found and cleaned up 1 empty switch in `\lsu_bypass.$proc$/home/qualcomm_clinic/RTL/OpenABC/leaf_level_verilog/tsmc65lp/ariane/lsu_bypass.v:664$35804'.
Removing empty process `lsu_bypass.$proc$/home/qualcomm_clinic/RTL/OpenABC/leaf_level_verilog/tsmc65lp/ariane/lsu_bypass.v:664$35804'.
Found and cleaned up 1 empty switch in `\lsu_bypass.$proc$/home/qualcomm_clinic/RTL/OpenABC/leaf_level_verilog/tsmc65lp/ariane/lsu_bypass.v:655$35803'.
Removing empty process `lsu_bypass.$proc$/home/qualcomm_clinic/RTL/OpenABC/leaf_level_verilog/tsmc65lp/ariane/lsu_bypass.v:655$35803'.
Found and cleaned up 1 empty switch in `\lsu_bypass.$proc$/home/qualcomm_clinic/RTL/OpenABC/leaf_level_verilog/tsmc65lp/ariane/lsu_bypass.v:646$35802'.
Removing empty process `lsu_bypass.$proc$/home/qualcomm_clinic/RTL/OpenABC/leaf_level_verilog/tsmc65lp/ariane/lsu_bypass.v:646$35802'.
Found and cleaned up 1 empty switch in `\lsu_bypass.$proc$/home/qualcomm_clinic/RTL/OpenABC/leaf_level_verilog/tsmc65lp/ariane/lsu_bypass.v:637$35801'.
Removing empty process `lsu_bypass.$proc$/home/qualcomm_clinic/RTL/OpenABC/leaf_level_verilog/tsmc65lp/ariane/lsu_bypass.v:637$35801'.
Found and cleaned up 1 empty switch in `\lsu_bypass.$proc$/home/qualcomm_clinic/RTL/OpenABC/leaf_level_verilog/tsmc65lp/ariane/lsu_bypass.v:628$35800'.
Removing empty process `lsu_bypass.$proc$/home/qualcomm_clinic/RTL/OpenABC/leaf_level_verilog/tsmc65lp/ariane/lsu_bypass.v:628$35800'.
Found and cleaned up 1 empty switch in `\lsu_bypass.$proc$/home/qualcomm_clinic/RTL/OpenABC/leaf_level_verilog/tsmc65lp/ariane/lsu_bypass.v:619$35799'.
Removing empty process `lsu_bypass.$proc$/home/qualcomm_clinic/RTL/OpenABC/leaf_level_verilog/tsmc65lp/ariane/lsu_bypass.v:619$35799'.
Found and cleaned up 1 empty switch in `\lsu_bypass.$proc$/home/qualcomm_clinic/RTL/OpenABC/leaf_level_verilog/tsmc65lp/ariane/lsu_bypass.v:610$35798'.
Removing empty process `lsu_bypass.$proc$/home/qualcomm_clinic/RTL/OpenABC/leaf_level_verilog/tsmc65lp/ariane/lsu_bypass.v:610$35798'.
Found and cleaned up 1 empty switch in `\lsu_bypass.$proc$/home/qualcomm_clinic/RTL/OpenABC/leaf_level_verilog/tsmc65lp/ariane/lsu_bypass.v:601$35797'.
Removing empty process `lsu_bypass.$proc$/home/qualcomm_clinic/RTL/OpenABC/leaf_level_verilog/tsmc65lp/ariane/lsu_bypass.v:601$35797'.
Found and cleaned up 1 empty switch in `\lsu_bypass.$proc$/home/qualcomm_clinic/RTL/OpenABC/leaf_level_verilog/tsmc65lp/ariane/lsu_bypass.v:592$35796'.
Removing empty process `lsu_bypass.$proc$/home/qualcomm_clinic/RTL/OpenABC/leaf_level_verilog/tsmc65lp/ariane/lsu_bypass.v:592$35796'.
Found and cleaned up 1 empty switch in `\lsu_bypass.$proc$/home/qualcomm_clinic/RTL/OpenABC/leaf_level_verilog/tsmc65lp/ariane/lsu_bypass.v:583$35795'.
Removing empty process `lsu_bypass.$proc$/home/qualcomm_clinic/RTL/OpenABC/leaf_level_verilog/tsmc65lp/ariane/lsu_bypass.v:583$35795'.
Found and cleaned up 1 empty switch in `\lsu_bypass.$proc$/home/qualcomm_clinic/RTL/OpenABC/leaf_level_verilog/tsmc65lp/ariane/lsu_bypass.v:574$35794'.
Removing empty process `lsu_bypass.$proc$/home/qualcomm_clinic/RTL/OpenABC/leaf_level_verilog/tsmc65lp/ariane/lsu_bypass.v:574$35794'.
Found and cleaned up 1 empty switch in `\lsu_bypass.$proc$/home/qualcomm_clinic/RTL/OpenABC/leaf_level_verilog/tsmc65lp/ariane/lsu_bypass.v:565$35793'.
Removing empty process `lsu_bypass.$proc$/home/qualcomm_clinic/RTL/OpenABC/leaf_level_verilog/tsmc65lp/ariane/lsu_bypass.v:565$35793'.
Found and cleaned up 1 empty switch in `\lsu_bypass.$proc$/home/qualcomm_clinic/RTL/OpenABC/leaf_level_verilog/tsmc65lp/ariane/lsu_bypass.v:556$35792'.
Removing empty process `lsu_bypass.$proc$/home/qualcomm_clinic/RTL/OpenABC/leaf_level_verilog/tsmc65lp/ariane/lsu_bypass.v:556$35792'.
Found and cleaned up 1 empty switch in `\lsu_bypass.$proc$/home/qualcomm_clinic/RTL/OpenABC/leaf_level_verilog/tsmc65lp/ariane/lsu_bypass.v:547$35791'.
Removing empty process `lsu_bypass.$proc$/home/qualcomm_clinic/RTL/OpenABC/leaf_level_verilog/tsmc65lp/ariane/lsu_bypass.v:547$35791'.
Found and cleaned up 1 empty switch in `\lsu_bypass.$proc$/home/qualcomm_clinic/RTL/OpenABC/leaf_level_verilog/tsmc65lp/ariane/lsu_bypass.v:538$35790'.
Removing empty process `lsu_bypass.$proc$/home/qualcomm_clinic/RTL/OpenABC/leaf_level_verilog/tsmc65lp/ariane/lsu_bypass.v:538$35790'.
Found and cleaned up 1 empty switch in `\lsu_bypass.$proc$/home/qualcomm_clinic/RTL/OpenABC/leaf_level_verilog/tsmc65lp/ariane/lsu_bypass.v:529$35789'.
Removing empty process `lsu_bypass.$proc$/home/qualcomm_clinic/RTL/OpenABC/leaf_level_verilog/tsmc65lp/ariane/lsu_bypass.v:529$35789'.
Found and cleaned up 1 empty switch in `\lsu_bypass.$proc$/home/qualcomm_clinic/RTL/OpenABC/leaf_level_verilog/tsmc65lp/ariane/lsu_bypass.v:520$35788'.
Removing empty process `lsu_bypass.$proc$/home/qualcomm_clinic/RTL/OpenABC/leaf_level_verilog/tsmc65lp/ariane/lsu_bypass.v:520$35788'.
Found and cleaned up 1 empty switch in `\lsu_bypass.$proc$/home/qualcomm_clinic/RTL/OpenABC/leaf_level_verilog/tsmc65lp/ariane/lsu_bypass.v:511$35787'.
Removing empty process `lsu_bypass.$proc$/home/qualcomm_clinic/RTL/OpenABC/leaf_level_verilog/tsmc65lp/ariane/lsu_bypass.v:511$35787'.
Found and cleaned up 1 empty switch in `\lsu_bypass.$proc$/home/qualcomm_clinic/RTL/OpenABC/leaf_level_verilog/tsmc65lp/ariane/lsu_bypass.v:502$35786'.
Removing empty process `lsu_bypass.$proc$/home/qualcomm_clinic/RTL/OpenABC/leaf_level_verilog/tsmc65lp/ariane/lsu_bypass.v:502$35786'.
Found and cleaned up 1 empty switch in `\lsu_bypass.$proc$/home/qualcomm_clinic/RTL/OpenABC/leaf_level_verilog/tsmc65lp/ariane/lsu_bypass.v:493$35785'.
Removing empty process `lsu_bypass.$proc$/home/qualcomm_clinic/RTL/OpenABC/leaf_level_verilog/tsmc65lp/ariane/lsu_bypass.v:493$35785'.
Found and cleaned up 1 empty switch in `\lsu_bypass.$proc$/home/qualcomm_clinic/RTL/OpenABC/leaf_level_verilog/tsmc65lp/ariane/lsu_bypass.v:484$35784'.
Removing empty process `lsu_bypass.$proc$/home/qualcomm_clinic/RTL/OpenABC/leaf_level_verilog/tsmc65lp/ariane/lsu_bypass.v:484$35784'.
Found and cleaned up 1 empty switch in `\lsu_bypass.$proc$/home/qualcomm_clinic/RTL/OpenABC/leaf_level_verilog/tsmc65lp/ariane/lsu_bypass.v:475$35783'.
Removing empty process `lsu_bypass.$proc$/home/qualcomm_clinic/RTL/OpenABC/leaf_level_verilog/tsmc65lp/ariane/lsu_bypass.v:475$35783'.
Found and cleaned up 1 empty switch in `\lsu_bypass.$proc$/home/qualcomm_clinic/RTL/OpenABC/leaf_level_verilog/tsmc65lp/ariane/lsu_bypass.v:466$35782'.
Removing empty process `lsu_bypass.$proc$/home/qualcomm_clinic/RTL/OpenABC/leaf_level_verilog/tsmc65lp/ariane/lsu_bypass.v:466$35782'.
Found and cleaned up 1 empty switch in `\lsu_bypass.$proc$/home/qualcomm_clinic/RTL/OpenABC/leaf_level_verilog/tsmc65lp/ariane/lsu_bypass.v:457$35781'.
Removing empty process `lsu_bypass.$proc$/home/qualcomm_clinic/RTL/OpenABC/leaf_level_verilog/tsmc65lp/ariane/lsu_bypass.v:457$35781'.
Found and cleaned up 1 empty switch in `\lsu_bypass.$proc$/home/qualcomm_clinic/RTL/OpenABC/leaf_level_verilog/tsmc65lp/ariane/lsu_bypass.v:448$35780'.
Removing empty process `lsu_bypass.$proc$/home/qualcomm_clinic/RTL/OpenABC/leaf_level_verilog/tsmc65lp/ariane/lsu_bypass.v:448$35780'.
Found and cleaned up 1 empty switch in `\lsu_bypass.$proc$/home/qualcomm_clinic/RTL/OpenABC/leaf_level_verilog/tsmc65lp/ariane/lsu_bypass.v:439$35779'.
Removing empty process `lsu_bypass.$proc$/home/qualcomm_clinic/RTL/OpenABC/leaf_level_verilog/tsmc65lp/ariane/lsu_bypass.v:439$35779'.
Found and cleaned up 1 empty switch in `\lsu_bypass.$proc$/home/qualcomm_clinic/RTL/OpenABC/leaf_level_verilog/tsmc65lp/ariane/lsu_bypass.v:430$35778'.
Removing empty process `lsu_bypass.$proc$/home/qualcomm_clinic/RTL/OpenABC/leaf_level_verilog/tsmc65lp/ariane/lsu_bypass.v:430$35778'.
Found and cleaned up 1 empty switch in `\lsu_bypass.$proc$/home/qualcomm_clinic/RTL/OpenABC/leaf_level_verilog/tsmc65lp/ariane/lsu_bypass.v:421$35777'.
Removing empty process `lsu_bypass.$proc$/home/qualcomm_clinic/RTL/OpenABC/leaf_level_verilog/tsmc65lp/ariane/lsu_bypass.v:421$35777'.
Found and cleaned up 1 empty switch in `\lsu_bypass.$proc$/home/qualcomm_clinic/RTL/OpenABC/leaf_level_verilog/tsmc65lp/ariane/lsu_bypass.v:412$35776'.
Removing empty process `lsu_bypass.$proc$/home/qualcomm_clinic/RTL/OpenABC/leaf_level_verilog/tsmc65lp/ariane/lsu_bypass.v:412$35776'.
Found and cleaned up 1 empty switch in `\lsu_bypass.$proc$/home/qualcomm_clinic/RTL/OpenABC/leaf_level_verilog/tsmc65lp/ariane/lsu_bypass.v:403$35775'.
Removing empty process `lsu_bypass.$proc$/home/qualcomm_clinic/RTL/OpenABC/leaf_level_verilog/tsmc65lp/ariane/lsu_bypass.v:403$35775'.
Found and cleaned up 1 empty switch in `\lsu_bypass.$proc$/home/qualcomm_clinic/RTL/OpenABC/leaf_level_verilog/tsmc65lp/ariane/lsu_bypass.v:394$35774'.
Removing empty process `lsu_bypass.$proc$/home/qualcomm_clinic/RTL/OpenABC/leaf_level_verilog/tsmc65lp/ariane/lsu_bypass.v:394$35774'.
Found and cleaned up 1 empty switch in `\lsu_bypass.$proc$/home/qualcomm_clinic/RTL/OpenABC/leaf_level_verilog/tsmc65lp/ariane/lsu_bypass.v:385$35773'.
Removing empty process `lsu_bypass.$proc$/home/qualcomm_clinic/RTL/OpenABC/leaf_level_verilog/tsmc65lp/ariane/lsu_bypass.v:385$35773'.
Found and cleaned up 1 empty switch in `\lsu_bypass.$proc$/home/qualcomm_clinic/RTL/OpenABC/leaf_level_verilog/tsmc65lp/ariane/lsu_bypass.v:376$35772'.
Removing empty process `lsu_bypass.$proc$/home/qualcomm_clinic/RTL/OpenABC/leaf_level_verilog/tsmc65lp/ariane/lsu_bypass.v:376$35772'.
Removing empty process `lsu_bypass.$proc$/home/qualcomm_clinic/RTL/OpenABC/leaf_level_verilog/tsmc65lp/ariane/lsu_bypass.v:367$35771'.
Removing empty process `lsu_bypass.$proc$/home/qualcomm_clinic/RTL/OpenABC/leaf_level_verilog/tsmc65lp/ariane/lsu_bypass.v:358$35770'.
Cleaned up 301 empty switches.

44.12. Executing OPT_EXPR pass (perform const folding).
Optimizing module lsu_bypass.
<suppressed ~787 debug messages>

45. Executing FLATTEN pass (flatten design).

46. Executing MEMORY pass.

46.1. Executing OPT_MEM pass (optimize memories).
Performed a total of 0 transformations.

46.2. Executing OPT_MEM_PRIORITY pass (removing unnecessary memory write priority relations).
Performed a total of 0 transformations.

46.3. Executing OPT_MEM_FEEDBACK pass (finding memory read-to-write feedback paths).

46.4. Executing MEMORY_BMUX2ROM pass (converting muxes to ROMs).

46.5. Executing MEMORY_DFF pass (merging $dff cells to $memrd).

46.6. Executing OPT_CLEAN pass (remove unused cells and wires).
Finding unused cells or wires in module \lsu_bypass..
Removed 20 unused cells and 883 unused wires.
<suppressed ~43 debug messages>

46.7. Executing MEMORY_SHARE pass (consolidating $memrd/$memwr cells).

46.8. Executing OPT_MEM_WIDEN pass (optimize memories where all ports are wide).
Performed a total of 0 transformations.

46.9. Executing OPT_CLEAN pass (remove unused cells and wires).
Finding unused cells or wires in module \lsu_bypass..
Removed 0 unused cells and 2 unused wires.
<suppressed ~2 debug messages>

46.10. Executing MEMORY_COLLECT pass (generating $mem cells).

46.11. Executing MEMORY_MAP pass (converting memories to logic and flip-flops).

47. Executing TECHMAP pass (map to technology primitives).

47.1. Executing Verilog-2005 frontend: /usr/local/bin/../share/yosys/techmap.v
Parsing Verilog input from `/usr/local/bin/../share/yosys/techmap.v' to AST representation.
Generating RTLIL representation for module `\_90_simplemap_bool_ops'.
Generating RTLIL representation for module `\_90_simplemap_reduce_ops'.
Generating RTLIL representation for module `\_90_simplemap_logic_ops'.
Generating RTLIL representation for module `\_90_simplemap_compare_ops'.
Generating RTLIL representation for module `\_90_simplemap_various'.
Generating RTLIL representation for module `\_90_simplemap_registers'.
Generating RTLIL representation for module `\_90_shift_ops_shr_shl_sshl_sshr'.
Generating RTLIL representation for module `\_90_shift_shiftx'.
Generating RTLIL representation for module `\_90_fa'.
Generating RTLIL representation for module `\_90_lcu'.
Generating RTLIL representation for module `\_90_alu'.
Generating RTLIL representation for module `\_90_macc'.
Generating RTLIL representation for module `\_90_alumacc'.
Generating RTLIL representation for module `\$__div_mod_u'.
Generating RTLIL representation for module `\$__div_mod_trunc'.
Generating RTLIL representation for module `\_90_div'.
Generating RTLIL representation for module `\_90_mod'.
Generating RTLIL representation for module `\$__div_mod_floor'.
Generating RTLIL representation for module `\_90_divfloor'.
Generating RTLIL representation for module `\_90_modfloor'.
Generating RTLIL representation for module `\_90_pow'.
Generating RTLIL representation for module `\_90_pmux'.
Generating RTLIL representation for module `\_90_demux'.
Generating RTLIL representation for module `\_90_lut'.
Successfully finished Verilog frontend.

47.2. Continuing TECHMAP pass.
Using extmapper simplemap for cells of type $mux.
Using extmapper simplemap for cells of type $adff.
Using extmapper simplemap for cells of type $or.
Using extmapper simplemap for cells of type $not.
Running "alumacc" on wrapper $extern:wrap:$add:A_SIGNED=0:A_WIDTH=2:B_SIGNED=0:B_WIDTH=1:Y_WIDTH=2:394426c56d1a028ba8fdd5469b163e04011def47.
Using template $extern:wrap:$add:A_SIGNED=0:A_WIDTH=2:B_SIGNED=0:B_WIDTH=1:Y_WIDTH=2:394426c56d1a028ba8fdd5469b163e04011def47 for cells of type $extern:wrap:$add:A_SIGNED=0:A_WIDTH=2:B_SIGNED=0:B_WIDTH=1:Y_WIDTH=2:394426c56d1a028ba8fdd5469b163e04011def47.
Running "alumacc" on wrapper $extern:wrap:$sub:A_SIGNED=0:A_WIDTH=2:B_SIGNED=0:B_WIDTH=1:Y_WIDTH=2:394426c56d1a028ba8fdd5469b163e04011def47.
Using template $extern:wrap:$sub:A_SIGNED=0:A_WIDTH=2:B_SIGNED=0:B_WIDTH=1:Y_WIDTH=2:394426c56d1a028ba8fdd5469b163e04011def47 for cells of type $extern:wrap:$sub:A_SIGNED=0:A_WIDTH=2:B_SIGNED=0:B_WIDTH=1:Y_WIDTH=2:394426c56d1a028ba8fdd5469b163e04011def47.
Using extmapper simplemap for cells of type $and.
Using template $paramod$175e67c02b86e96b1288b9dc100122520d7240d8\_90_alu for cells of type $alu.
Using template $paramod$ba698a254f9a5947e85cbe7beae6b161eefc5386\_90_alu for cells of type $alu.
Using extmapper simplemap for cells of type $pos.
Using template $paramod\_90_lcu\WIDTH=32'00000000000000000000000000000010 for cells of type $lcu.
Using extmapper simplemap for cells of type $xor.
No more expansions possible.
<suppressed ~1286 debug messages>

48. Executing MEMORY pass.

48.1. Executing OPT_MEM pass (optimize memories).
Performed a total of 0 transformations.

48.2. Executing OPT_MEM_PRIORITY pass (removing unnecessary memory write priority relations).
Performed a total of 0 transformations.

48.3. Executing OPT_MEM_FEEDBACK pass (finding memory read-to-write feedback paths).

48.4. Executing MEMORY_BMUX2ROM pass (converting muxes to ROMs).

48.5. Executing MEMORY_DFF pass (merging $dff cells to $memrd).

48.6. Executing OPT_CLEAN pass (remove unused cells and wires).
Finding unused cells or wires in module \lsu_bypass..
Removed 12 unused cells and 78 unused wires.
<suppressed ~13 debug messages>

48.7. Executing MEMORY_SHARE pass (consolidating $memrd/$memwr cells).

48.8. Executing OPT_MEM_WIDEN pass (optimize memories where all ports are wide).
Performed a total of 0 transformations.

48.9. Executing OPT_CLEAN pass (remove unused cells and wires).
Finding unused cells or wires in module \lsu_bypass..

48.10. Executing MEMORY_COLLECT pass (generating $mem cells).

48.11. Executing MEMORY_MAP pass (converting memories to logic and flip-flops).

49. Executing ABC pass (technology mapping using ABC).

49.1. Extracting gate netlist of module `\lsu_bypass' to `<abc-temp-dir>/input.blif'..
Extracted 1937 gates and 2400 wires to a netlist network with 461 inputs and 458 outputs.

49.1.1. Executing ABC.
Running ABC command: "<yosys-exe-dir>/yosys-abc" -s -f <abc-temp-dir>/abc.script 2>&1
ABC: ABC command line: "source <abc-temp-dir>/abc.script".
ABC: 
ABC: + read_blif <abc-temp-dir>/input.blif 
ABC: + read_library <abc-temp-dir>/stdcells.genlib 
ABC: Entered genlib library with 13 gates from file "<abc-temp-dir>/stdcells.genlib".
ABC: + strash 
ABC: + dretime 
ABC: + map 
ABC: + write_blif <abc-temp-dir>/output.blif 

49.1.2. Re-integrating ABC results.
ABC RESULTS:               AND cells:        1
ABC RESULTS:             ORNOT cells:      150
ABC RESULTS:              XNOR cells:        1
ABC RESULTS:               XOR cells:        7
ABC RESULTS:               NOT cells:        5
ABC RESULTS:              NAND cells:        4
ABC RESULTS:                OR cells:        9
ABC RESULTS:            ANDNOT cells:      158
ABC RESULTS:               NOR cells:        4
ABC RESULTS:               MUX cells:      612
ABC RESULTS:        internal signals:     1481
ABC RESULTS:           input signals:      461
ABC RESULTS:          output signals:      458
Removing temp directory.

50. Executing ASYNC2SYNC pass.
Replacing lsu_bypass.$auto$ff.cc:266:slice$61693 ($_DFF_PN0_): ARST=\rst_ni, D=$0\mem_q[253:253], Q=\mem_q [253]
Replacing lsu_bypass.$auto$ff.cc:266:slice$61694 ($_DFF_PN0_): ARST=\rst_ni, D=$0\mem_q[252:252], Q=\mem_q [252]
Replacing lsu_bypass.$auto$ff.cc:266:slice$61696 ($_DFF_PN0_): ARST=\rst_ni, D=$0\mem_q[251:251], Q=\mem_q [251]
Replacing lsu_bypass.$auto$ff.cc:266:slice$61697 ($_DFF_PN0_): ARST=\rst_ni, D=$0\mem_q[250:250], Q=\mem_q [250]
Replacing lsu_bypass.$auto$ff.cc:266:slice$61698 ($_DFF_PN0_): ARST=\rst_ni, D=$0\mem_q[249:249], Q=\mem_q [249]
Replacing lsu_bypass.$auto$ff.cc:266:slice$61700 ($_DFF_PN0_): ARST=\rst_ni, D=$0\mem_q[248:248], Q=\mem_q [248]
Replacing lsu_bypass.$auto$ff.cc:266:slice$61701 ($_DFF_PN0_): ARST=\rst_ni, D=$0\mem_q[247:247], Q=\mem_q [247]
Replacing lsu_bypass.$auto$ff.cc:266:slice$61702 ($_DFF_PN0_): ARST=\rst_ni, D=$0\mem_q[246:246], Q=\mem_q [246]
Replacing lsu_bypass.$auto$ff.cc:266:slice$61704 ($_DFF_PN0_): ARST=\rst_ni, D=$0\mem_q[245:245], Q=\mem_q [245]
Replacing lsu_bypass.$auto$ff.cc:266:slice$61705 ($_DFF_PN0_): ARST=\rst_ni, D=$0\mem_q[244:244], Q=\mem_q [244]
Replacing lsu_bypass.$auto$ff.cc:266:slice$61706 ($_DFF_PN0_): ARST=\rst_ni, D=$0\mem_q[243:243], Q=\mem_q [243]
Replacing lsu_bypass.$auto$ff.cc:266:slice$61708 ($_DFF_PN0_): ARST=\rst_ni, D=$0\mem_q[242:242], Q=\mem_q [242]
Replacing lsu_bypass.$auto$ff.cc:266:slice$61709 ($_DFF_PN0_): ARST=\rst_ni, D=$0\mem_q[241:241], Q=\mem_q [241]
Replacing lsu_bypass.$auto$ff.cc:266:slice$61710 ($_DFF_PN0_): ARST=\rst_ni, D=$0\mem_q[240:240], Q=\mem_q [240]
Replacing lsu_bypass.$auto$ff.cc:266:slice$61712 ($_DFF_PN0_): ARST=\rst_ni, D=$0\mem_q[239:239], Q=\mem_q [239]
Replacing lsu_bypass.$auto$ff.cc:266:slice$61713 ($_DFF_PN0_): ARST=\rst_ni, D=$0\mem_q[238:238], Q=\mem_q [238]
Replacing lsu_bypass.$auto$ff.cc:266:slice$61714 ($_DFF_PN0_): ARST=\rst_ni, D=$0\mem_q[237:237], Q=\mem_q [237]
Replacing lsu_bypass.$auto$ff.cc:266:slice$61716 ($_DFF_PN0_): ARST=\rst_ni, D=$0\mem_q[236:236], Q=\mem_q [236]
Replacing lsu_bypass.$auto$ff.cc:266:slice$61717 ($_DFF_PN0_): ARST=\rst_ni, D=$0\mem_q[235:235], Q=\mem_q [235]
Replacing lsu_bypass.$auto$ff.cc:266:slice$61718 ($_DFF_PN0_): ARST=\rst_ni, D=$0\mem_q[234:234], Q=\mem_q [234]
Replacing lsu_bypass.$auto$ff.cc:266:slice$61720 ($_DFF_PN0_): ARST=\rst_ni, D=$0\mem_q[233:233], Q=\mem_q [233]
Replacing lsu_bypass.$auto$ff.cc:266:slice$61721 ($_DFF_PN0_): ARST=\rst_ni, D=$0\mem_q[232:232], Q=\mem_q [232]
Replacing lsu_bypass.$auto$ff.cc:266:slice$61722 ($_DFF_PN0_): ARST=\rst_ni, D=$0\mem_q[231:231], Q=\mem_q [231]
Replacing lsu_bypass.$auto$ff.cc:266:slice$61724 ($_DFF_PN0_): ARST=\rst_ni, D=$0\mem_q[230:230], Q=\mem_q [230]
Replacing lsu_bypass.$auto$ff.cc:266:slice$61725 ($_DFF_PN0_): ARST=\rst_ni, D=$0\mem_q[229:229], Q=\mem_q [229]
Replacing lsu_bypass.$auto$ff.cc:266:slice$61726 ($_DFF_PN0_): ARST=\rst_ni, D=$0\mem_q[228:228], Q=\mem_q [228]
Replacing lsu_bypass.$auto$ff.cc:266:slice$61728 ($_DFF_PN0_): ARST=\rst_ni, D=$0\mem_q[227:227], Q=\mem_q [227]
Replacing lsu_bypass.$auto$ff.cc:266:slice$61729 ($_DFF_PN0_): ARST=\rst_ni, D=$0\mem_q[226:226], Q=\mem_q [226]
Replacing lsu_bypass.$auto$ff.cc:266:slice$61730 ($_DFF_PN0_): ARST=\rst_ni, D=$0\mem_q[225:225], Q=\mem_q [225]
Replacing lsu_bypass.$auto$ff.cc:266:slice$61732 ($_DFF_PN0_): ARST=\rst_ni, D=$0\mem_q[224:224], Q=\mem_q [224]
Replacing lsu_bypass.$auto$ff.cc:266:slice$61733 ($_DFF_PN0_): ARST=\rst_ni, D=$0\mem_q[223:223], Q=\mem_q [223]
Replacing lsu_bypass.$auto$ff.cc:266:slice$61734 ($_DFF_PN0_): ARST=\rst_ni, D=$0\mem_q[222:222], Q=\mem_q [222]
Replacing lsu_bypass.$auto$ff.cc:266:slice$61736 ($_DFF_PN0_): ARST=\rst_ni, D=$0\mem_q[221:221], Q=\mem_q [221]
Replacing lsu_bypass.$auto$ff.cc:266:slice$61737 ($_DFF_PN0_): ARST=\rst_ni, D=$0\mem_q[220:220], Q=\mem_q [220]
Replacing lsu_bypass.$auto$ff.cc:266:slice$61738 ($_DFF_PN0_): ARST=\rst_ni, D=$0\mem_q[219:219], Q=\mem_q [219]
Replacing lsu_bypass.$auto$ff.cc:266:slice$61740 ($_DFF_PN0_): ARST=\rst_ni, D=$0\mem_q[218:218], Q=\mem_q [218]
Replacing lsu_bypass.$auto$ff.cc:266:slice$61741 ($_DFF_PN0_): ARST=\rst_ni, D=$0\mem_q[217:217], Q=\mem_q [217]
Replacing lsu_bypass.$auto$ff.cc:266:slice$61742 ($_DFF_PN0_): ARST=\rst_ni, D=$0\mem_q[216:216], Q=\mem_q [216]
Replacing lsu_bypass.$auto$ff.cc:266:slice$61744 ($_DFF_PN0_): ARST=\rst_ni, D=$0\mem_q[215:215], Q=\mem_q [215]
Replacing lsu_bypass.$auto$ff.cc:266:slice$61745 ($_DFF_PN0_): ARST=\rst_ni, D=$0\mem_q[214:214], Q=\mem_q [214]
Replacing lsu_bypass.$auto$ff.cc:266:slice$61746 ($_DFF_PN0_): ARST=\rst_ni, D=$0\mem_q[213:213], Q=\mem_q [213]
Replacing lsu_bypass.$auto$ff.cc:266:slice$61748 ($_DFF_PN0_): ARST=\rst_ni, D=$0\mem_q[212:212], Q=\mem_q [212]
Replacing lsu_bypass.$auto$ff.cc:266:slice$61749 ($_DFF_PN0_): ARST=\rst_ni, D=$0\mem_q[211:211], Q=\mem_q [211]
Replacing lsu_bypass.$auto$ff.cc:266:slice$61750 ($_DFF_PN0_): ARST=\rst_ni, D=$0\mem_q[210:210], Q=\mem_q [210]
Replacing lsu_bypass.$auto$ff.cc:266:slice$61752 ($_DFF_PN0_): ARST=\rst_ni, D=$0\mem_q[209:209], Q=\mem_q [209]
Replacing lsu_bypass.$auto$ff.cc:266:slice$61753 ($_DFF_PN0_): ARST=\rst_ni, D=$0\mem_q[208:208], Q=\mem_q [208]
Replacing lsu_bypass.$auto$ff.cc:266:slice$61754 ($_DFF_PN0_): ARST=\rst_ni, D=$0\mem_q[207:207], Q=\mem_q [207]
Replacing lsu_bypass.$auto$ff.cc:266:slice$61756 ($_DFF_PN0_): ARST=\rst_ni, D=$0\mem_q[206:206], Q=\mem_q [206]
Replacing lsu_bypass.$auto$ff.cc:266:slice$61757 ($_DFF_PN0_): ARST=\rst_ni, D=$0\mem_q[205:205], Q=\mem_q [205]
Replacing lsu_bypass.$auto$ff.cc:266:slice$61758 ($_DFF_PN0_): ARST=\rst_ni, D=$0\mem_q[204:204], Q=\mem_q [204]
Replacing lsu_bypass.$auto$ff.cc:266:slice$61760 ($_DFF_PN0_): ARST=\rst_ni, D=$0\mem_q[203:203], Q=\mem_q [203]
Replacing lsu_bypass.$auto$ff.cc:266:slice$61761 ($_DFF_PN0_): ARST=\rst_ni, D=$0\mem_q[202:202], Q=\mem_q [202]
Replacing lsu_bypass.$auto$ff.cc:266:slice$61762 ($_DFF_PN0_): ARST=\rst_ni, D=$0\mem_q[201:201], Q=\mem_q [201]
Replacing lsu_bypass.$auto$ff.cc:266:slice$61764 ($_DFF_PN0_): ARST=\rst_ni, D=$0\mem_q[200:200], Q=\mem_q [200]
Replacing lsu_bypass.$auto$ff.cc:266:slice$61765 ($_DFF_PN0_): ARST=\rst_ni, D=$0\mem_q[199:199], Q=\mem_q [199]
Replacing lsu_bypass.$auto$ff.cc:266:slice$61766 ($_DFF_PN0_): ARST=\rst_ni, D=$0\mem_q[198:198], Q=\mem_q [198]
Replacing lsu_bypass.$auto$ff.cc:266:slice$61768 ($_DFF_PN0_): ARST=\rst_ni, D=$0\mem_q[197:197], Q=\mem_q [197]
Replacing lsu_bypass.$auto$ff.cc:266:slice$61769 ($_DFF_PN0_): ARST=\rst_ni, D=$0\mem_q[196:196], Q=\mem_q [196]
Replacing lsu_bypass.$auto$ff.cc:266:slice$61770 ($_DFF_PN0_): ARST=\rst_ni, D=$0\mem_q[195:195], Q=\mem_q [195]
Replacing lsu_bypass.$auto$ff.cc:266:slice$61772 ($_DFF_PN0_): ARST=\rst_ni, D=$0\mem_q[194:194], Q=\mem_q [194]
Replacing lsu_bypass.$auto$ff.cc:266:slice$61773 ($_DFF_PN0_): ARST=\rst_ni, D=$0\mem_q[193:193], Q=\mem_q [193]
Replacing lsu_bypass.$auto$ff.cc:266:slice$61774 ($_DFF_PN0_): ARST=\rst_ni, D=$0\mem_q[192:192], Q=\mem_q [192]
Replacing lsu_bypass.$auto$ff.cc:266:slice$61776 ($_DFF_PN0_): ARST=\rst_ni, D=$0\mem_q[191:191], Q=\mem_q [191]
Replacing lsu_bypass.$auto$ff.cc:266:slice$61777 ($_DFF_PN0_): ARST=\rst_ni, D=$0\mem_q[190:190], Q=\mem_q [190]
Replacing lsu_bypass.$auto$ff.cc:266:slice$61778 ($_DFF_PN0_): ARST=\rst_ni, D=$0\mem_q[189:189], Q=\mem_q [189]
Replacing lsu_bypass.$auto$ff.cc:266:slice$61780 ($_DFF_PN0_): ARST=\rst_ni, D=$0\mem_q[188:188], Q=\mem_q [188]
Replacing lsu_bypass.$auto$ff.cc:266:slice$61781 ($_DFF_PN0_): ARST=\rst_ni, D=$0\mem_q[187:187], Q=\mem_q [187]
Replacing lsu_bypass.$auto$ff.cc:266:slice$61782 ($_DFF_PN0_): ARST=\rst_ni, D=$0\mem_q[186:186], Q=\mem_q [186]
Replacing lsu_bypass.$auto$ff.cc:266:slice$61784 ($_DFF_PN0_): ARST=\rst_ni, D=$0\mem_q[185:185], Q=\mem_q [185]
Replacing lsu_bypass.$auto$ff.cc:266:slice$61785 ($_DFF_PN0_): ARST=\rst_ni, D=$0\mem_q[184:184], Q=\mem_q [184]
Replacing lsu_bypass.$auto$ff.cc:266:slice$61786 ($_DFF_PN0_): ARST=\rst_ni, D=$0\mem_q[183:183], Q=\mem_q [183]
Replacing lsu_bypass.$auto$ff.cc:266:slice$61788 ($_DFF_PN0_): ARST=\rst_ni, D=$0\mem_q[182:182], Q=\mem_q [182]
Replacing lsu_bypass.$auto$ff.cc:266:slice$61789 ($_DFF_PN0_): ARST=\rst_ni, D=$0\mem_q[181:181], Q=\mem_q [181]
Replacing lsu_bypass.$auto$ff.cc:266:slice$61790 ($_DFF_PN0_): ARST=\rst_ni, D=$0\mem_q[180:180], Q=\mem_q [180]
Replacing lsu_bypass.$auto$ff.cc:266:slice$61792 ($_DFF_PN0_): ARST=\rst_ni, D=$0\mem_q[179:179], Q=\mem_q [179]
Replacing lsu_bypass.$auto$ff.cc:266:slice$61793 ($_DFF_PN0_): ARST=\rst_ni, D=$0\mem_q[178:178], Q=\mem_q [178]
Replacing lsu_bypass.$auto$ff.cc:266:slice$61794 ($_DFF_PN0_): ARST=\rst_ni, D=$0\mem_q[177:177], Q=\mem_q [177]
Replacing lsu_bypass.$auto$ff.cc:266:slice$61796 ($_DFF_PN0_): ARST=\rst_ni, D=$0\mem_q[176:176], Q=\mem_q [176]
Replacing lsu_bypass.$auto$ff.cc:266:slice$61797 ($_DFF_PN0_): ARST=\rst_ni, D=$0\mem_q[175:175], Q=\mem_q [175]
Replacing lsu_bypass.$auto$ff.cc:266:slice$61798 ($_DFF_PN0_): ARST=\rst_ni, D=$0\mem_q[174:174], Q=\mem_q [174]
Replacing lsu_bypass.$auto$ff.cc:266:slice$61800 ($_DFF_PN0_): ARST=\rst_ni, D=$0\mem_q[173:173], Q=\mem_q [173]
Replacing lsu_bypass.$auto$ff.cc:266:slice$61801 ($_DFF_PN0_): ARST=\rst_ni, D=$0\mem_q[172:172], Q=\mem_q [172]
Replacing lsu_bypass.$auto$ff.cc:266:slice$61802 ($_DFF_PN0_): ARST=\rst_ni, D=$0\mem_q[171:171], Q=\mem_q [171]
Replacing lsu_bypass.$auto$ff.cc:266:slice$61804 ($_DFF_PN0_): ARST=\rst_ni, D=$0\mem_q[170:170], Q=\mem_q [170]
Replacing lsu_bypass.$auto$ff.cc:266:slice$61805 ($_DFF_PN0_): ARST=\rst_ni, D=$0\mem_q[169:169], Q=\mem_q [169]
Replacing lsu_bypass.$auto$ff.cc:266:slice$61806 ($_DFF_PN0_): ARST=\rst_ni, D=$0\mem_q[168:168], Q=\mem_q [168]
Replacing lsu_bypass.$auto$ff.cc:266:slice$61808 ($_DFF_PN0_): ARST=\rst_ni, D=$0\mem_q[167:167], Q=\mem_q [167]
Replacing lsu_bypass.$auto$ff.cc:266:slice$61809 ($_DFF_PN0_): ARST=\rst_ni, D=$0\mem_q[166:166], Q=\mem_q [166]
Replacing lsu_bypass.$auto$ff.cc:266:slice$61810 ($_DFF_PN0_): ARST=\rst_ni, D=$0\mem_q[165:165], Q=\mem_q [165]
Replacing lsu_bypass.$auto$ff.cc:266:slice$61812 ($_DFF_PN0_): ARST=\rst_ni, D=$0\mem_q[164:164], Q=\mem_q [164]
Replacing lsu_bypass.$auto$ff.cc:266:slice$61813 ($_DFF_PN0_): ARST=\rst_ni, D=$0\mem_q[163:163], Q=\mem_q [163]
Replacing lsu_bypass.$auto$ff.cc:266:slice$61814 ($_DFF_PN0_): ARST=\rst_ni, D=$0\mem_q[162:162], Q=\mem_q [162]
Replacing lsu_bypass.$auto$ff.cc:266:slice$61816 ($_DFF_PN0_): ARST=\rst_ni, D=$0\mem_q[161:161], Q=\mem_q [161]
Replacing lsu_bypass.$auto$ff.cc:266:slice$61817 ($_DFF_PN0_): ARST=\rst_ni, D=$0\mem_q[160:160], Q=\mem_q [160]
Replacing lsu_bypass.$auto$ff.cc:266:slice$61818 ($_DFF_PN0_): ARST=\rst_ni, D=$0\mem_q[159:159], Q=\mem_q [159]
Replacing lsu_bypass.$auto$ff.cc:266:slice$61820 ($_DFF_PN0_): ARST=\rst_ni, D=$0\mem_q[158:158], Q=\mem_q [158]
Replacing lsu_bypass.$auto$ff.cc:266:slice$61821 ($_DFF_PN0_): ARST=\rst_ni, D=$0\mem_q[157:157], Q=\mem_q [157]
Replacing lsu_bypass.$auto$ff.cc:266:slice$61822 ($_DFF_PN0_): ARST=\rst_ni, D=$0\mem_q[156:156], Q=\mem_q [156]
Replacing lsu_bypass.$auto$ff.cc:266:slice$61824 ($_DFF_PN0_): ARST=\rst_ni, D=$0\mem_q[155:155], Q=\mem_q [155]
Replacing lsu_bypass.$auto$ff.cc:266:slice$61825 ($_DFF_PN0_): ARST=\rst_ni, D=$0\mem_q[154:154], Q=\mem_q [154]
Replacing lsu_bypass.$auto$ff.cc:266:slice$61826 ($_DFF_PN0_): ARST=\rst_ni, D=$0\mem_q[153:153], Q=\mem_q [153]
Replacing lsu_bypass.$auto$ff.cc:266:slice$61828 ($_DFF_PN0_): ARST=\rst_ni, D=$0\mem_q[152:152], Q=\mem_q [152]
Replacing lsu_bypass.$auto$ff.cc:266:slice$61829 ($_DFF_PN0_): ARST=\rst_ni, D=$0\mem_q[151:151], Q=\mem_q [151]
Replacing lsu_bypass.$auto$ff.cc:266:slice$61830 ($_DFF_PN0_): ARST=\rst_ni, D=\mem_n [150], Q=\mem_q [150]
Replacing lsu_bypass.$auto$ff.cc:266:slice$61832 ($_DFF_PN0_): ARST=\rst_ni, D=$0\mem_q[149:149], Q=\mem_q [149]
Replacing lsu_bypass.$auto$ff.cc:266:slice$61833 ($_DFF_PN0_): ARST=\rst_ni, D=$0\mem_q[148:148], Q=\mem_q [148]
Replacing lsu_bypass.$auto$ff.cc:266:slice$61834 ($_DFF_PN0_): ARST=\rst_ni, D=$0\mem_q[147:147], Q=\mem_q [147]
Replacing lsu_bypass.$auto$ff.cc:266:slice$61836 ($_DFF_PN0_): ARST=\rst_ni, D=$0\mem_q[146:146], Q=\mem_q [146]
Replacing lsu_bypass.$auto$ff.cc:266:slice$61837 ($_DFF_PN0_): ARST=\rst_ni, D=$0\mem_q[145:145], Q=\mem_q [145]
Replacing lsu_bypass.$auto$ff.cc:266:slice$61838 ($_DFF_PN0_): ARST=\rst_ni, D=$0\mem_q[144:144], Q=\mem_q [144]
Replacing lsu_bypass.$auto$ff.cc:266:slice$61840 ($_DFF_PN0_): ARST=\rst_ni, D=$0\mem_q[143:143], Q=\mem_q [143]
Replacing lsu_bypass.$auto$ff.cc:266:slice$61841 ($_DFF_PN0_): ARST=\rst_ni, D=$0\mem_q[142:142], Q=\mem_q [142]
Replacing lsu_bypass.$auto$ff.cc:266:slice$61842 ($_DFF_PN0_): ARST=\rst_ni, D=$0\mem_q[141:141], Q=\mem_q [141]
Replacing lsu_bypass.$auto$ff.cc:266:slice$61844 ($_DFF_PN0_): ARST=\rst_ni, D=$0\mem_q[140:140], Q=\mem_q [140]
Replacing lsu_bypass.$auto$ff.cc:266:slice$61845 ($_DFF_PN0_): ARST=\rst_ni, D=$0\mem_q[139:139], Q=\mem_q [139]
Replacing lsu_bypass.$auto$ff.cc:266:slice$61846 ($_DFF_PN0_): ARST=\rst_ni, D=$0\mem_q[138:138], Q=\mem_q [138]
Replacing lsu_bypass.$auto$ff.cc:266:slice$61848 ($_DFF_PN0_): ARST=\rst_ni, D=$0\mem_q[137:137], Q=\mem_q [137]
Replacing lsu_bypass.$auto$ff.cc:266:slice$61849 ($_DFF_PN0_): ARST=\rst_ni, D=$0\mem_q[136:136], Q=\mem_q [136]
Replacing lsu_bypass.$auto$ff.cc:266:slice$61850 ($_DFF_PN0_): ARST=\rst_ni, D=$0\mem_q[135:135], Q=\mem_q [135]
Replacing lsu_bypass.$auto$ff.cc:266:slice$61852 ($_DFF_PN0_): ARST=\rst_ni, D=$0\mem_q[134:134], Q=\mem_q [134]
Replacing lsu_bypass.$auto$ff.cc:266:slice$61853 ($_DFF_PN0_): ARST=\rst_ni, D=$0\mem_q[133:133], Q=\mem_q [133]
Replacing lsu_bypass.$auto$ff.cc:266:slice$61854 ($_DFF_PN0_): ARST=\rst_ni, D=$0\mem_q[132:132], Q=\mem_q [132]
Replacing lsu_bypass.$auto$ff.cc:266:slice$61856 ($_DFF_PN0_): ARST=\rst_ni, D=$0\mem_q[131:131], Q=\mem_q [131]
Replacing lsu_bypass.$auto$ff.cc:266:slice$61857 ($_DFF_PN0_): ARST=\rst_ni, D=$0\mem_q[130:130], Q=\mem_q [130]
Replacing lsu_bypass.$auto$ff.cc:266:slice$61858 ($_DFF_PN0_): ARST=\rst_ni, D=$0\mem_q[129:129], Q=\mem_q [129]
Replacing lsu_bypass.$auto$ff.cc:266:slice$61860 ($_DFF_PN0_): ARST=\rst_ni, D=$0\mem_q[128:128], Q=\mem_q [128]
Replacing lsu_bypass.$auto$ff.cc:266:slice$61861 ($_DFF_PN0_): ARST=\rst_ni, D=$0\mem_q[127:127], Q=\mem_q [127]
Replacing lsu_bypass.$auto$ff.cc:266:slice$61862 ($_DFF_PN0_): ARST=\rst_ni, D=$0\mem_q[126:126], Q=\mem_q [126]
Replacing lsu_bypass.$auto$ff.cc:266:slice$61864 ($_DFF_PN0_): ARST=\rst_ni, D=$0\mem_q[125:125], Q=\mem_q [125]
Replacing lsu_bypass.$auto$ff.cc:266:slice$61865 ($_DFF_PN0_): ARST=\rst_ni, D=$0\mem_q[124:124], Q=\mem_q [124]
Replacing lsu_bypass.$auto$ff.cc:266:slice$61866 ($_DFF_PN0_): ARST=\rst_ni, D=$0\mem_q[123:123], Q=\mem_q [123]
Replacing lsu_bypass.$auto$ff.cc:266:slice$61868 ($_DFF_PN0_): ARST=\rst_ni, D=$0\mem_q[122:122], Q=\mem_q [122]
Replacing lsu_bypass.$auto$ff.cc:266:slice$61869 ($_DFF_PN0_): ARST=\rst_ni, D=$0\mem_q[121:121], Q=\mem_q [121]
Replacing lsu_bypass.$auto$ff.cc:266:slice$61870 ($_DFF_PN0_): ARST=\rst_ni, D=$0\mem_q[120:120], Q=\mem_q [120]
Replacing lsu_bypass.$auto$ff.cc:266:slice$61872 ($_DFF_PN0_): ARST=\rst_ni, D=$0\mem_q[119:119], Q=\mem_q [119]
Replacing lsu_bypass.$auto$ff.cc:266:slice$61873 ($_DFF_PN0_): ARST=\rst_ni, D=$0\mem_q[118:118], Q=\mem_q [118]
Replacing lsu_bypass.$auto$ff.cc:266:slice$61874 ($_DFF_PN0_): ARST=\rst_ni, D=$0\mem_q[117:117], Q=\mem_q [117]
Replacing lsu_bypass.$auto$ff.cc:266:slice$61876 ($_DFF_PN0_): ARST=\rst_ni, D=$0\mem_q[116:116], Q=\mem_q [116]
Replacing lsu_bypass.$auto$ff.cc:266:slice$61877 ($_DFF_PN0_): ARST=\rst_ni, D=$0\mem_q[115:115], Q=\mem_q [115]
Replacing lsu_bypass.$auto$ff.cc:266:slice$61878 ($_DFF_PN0_): ARST=\rst_ni, D=$0\mem_q[114:114], Q=\mem_q [114]
Replacing lsu_bypass.$auto$ff.cc:266:slice$61880 ($_DFF_PN0_): ARST=\rst_ni, D=$0\mem_q[113:113], Q=\mem_q [113]
Replacing lsu_bypass.$auto$ff.cc:266:slice$61881 ($_DFF_PN0_): ARST=\rst_ni, D=$0\mem_q[112:112], Q=\mem_q [112]
Replacing lsu_bypass.$auto$ff.cc:266:slice$61882 ($_DFF_PN0_): ARST=\rst_ni, D=$0\mem_q[111:111], Q=\mem_q [111]
Replacing lsu_bypass.$auto$ff.cc:266:slice$61884 ($_DFF_PN0_): ARST=\rst_ni, D=$0\mem_q[110:110], Q=\mem_q [110]
Replacing lsu_bypass.$auto$ff.cc:266:slice$61885 ($_DFF_PN0_): ARST=\rst_ni, D=$0\mem_q[109:109], Q=\mem_q [109]
Replacing lsu_bypass.$auto$ff.cc:266:slice$61886 ($_DFF_PN0_): ARST=\rst_ni, D=$0\mem_q[108:108], Q=\mem_q [108]
Replacing lsu_bypass.$auto$ff.cc:266:slice$61888 ($_DFF_PN0_): ARST=\rst_ni, D=$0\mem_q[107:107], Q=\mem_q [107]
Replacing lsu_bypass.$auto$ff.cc:266:slice$61889 ($_DFF_PN0_): ARST=\rst_ni, D=$0\mem_q[106:106], Q=\mem_q [106]
Replacing lsu_bypass.$auto$ff.cc:266:slice$61890 ($_DFF_PN0_): ARST=\rst_ni, D=$0\mem_q[105:105], Q=\mem_q [105]
Replacing lsu_bypass.$auto$ff.cc:266:slice$61892 ($_DFF_PN0_): ARST=\rst_ni, D=$0\mem_q[104:104], Q=\mem_q [104]
Replacing lsu_bypass.$auto$ff.cc:266:slice$61893 ($_DFF_PN0_): ARST=\rst_ni, D=$0\mem_q[103:103], Q=\mem_q [103]
Replacing lsu_bypass.$auto$ff.cc:266:slice$61894 ($_DFF_PN0_): ARST=\rst_ni, D=$0\mem_q[102:102], Q=\mem_q [102]
Replacing lsu_bypass.$auto$ff.cc:266:slice$61896 ($_DFF_PN0_): ARST=\rst_ni, D=$0\mem_q[101:101], Q=\mem_q [101]
Replacing lsu_bypass.$auto$ff.cc:266:slice$61897 ($_DFF_PN0_): ARST=\rst_ni, D=$0\mem_q[100:100], Q=\mem_q [100]
Replacing lsu_bypass.$auto$ff.cc:266:slice$61898 ($_DFF_PN0_): ARST=\rst_ni, D=$0\mem_q[99:99], Q=\mem_q [99]
Replacing lsu_bypass.$auto$ff.cc:266:slice$61900 ($_DFF_PN0_): ARST=\rst_ni, D=$0\mem_q[98:98], Q=\mem_q [98]
Replacing lsu_bypass.$auto$ff.cc:266:slice$61901 ($_DFF_PN0_): ARST=\rst_ni, D=$0\mem_q[97:97], Q=\mem_q [97]
Replacing lsu_bypass.$auto$ff.cc:266:slice$61902 ($_DFF_PN0_): ARST=\rst_ni, D=$0\mem_q[96:96], Q=\mem_q [96]
Replacing lsu_bypass.$auto$ff.cc:266:slice$61904 ($_DFF_PN0_): ARST=\rst_ni, D=$0\mem_q[95:95], Q=\mem_q [95]
Replacing lsu_bypass.$auto$ff.cc:266:slice$61905 ($_DFF_PN0_): ARST=\rst_ni, D=$0\mem_q[94:94], Q=\mem_q [94]
Replacing lsu_bypass.$auto$ff.cc:266:slice$61906 ($_DFF_PN0_): ARST=\rst_ni, D=$0\mem_q[93:93], Q=\mem_q [93]
Replacing lsu_bypass.$auto$ff.cc:266:slice$61908 ($_DFF_PN0_): ARST=\rst_ni, D=$0\mem_q[92:92], Q=\mem_q [92]
Replacing lsu_bypass.$auto$ff.cc:266:slice$61909 ($_DFF_PN0_): ARST=\rst_ni, D=$0\mem_q[91:91], Q=\mem_q [91]
Replacing lsu_bypass.$auto$ff.cc:266:slice$61910 ($_DFF_PN0_): ARST=\rst_ni, D=$0\mem_q[90:90], Q=\mem_q [90]
Replacing lsu_bypass.$auto$ff.cc:266:slice$61912 ($_DFF_PN0_): ARST=\rst_ni, D=$0\mem_q[89:89], Q=\mem_q [89]
Replacing lsu_bypass.$auto$ff.cc:266:slice$61913 ($_DFF_PN0_): ARST=\rst_ni, D=$0\mem_q[88:88], Q=\mem_q [88]
Replacing lsu_bypass.$auto$ff.cc:266:slice$61914 ($_DFF_PN0_): ARST=\rst_ni, D=$0\mem_q[87:87], Q=\mem_q [87]
Replacing lsu_bypass.$auto$ff.cc:266:slice$61916 ($_DFF_PN0_): ARST=\rst_ni, D=$0\mem_q[86:86], Q=\mem_q [86]
Replacing lsu_bypass.$auto$ff.cc:266:slice$61917 ($_DFF_PN0_): ARST=\rst_ni, D=$0\mem_q[85:85], Q=\mem_q [85]
Replacing lsu_bypass.$auto$ff.cc:266:slice$61918 ($_DFF_PN0_): ARST=\rst_ni, D=$0\mem_q[84:84], Q=\mem_q [84]
Replacing lsu_bypass.$auto$ff.cc:266:slice$61920 ($_DFF_PN0_): ARST=\rst_ni, D=$0\mem_q[83:83], Q=\mem_q [83]
Replacing lsu_bypass.$auto$ff.cc:266:slice$61921 ($_DFF_PN0_): ARST=\rst_ni, D=$0\mem_q[82:82], Q=\mem_q [82]
Replacing lsu_bypass.$auto$ff.cc:266:slice$61922 ($_DFF_PN0_): ARST=\rst_ni, D=$0\mem_q[81:81], Q=\mem_q [81]
Replacing lsu_bypass.$auto$ff.cc:266:slice$61924 ($_DFF_PN0_): ARST=\rst_ni, D=$0\mem_q[80:80], Q=\mem_q [80]
Replacing lsu_bypass.$auto$ff.cc:266:slice$61925 ($_DFF_PN0_): ARST=\rst_ni, D=$0\mem_q[79:79], Q=\mem_q [79]
Replacing lsu_bypass.$auto$ff.cc:266:slice$61926 ($_DFF_PN0_): ARST=\rst_ni, D=$0\mem_q[78:78], Q=\mem_q [78]
Replacing lsu_bypass.$auto$ff.cc:266:slice$61928 ($_DFF_PN0_): ARST=\rst_ni, D=$0\mem_q[77:77], Q=\mem_q [77]
Replacing lsu_bypass.$auto$ff.cc:266:slice$61929 ($_DFF_PN0_): ARST=\rst_ni, D=$0\mem_q[76:76], Q=\mem_q [76]
Replacing lsu_bypass.$auto$ff.cc:266:slice$61930 ($_DFF_PN0_): ARST=\rst_ni, D=$0\mem_q[75:75], Q=\mem_q [75]
Replacing lsu_bypass.$auto$ff.cc:266:slice$61932 ($_DFF_PN0_): ARST=\rst_ni, D=$0\mem_q[74:74], Q=\mem_q [74]
Replacing lsu_bypass.$auto$ff.cc:266:slice$61933 ($_DFF_PN0_): ARST=\rst_ni, D=$0\mem_q[73:73], Q=\mem_q [73]
Replacing lsu_bypass.$auto$ff.cc:266:slice$61934 ($_DFF_PN0_): ARST=\rst_ni, D=$0\mem_q[72:72], Q=\mem_q [72]
Replacing lsu_bypass.$auto$ff.cc:266:slice$61936 ($_DFF_PN0_): ARST=\rst_ni, D=$0\mem_q[71:71], Q=\mem_q [71]
Replacing lsu_bypass.$auto$ff.cc:266:slice$61937 ($_DFF_PN0_): ARST=\rst_ni, D=$0\mem_q[70:70], Q=\mem_q [70]
Replacing lsu_bypass.$auto$ff.cc:266:slice$61938 ($_DFF_PN0_): ARST=\rst_ni, D=$0\mem_q[69:69], Q=\mem_q [69]
Replacing lsu_bypass.$auto$ff.cc:266:slice$61940 ($_DFF_PN0_): ARST=\rst_ni, D=$0\mem_q[68:68], Q=\mem_q [68]
Replacing lsu_bypass.$auto$ff.cc:266:slice$61941 ($_DFF_PN0_): ARST=\rst_ni, D=$0\mem_q[67:67], Q=\mem_q [67]
Replacing lsu_bypass.$auto$ff.cc:266:slice$61942 ($_DFF_PN0_): ARST=\rst_ni, D=$0\mem_q[66:66], Q=\mem_q [66]
Replacing lsu_bypass.$auto$ff.cc:266:slice$61944 ($_DFF_PN0_): ARST=\rst_ni, D=$0\mem_q[65:65], Q=\mem_q [65]
Replacing lsu_bypass.$auto$ff.cc:266:slice$61945 ($_DFF_PN0_): ARST=\rst_ni, D=$0\mem_q[64:64], Q=\mem_q [64]
Replacing lsu_bypass.$auto$ff.cc:266:slice$61946 ($_DFF_PN0_): ARST=\rst_ni, D=$0\mem_q[63:63], Q=\mem_q [63]
Replacing lsu_bypass.$auto$ff.cc:266:slice$61948 ($_DFF_PN0_): ARST=\rst_ni, D=$0\mem_q[62:62], Q=\mem_q [62]
Replacing lsu_bypass.$auto$ff.cc:266:slice$61949 ($_DFF_PN0_): ARST=\rst_ni, D=$0\mem_q[61:61], Q=\mem_q [61]
Replacing lsu_bypass.$auto$ff.cc:266:slice$61950 ($_DFF_PN0_): ARST=\rst_ni, D=$0\mem_q[60:60], Q=\mem_q [60]
Replacing lsu_bypass.$auto$ff.cc:266:slice$61952 ($_DFF_PN0_): ARST=\rst_ni, D=$0\mem_q[59:59], Q=\mem_q [59]
Replacing lsu_bypass.$auto$ff.cc:266:slice$61953 ($_DFF_PN0_): ARST=\rst_ni, D=$0\mem_q[58:58], Q=\mem_q [58]
Replacing lsu_bypass.$auto$ff.cc:266:slice$61954 ($_DFF_PN0_): ARST=\rst_ni, D=$0\mem_q[57:57], Q=\mem_q [57]
Replacing lsu_bypass.$auto$ff.cc:266:slice$61956 ($_DFF_PN0_): ARST=\rst_ni, D=$0\mem_q[56:56], Q=\mem_q [56]
Replacing lsu_bypass.$auto$ff.cc:266:slice$61957 ($_DFF_PN0_): ARST=\rst_ni, D=$0\mem_q[55:55], Q=\mem_q [55]
Replacing lsu_bypass.$auto$ff.cc:266:slice$61958 ($_DFF_PN0_): ARST=\rst_ni, D=$0\mem_q[54:54], Q=\mem_q [54]
Replacing lsu_bypass.$auto$ff.cc:266:slice$61960 ($_DFF_PN0_): ARST=\rst_ni, D=$0\mem_q[53:53], Q=\mem_q [53]
Replacing lsu_bypass.$auto$ff.cc:266:slice$61961 ($_DFF_PN0_): ARST=\rst_ni, D=$0\mem_q[52:52], Q=\mem_q [52]
Replacing lsu_bypass.$auto$ff.cc:266:slice$61962 ($_DFF_PN0_): ARST=\rst_ni, D=$0\mem_q[51:51], Q=\mem_q [51]
Replacing lsu_bypass.$auto$ff.cc:266:slice$61964 ($_DFF_PN0_): ARST=\rst_ni, D=$0\mem_q[50:50], Q=\mem_q [50]
Replacing lsu_bypass.$auto$ff.cc:266:slice$61965 ($_DFF_PN0_): ARST=\rst_ni, D=$0\mem_q[49:49], Q=\mem_q [49]
Replacing lsu_bypass.$auto$ff.cc:266:slice$61501 ($_DFF_PN0_): ARST=\rst_ni, D=$0\mem_q[48:48], Q=\mem_q [48]
Replacing lsu_bypass.$auto$ff.cc:266:slice$61502 ($_DFF_PN0_): ARST=\rst_ni, D=$0\mem_q[47:47], Q=\mem_q [47]
Replacing lsu_bypass.$auto$ff.cc:266:slice$61503 ($_DFF_PN0_): ARST=\rst_ni, D=$0\mem_q[46:46], Q=\mem_q [46]
Replacing lsu_bypass.$auto$ff.cc:266:slice$61504 ($_DFF_PN0_): ARST=\rst_ni, D=$0\mem_q[45:45], Q=\mem_q [45]
Replacing lsu_bypass.$auto$ff.cc:266:slice$61505 ($_DFF_PN0_): ARST=\rst_ni, D=$0\mem_q[44:44], Q=\mem_q [44]
Replacing lsu_bypass.$auto$ff.cc:266:slice$61506 ($_DFF_PN0_): ARST=\rst_ni, D=$0\mem_q[43:43], Q=\mem_q [43]
Replacing lsu_bypass.$auto$ff.cc:266:slice$61507 ($_DFF_PN0_): ARST=\rst_ni, D=$0\mem_q[42:42], Q=\mem_q [42]
Replacing lsu_bypass.$auto$ff.cc:266:slice$61508 ($_DFF_PN0_): ARST=\rst_ni, D=$0\mem_q[41:41], Q=\mem_q [41]
Replacing lsu_bypass.$auto$ff.cc:266:slice$61509 ($_DFF_PN0_): ARST=\rst_ni, D=$0\mem_q[40:40], Q=\mem_q [40]
Replacing lsu_bypass.$auto$ff.cc:266:slice$61510 ($_DFF_PN0_): ARST=\rst_ni, D=$0\mem_q[39:39], Q=\mem_q [39]
Replacing lsu_bypass.$auto$ff.cc:266:slice$61511 ($_DFF_PN0_): ARST=\rst_ni, D=$0\mem_q[38:38], Q=\mem_q [38]
Replacing lsu_bypass.$auto$ff.cc:266:slice$61512 ($_DFF_PN0_): ARST=\rst_ni, D=$0\mem_q[37:37], Q=\mem_q [37]
Replacing lsu_bypass.$auto$ff.cc:266:slice$61513 ($_DFF_PN0_): ARST=\rst_ni, D=$0\mem_q[36:36], Q=\mem_q [36]
Replacing lsu_bypass.$auto$ff.cc:266:slice$61514 ($_DFF_PN0_): ARST=\rst_ni, D=$0\mem_q[35:35], Q=\mem_q [35]
Replacing lsu_bypass.$auto$ff.cc:266:slice$61515 ($_DFF_PN0_): ARST=\rst_ni, D=$0\mem_q[34:34], Q=\mem_q [34]
Replacing lsu_bypass.$auto$ff.cc:266:slice$61516 ($_DFF_PN0_): ARST=\rst_ni, D=$0\mem_q[33:33], Q=\mem_q [33]
Replacing lsu_bypass.$auto$ff.cc:266:slice$61517 ($_DFF_PN0_): ARST=\rst_ni, D=$0\mem_q[32:32], Q=\mem_q [32]
Replacing lsu_bypass.$auto$ff.cc:266:slice$61518 ($_DFF_PN0_): ARST=\rst_ni, D=$0\mem_q[31:31], Q=\mem_q [31]
Replacing lsu_bypass.$auto$ff.cc:266:slice$61519 ($_DFF_PN0_): ARST=\rst_ni, D=$0\mem_q[30:30], Q=\mem_q [30]
Replacing lsu_bypass.$auto$ff.cc:266:slice$61520 ($_DFF_PN0_): ARST=\rst_ni, D=$0\mem_q[29:29], Q=\mem_q [29]
Replacing lsu_bypass.$auto$ff.cc:266:slice$61521 ($_DFF_PN0_): ARST=\rst_ni, D=$0\mem_q[28:28], Q=\mem_q [28]
Replacing lsu_bypass.$auto$ff.cc:266:slice$61522 ($_DFF_PN0_): ARST=\rst_ni, D=$0\mem_q[27:27], Q=\mem_q [27]
Replacing lsu_bypass.$auto$ff.cc:266:slice$61523 ($_DFF_PN0_): ARST=\rst_ni, D=$0\mem_q[26:26], Q=\mem_q [26]
Replacing lsu_bypass.$auto$ff.cc:266:slice$61524 ($_DFF_PN0_): ARST=\rst_ni, D=$0\mem_q[25:25], Q=\mem_q [25]
Replacing lsu_bypass.$auto$ff.cc:266:slice$61525 ($_DFF_PN0_): ARST=\rst_ni, D=$0\mem_q[24:24], Q=\mem_q [24]
Replacing lsu_bypass.$auto$ff.cc:266:slice$61526 ($_DFF_PN0_): ARST=\rst_ni, D=$0\mem_q[23:23], Q=\mem_q [23]
Replacing lsu_bypass.$auto$ff.cc:266:slice$61527 ($_DFF_PN0_): ARST=\rst_ni, D=$0\mem_q[22:22], Q=\mem_q [22]
Replacing lsu_bypass.$auto$ff.cc:266:slice$61528 ($_DFF_PN0_): ARST=\rst_ni, D=$0\mem_q[21:21], Q=\mem_q [21]
Replacing lsu_bypass.$auto$ff.cc:266:slice$61529 ($_DFF_PN0_): ARST=\rst_ni, D=$0\mem_q[20:20], Q=\mem_q [20]
Replacing lsu_bypass.$auto$ff.cc:266:slice$61530 ($_DFF_PN0_): ARST=\rst_ni, D=$0\mem_q[19:19], Q=\mem_q [19]
Replacing lsu_bypass.$auto$ff.cc:266:slice$61531 ($_DFF_PN0_): ARST=\rst_ni, D=$0\mem_q[18:18], Q=\mem_q [18]
Replacing lsu_bypass.$auto$ff.cc:266:slice$61532 ($_DFF_PN0_): ARST=\rst_ni, D=$0\mem_q[17:17], Q=\mem_q [17]
Replacing lsu_bypass.$auto$ff.cc:266:slice$61533 ($_DFF_PN0_): ARST=\rst_ni, D=$0\mem_q[16:16], Q=\mem_q [16]
Replacing lsu_bypass.$auto$ff.cc:266:slice$61534 ($_DFF_PN0_): ARST=\rst_ni, D=$0\mem_q[15:15], Q=\mem_q [15]
Replacing lsu_bypass.$auto$ff.cc:266:slice$61535 ($_DFF_PN0_): ARST=\rst_ni, D=$0\mem_q[14:14], Q=\mem_q [14]
Replacing lsu_bypass.$auto$ff.cc:266:slice$61536 ($_DFF_PN0_): ARST=\rst_ni, D=$0\mem_q[13:13], Q=\mem_q [13]
Replacing lsu_bypass.$auto$ff.cc:266:slice$61537 ($_DFF_PN0_): ARST=\rst_ni, D=$0\mem_q[12:12], Q=\mem_q [12]
Replacing lsu_bypass.$auto$ff.cc:266:slice$61538 ($_DFF_PN0_): ARST=\rst_ni, D=$0\mem_q[11:11], Q=\mem_q [11]
Replacing lsu_bypass.$auto$ff.cc:266:slice$61539 ($_DFF_PN0_): ARST=\rst_ni, D=$0\mem_q[10:10], Q=\mem_q [10]
Replacing lsu_bypass.$auto$ff.cc:266:slice$61540 ($_DFF_PN0_): ARST=\rst_ni, D=$0\mem_q[9:9], Q=\mem_q [9]
Replacing lsu_bypass.$auto$ff.cc:266:slice$61541 ($_DFF_PN0_): ARST=\rst_ni, D=$0\mem_q[8:8], Q=\mem_q [8]
Replacing lsu_bypass.$auto$ff.cc:266:slice$61542 ($_DFF_PN0_): ARST=\rst_ni, D=$0\mem_q[7:7], Q=\mem_q [7]
Replacing lsu_bypass.$auto$ff.cc:266:slice$61543 ($_DFF_PN0_): ARST=\rst_ni, D=$0\mem_q[6:6], Q=\mem_q [6]
Replacing lsu_bypass.$auto$ff.cc:266:slice$61544 ($_DFF_PN0_): ARST=\rst_ni, D=$0\mem_q[5:5], Q=\mem_q [5]
Replacing lsu_bypass.$auto$ff.cc:266:slice$61545 ($_DFF_PN0_): ARST=\rst_ni, D=$0\mem_q[4:4], Q=\mem_q [4]
Replacing lsu_bypass.$auto$ff.cc:266:slice$61546 ($_DFF_PN0_): ARST=\rst_ni, D=$0\mem_q[3:3], Q=\mem_q [3]
Replacing lsu_bypass.$auto$ff.cc:266:slice$61547 ($_DFF_PN0_): ARST=\rst_ni, D=$0\mem_q[2:2], Q=\mem_q [2]
Replacing lsu_bypass.$auto$ff.cc:266:slice$61548 ($_DFF_PN0_): ARST=\rst_ni, D=$0\mem_q[1:1], Q=\mem_q [1]
Replacing lsu_bypass.$auto$ff.cc:266:slice$61549 ($_DFF_PN0_): ARST=\rst_ni, D=$0\mem_q[0:0], Q=\mem_q [0]
Replacing lsu_bypass.$auto$ff.cc:266:slice$61550 ($_DFF_PN0_): ARST=\rst_ni, D=\status_cnt_n [1], Q=\status_cnt_q [1]
Replacing lsu_bypass.$auto$ff.cc:266:slice$61551 ($_DFF_PN0_): ARST=\rst_ni, D=\status_cnt_n [0], Q=\status_cnt_q [0]
Replacing lsu_bypass.$auto$ff.cc:266:slice$61552 ($_DFF_PN0_): ARST=\rst_ni, D=$0\N17[0:0], Q=\N17
Replacing lsu_bypass.$auto$ff.cc:266:slice$61628 ($_DFF_PN0_): ARST=\rst_ni, D=\read_pointer_n, Q=\N41
Replacing lsu_bypass.$auto$ff.cc:266:slice$61629 ($_DFF_PN0_): ARST=\rst_ni, D=\mem_n [301], Q=\mem_q [301]
Replacing lsu_bypass.$auto$ff.cc:266:slice$61630 ($_DFF_PN0_): ARST=\rst_ni, D=$0\mem_q[300:300], Q=\mem_q [300]
Replacing lsu_bypass.$auto$ff.cc:266:slice$61632 ($_DFF_PN0_): ARST=\rst_ni, D=$0\mem_q[299:299], Q=\mem_q [299]
Replacing lsu_bypass.$auto$ff.cc:266:slice$61633 ($_DFF_PN0_): ARST=\rst_ni, D=$0\mem_q[298:298], Q=\mem_q [298]
Replacing lsu_bypass.$auto$ff.cc:266:slice$61634 ($_DFF_PN0_): ARST=\rst_ni, D=$0\mem_q[297:297], Q=\mem_q [297]
Replacing lsu_bypass.$auto$ff.cc:266:slice$61636 ($_DFF_PN0_): ARST=\rst_ni, D=$0\mem_q[296:296], Q=\mem_q [296]
Replacing lsu_bypass.$auto$ff.cc:266:slice$61637 ($_DFF_PN0_): ARST=\rst_ni, D=$0\mem_q[295:295], Q=\mem_q [295]
Replacing lsu_bypass.$auto$ff.cc:266:slice$61638 ($_DFF_PN0_): ARST=\rst_ni, D=$0\mem_q[294:294], Q=\mem_q [294]
Replacing lsu_bypass.$auto$ff.cc:266:slice$61640 ($_DFF_PN0_): ARST=\rst_ni, D=$0\mem_q[293:293], Q=\mem_q [293]
Replacing lsu_bypass.$auto$ff.cc:266:slice$61641 ($_DFF_PN0_): ARST=\rst_ni, D=$0\mem_q[292:292], Q=\mem_q [292]
Replacing lsu_bypass.$auto$ff.cc:266:slice$61642 ($_DFF_PN0_): ARST=\rst_ni, D=$0\mem_q[291:291], Q=\mem_q [291]
Replacing lsu_bypass.$auto$ff.cc:266:slice$61644 ($_DFF_PN0_): ARST=\rst_ni, D=$0\mem_q[290:290], Q=\mem_q [290]
Replacing lsu_bypass.$auto$ff.cc:266:slice$61645 ($_DFF_PN0_): ARST=\rst_ni, D=$0\mem_q[289:289], Q=\mem_q [289]
Replacing lsu_bypass.$auto$ff.cc:266:slice$61646 ($_DFF_PN0_): ARST=\rst_ni, D=$0\mem_q[288:288], Q=\mem_q [288]
Replacing lsu_bypass.$auto$ff.cc:266:slice$61648 ($_DFF_PN0_): ARST=\rst_ni, D=$0\mem_q[287:287], Q=\mem_q [287]
Replacing lsu_bypass.$auto$ff.cc:266:slice$61649 ($_DFF_PN0_): ARST=\rst_ni, D=$0\mem_q[286:286], Q=\mem_q [286]
Replacing lsu_bypass.$auto$ff.cc:266:slice$61650 ($_DFF_PN0_): ARST=\rst_ni, D=$0\mem_q[285:285], Q=\mem_q [285]
Replacing lsu_bypass.$auto$ff.cc:266:slice$61652 ($_DFF_PN0_): ARST=\rst_ni, D=$0\mem_q[284:284], Q=\mem_q [284]
Replacing lsu_bypass.$auto$ff.cc:266:slice$61653 ($_DFF_PN0_): ARST=\rst_ni, D=$0\mem_q[283:283], Q=\mem_q [283]
Replacing lsu_bypass.$auto$ff.cc:266:slice$61654 ($_DFF_PN0_): ARST=\rst_ni, D=$0\mem_q[282:282], Q=\mem_q [282]
Replacing lsu_bypass.$auto$ff.cc:266:slice$61656 ($_DFF_PN0_): ARST=\rst_ni, D=$0\mem_q[281:281], Q=\mem_q [281]
Replacing lsu_bypass.$auto$ff.cc:266:slice$61657 ($_DFF_PN0_): ARST=\rst_ni, D=$0\mem_q[280:280], Q=\mem_q [280]
Replacing lsu_bypass.$auto$ff.cc:266:slice$61658 ($_DFF_PN0_): ARST=\rst_ni, D=$0\mem_q[279:279], Q=\mem_q [279]
Replacing lsu_bypass.$auto$ff.cc:266:slice$61660 ($_DFF_PN0_): ARST=\rst_ni, D=$0\mem_q[278:278], Q=\mem_q [278]
Replacing lsu_bypass.$auto$ff.cc:266:slice$61661 ($_DFF_PN0_): ARST=\rst_ni, D=$0\mem_q[277:277], Q=\mem_q [277]
Replacing lsu_bypass.$auto$ff.cc:266:slice$61662 ($_DFF_PN0_): ARST=\rst_ni, D=$0\mem_q[276:276], Q=\mem_q [276]
Replacing lsu_bypass.$auto$ff.cc:266:slice$61664 ($_DFF_PN0_): ARST=\rst_ni, D=$0\mem_q[275:275], Q=\mem_q [275]
Replacing lsu_bypass.$auto$ff.cc:266:slice$61665 ($_DFF_PN0_): ARST=\rst_ni, D=$0\mem_q[274:274], Q=\mem_q [274]
Replacing lsu_bypass.$auto$ff.cc:266:slice$61666 ($_DFF_PN0_): ARST=\rst_ni, D=$0\mem_q[273:273], Q=\mem_q [273]
Replacing lsu_bypass.$auto$ff.cc:266:slice$61668 ($_DFF_PN0_): ARST=\rst_ni, D=$0\mem_q[272:272], Q=\mem_q [272]
Replacing lsu_bypass.$auto$ff.cc:266:slice$61669 ($_DFF_PN0_): ARST=\rst_ni, D=$0\mem_q[271:271], Q=\mem_q [271]
Replacing lsu_bypass.$auto$ff.cc:266:slice$61670 ($_DFF_PN0_): ARST=\rst_ni, D=$0\mem_q[270:270], Q=\mem_q [270]
Replacing lsu_bypass.$auto$ff.cc:266:slice$61672 ($_DFF_PN0_): ARST=\rst_ni, D=$0\mem_q[269:269], Q=\mem_q [269]
Replacing lsu_bypass.$auto$ff.cc:266:slice$61673 ($_DFF_PN0_): ARST=\rst_ni, D=$0\mem_q[268:268], Q=\mem_q [268]
Replacing lsu_bypass.$auto$ff.cc:266:slice$61674 ($_DFF_PN0_): ARST=\rst_ni, D=$0\mem_q[267:267], Q=\mem_q [267]
Replacing lsu_bypass.$auto$ff.cc:266:slice$61676 ($_DFF_PN0_): ARST=\rst_ni, D=$0\mem_q[266:266], Q=\mem_q [266]
Replacing lsu_bypass.$auto$ff.cc:266:slice$61677 ($_DFF_PN0_): ARST=\rst_ni, D=$0\mem_q[265:265], Q=\mem_q [265]
Replacing lsu_bypass.$auto$ff.cc:266:slice$61678 ($_DFF_PN0_): ARST=\rst_ni, D=$0\mem_q[264:264], Q=\mem_q [264]
Replacing lsu_bypass.$auto$ff.cc:266:slice$61680 ($_DFF_PN0_): ARST=\rst_ni, D=$0\mem_q[263:263], Q=\mem_q [263]
Replacing lsu_bypass.$auto$ff.cc:266:slice$61681 ($_DFF_PN0_): ARST=\rst_ni, D=$0\mem_q[262:262], Q=\mem_q [262]
Replacing lsu_bypass.$auto$ff.cc:266:slice$61682 ($_DFF_PN0_): ARST=\rst_ni, D=$0\mem_q[261:261], Q=\mem_q [261]
Replacing lsu_bypass.$auto$ff.cc:266:slice$61684 ($_DFF_PN0_): ARST=\rst_ni, D=$0\mem_q[260:260], Q=\mem_q [260]
Replacing lsu_bypass.$auto$ff.cc:266:slice$61685 ($_DFF_PN0_): ARST=\rst_ni, D=$0\mem_q[259:259], Q=\mem_q [259]
Replacing lsu_bypass.$auto$ff.cc:266:slice$61686 ($_DFF_PN0_): ARST=\rst_ni, D=$0\mem_q[258:258], Q=\mem_q [258]
Replacing lsu_bypass.$auto$ff.cc:266:slice$61688 ($_DFF_PN0_): ARST=\rst_ni, D=$0\mem_q[257:257], Q=\mem_q [257]
Replacing lsu_bypass.$auto$ff.cc:266:slice$61689 ($_DFF_PN0_): ARST=\rst_ni, D=$0\mem_q[256:256], Q=\mem_q [256]
Replacing lsu_bypass.$auto$ff.cc:266:slice$61690 ($_DFF_PN0_): ARST=\rst_ni, D=$0\mem_q[255:255], Q=\mem_q [255]
Replacing lsu_bypass.$auto$ff.cc:266:slice$61692 ($_DFF_PN0_): ARST=\rst_ni, D=$0\mem_q[254:254], Q=\mem_q [254]

51. Executing DFFUNMAP pass (unmap clock enable and synchronous reset from FFs).

52. Executing AIGMAP pass (map logic to AIG).
Module lsu_bypass: replaced 1557 cells with 9447 new cells, skipped 312 cells.
  replaced 8 cell types:
       4 $_NAND_
       9 $_OR_
       4 $_NOR_
       7 $_XOR_
       1 $_XNOR_
     158 $_ANDNOT_
     150 $_ORNOT_
    1224 $_MUX_
  not replaced 3 cell types:
       5 $_NOT_
       1 $_AND_
     306 $_DFF_P_

53. Printing statistics.

=== lsu_bypass ===

   Number of wires:              12364
   Number of wire bits:          13890
   Number of public wires:         405
   Number of public wire bits:    1309
   Number of memories:               0
   Number of memory bits:            0
   Number of processes:              0
   Number of cells:               9759
     $_AND_                       4022
     $_DFF_P_                      306
     $_NOT_                       5431

54. Executing AIGER backend.

Warnings: 467 unique messages, 467 total
End of script. Logfile hash: a9e7f28824, CPU: user 23.03s system 0.71s, MEM: 1035.76 MB peak
Yosys 0.35+24 (git sha1 032fab1f5, clang 15.0.7 -fPIC -Os)
Time spent: 89% 43x read_verilog (21 sec), 5% 2x read_liberty (1 sec), ...
./aigtodot ./graphs/lsu_bypass/lsu_bypass.aig ./graphs/lsu_bypass/lsu_bypass.dot
yosys -c aig_gen.tcl | tee ./graphs/eth_crc/aig_gen.log

 /----------------------------------------------------------------------------\
 |                                                                            |
 |  yosys -- Yosys Open SYnthesis Suite                                       |
 |                                                                            |
 |  Copyright (C) 2012 - 2020  Claire Xenia Wolf <claire@yosyshq.com>         |
 |                                                                            |
 |  Permission to use, copy, modify, and/or distribute this software for any  |
 |  purpose with or without fee is hereby granted, provided that the above    |
 |  copyright notice and this permission notice appear in all copies.         |
 |                                                                            |
 |  THE SOFTWARE IS PROVIDED "AS IS" AND THE AUTHOR DISCLAIMS ALL WARRANTIES  |
 |  WITH REGARD TO THIS SOFTWARE INCLUDING ALL IMPLIED WARRANTIES OF          |
 |  MERCHANTABILITY AND FITNESS. IN NO EVENT SHALL THE AUTHOR BE LIABLE FOR   |
 |  ANY SPECIAL, DIRECT, INDIRECT, OR CONSEQUENTIAL DAMAGES OR ANY DAMAGES    |
 |  WHATSOEVER RESULTING FROM LOSS OF USE, DATA OR PROFITS, WHETHER IN AN     |
 |  ACTION OF CONTRACT, NEGLIGENCE OR OTHER TORTIOUS ACTION, ARISING OUT OF   |
 |  OR IN CONNECTION WITH THE USE OR PERFORMANCE OF THIS SOFTWARE.            |
 |                                                                            |
 \----------------------------------------------------------------------------/

 Yosys 0.35+24 (git sha1 032fab1f5, clang 15.0.7 -fPIC -Os)

1. Executing Liberty frontend: /opt/riscv/cad/lib/sky130_osu_sc_t12/12T_hs/lib/sky130_osu_sc_12T_hs_tt_1P20_25C.ccs.lib
Imported 55 cell types from liberty file.

2. Executing Verilog-2005 frontend: /home/qualcomm_clinic/RTL/OpenABC/leaf_level_verilog/asap7/ethmac/eth_clockgen.v
Parsing SystemVerilog input from `/home/qualcomm_clinic/RTL/OpenABC/leaf_level_verilog/asap7/ethmac/eth_clockgen.v' to AST representation.
Generating RTLIL representation for module `\eth_clockgen'.
Successfully finished Verilog frontend.

3. Executing Verilog-2005 frontend: /home/qualcomm_clinic/RTL/OpenABC/leaf_level_verilog/asap7/ethmac/eth_crc.v
Parsing SystemVerilog input from `/home/qualcomm_clinic/RTL/OpenABC/leaf_level_verilog/asap7/ethmac/eth_crc.v' to AST representation.
Generating RTLIL representation for module `\eth_crc'.
Successfully finished Verilog frontend.

4. Executing Verilog-2005 frontend: /home/qualcomm_clinic/RTL/OpenABC/leaf_level_verilog/asap7/ethmac/eth_macstatus.v
Parsing SystemVerilog input from `/home/qualcomm_clinic/RTL/OpenABC/leaf_level_verilog/asap7/ethmac/eth_macstatus.v' to AST representation.
Generating RTLIL representation for module `\eth_macstatus'.
Successfully finished Verilog frontend.

5. Executing Verilog-2005 frontend: /home/qualcomm_clinic/RTL/OpenABC/leaf_level_verilog/asap7/ethmac/eth_outputcontrol.v
Parsing SystemVerilog input from `/home/qualcomm_clinic/RTL/OpenABC/leaf_level_verilog/asap7/ethmac/eth_outputcontrol.v' to AST representation.
Generating RTLIL representation for module `\eth_outputcontrol'.
Successfully finished Verilog frontend.

6. Executing Verilog-2005 frontend: /home/qualcomm_clinic/RTL/OpenABC/leaf_level_verilog/asap7/ethmac/eth_random.v
Parsing SystemVerilog input from `/home/qualcomm_clinic/RTL/OpenABC/leaf_level_verilog/asap7/ethmac/eth_random.v' to AST representation.
Generating RTLIL representation for module `\eth_random'.
Successfully finished Verilog frontend.

7. Executing Verilog-2005 frontend: /home/qualcomm_clinic/RTL/OpenABC/leaf_level_verilog/asap7/ethmac/eth_receivecontrol.v
Parsing SystemVerilog input from `/home/qualcomm_clinic/RTL/OpenABC/leaf_level_verilog/asap7/ethmac/eth_receivecontrol.v' to AST representation.
Generating RTLIL representation for module `\eth_receivecontrol'.
Successfully finished Verilog frontend.

8. Executing Verilog-2005 frontend: /home/qualcomm_clinic/RTL/OpenABC/leaf_level_verilog/asap7/ethmac/eth_rxaddrcheck.v
Parsing SystemVerilog input from `/home/qualcomm_clinic/RTL/OpenABC/leaf_level_verilog/asap7/ethmac/eth_rxaddrcheck.v' to AST representation.
Generating RTLIL representation for module `\eth_rxaddrcheck'.
Note: Assuming pure combinatorial block at /home/qualcomm_clinic/RTL/OpenABC/leaf_level_verilog/asap7/ethmac/eth_rxaddrcheck.v:127.1-135.4 in
compliance with IEC 62142(E):2005 / IEEE Std. 1364.1(E):2002. Recommending
use of @* instead of @(...) for better match of synthesis and simulation.
Successfully finished Verilog frontend.

9. Executing Verilog-2005 frontend: /home/qualcomm_clinic/RTL/OpenABC/leaf_level_verilog/asap7/ethmac/eth_rxcounters.v
Parsing SystemVerilog input from `/home/qualcomm_clinic/RTL/OpenABC/leaf_level_verilog/asap7/ethmac/eth_rxcounters.v' to AST representation.
Generating RTLIL representation for module `\eth_rxcounters'.
Successfully finished Verilog frontend.

10. Executing Verilog-2005 frontend: /home/qualcomm_clinic/RTL/OpenABC/leaf_level_verilog/asap7/ethmac/eth_rxstatem.v
Parsing SystemVerilog input from `/home/qualcomm_clinic/RTL/OpenABC/leaf_level_verilog/asap7/ethmac/eth_rxstatem.v' to AST representation.
Generating RTLIL representation for module `\eth_rxstatem'.
Successfully finished Verilog frontend.

11. Executing Verilog-2005 frontend: /home/qualcomm_clinic/RTL/OpenABC/leaf_level_verilog/asap7/ethmac/eth_shiftreg.v
Parsing SystemVerilog input from `/home/qualcomm_clinic/RTL/OpenABC/leaf_level_verilog/asap7/ethmac/eth_shiftreg.v' to AST representation.
Generating RTLIL representation for module `\eth_shiftreg'.
Successfully finished Verilog frontend.

12. Executing Verilog-2005 frontend: /home/qualcomm_clinic/RTL/OpenABC/leaf_level_verilog/asap7/ethmac/eth_transmitcontrol.v
Parsing SystemVerilog input from `/home/qualcomm_clinic/RTL/OpenABC/leaf_level_verilog/asap7/ethmac/eth_transmitcontrol.v' to AST representation.
Generating RTLIL representation for module `\eth_transmitcontrol'.
Note: Assuming pure combinatorial block at /home/qualcomm_clinic/RTL/OpenABC/leaf_level_verilog/asap7/ethmac/eth_transmitcontrol.v:199.1-225.4 in
compliance with IEC 62142(E):2005 / IEEE Std. 1364.1(E):2002. Recommending
use of @* instead of @(...) for better match of synthesis and simulation.
Successfully finished Verilog frontend.

13. Executing Verilog-2005 frontend: /home/qualcomm_clinic/RTL/OpenABC/leaf_level_verilog/asap7/ethmac/eth_txstatem.v
Parsing SystemVerilog input from `/home/qualcomm_clinic/RTL/OpenABC/leaf_level_verilog/asap7/ethmac/eth_txstatem.v' to AST representation.
Generating RTLIL representation for module `\eth_txstatem'.
Successfully finished Verilog frontend.

14. Executing HIERARCHY pass (managing design hierarchy).

14.1. Analyzing design hierarchy..
Top module:  \eth_crc

14.2. Analyzing design hierarchy..
Top module:  \eth_crc
Removing unused module `\eth_txstatem'.
Removing unused module `\eth_transmitcontrol'.
Removing unused module `\eth_shiftreg'.
Removing unused module `\eth_rxstatem'.
Removing unused module `\eth_rxcounters'.
Removing unused module `\eth_rxaddrcheck'.
Removing unused module `\eth_receivecontrol'.
Removing unused module `\eth_random'.
Removing unused module `\eth_outputcontrol'.
Removing unused module `\eth_macstatus'.
Removing unused module `\eth_clockgen'.
Removing unused module `\sky130_osu_sc_12T_hs__xor2_l'.
Removing unused module `\sky130_osu_sc_12T_hs__xnor2_l'.
Removing unused module `\sky130_osu_sc_12T_hs__tnbufi_l'.
Removing unused module `\sky130_osu_sc_12T_hs__tnbufi_1'.
Removing unused module `\sky130_osu_sc_12T_hs__tielo'.
Removing unused module `\sky130_osu_sc_12T_hs__tiehi'.
Removing unused module `\sky130_osu_sc_12T_hs__tbufi_l'.
Removing unused module `\sky130_osu_sc_12T_hs__tbufi_1'.
Removing unused module `\sky130_osu_sc_12T_hs__or2_l'.
Removing unused module `\sky130_osu_sc_12T_hs__or2_8'.
Removing unused module `\sky130_osu_sc_12T_hs__or2_4'.
Removing unused module `\sky130_osu_sc_12T_hs__or2_2'.
Removing unused module `\sky130_osu_sc_12T_hs__or2_1'.
Removing unused module `\sky130_osu_sc_12T_hs__oai22_l'.
Removing unused module `\sky130_osu_sc_12T_hs__oai21_l'.
Removing unused module `\sky130_osu_sc_12T_hs__nor2_l'.
Removing unused module `\sky130_osu_sc_12T_hs__nor2_1'.
Removing unused module `\sky130_osu_sc_12T_hs__nand2_l'.
Removing unused module `\sky130_osu_sc_12T_hs__nand2_1'.
Removing unused module `\sky130_osu_sc_12T_hs__mux2_1'.
Removing unused module `\sky130_osu_sc_12T_hs__inv_l'.
Removing unused module `\sky130_osu_sc_12T_hs__inv_8'.
Removing unused module `\sky130_osu_sc_12T_hs__inv_6'.
Removing unused module `\sky130_osu_sc_12T_hs__inv_4'.
Removing unused module `\sky130_osu_sc_12T_hs__inv_3'.
Removing unused module `\sky130_osu_sc_12T_hs__inv_2'.
Removing unused module `\sky130_osu_sc_12T_hs__inv_10'.
Removing unused module `\sky130_osu_sc_12T_hs__inv_1'.
Removing unused module `\sky130_osu_sc_12T_hs__dffsr_l'.
Removing unused module `\sky130_osu_sc_12T_hs__dffsr_1'.
Removing unused module `\sky130_osu_sc_12T_hs__dffs_l'.
Removing unused module `\sky130_osu_sc_12T_hs__dffs_1'.
Removing unused module `\sky130_osu_sc_12T_hs__dffr_l'.
Removing unused module `\sky130_osu_sc_12T_hs__dffr_1'.
Removing unused module `\sky130_osu_sc_12T_hs__dff_l'.
Removing unused module `\sky130_osu_sc_12T_hs__dff_1'.
Removing unused module `\sky130_osu_sc_12T_hs__buf_l'.
Removing unused module `\sky130_osu_sc_12T_hs__buf_8'.
Removing unused module `\sky130_osu_sc_12T_hs__buf_6'.
Removing unused module `\sky130_osu_sc_12T_hs__buf_4'.
Removing unused module `\sky130_osu_sc_12T_hs__buf_2'.
Removing unused module `\sky130_osu_sc_12T_hs__buf_1'.
Removing unused module `\sky130_osu_sc_12T_hs__aoi22_l'.
Removing unused module `\sky130_osu_sc_12T_hs__aoi21_l'.
Removing unused module `\sky130_osu_sc_12T_hs__ant'.
Removing unused module `\sky130_osu_sc_12T_hs__and2_l'.
Removing unused module `\sky130_osu_sc_12T_hs__and2_8'.
Removing unused module `\sky130_osu_sc_12T_hs__and2_6'.
Removing unused module `\sky130_osu_sc_12T_hs__and2_4'.
Removing unused module `\sky130_osu_sc_12T_hs__and2_2'.
Removing unused module `\sky130_osu_sc_12T_hs__and2_1'.
Removing unused module `\sky130_osu_sc_12T_hs__addh_l'.
Removing unused module `\sky130_osu_sc_12T_hs__addh_1'.
Removing unused module `\sky130_osu_sc_12T_hs__addf_l'.
Removing unused module `\sky130_osu_sc_12T_hs__addf_1'.
Removed 66 unused modules.

15. Executing PROC pass (convert processes to netlists).

15.1. Executing PROC_CLEAN pass (remove empty switches from decision trees).
Cleaned up 0 empty switches.

15.2. Executing PROC_RMDEAD pass (remove dead branches from decision trees).
Marked 2 switch rules as full_case in process $proc$/home/qualcomm_clinic/RTL/OpenABC/leaf_level_verilog/asap7/ethmac/eth_crc.v:52$507 in module eth_crc.
Removed a total of 0 dead cases.

15.3. Executing PROC_PRUNE pass (remove redundant assignments in processes).
Removed 1 redundant assignment.
Promoted 0 assignments to connections.

15.4. Executing PROC_INIT pass (extract init attributes).

15.5. Executing PROC_ARST pass (detect async resets in processes).
Found async reset \Reset in `\eth_crc.$proc$/home/qualcomm_clinic/RTL/OpenABC/leaf_level_verilog/asap7/ethmac/eth_crc.v:52$507'.

15.6. Executing PROC_ROM pass (convert switches to ROMs).
Converted 0 switches.
<suppressed ~1 debug messages>

15.7. Executing PROC_MUX pass (convert decision trees to multiplexers).
Creating decoders for process `\eth_crc.$proc$/home/qualcomm_clinic/RTL/OpenABC/leaf_level_verilog/asap7/ethmac/eth_crc.v:52$507'.
     1/1: $0\Crc[31:0]

15.8. Executing PROC_DLATCH pass (convert process syncs to latches).

15.9. Executing PROC_DFF pass (convert process syncs to FFs).
Creating register for signal `\eth_crc.\Crc' using process `\eth_crc.$proc$/home/qualcomm_clinic/RTL/OpenABC/leaf_level_verilog/asap7/ethmac/eth_crc.v:52$507'.
  created $adff cell `$procdff$1066' with positive edge clock and positive level reset.

15.10. Executing PROC_MEMWR pass (convert process memory writes to cells).

15.11. Executing PROC_CLEAN pass (remove empty switches from decision trees).
Found and cleaned up 1 empty switch in `\eth_crc.$proc$/home/qualcomm_clinic/RTL/OpenABC/leaf_level_verilog/asap7/ethmac/eth_crc.v:52$507'.
Removing empty process `eth_crc.$proc$/home/qualcomm_clinic/RTL/OpenABC/leaf_level_verilog/asap7/ethmac/eth_crc.v:52$507'.
Cleaned up 1 empty switch.

15.12. Executing OPT_EXPR pass (perform const folding).
Optimizing module eth_crc.

16. Executing FLATTEN pass (flatten design).

17. Executing MEMORY pass.

17.1. Executing OPT_MEM pass (optimize memories).
Performed a total of 0 transformations.

17.2. Executing OPT_MEM_PRIORITY pass (removing unnecessary memory write priority relations).
Performed a total of 0 transformations.

17.3. Executing OPT_MEM_FEEDBACK pass (finding memory read-to-write feedback paths).

17.4. Executing MEMORY_BMUX2ROM pass (converting muxes to ROMs).

17.5. Executing MEMORY_DFF pass (merging $dff cells to $memrd).

17.6. Executing OPT_CLEAN pass (remove unused cells and wires).
Finding unused cells or wires in module \eth_crc..
Removed 0 unused cells and 31 unused wires.
<suppressed ~1 debug messages>

17.7. Executing MEMORY_SHARE pass (consolidating $memrd/$memwr cells).

17.8. Executing OPT_MEM_WIDEN pass (optimize memories where all ports are wide).
Performed a total of 0 transformations.

17.9. Executing OPT_CLEAN pass (remove unused cells and wires).
Finding unused cells or wires in module \eth_crc..

17.10. Executing MEMORY_COLLECT pass (generating $mem cells).

17.11. Executing MEMORY_MAP pass (converting memories to logic and flip-flops).

18. Executing TECHMAP pass (map to technology primitives).

18.1. Executing Verilog-2005 frontend: /usr/local/bin/../share/yosys/techmap.v
Parsing Verilog input from `/usr/local/bin/../share/yosys/techmap.v' to AST representation.
Generating RTLIL representation for module `\_90_simplemap_bool_ops'.
Generating RTLIL representation for module `\_90_simplemap_reduce_ops'.
Generating RTLIL representation for module `\_90_simplemap_logic_ops'.
Generating RTLIL representation for module `\_90_simplemap_compare_ops'.
Generating RTLIL representation for module `\_90_simplemap_various'.
Generating RTLIL representation for module `\_90_simplemap_registers'.
Generating RTLIL representation for module `\_90_shift_ops_shr_shl_sshl_sshr'.
Generating RTLIL representation for module `\_90_shift_shiftx'.
Generating RTLIL representation for module `\_90_fa'.
Generating RTLIL representation for module `\_90_lcu'.
Generating RTLIL representation for module `\_90_alu'.
Generating RTLIL representation for module `\_90_macc'.
Generating RTLIL representation for module `\_90_alumacc'.
Generating RTLIL representation for module `\$__div_mod_u'.
Generating RTLIL representation for module `\$__div_mod_trunc'.
Generating RTLIL representation for module `\_90_div'.
Generating RTLIL representation for module `\_90_mod'.
Generating RTLIL representation for module `\$__div_mod_floor'.
Generating RTLIL representation for module `\_90_divfloor'.
Generating RTLIL representation for module `\_90_modfloor'.
Generating RTLIL representation for module `\_90_pow'.
Generating RTLIL representation for module `\_90_pmux'.
Generating RTLIL representation for module `\_90_demux'.
Generating RTLIL representation for module `\_90_lut'.
Successfully finished Verilog frontend.

18.2. Continuing TECHMAP pass.
Using extmapper simplemap for cells of type $adff.
Using extmapper simplemap for cells of type $mux.
Using extmapper simplemap for cells of type $xor.
Using extmapper simplemap for cells of type $and.
Using extmapper simplemap for cells of type $ne.
No more expansions possible.
<suppressed ~212 debug messages>

19. Executing MEMORY pass.

19.1. Executing OPT_MEM pass (optimize memories).
Performed a total of 0 transformations.

19.2. Executing OPT_MEM_PRIORITY pass (removing unnecessary memory write priority relations).
Performed a total of 0 transformations.

19.3. Executing OPT_MEM_FEEDBACK pass (finding memory read-to-write feedback paths).

19.4. Executing MEMORY_BMUX2ROM pass (converting muxes to ROMs).

19.5. Executing MEMORY_DFF pass (merging $dff cells to $memrd).

19.6. Executing OPT_CLEAN pass (remove unused cells and wires).
Finding unused cells or wires in module \eth_crc..
Removed 0 unused cells and 1 unused wires.
<suppressed ~1 debug messages>

19.7. Executing MEMORY_SHARE pass (consolidating $memrd/$memwr cells).

19.8. Executing OPT_MEM_WIDEN pass (optimize memories where all ports are wide).
Performed a total of 0 transformations.

19.9. Executing OPT_CLEAN pass (remove unused cells and wires).
Finding unused cells or wires in module \eth_crc..

19.10. Executing MEMORY_COLLECT pass (generating $mem cells).

19.11. Executing MEMORY_MAP pass (converting memories to logic and flip-flops).

20. Executing ABC pass (technology mapping using ABC).

20.1. Extracting gate netlist of module `\eth_crc' to `<abc-temp-dir>/input.blif'..
Extracted 231 gates and 271 wires to a netlist network with 38 inputs and 33 outputs.

20.1.1. Executing ABC.
Running ABC command: "<yosys-exe-dir>/yosys-abc" -s -f <abc-temp-dir>/abc.script 2>&1
ABC: ABC command line: "source <abc-temp-dir>/abc.script".
ABC: 
ABC: + read_blif <abc-temp-dir>/input.blif 
ABC: + read_library <abc-temp-dir>/stdcells.genlib 
ABC: Entered genlib library with 13 gates from file "<abc-temp-dir>/stdcells.genlib".
ABC: + strash 
ABC: + dretime 
ABC: + map 
ABC: + write_blif <abc-temp-dir>/output.blif 

20.1.2. Re-integrating ABC results.
ABC RESULTS:             ORNOT cells:        6
ABC RESULTS:              NAND cells:        6
ABC RESULTS:              XNOR cells:        9
ABC RESULTS:            ANDNOT cells:       15
ABC RESULTS:               XOR cells:       54
ABC RESULTS:                OR cells:       51
ABC RESULTS:        internal signals:      200
ABC RESULTS:           input signals:       38
ABC RESULTS:          output signals:       33
Removing temp directory.

21. Executing ASYNC2SYNC pass.
Replacing eth_crc.$auto$ff.cc:266:slice$1151 ($_DFF_PP1_): ARST=\Reset, D=$0\Crc[31:0] [7], Q=\Crc [7]
Replacing eth_crc.$auto$ff.cc:266:slice$1152 ($_DFF_PP1_): ARST=\Reset, D=$0\Crc[31:0] [8], Q=\Crc [8]
Replacing eth_crc.$auto$ff.cc:266:slice$1153 ($_DFF_PP1_): ARST=\Reset, D=$0\Crc[31:0] [9], Q=\Crc [9]
Replacing eth_crc.$auto$ff.cc:266:slice$1154 ($_DFF_PP1_): ARST=\Reset, D=$0\Crc[31:0] [10], Q=\Crc [10]
Replacing eth_crc.$auto$ff.cc:266:slice$1155 ($_DFF_PP1_): ARST=\Reset, D=$0\Crc[31:0] [11], Q=\Crc [11]
Replacing eth_crc.$auto$ff.cc:266:slice$1156 ($_DFF_PP1_): ARST=\Reset, D=$0\Crc[31:0] [12], Q=\Crc [12]
Replacing eth_crc.$auto$ff.cc:266:slice$1157 ($_DFF_PP1_): ARST=\Reset, D=$0\Crc[31:0] [13], Q=\Crc [13]
Replacing eth_crc.$auto$ff.cc:266:slice$1158 ($_DFF_PP1_): ARST=\Reset, D=$0\Crc[31:0] [14], Q=\Crc [14]
Replacing eth_crc.$auto$ff.cc:266:slice$1159 ($_DFF_PP1_): ARST=\Reset, D=$0\Crc[31:0] [15], Q=\Crc [15]
Replacing eth_crc.$auto$ff.cc:266:slice$1160 ($_DFF_PP1_): ARST=\Reset, D=$0\Crc[31:0] [16], Q=\Crc [16]
Replacing eth_crc.$auto$ff.cc:266:slice$1161 ($_DFF_PP1_): ARST=\Reset, D=$0\Crc[31:0] [17], Q=\Crc [17]
Replacing eth_crc.$auto$ff.cc:266:slice$1162 ($_DFF_PP1_): ARST=\Reset, D=$0\Crc[31:0] [18], Q=\Crc [18]
Replacing eth_crc.$auto$ff.cc:266:slice$1163 ($_DFF_PP1_): ARST=\Reset, D=$0\Crc[31:0] [19], Q=\Crc [19]
Replacing eth_crc.$auto$ff.cc:266:slice$1164 ($_DFF_PP1_): ARST=\Reset, D=$0\Crc[31:0] [20], Q=\Crc [20]
Replacing eth_crc.$auto$ff.cc:266:slice$1165 ($_DFF_PP1_): ARST=\Reset, D=$0\Crc[31:0] [21], Q=\Crc [21]
Replacing eth_crc.$auto$ff.cc:266:slice$1166 ($_DFF_PP1_): ARST=\Reset, D=$0\Crc[31:0] [22], Q=\Crc [22]
Replacing eth_crc.$auto$ff.cc:266:slice$1167 ($_DFF_PP1_): ARST=\Reset, D=$0\Crc[31:0] [23], Q=\Crc [23]
Replacing eth_crc.$auto$ff.cc:266:slice$1168 ($_DFF_PP1_): ARST=\Reset, D=$0\Crc[31:0] [24], Q=\Crc [24]
Replacing eth_crc.$auto$ff.cc:266:slice$1169 ($_DFF_PP1_): ARST=\Reset, D=$0\Crc[31:0] [25], Q=\Crc [25]
Replacing eth_crc.$auto$ff.cc:266:slice$1170 ($_DFF_PP1_): ARST=\Reset, D=$0\Crc[31:0] [26], Q=\Crc [26]
Replacing eth_crc.$auto$ff.cc:266:slice$1171 ($_DFF_PP1_): ARST=\Reset, D=$0\Crc[31:0] [27], Q=\Crc [27]
Replacing eth_crc.$auto$ff.cc:266:slice$1172 ($_DFF_PP1_): ARST=\Reset, D=$0\Crc[31:0] [28], Q=\Crc [28]
Replacing eth_crc.$auto$ff.cc:266:slice$1173 ($_DFF_PP1_): ARST=\Reset, D=$0\Crc[31:0] [29], Q=\Crc [29]
Replacing eth_crc.$auto$ff.cc:266:slice$1174 ($_DFF_PP1_): ARST=\Reset, D=$0\Crc[31:0] [30], Q=\Crc [30]
Replacing eth_crc.$auto$ff.cc:266:slice$1175 ($_DFF_PP1_): ARST=\Reset, D=$0\Crc[31:0] [31], Q=\Crc [31]
Replacing eth_crc.$auto$ff.cc:266:slice$1144 ($_DFF_PP1_): ARST=\Reset, D=$0\Crc[31:0] [0], Q=\Crc [0]
Replacing eth_crc.$auto$ff.cc:266:slice$1145 ($_DFF_PP1_): ARST=\Reset, D=$0\Crc[31:0] [1], Q=\Crc [1]
Replacing eth_crc.$auto$ff.cc:266:slice$1146 ($_DFF_PP1_): ARST=\Reset, D=$0\Crc[31:0] [2], Q=\Crc [2]
Replacing eth_crc.$auto$ff.cc:266:slice$1147 ($_DFF_PP1_): ARST=\Reset, D=$0\Crc[31:0] [3], Q=\Crc [3]
Replacing eth_crc.$auto$ff.cc:266:slice$1148 ($_DFF_PP1_): ARST=\Reset, D=$0\Crc[31:0] [4], Q=\Crc [4]
Replacing eth_crc.$auto$ff.cc:266:slice$1149 ($_DFF_PP1_): ARST=\Reset, D=$0\Crc[31:0] [5], Q=\Crc [5]
Replacing eth_crc.$auto$ff.cc:266:slice$1150 ($_DFF_PP1_): ARST=\Reset, D=$0\Crc[31:0] [6], Q=\Crc [6]

22. Executing DFFUNMAP pass (unmap clock enable and synchronous reset from FFs).

23. Executing AIGMAP pass (map logic to AIG).
Module eth_crc: replaced 205 cells with 1162 new cells, skipped 32 cells.
  replaced 7 cell types:
       6 $_NAND_
      51 $_OR_
      54 $_XOR_
       9 $_XNOR_
      15 $_ANDNOT_
       6 $_ORNOT_
      64 $_MUX_
  not replaced 1 cell types:
      32 $_DFF_P_

24. Printing statistics.

=== eth_crc ===

   Number of wires:               1527
   Number of wire bits:           1680
   Number of public wires:           8
   Number of public wire bits:      73
   Number of memories:               0
   Number of memory bits:            0
   Number of processes:              0
   Number of cells:               1194
     $_AND_                        459
     $_DFF_P_                       32
     $_NOT_                        703

25. Executing AIGER backend.

End of script. Logfile hash: db98e887da, CPU: user 1.66s system 0.08s, MEM: 47.88 MB peak
Yosys 0.35+24 (git sha1 032fab1f5, clang 15.0.7 -fPIC -Os)
Time spent: 78% 2x read_liberty (1 sec), 10% 1x abc (0 sec), ...
./aigtodot ./graphs/eth_crc/eth_crc.aig ./graphs/eth_crc/eth_crc.dot
yosys -c aig_gen.tcl | tee ./graphs/bsg_mux_segmented_segments_p8_segment_width_p8/aig_gen.log

 /----------------------------------------------------------------------------\
 |                                                                            |
 |  yosys -- Yosys Open SYnthesis Suite                                       |
 |                                                                            |
 |  Copyright (C) 2012 - 2020  Claire Xenia Wolf <claire@yosyshq.com>         |
 |                                                                            |
 |  Permission to use, copy, modify, and/or distribute this software for any  |
 |  purpose with or without fee is hereby granted, provided that the above    |
 |  copyright notice and this permission notice appear in all copies.         |
 |                                                                            |
 |  THE SOFTWARE IS PROVIDED "AS IS" AND THE AUTHOR DISCLAIMS ALL WARRANTIES  |
 |  WITH REGARD TO THIS SOFTWARE INCLUDING ALL IMPLIED WARRANTIES OF          |
 |  MERCHANTABILITY AND FITNESS. IN NO EVENT SHALL THE AUTHOR BE LIABLE FOR   |
 |  ANY SPECIAL, DIRECT, INDIRECT, OR CONSEQUENTIAL DAMAGES OR ANY DAMAGES    |
 |  WHATSOEVER RESULTING FROM LOSS OF USE, DATA OR PROFITS, WHETHER IN AN     |
 |  ACTION OF CONTRACT, NEGLIGENCE OR OTHER TORTIOUS ACTION, ARISING OUT OF   |
 |  OR IN CONNECTION WITH THE USE OR PERFORMANCE OF THIS SOFTWARE.            |
 |                                                                            |
 \----------------------------------------------------------------------------/

 Yosys 0.35+24 (git sha1 032fab1f5, clang 15.0.7 -fPIC -Os)

1. Executing Liberty frontend: /opt/riscv/cad/lib/sky130_osu_sc_t12/12T_hs/lib/sky130_osu_sc_12T_hs_tt_1P20_25C.ccs.lib
Imported 55 cell types from liberty file.

2. Executing Verilog-2005 frontend: /home/qualcomm_clinic/RTL/OpenABC/leaf_level_verilog/nangate45/black_parrot/bp_be_dcache_lce_cmd_num_cce_p1_num_lce_p2_paddr_width_p22_lce_data_width_p512_sets_p64_ways_p8_data_width_p64.v
Parsing SystemVerilog input from `/home/qualcomm_clinic/RTL/OpenABC/leaf_level_verilog/nangate45/black_parrot/bp_be_dcache_lce_cmd_num_cce_p1_num_lce_p2_paddr_width_p22_lce_data_width_p512_sets_p64_ways_p8_data_width_p64.v' to AST representation.
Generating RTLIL representation for module `\bp_be_dcache_lce_cmd_num_cce_p1_num_lce_p2_paddr_width_p22_lce_data_width_p512_sets_p64_ways_p8_data_width_p64'.
Successfully finished Verilog frontend.

3. Executing Verilog-2005 frontend: /home/qualcomm_clinic/RTL/OpenABC/leaf_level_verilog/nangate45/black_parrot/bp_be_dcache_lce_data_cmd_num_cce_p1_num_lce_p2_data_width_p64_paddr_width_p22_lce_data_width_p512_ways_p8_sets_p64.v
Parsing SystemVerilog input from `/home/qualcomm_clinic/RTL/OpenABC/leaf_level_verilog/nangate45/black_parrot/bp_be_dcache_lce_data_cmd_num_cce_p1_num_lce_p2_data_width_p64_paddr_width_p22_lce_data_width_p512_ways_p8_sets_p64.v' to AST representation.
Generating RTLIL representation for module `\bp_be_dcache_lce_data_cmd_num_cce_p1_num_lce_p2_data_width_p64_paddr_width_p22_lce_data_width_p512_ways_p8_sets_p64'.
Successfully finished Verilog frontend.

4. Executing Verilog-2005 frontend: /home/qualcomm_clinic/RTL/OpenABC/leaf_level_verilog/nangate45/black_parrot/bp_be_dcache_lce_req_data_width_p64_paddr_width_p22_num_cce_p1_num_lce_p2_ways_p8_sets_p64.v
Parsing SystemVerilog input from `/home/qualcomm_clinic/RTL/OpenABC/leaf_level_verilog/nangate45/black_parrot/bp_be_dcache_lce_req_data_width_p64_paddr_width_p22_num_cce_p1_num_lce_p2_ways_p8_sets_p64.v' to AST representation.
Generating RTLIL representation for module `\bp_be_dcache_lce_req_data_width_p64_paddr_width_p22_num_cce_p1_num_lce_p2_ways_p8_sets_p64'.
Warning: reg '\lce_req_o' is assigned in a continuous assignment at /home/qualcomm_clinic/RTL/OpenABC/leaf_level_verilog/nangate45/black_parrot/bp_be_dcache_lce_req_data_width_p64_paddr_width_p22_num_cce_p1_num_lce_p2_ways_p8_sets_p64.v:60.10-60.30.
Warning: reg '\lce_req_o' is assigned in a continuous assignment at /home/qualcomm_clinic/RTL/OpenABC/leaf_level_verilog/nangate45/black_parrot/bp_be_dcache_lce_req_data_width_p64_paddr_width_p22_num_cce_p1_num_lce_p2_ways_p8_sets_p64.v:61.10-61.30.
Warning: reg '\lce_req_o' is assigned in a continuous assignment at /home/qualcomm_clinic/RTL/OpenABC/leaf_level_verilog/nangate45/black_parrot/bp_be_dcache_lce_req_data_width_p64_paddr_width_p22_num_cce_p1_num_lce_p2_ways_p8_sets_p64.v:85.10-85.37.
Warning: reg '\lce_req_o' is assigned in a continuous assignment at /home/qualcomm_clinic/RTL/OpenABC/leaf_level_verilog/nangate45/black_parrot/bp_be_dcache_lce_req_data_width_p64_paddr_width_p22_num_cce_p1_num_lce_p2_ways_p8_sets_p64.v:106.10-107.49.
Warning: reg '\lce_req_o' is assigned in a continuous assignment at /home/qualcomm_clinic/RTL/OpenABC/leaf_level_verilog/nangate45/black_parrot/bp_be_dcache_lce_req_data_width_p64_paddr_width_p22_num_cce_p1_num_lce_p2_ways_p8_sets_p64.v:110.10-111.41.
Warning: reg '\lce_req_o' is assigned in a continuous assignment at /home/qualcomm_clinic/RTL/OpenABC/leaf_level_verilog/nangate45/black_parrot/bp_be_dcache_lce_req_data_width_p64_paddr_width_p22_num_cce_p1_num_lce_p2_ways_p8_sets_p64.v:169.10-169.29.
Successfully finished Verilog frontend.

5. Executing Verilog-2005 frontend: /home/qualcomm_clinic/RTL/OpenABC/leaf_level_verilog/nangate45/black_parrot/bp_be_dcache_lce_tr_num_lce_p2_num_cce_p1_data_width_p64_paddr_width_p22_lce_data_width_p512_ways_p8_sets_p64.v
Parsing SystemVerilog input from `/home/qualcomm_clinic/RTL/OpenABC/leaf_level_verilog/nangate45/black_parrot/bp_be_dcache_lce_tr_num_lce_p2_num_cce_p1_data_width_p64_paddr_width_p22_lce_data_width_p512_ways_p8_sets_p64.v' to AST representation.
Generating RTLIL representation for module `\bp_be_dcache_lce_tr_num_lce_p2_num_cce_p1_data_width_p64_paddr_width_p22_lce_data_width_p512_ways_p8_sets_p64'.
Successfully finished Verilog frontend.

6. Executing Verilog-2005 frontend: /home/qualcomm_clinic/RTL/OpenABC/leaf_level_verilog/nangate45/black_parrot/bp_be_dcache_lru_decode_ways_p8.v
Parsing SystemVerilog input from `/home/qualcomm_clinic/RTL/OpenABC/leaf_level_verilog/nangate45/black_parrot/bp_be_dcache_lru_decode_ways_p8.v' to AST representation.
Generating RTLIL representation for module `\bp_be_dcache_lru_decode_ways_p8'.
Successfully finished Verilog frontend.

7. Executing Verilog-2005 frontend: /home/qualcomm_clinic/RTL/OpenABC/leaf_level_verilog/nangate45/black_parrot/bp_be_dcache_lru_encode_ways_p8.v
Parsing SystemVerilog input from `/home/qualcomm_clinic/RTL/OpenABC/leaf_level_verilog/nangate45/black_parrot/bp_be_dcache_lru_encode_ways_p8.v' to AST representation.
Generating RTLIL representation for module `\bp_be_dcache_lru_encode_ways_p8'.
Successfully finished Verilog frontend.

8. Executing Verilog-2005 frontend: /home/qualcomm_clinic/RTL/OpenABC/leaf_level_verilog/nangate45/black_parrot/bp_be_dcache_wbuf_queue_width_p97.v
Parsing SystemVerilog input from `/home/qualcomm_clinic/RTL/OpenABC/leaf_level_verilog/nangate45/black_parrot/bp_be_dcache_wbuf_queue_width_p97.v' to AST representation.
Generating RTLIL representation for module `\bp_be_dcache_wbuf_queue_width_p97'.
Successfully finished Verilog frontend.

9. Executing Verilog-2005 frontend: /home/qualcomm_clinic/RTL/OpenABC/leaf_level_verilog/nangate45/black_parrot/bp_be_detector_vaddr_width_p56_paddr_width_p22_asid_width_p10_branch_metadata_fwd_width_p36.v
Parsing SystemVerilog input from `/home/qualcomm_clinic/RTL/OpenABC/leaf_level_verilog/nangate45/black_parrot/bp_be_detector_vaddr_width_p56_paddr_width_p22_asid_width_p10_branch_metadata_fwd_width_p36.v' to AST representation.
Generating RTLIL representation for module `\bp_be_detector_vaddr_width_p56_paddr_width_p22_asid_width_p10_branch_metadata_fwd_width_p36'.
Successfully finished Verilog frontend.

10. Executing Verilog-2005 frontend: /home/qualcomm_clinic/RTL/OpenABC/leaf_level_verilog/nangate45/black_parrot/bp_be_instr_decoder.v
Parsing SystemVerilog input from `/home/qualcomm_clinic/RTL/OpenABC/leaf_level_verilog/nangate45/black_parrot/bp_be_instr_decoder.v' to AST representation.
Generating RTLIL representation for module `\bp_be_instr_decoder'.
Successfully finished Verilog frontend.

11. Executing Verilog-2005 frontend: /home/qualcomm_clinic/RTL/OpenABC/leaf_level_verilog/nangate45/black_parrot/bp_be_int_alu.v
Parsing SystemVerilog input from `/home/qualcomm_clinic/RTL/OpenABC/leaf_level_verilog/nangate45/black_parrot/bp_be_int_alu.v' to AST representation.
Generating RTLIL representation for module `\bp_be_int_alu'.
Successfully finished Verilog frontend.

12. Executing Verilog-2005 frontend: /home/qualcomm_clinic/RTL/OpenABC/leaf_level_verilog/nangate45/black_parrot/bp_be_pipe_fp.v
Parsing SystemVerilog input from `/home/qualcomm_clinic/RTL/OpenABC/leaf_level_verilog/nangate45/black_parrot/bp_be_pipe_fp.v' to AST representation.
Generating RTLIL representation for module `\bp_be_pipe_fp'.
Successfully finished Verilog frontend.

13. Executing Verilog-2005 frontend: /home/qualcomm_clinic/RTL/OpenABC/leaf_level_verilog/nangate45/black_parrot/bp_be_pipe_mem_vaddr_width_p56_lce_sets_p64_cce_block_size_in_bytes_p64.v
Parsing SystemVerilog input from `/home/qualcomm_clinic/RTL/OpenABC/leaf_level_verilog/nangate45/black_parrot/bp_be_pipe_mem_vaddr_width_p56_lce_sets_p64_cce_block_size_in_bytes_p64.v' to AST representation.
Generating RTLIL representation for module `\bp_be_pipe_mem_vaddr_width_p56_lce_sets_p64_cce_block_size_in_bytes_p64'.
Successfully finished Verilog frontend.

14. Executing Verilog-2005 frontend: /home/qualcomm_clinic/RTL/OpenABC/leaf_level_verilog/nangate45/black_parrot/bp_be_pipe_mul.v
Parsing SystemVerilog input from `/home/qualcomm_clinic/RTL/OpenABC/leaf_level_verilog/nangate45/black_parrot/bp_be_pipe_mul.v' to AST representation.
Generating RTLIL representation for module `\bp_be_pipe_mul'.
Successfully finished Verilog frontend.

15. Executing Verilog-2005 frontend: /home/qualcomm_clinic/RTL/OpenABC/leaf_level_verilog/nangate45/black_parrot/bp_cce_alu_width_p16.v
Parsing SystemVerilog input from `/home/qualcomm_clinic/RTL/OpenABC/leaf_level_verilog/nangate45/black_parrot/bp_cce_alu_width_p16.v' to AST representation.
Generating RTLIL representation for module `\bp_cce_alu_width_p16'.
Successfully finished Verilog frontend.

16. Executing Verilog-2005 frontend: /home/qualcomm_clinic/RTL/OpenABC/leaf_level_verilog/nangate45/black_parrot/bp_cce_inst_decode_inst_width_p95_inst_addr_width_p8.v
Parsing SystemVerilog input from `/home/qualcomm_clinic/RTL/OpenABC/leaf_level_verilog/nangate45/black_parrot/bp_cce_inst_decode_inst_width_p95_inst_addr_width_p8.v' to AST representation.
Generating RTLIL representation for module `\bp_cce_inst_decode_inst_width_p95_inst_addr_width_p8'.
Successfully finished Verilog frontend.

17. Executing Verilog-2005 frontend: /home/qualcomm_clinic/RTL/OpenABC/leaf_level_verilog/nangate45/black_parrot/bp_cce_inst_rom_width_p95_addr_width_p8.v
Parsing SystemVerilog input from `/home/qualcomm_clinic/RTL/OpenABC/leaf_level_verilog/nangate45/black_parrot/bp_cce_inst_rom_width_p95_addr_width_p8.v' to AST representation.
Generating RTLIL representation for module `\bp_cce_inst_rom_width_p95_addr_width_p8'.
Successfully finished Verilog frontend.

18. Executing Verilog-2005 frontend: /home/qualcomm_clinic/RTL/OpenABC/leaf_level_verilog/nangate45/black_parrot/bp_cce_reg_num_lce_p2_num_cce_p1_addr_width_p22_lce_assoc_p8_lce_sets_p64_block_size_in_bytes_p64.v
Parsing SystemVerilog input from `/home/qualcomm_clinic/RTL/OpenABC/leaf_level_verilog/nangate45/black_parrot/bp_cce_reg_num_lce_p2_num_cce_p1_addr_width_p22_lce_assoc_p8_lce_sets_p64_block_size_in_bytes_p64.v' to AST representation.
Generating RTLIL representation for module `\bp_cce_reg_num_lce_p2_num_cce_p1_addr_width_p22_lce_assoc_p8_lce_sets_p64_block_size_in_bytes_p64'.
Successfully finished Verilog frontend.

19. Executing Verilog-2005 frontend: /home/qualcomm_clinic/RTL/OpenABC/leaf_level_verilog/nangate45/black_parrot/bp_fe_bht_bht_indx_width_p5.v
Parsing SystemVerilog input from `/home/qualcomm_clinic/RTL/OpenABC/leaf_level_verilog/nangate45/black_parrot/bp_fe_bht_bht_indx_width_p5.v' to AST representation.
Generating RTLIL representation for module `\bp_fe_bht_bht_indx_width_p5'.
Successfully finished Verilog frontend.

20. Executing Verilog-2005 frontend: /home/qualcomm_clinic/RTL/OpenABC/leaf_level_verilog/nangate45/black_parrot/bp_fe_lce_cmd_data_width_p64_lce_data_width_p512_lce_addr_width_p22_lce_sets_p64_ways_p8_tag_width_p10_num_cce_p1_num_lce_p2_block_size_in_bytes_p8.v
Parsing SystemVerilog input from `/home/qualcomm_clinic/RTL/OpenABC/leaf_level_verilog/nangate45/black_parrot/bp_fe_lce_cmd_data_width_p64_lce_data_width_p512_lce_addr_width_p22_lce_sets_p64_ways_p8_tag_width_p10_num_cce_p1_num_lce_p2_block_size_in_bytes_p8.v' to AST representation.
Generating RTLIL representation for module `\bp_fe_lce_cmd_data_width_p64_lce_data_width_p512_lce_addr_width_p22_lce_sets_p64_ways_p8_tag_width_p10_num_cce_p1_num_lce_p2_block_size_in_bytes_p8'.
Successfully finished Verilog frontend.

21. Executing Verilog-2005 frontend: /home/qualcomm_clinic/RTL/OpenABC/leaf_level_verilog/nangate45/black_parrot/bp_fe_lce_data_cmd_data_width_p64_lce_addr_width_p22_lce_data_width_p512_num_cce_p1_num_lce_p2_lce_sets_p64_ways_p8_block_size_in_bytes_p8.v
Parsing SystemVerilog input from `/home/qualcomm_clinic/RTL/OpenABC/leaf_level_verilog/nangate45/black_parrot/bp_fe_lce_data_cmd_data_width_p64_lce_addr_width_p22_lce_data_width_p512_num_cce_p1_num_lce_p2_lce_sets_p64_ways_p8_block_size_in_bytes_p8.v' to AST representation.
Generating RTLIL representation for module `\bp_fe_lce_data_cmd_data_width_p64_lce_addr_width_p22_lce_data_width_p512_num_cce_p1_num_lce_p2_lce_sets_p64_ways_p8_block_size_in_bytes_p8'.
Successfully finished Verilog frontend.

22. Executing Verilog-2005 frontend: /home/qualcomm_clinic/RTL/OpenABC/leaf_level_verilog/nangate45/black_parrot/bp_fe_lce_req_data_width_p64_lce_addr_width_p22_num_cce_p1_num_lce_p2_lce_sets_p64_ways_p8_block_size_in_bytes_p8.v
Parsing SystemVerilog input from `/home/qualcomm_clinic/RTL/OpenABC/leaf_level_verilog/nangate45/black_parrot/bp_fe_lce_req_data_width_p64_lce_addr_width_p22_num_cce_p1_num_lce_p2_lce_sets_p64_ways_p8_block_size_in_bytes_p8.v' to AST representation.
Generating RTLIL representation for module `\bp_fe_lce_req_data_width_p64_lce_addr_width_p22_num_cce_p1_num_lce_p2_lce_sets_p64_ways_p8_block_size_in_bytes_p8'.
Warning: reg '\lce_resp_o' is assigned in a continuous assignment at /home/qualcomm_clinic/RTL/OpenABC/leaf_level_verilog/nangate45/black_parrot/bp_fe_lce_req_data_width_p64_lce_addr_width_p22_num_cce_p1_num_lce_p2_lce_sets_p64_ways_p8_block_size_in_bytes_p8.v:52.10-52.31.
Warning: reg '\lce_req_o' is assigned in a continuous assignment at /home/qualcomm_clinic/RTL/OpenABC/leaf_level_verilog/nangate45/black_parrot/bp_fe_lce_req_data_width_p64_lce_addr_width_p22_num_cce_p1_num_lce_p2_lce_sets_p64_ways_p8_block_size_in_bytes_p8.v:53.10-53.40.
Warning: reg '\lce_req_o' is assigned in a continuous assignment at /home/qualcomm_clinic/RTL/OpenABC/leaf_level_verilog/nangate45/black_parrot/bp_fe_lce_req_data_width_p64_lce_addr_width_p22_num_cce_p1_num_lce_p2_lce_sets_p64_ways_p8_block_size_in_bytes_p8.v:54.10-54.40.
Warning: reg '\lce_req_o' is assigned in a continuous assignment at /home/qualcomm_clinic/RTL/OpenABC/leaf_level_verilog/nangate45/black_parrot/bp_fe_lce_req_data_width_p64_lce_addr_width_p22_num_cce_p1_num_lce_p2_lce_sets_p64_ways_p8_block_size_in_bytes_p8.v:55.10-55.40.
Warning: reg '\lce_req_o' is assigned in a continuous assignment at /home/qualcomm_clinic/RTL/OpenABC/leaf_level_verilog/nangate45/black_parrot/bp_fe_lce_req_data_width_p64_lce_addr_width_p22_num_cce_p1_num_lce_p2_lce_sets_p64_ways_p8_block_size_in_bytes_p8.v:56.10-56.40.
Warning: reg '\lce_req_o' is assigned in a continuous assignment at /home/qualcomm_clinic/RTL/OpenABC/leaf_level_verilog/nangate45/black_parrot/bp_fe_lce_req_data_width_p64_lce_addr_width_p22_num_cce_p1_num_lce_p2_lce_sets_p64_ways_p8_block_size_in_bytes_p8.v:57.10-57.40.
Warning: reg '\lce_req_o' is assigned in a continuous assignment at /home/qualcomm_clinic/RTL/OpenABC/leaf_level_verilog/nangate45/black_parrot/bp_fe_lce_req_data_width_p64_lce_addr_width_p22_num_cce_p1_num_lce_p2_lce_sets_p64_ways_p8_block_size_in_bytes_p8.v:58.10-58.40.
Warning: reg '\lce_req_o' is assigned in a continuous assignment at /home/qualcomm_clinic/RTL/OpenABC/leaf_level_verilog/nangate45/black_parrot/bp_fe_lce_req_data_width_p64_lce_addr_width_p22_num_cce_p1_num_lce_p2_lce_sets_p64_ways_p8_block_size_in_bytes_p8.v:59.10-59.40.
Warning: reg '\lce_req_o' is assigned in a continuous assignment at /home/qualcomm_clinic/RTL/OpenABC/leaf_level_verilog/nangate45/black_parrot/bp_fe_lce_req_data_width_p64_lce_addr_width_p22_num_cce_p1_num_lce_p2_lce_sets_p64_ways_p8_block_size_in_bytes_p8.v:60.10-60.40.
Warning: reg '\lce_req_o' is assigned in a continuous assignment at /home/qualcomm_clinic/RTL/OpenABC/leaf_level_verilog/nangate45/black_parrot/bp_fe_lce_req_data_width_p64_lce_addr_width_p22_num_cce_p1_num_lce_p2_lce_sets_p64_ways_p8_block_size_in_bytes_p8.v:61.10-61.40.
Warning: reg '\lce_req_o' is assigned in a continuous assignment at /home/qualcomm_clinic/RTL/OpenABC/leaf_level_verilog/nangate45/black_parrot/bp_fe_lce_req_data_width_p64_lce_addr_width_p22_num_cce_p1_num_lce_p2_lce_sets_p64_ways_p8_block_size_in_bytes_p8.v:62.10-62.40.
Warning: reg '\lce_req_o' is assigned in a continuous assignment at /home/qualcomm_clinic/RTL/OpenABC/leaf_level_verilog/nangate45/black_parrot/bp_fe_lce_req_data_width_p64_lce_addr_width_p22_num_cce_p1_num_lce_p2_lce_sets_p64_ways_p8_block_size_in_bytes_p8.v:63.10-63.40.
Warning: reg '\lce_req_o' is assigned in a continuous assignment at /home/qualcomm_clinic/RTL/OpenABC/leaf_level_verilog/nangate45/black_parrot/bp_fe_lce_req_data_width_p64_lce_addr_width_p22_num_cce_p1_num_lce_p2_lce_sets_p64_ways_p8_block_size_in_bytes_p8.v:64.10-64.40.
Warning: reg '\lce_req_o' is assigned in a continuous assignment at /home/qualcomm_clinic/RTL/OpenABC/leaf_level_verilog/nangate45/black_parrot/bp_fe_lce_req_data_width_p64_lce_addr_width_p22_num_cce_p1_num_lce_p2_lce_sets_p64_ways_p8_block_size_in_bytes_p8.v:65.10-65.40.
Warning: reg '\lce_req_o' is assigned in a continuous assignment at /home/qualcomm_clinic/RTL/OpenABC/leaf_level_verilog/nangate45/black_parrot/bp_fe_lce_req_data_width_p64_lce_addr_width_p22_num_cce_p1_num_lce_p2_lce_sets_p64_ways_p8_block_size_in_bytes_p8.v:66.10-66.39.
Warning: reg '\lce_req_o' is assigned in a continuous assignment at /home/qualcomm_clinic/RTL/OpenABC/leaf_level_verilog/nangate45/black_parrot/bp_fe_lce_req_data_width_p64_lce_addr_width_p22_num_cce_p1_num_lce_p2_lce_sets_p64_ways_p8_block_size_in_bytes_p8.v:67.10-67.39.
Warning: reg '\lce_req_o' is assigned in a continuous assignment at /home/qualcomm_clinic/RTL/OpenABC/leaf_level_verilog/nangate45/black_parrot/bp_fe_lce_req_data_width_p64_lce_addr_width_p22_num_cce_p1_num_lce_p2_lce_sets_p64_ways_p8_block_size_in_bytes_p8.v:68.10-68.39.
Warning: reg '\lce_req_o' is assigned in a continuous assignment at /home/qualcomm_clinic/RTL/OpenABC/leaf_level_verilog/nangate45/black_parrot/bp_fe_lce_req_data_width_p64_lce_addr_width_p22_num_cce_p1_num_lce_p2_lce_sets_p64_ways_p8_block_size_in_bytes_p8.v:69.10-69.39.
Warning: reg '\lce_req_o' is assigned in a continuous assignment at /home/qualcomm_clinic/RTL/OpenABC/leaf_level_verilog/nangate45/black_parrot/bp_fe_lce_req_data_width_p64_lce_addr_width_p22_num_cce_p1_num_lce_p2_lce_sets_p64_ways_p8_block_size_in_bytes_p8.v:70.10-70.38.
Warning: reg '\lce_req_o' is assigned in a continuous assignment at /home/qualcomm_clinic/RTL/OpenABC/leaf_level_verilog/nangate45/black_parrot/bp_fe_lce_req_data_width_p64_lce_addr_width_p22_num_cce_p1_num_lce_p2_lce_sets_p64_ways_p8_block_size_in_bytes_p8.v:71.10-71.38.
Warning: reg '\lce_req_o' is assigned in a continuous assignment at /home/qualcomm_clinic/RTL/OpenABC/leaf_level_verilog/nangate45/black_parrot/bp_fe_lce_req_data_width_p64_lce_addr_width_p22_num_cce_p1_num_lce_p2_lce_sets_p64_ways_p8_block_size_in_bytes_p8.v:72.10-72.38.
Warning: reg '\lce_req_o' is assigned in a continuous assignment at /home/qualcomm_clinic/RTL/OpenABC/leaf_level_verilog/nangate45/black_parrot/bp_fe_lce_req_data_width_p64_lce_addr_width_p22_num_cce_p1_num_lce_p2_lce_sets_p64_ways_p8_block_size_in_bytes_p8.v:73.10-73.38.
Warning: reg '\lce_req_o' is assigned in a continuous assignment at /home/qualcomm_clinic/RTL/OpenABC/leaf_level_verilog/nangate45/black_parrot/bp_fe_lce_req_data_width_p64_lce_addr_width_p22_num_cce_p1_num_lce_p2_lce_sets_p64_ways_p8_block_size_in_bytes_p8.v:74.10-74.38.
Warning: reg '\lce_req_o' is assigned in a continuous assignment at /home/qualcomm_clinic/RTL/OpenABC/leaf_level_verilog/nangate45/black_parrot/bp_fe_lce_req_data_width_p64_lce_addr_width_p22_num_cce_p1_num_lce_p2_lce_sets_p64_ways_p8_block_size_in_bytes_p8.v:75.10-75.38.
Warning: reg '\lce_req_o' is assigned in a continuous assignment at /home/qualcomm_clinic/RTL/OpenABC/leaf_level_verilog/nangate45/black_parrot/bp_fe_lce_req_data_width_p64_lce_addr_width_p22_num_cce_p1_num_lce_p2_lce_sets_p64_ways_p8_block_size_in_bytes_p8.v:76.10-76.29.
Warning: reg '\lce_req_o' is assigned in a continuous assignment at /home/qualcomm_clinic/RTL/OpenABC/leaf_level_verilog/nangate45/black_parrot/bp_fe_lce_req_data_width_p64_lce_addr_width_p22_num_cce_p1_num_lce_p2_lce_sets_p64_ways_p8_block_size_in_bytes_p8.v:77.10-77.30.
Warning: reg '\lce_req_o' is assigned in a continuous assignment at /home/qualcomm_clinic/RTL/OpenABC/leaf_level_verilog/nangate45/black_parrot/bp_fe_lce_req_data_width_p64_lce_addr_width_p22_num_cce_p1_num_lce_p2_lce_sets_p64_ways_p8_block_size_in_bytes_p8.v:78.10-78.30.
Warning: reg '\lce_req_o' is assigned in a continuous assignment at /home/qualcomm_clinic/RTL/OpenABC/leaf_level_verilog/nangate45/black_parrot/bp_fe_lce_req_data_width_p64_lce_addr_width_p22_num_cce_p1_num_lce_p2_lce_sets_p64_ways_p8_block_size_in_bytes_p8.v:79.10-79.33.
Warning: reg '\lce_resp_o' is assigned in a continuous assignment at /home/qualcomm_clinic/RTL/OpenABC/leaf_level_verilog/nangate45/black_parrot/bp_fe_lce_req_data_width_p64_lce_addr_width_p22_num_cce_p1_num_lce_p2_lce_sets_p64_ways_p8_block_size_in_bytes_p8.v:80.10-80.34.
Warning: reg '\lce_resp_o' is assigned in a continuous assignment at /home/qualcomm_clinic/RTL/OpenABC/leaf_level_verilog/nangate45/black_parrot/bp_fe_lce_req_data_width_p64_lce_addr_width_p22_num_cce_p1_num_lce_p2_lce_sets_p64_ways_p8_block_size_in_bytes_p8.v:141.10-146.45.
Successfully finished Verilog frontend.

23. Executing Verilog-2005 frontend: /home/qualcomm_clinic/RTL/OpenABC/leaf_level_verilog/nangate45/black_parrot/bp_fe_lce_tr_resp_in_data_width_p64_lce_data_width_p512_lce_addr_width_p22_lce_sets_p64_ways_p8_num_cce_p1_num_lce_p2_block_size_in_bytes_p8.v
Parsing SystemVerilog input from `/home/qualcomm_clinic/RTL/OpenABC/leaf_level_verilog/nangate45/black_parrot/bp_fe_lce_tr_resp_in_data_width_p64_lce_data_width_p512_lce_addr_width_p22_lce_sets_p64_ways_p8_num_cce_p1_num_lce_p2_block_size_in_bytes_p8.v' to AST representation.
Generating RTLIL representation for module `\bp_fe_lce_tr_resp_in_data_width_p64_lce_data_width_p512_lce_addr_width_p22_lce_sets_p64_ways_p8_num_cce_p1_num_lce_p2_block_size_in_bytes_p8'.
Successfully finished Verilog frontend.

24. Executing Verilog-2005 frontend: /home/qualcomm_clinic/RTL/OpenABC/leaf_level_verilog/nangate45/black_parrot/bsg_circular_ptr_slots_p32_max_add_p1.v
Parsing SystemVerilog input from `/home/qualcomm_clinic/RTL/OpenABC/leaf_level_verilog/nangate45/black_parrot/bsg_circular_ptr_slots_p32_max_add_p1.v' to AST representation.
Generating RTLIL representation for module `\bsg_circular_ptr_slots_p32_max_add_p1'.
Successfully finished Verilog frontend.

25. Executing Verilog-2005 frontend: /home/qualcomm_clinic/RTL/OpenABC/leaf_level_verilog/nangate45/black_parrot/bsg_circular_ptr_slots_p32_max_add_p31.v
Parsing SystemVerilog input from `/home/qualcomm_clinic/RTL/OpenABC/leaf_level_verilog/nangate45/black_parrot/bsg_circular_ptr_slots_p32_max_add_p31.v' to AST representation.
Generating RTLIL representation for module `\bsg_circular_ptr_slots_p32_max_add_p31'.
Successfully finished Verilog frontend.

26. Executing Verilog-2005 frontend: /home/qualcomm_clinic/RTL/OpenABC/leaf_level_verilog/nangate45/black_parrot/bsg_circular_ptr_slots_p8_max_add_p1.v
Parsing SystemVerilog input from `/home/qualcomm_clinic/RTL/OpenABC/leaf_level_verilog/nangate45/black_parrot/bsg_circular_ptr_slots_p8_max_add_p1.v' to AST representation.
Generating RTLIL representation for module `\bsg_circular_ptr_slots_p8_max_add_p1'.
Successfully finished Verilog frontend.

27. Executing Verilog-2005 frontend: /home/qualcomm_clinic/RTL/OpenABC/leaf_level_verilog/nangate45/black_parrot/bsg_decode_num_out_p2.v
Parsing SystemVerilog input from `/home/qualcomm_clinic/RTL/OpenABC/leaf_level_verilog/nangate45/black_parrot/bsg_decode_num_out_p2.v' to AST representation.
Generating RTLIL representation for module `\bsg_decode_num_out_p2'.
Successfully finished Verilog frontend.

28. Executing Verilog-2005 frontend: /home/qualcomm_clinic/RTL/OpenABC/leaf_level_verilog/nangate45/black_parrot/bsg_decode_num_out_p8.v
Parsing SystemVerilog input from `/home/qualcomm_clinic/RTL/OpenABC/leaf_level_verilog/nangate45/black_parrot/bsg_decode_num_out_p8.v' to AST representation.
Generating RTLIL representation for module `\bsg_decode_num_out_p8'.
Successfully finished Verilog frontend.

29. Executing Verilog-2005 frontend: /home/qualcomm_clinic/RTL/OpenABC/leaf_level_verilog/nangate45/black_parrot/bsg_dff_en_width_p36.v
Parsing SystemVerilog input from `/home/qualcomm_clinic/RTL/OpenABC/leaf_level_verilog/nangate45/black_parrot/bsg_dff_en_width_p36.v' to AST representation.
Generating RTLIL representation for module `\bsg_dff_en_width_p36'.
Successfully finished Verilog frontend.

30. Executing Verilog-2005 frontend: /home/qualcomm_clinic/RTL/OpenABC/leaf_level_verilog/nangate45/black_parrot/bsg_dff_en_width_p5.v
Parsing SystemVerilog input from `/home/qualcomm_clinic/RTL/OpenABC/leaf_level_verilog/nangate45/black_parrot/bsg_dff_en_width_p5.v' to AST representation.
Generating RTLIL representation for module `\bsg_dff_en_width_p5'.
Successfully finished Verilog frontend.

31. Executing Verilog-2005 frontend: /home/qualcomm_clinic/RTL/OpenABC/leaf_level_verilog/nangate45/black_parrot/bsg_dff_reset_en_64_80000124.v
Parsing SystemVerilog input from `/home/qualcomm_clinic/RTL/OpenABC/leaf_level_verilog/nangate45/black_parrot/bsg_dff_reset_en_64_80000124.v' to AST representation.
Generating RTLIL representation for module `\bsg_dff_reset_en_64_80000124'.
Successfully finished Verilog frontend.

32. Executing Verilog-2005 frontend: /home/qualcomm_clinic/RTL/OpenABC/leaf_level_verilog/nangate45/black_parrot/bsg_dff_reset_en_width_p1.v
Parsing SystemVerilog input from `/home/qualcomm_clinic/RTL/OpenABC/leaf_level_verilog/nangate45/black_parrot/bsg_dff_reset_en_width_p1.v' to AST representation.
Generating RTLIL representation for module `\bsg_dff_reset_en_width_p1'.
Successfully finished Verilog frontend.

33. Executing Verilog-2005 frontend: /home/qualcomm_clinic/RTL/OpenABC/leaf_level_verilog/nangate45/black_parrot/bsg_dff_reset_en_width_p221.v
Parsing SystemVerilog input from `/home/qualcomm_clinic/RTL/OpenABC/leaf_level_verilog/nangate45/black_parrot/bsg_dff_reset_en_width_p221.v' to AST representation.
Generating RTLIL representation for module `\bsg_dff_reset_en_width_p221'.
Successfully finished Verilog frontend.

34. Executing Verilog-2005 frontend: /home/qualcomm_clinic/RTL/OpenABC/leaf_level_verilog/nangate45/black_parrot/bsg_dff_reset_en_width_p8.v
Parsing SystemVerilog input from `/home/qualcomm_clinic/RTL/OpenABC/leaf_level_verilog/nangate45/black_parrot/bsg_dff_reset_en_width_p8.v' to AST representation.
Generating RTLIL representation for module `\bsg_dff_reset_en_width_p8'.
Successfully finished Verilog frontend.

35. Executing Verilog-2005 frontend: /home/qualcomm_clinic/RTL/OpenABC/leaf_level_verilog/nangate45/black_parrot/bsg_dff_width_p1890.v
Parsing SystemVerilog input from `/home/qualcomm_clinic/RTL/OpenABC/leaf_level_verilog/nangate45/black_parrot/bsg_dff_width_p1890.v' to AST representation.
Generating RTLIL representation for module `\bsg_dff_width_p1890'.
Successfully finished Verilog frontend.

36. Executing Verilog-2005 frontend: /home/qualcomm_clinic/RTL/OpenABC/leaf_level_verilog/nangate45/black_parrot/bsg_dff_width_p35.v
Parsing SystemVerilog input from `/home/qualcomm_clinic/RTL/OpenABC/leaf_level_verilog/nangate45/black_parrot/bsg_dff_width_p35.v' to AST representation.
Generating RTLIL representation for module `\bsg_dff_width_p35'.
Successfully finished Verilog frontend.

37. Executing Verilog-2005 frontend: /home/qualcomm_clinic/RTL/OpenABC/leaf_level_verilog/nangate45/black_parrot/bsg_dff_width_p640.v
Parsing SystemVerilog input from `/home/qualcomm_clinic/RTL/OpenABC/leaf_level_verilog/nangate45/black_parrot/bsg_dff_width_p640.v' to AST representation.
Generating RTLIL representation for module `\bsg_dff_width_p640'.
Successfully finished Verilog frontend.

38. Executing Verilog-2005 frontend: /home/qualcomm_clinic/RTL/OpenABC/leaf_level_verilog/nangate45/black_parrot/bsg_encode_one_hot_width_p1.v
Parsing SystemVerilog input from `/home/qualcomm_clinic/RTL/OpenABC/leaf_level_verilog/nangate45/black_parrot/bsg_encode_one_hot_width_p1.v' to AST representation.
Generating RTLIL representation for module `\bsg_encode_one_hot_width_p1'.
Successfully finished Verilog frontend.

39. Executing Verilog-2005 frontend: /home/qualcomm_clinic/RTL/OpenABC/leaf_level_verilog/nangate45/black_parrot/bsg_mem_1r1w_synth_width_p109_els_p8_read_write_same_addr_p0_harden_p0.v
Parsing SystemVerilog input from `/home/qualcomm_clinic/RTL/OpenABC/leaf_level_verilog/nangate45/black_parrot/bsg_mem_1r1w_synth_width_p109_els_p8_read_write_same_addr_p0_harden_p0.v' to AST representation.
Generating RTLIL representation for module `\bsg_mem_1r1w_synth_width_p109_els_p8_read_write_same_addr_p0_harden_p0'.
Successfully finished Verilog frontend.

40. Executing Verilog-2005 frontend: /home/qualcomm_clinic/RTL/OpenABC/leaf_level_verilog/nangate45/black_parrot/bsg_mem_1r1w_synth_width_p134_els_p16_read_write_same_addr_p0_harden_p0.v
Parsing SystemVerilog input from `/home/qualcomm_clinic/RTL/OpenABC/leaf_level_verilog/nangate45/black_parrot/bsg_mem_1r1w_synth_width_p134_els_p16_read_write_same_addr_p0_harden_p0.v' to AST representation.
Generating RTLIL representation for module `\bsg_mem_1r1w_synth_width_p134_els_p16_read_write_same_addr_p0_harden_p0'.
Successfully finished Verilog frontend.

41. Executing Verilog-2005 frontend: /home/qualcomm_clinic/RTL/OpenABC/leaf_level_verilog/nangate45/black_parrot/bsg_mem_1r1w_synth_width_p26_els_p2_read_write_same_addr_p0_harden_p0.v
Parsing SystemVerilog input from `/home/qualcomm_clinic/RTL/OpenABC/leaf_level_verilog/nangate45/black_parrot/bsg_mem_1r1w_synth_width_p26_els_p2_read_write_same_addr_p0_harden_p0.v' to AST representation.
Generating RTLIL representation for module `\bsg_mem_1r1w_synth_width_p26_els_p2_read_write_same_addr_p0_harden_p0'.
Successfully finished Verilog frontend.

42. Executing Verilog-2005 frontend: /home/qualcomm_clinic/RTL/OpenABC/leaf_level_verilog/nangate45/black_parrot/bsg_mem_1r1w_synth_width_p27_els_p2_read_write_same_addr_p0_harden_p0.v
Parsing SystemVerilog input from `/home/qualcomm_clinic/RTL/OpenABC/leaf_level_verilog/nangate45/black_parrot/bsg_mem_1r1w_synth_width_p27_els_p2_read_write_same_addr_p0_harden_p0.v' to AST representation.
Generating RTLIL representation for module `\bsg_mem_1r1w_synth_width_p27_els_p2_read_write_same_addr_p0_harden_p0'.
Successfully finished Verilog frontend.

43. Executing Verilog-2005 frontend: /home/qualcomm_clinic/RTL/OpenABC/leaf_level_verilog/nangate45/black_parrot/bsg_mem_1r1w_synth_width_p28_els_p2_read_write_same_addr_p0_harden_p0.v
Parsing SystemVerilog input from `/home/qualcomm_clinic/RTL/OpenABC/leaf_level_verilog/nangate45/black_parrot/bsg_mem_1r1w_synth_width_p28_els_p2_read_write_same_addr_p0_harden_p0.v' to AST representation.
Generating RTLIL representation for module `\bsg_mem_1r1w_synth_width_p28_els_p2_read_write_same_addr_p0_harden_p0'.
Successfully finished Verilog frontend.

44. Executing Verilog-2005 frontend: /home/qualcomm_clinic/RTL/OpenABC/leaf_level_verilog/nangate45/black_parrot/bsg_mem_1r1w_synth_width_p30_els_p2_read_write_same_addr_p0_harden_p0.v
Parsing SystemVerilog input from `/home/qualcomm_clinic/RTL/OpenABC/leaf_level_verilog/nangate45/black_parrot/bsg_mem_1r1w_synth_width_p30_els_p2_read_write_same_addr_p0_harden_p0.v' to AST representation.
Generating RTLIL representation for module `\bsg_mem_1r1w_synth_width_p30_els_p2_read_write_same_addr_p0_harden_p0'.
Successfully finished Verilog frontend.

45. Executing Verilog-2005 frontend: /home/qualcomm_clinic/RTL/OpenABC/leaf_level_verilog/nangate45/black_parrot/bsg_mem_1r1w_synth_width_p32_els_p2_read_write_same_addr_p0_harden_p0.v
Parsing SystemVerilog input from `/home/qualcomm_clinic/RTL/OpenABC/leaf_level_verilog/nangate45/black_parrot/bsg_mem_1r1w_synth_width_p32_els_p2_read_write_same_addr_p0_harden_p0.v' to AST representation.
Generating RTLIL representation for module `\bsg_mem_1r1w_synth_width_p32_els_p2_read_write_same_addr_p0_harden_p0'.
Successfully finished Verilog frontend.

46. Executing Verilog-2005 frontend: /home/qualcomm_clinic/RTL/OpenABC/leaf_level_verilog/nangate45/black_parrot/bsg_mem_1r1w_synth_width_p36_els_p2_read_write_same_addr_p0_harden_p0.v
Parsing SystemVerilog input from `/home/qualcomm_clinic/RTL/OpenABC/leaf_level_verilog/nangate45/black_parrot/bsg_mem_1r1w_synth_width_p36_els_p2_read_write_same_addr_p0_harden_p0.v' to AST representation.
Generating RTLIL representation for module `\bsg_mem_1r1w_synth_width_p36_els_p2_read_write_same_addr_p0_harden_p0'.
Successfully finished Verilog frontend.

47. Executing Verilog-2005 frontend: /home/qualcomm_clinic/RTL/OpenABC/leaf_level_verilog/nangate45/black_parrot/bsg_mem_1r1w_synth_width_p38_els_p2_read_write_same_addr_p0_harden_p0.v
Parsing SystemVerilog input from `/home/qualcomm_clinic/RTL/OpenABC/leaf_level_verilog/nangate45/black_parrot/bsg_mem_1r1w_synth_width_p38_els_p2_read_write_same_addr_p0_harden_p0.v' to AST representation.
Generating RTLIL representation for module `\bsg_mem_1r1w_synth_width_p38_els_p2_read_write_same_addr_p0_harden_p0'.
Successfully finished Verilog frontend.

48. Executing Verilog-2005 frontend: /home/qualcomm_clinic/RTL/OpenABC/leaf_level_verilog/nangate45/black_parrot/bsg_mem_1r1w_synth_width_p537_els_p2_read_write_same_addr_p0_harden_p0.v
Parsing SystemVerilog input from `/home/qualcomm_clinic/RTL/OpenABC/leaf_level_verilog/nangate45/black_parrot/bsg_mem_1r1w_synth_width_p537_els_p2_read_write_same_addr_p0_harden_p0.v' to AST representation.
Generating RTLIL representation for module `\bsg_mem_1r1w_synth_width_p537_els_p2_read_write_same_addr_p0_harden_p0'.
Successfully finished Verilog frontend.

49. Executing Verilog-2005 frontend: /home/qualcomm_clinic/RTL/OpenABC/leaf_level_verilog/nangate45/black_parrot/bsg_mem_1r1w_synth_width_p539_els_p2_read_write_same_addr_p0_harden_p0.v
Parsing SystemVerilog input from `/home/qualcomm_clinic/RTL/OpenABC/leaf_level_verilog/nangate45/black_parrot/bsg_mem_1r1w_synth_width_p539_els_p2_read_write_same_addr_p0_harden_p0.v' to AST representation.
Generating RTLIL representation for module `\bsg_mem_1r1w_synth_width_p539_els_p2_read_write_same_addr_p0_harden_p0'.
Successfully finished Verilog frontend.

50. Executing Verilog-2005 frontend: /home/qualcomm_clinic/RTL/OpenABC/leaf_level_verilog/nangate45/black_parrot/bsg_mem_1r1w_synth_width_p540_els_p2_read_write_same_addr_p0_harden_p0.v
Parsing SystemVerilog input from `/home/qualcomm_clinic/RTL/OpenABC/leaf_level_verilog/nangate45/black_parrot/bsg_mem_1r1w_synth_width_p540_els_p2_read_write_same_addr_p0_harden_p0.v' to AST representation.
Generating RTLIL representation for module `\bsg_mem_1r1w_synth_width_p540_els_p2_read_write_same_addr_p0_harden_p0'.
Successfully finished Verilog frontend.

51. Executing Verilog-2005 frontend: /home/qualcomm_clinic/RTL/OpenABC/leaf_level_verilog/nangate45/black_parrot/bsg_mem_1r1w_synth_width_p541_els_p2_read_write_same_addr_p0_harden_p0.v
Parsing SystemVerilog input from `/home/qualcomm_clinic/RTL/OpenABC/leaf_level_verilog/nangate45/black_parrot/bsg_mem_1r1w_synth_width_p541_els_p2_read_write_same_addr_p0_harden_p0.v' to AST representation.
Generating RTLIL representation for module `\bsg_mem_1r1w_synth_width_p541_els_p2_read_write_same_addr_p0_harden_p0'.
Successfully finished Verilog frontend.

52. Executing Verilog-2005 frontend: /home/qualcomm_clinic/RTL/OpenABC/leaf_level_verilog/nangate45/black_parrot/bsg_mem_1r1w_synth_width_p542_els_p2_read_write_same_addr_p0_harden_p0.v
Parsing SystemVerilog input from `/home/qualcomm_clinic/RTL/OpenABC/leaf_level_verilog/nangate45/black_parrot/bsg_mem_1r1w_synth_width_p542_els_p2_read_write_same_addr_p0_harden_p0.v' to AST representation.
Generating RTLIL representation for module `\bsg_mem_1r1w_synth_width_p542_els_p2_read_write_same_addr_p0_harden_p0'.
Successfully finished Verilog frontend.

53. Executing Verilog-2005 frontend: /home/qualcomm_clinic/RTL/OpenABC/leaf_level_verilog/nangate45/black_parrot/bsg_mem_1r1w_synth_width_p55_els_p2_read_write_same_addr_p0_harden_p0.v
Parsing SystemVerilog input from `/home/qualcomm_clinic/RTL/OpenABC/leaf_level_verilog/nangate45/black_parrot/bsg_mem_1r1w_synth_width_p55_els_p2_read_write_same_addr_p0_harden_p0.v' to AST representation.
Generating RTLIL representation for module `\bsg_mem_1r1w_synth_width_p55_els_p2_read_write_same_addr_p0_harden_p0'.
Successfully finished Verilog frontend.

54. Executing Verilog-2005 frontend: /home/qualcomm_clinic/RTL/OpenABC/leaf_level_verilog/nangate45/black_parrot/bsg_mem_1r1w_synth_width_p567_els_p2_read_write_same_addr_p0_harden_p0.v
Parsing SystemVerilog input from `/home/qualcomm_clinic/RTL/OpenABC/leaf_level_verilog/nangate45/black_parrot/bsg_mem_1r1w_synth_width_p567_els_p2_read_write_same_addr_p0_harden_p0.v' to AST representation.
Generating RTLIL representation for module `\bsg_mem_1r1w_synth_width_p567_els_p2_read_write_same_addr_p0_harden_p0'.
Successfully finished Verilog frontend.

55. Executing Verilog-2005 frontend: /home/qualcomm_clinic/RTL/OpenABC/leaf_level_verilog/nangate45/black_parrot/bsg_mem_2r1w_sync_synth_width_p64_els_p32_read_write_same_addr_p1_harden_p0.v
Parsing SystemVerilog input from `/home/qualcomm_clinic/RTL/OpenABC/leaf_level_verilog/nangate45/black_parrot/bsg_mem_2r1w_sync_synth_width_p64_els_p32_read_write_same_addr_p1_harden_p0.v' to AST representation.
Generating RTLIL representation for module `\bsg_mem_2r1w_sync_synth_width_p64_els_p32_read_write_same_addr_p1_harden_p0'.
Successfully finished Verilog frontend.

56. Executing Verilog-2005 frontend: /home/qualcomm_clinic/RTL/OpenABC/leaf_level_verilog/nangate45/black_parrot/bsg_mesh_router_dor_decoder_x_cord_width_p1_y_cord_width_p1_dirs_lp5_XY_order_p0.v
Parsing SystemVerilog input from `/home/qualcomm_clinic/RTL/OpenABC/leaf_level_verilog/nangate45/black_parrot/bsg_mesh_router_dor_decoder_x_cord_width_p1_y_cord_width_p1_dirs_lp5_XY_order_p0.v' to AST representation.
Generating RTLIL representation for module `\bsg_mesh_router_dor_decoder_x_cord_width_p1_y_cord_width_p1_dirs_lp5_XY_order_p0'.
Successfully finished Verilog frontend.

57. Executing Verilog-2005 frontend: /home/qualcomm_clinic/RTL/OpenABC/leaf_level_verilog/nangate45/black_parrot/bsg_mux_one_hot_width_p28_els_p2.v
Parsing SystemVerilog input from `/home/qualcomm_clinic/RTL/OpenABC/leaf_level_verilog/nangate45/black_parrot/bsg_mux_one_hot_width_p28_els_p2.v' to AST representation.
Generating RTLIL representation for module `\bsg_mux_one_hot_width_p28_els_p2'.
Successfully finished Verilog frontend.

58. Executing Verilog-2005 frontend: /home/qualcomm_clinic/RTL/OpenABC/leaf_level_verilog/nangate45/black_parrot/bsg_mux_one_hot_width_p28_els_p4.v
Parsing SystemVerilog input from `/home/qualcomm_clinic/RTL/OpenABC/leaf_level_verilog/nangate45/black_parrot/bsg_mux_one_hot_width_p28_els_p4.v' to AST representation.
Generating RTLIL representation for module `\bsg_mux_one_hot_width_p28_els_p4'.
Successfully finished Verilog frontend.

59. Executing Verilog-2005 frontend: /home/qualcomm_clinic/RTL/OpenABC/leaf_level_verilog/nangate45/black_parrot/bsg_mux_one_hot_width_p28_els_p5.v
Parsing SystemVerilog input from `/home/qualcomm_clinic/RTL/OpenABC/leaf_level_verilog/nangate45/black_parrot/bsg_mux_one_hot_width_p28_els_p5.v' to AST representation.
Generating RTLIL representation for module `\bsg_mux_one_hot_width_p28_els_p5'.
Successfully finished Verilog frontend.

60. Executing Verilog-2005 frontend: /home/qualcomm_clinic/RTL/OpenABC/leaf_level_verilog/nangate45/black_parrot/bsg_mux_one_hot_width_p32_els_p2.v
Parsing SystemVerilog input from `/home/qualcomm_clinic/RTL/OpenABC/leaf_level_verilog/nangate45/black_parrot/bsg_mux_one_hot_width_p32_els_p2.v' to AST representation.
Generating RTLIL representation for module `\bsg_mux_one_hot_width_p32_els_p2'.
Successfully finished Verilog frontend.

61. Executing Verilog-2005 frontend: /home/qualcomm_clinic/RTL/OpenABC/leaf_level_verilog/nangate45/black_parrot/bsg_mux_one_hot_width_p32_els_p4.v
Parsing SystemVerilog input from `/home/qualcomm_clinic/RTL/OpenABC/leaf_level_verilog/nangate45/black_parrot/bsg_mux_one_hot_width_p32_els_p4.v' to AST representation.
Generating RTLIL representation for module `\bsg_mux_one_hot_width_p32_els_p4'.
Successfully finished Verilog frontend.

62. Executing Verilog-2005 frontend: /home/qualcomm_clinic/RTL/OpenABC/leaf_level_verilog/nangate45/black_parrot/bsg_mux_one_hot_width_p32_els_p5.v
Parsing SystemVerilog input from `/home/qualcomm_clinic/RTL/OpenABC/leaf_level_verilog/nangate45/black_parrot/bsg_mux_one_hot_width_p32_els_p5.v' to AST representation.
Generating RTLIL representation for module `\bsg_mux_one_hot_width_p32_els_p5'.
Successfully finished Verilog frontend.

63. Executing Verilog-2005 frontend: /home/qualcomm_clinic/RTL/OpenABC/leaf_level_verilog/nangate45/black_parrot/bsg_mux_one_hot_width_p38_els_p2.v
Parsing SystemVerilog input from `/home/qualcomm_clinic/RTL/OpenABC/leaf_level_verilog/nangate45/black_parrot/bsg_mux_one_hot_width_p38_els_p2.v' to AST representation.
Generating RTLIL representation for module `\bsg_mux_one_hot_width_p38_els_p2'.
Successfully finished Verilog frontend.

64. Executing Verilog-2005 frontend: /home/qualcomm_clinic/RTL/OpenABC/leaf_level_verilog/nangate45/black_parrot/bsg_mux_one_hot_width_p38_els_p4.v
Parsing SystemVerilog input from `/home/qualcomm_clinic/RTL/OpenABC/leaf_level_verilog/nangate45/black_parrot/bsg_mux_one_hot_width_p38_els_p4.v' to AST representation.
Generating RTLIL representation for module `\bsg_mux_one_hot_width_p38_els_p4'.
Successfully finished Verilog frontend.

65. Executing Verilog-2005 frontend: /home/qualcomm_clinic/RTL/OpenABC/leaf_level_verilog/nangate45/black_parrot/bsg_mux_one_hot_width_p38_els_p5.v
Parsing SystemVerilog input from `/home/qualcomm_clinic/RTL/OpenABC/leaf_level_verilog/nangate45/black_parrot/bsg_mux_one_hot_width_p38_els_p5.v' to AST representation.
Generating RTLIL representation for module `\bsg_mux_one_hot_width_p38_els_p5'.
Successfully finished Verilog frontend.

66. Executing Verilog-2005 frontend: /home/qualcomm_clinic/RTL/OpenABC/leaf_level_verilog/nangate45/black_parrot/bsg_mux_one_hot_width_p539_els_p2.v
Parsing SystemVerilog input from `/home/qualcomm_clinic/RTL/OpenABC/leaf_level_verilog/nangate45/black_parrot/bsg_mux_one_hot_width_p539_els_p2.v' to AST representation.
Generating RTLIL representation for module `\bsg_mux_one_hot_width_p539_els_p2'.
Successfully finished Verilog frontend.

67. Executing Verilog-2005 frontend: /home/qualcomm_clinic/RTL/OpenABC/leaf_level_verilog/nangate45/black_parrot/bsg_mux_one_hot_width_p539_els_p4.v
Parsing SystemVerilog input from `/home/qualcomm_clinic/RTL/OpenABC/leaf_level_verilog/nangate45/black_parrot/bsg_mux_one_hot_width_p539_els_p4.v' to AST representation.
Generating RTLIL representation for module `\bsg_mux_one_hot_width_p539_els_p4'.
Successfully finished Verilog frontend.

68. Executing Verilog-2005 frontend: /home/qualcomm_clinic/RTL/OpenABC/leaf_level_verilog/nangate45/black_parrot/bsg_mux_one_hot_width_p539_els_p5.v
Parsing SystemVerilog input from `/home/qualcomm_clinic/RTL/OpenABC/leaf_level_verilog/nangate45/black_parrot/bsg_mux_one_hot_width_p539_els_p5.v' to AST representation.
Generating RTLIL representation for module `\bsg_mux_one_hot_width_p539_els_p5'.
Successfully finished Verilog frontend.

69. Executing Verilog-2005 frontend: /home/qualcomm_clinic/RTL/OpenABC/leaf_level_verilog/nangate45/black_parrot/bsg_mux_one_hot_width_p541_els_p2.v
Parsing SystemVerilog input from `/home/qualcomm_clinic/RTL/OpenABC/leaf_level_verilog/nangate45/black_parrot/bsg_mux_one_hot_width_p541_els_p2.v' to AST representation.
Generating RTLIL representation for module `\bsg_mux_one_hot_width_p541_els_p2'.
Successfully finished Verilog frontend.

70. Executing Verilog-2005 frontend: /home/qualcomm_clinic/RTL/OpenABC/leaf_level_verilog/nangate45/black_parrot/bsg_mux_one_hot_width_p541_els_p4.v
Parsing SystemVerilog input from `/home/qualcomm_clinic/RTL/OpenABC/leaf_level_verilog/nangate45/black_parrot/bsg_mux_one_hot_width_p541_els_p4.v' to AST representation.
Generating RTLIL representation for module `\bsg_mux_one_hot_width_p541_els_p4'.
Successfully finished Verilog frontend.

71. Executing Verilog-2005 frontend: /home/qualcomm_clinic/RTL/OpenABC/leaf_level_verilog/nangate45/black_parrot/bsg_mux_one_hot_width_p541_els_p5.v
Parsing SystemVerilog input from `/home/qualcomm_clinic/RTL/OpenABC/leaf_level_verilog/nangate45/black_parrot/bsg_mux_one_hot_width_p541_els_p5.v' to AST representation.
Generating RTLIL representation for module `\bsg_mux_one_hot_width_p541_els_p5'.
Successfully finished Verilog frontend.

72. Executing Verilog-2005 frontend: /home/qualcomm_clinic/RTL/OpenABC/leaf_level_verilog/nangate45/black_parrot/bsg_mux_one_hot_width_p542_els_p2.v
Parsing SystemVerilog input from `/home/qualcomm_clinic/RTL/OpenABC/leaf_level_verilog/nangate45/black_parrot/bsg_mux_one_hot_width_p542_els_p2.v' to AST representation.
Generating RTLIL representation for module `\bsg_mux_one_hot_width_p542_els_p2'.
Successfully finished Verilog frontend.

73. Executing Verilog-2005 frontend: /home/qualcomm_clinic/RTL/OpenABC/leaf_level_verilog/nangate45/black_parrot/bsg_mux_one_hot_width_p542_els_p4.v
Parsing SystemVerilog input from `/home/qualcomm_clinic/RTL/OpenABC/leaf_level_verilog/nangate45/black_parrot/bsg_mux_one_hot_width_p542_els_p4.v' to AST representation.
Generating RTLIL representation for module `\bsg_mux_one_hot_width_p542_els_p4'.
Successfully finished Verilog frontend.

74. Executing Verilog-2005 frontend: /home/qualcomm_clinic/RTL/OpenABC/leaf_level_verilog/nangate45/black_parrot/bsg_mux_one_hot_width_p542_els_p5.v
Parsing SystemVerilog input from `/home/qualcomm_clinic/RTL/OpenABC/leaf_level_verilog/nangate45/black_parrot/bsg_mux_one_hot_width_p542_els_p5.v' to AST representation.
Generating RTLIL representation for module `\bsg_mux_one_hot_width_p542_els_p5'.
Successfully finished Verilog frontend.

75. Executing Verilog-2005 frontend: /home/qualcomm_clinic/RTL/OpenABC/leaf_level_verilog/nangate45/black_parrot/bsg_mux_one_hot_width_p64_els_p5.v
Parsing SystemVerilog input from `/home/qualcomm_clinic/RTL/OpenABC/leaf_level_verilog/nangate45/black_parrot/bsg_mux_one_hot_width_p64_els_p5.v' to AST representation.
Generating RTLIL representation for module `\bsg_mux_one_hot_width_p64_els_p5'.
Successfully finished Verilog frontend.

76. Executing Verilog-2005 frontend: /home/qualcomm_clinic/RTL/OpenABC/leaf_level_verilog/nangate45/black_parrot/bsg_mux_segmented_segments_p5_segment_width_p128.v
Parsing SystemVerilog input from `/home/qualcomm_clinic/RTL/OpenABC/leaf_level_verilog/nangate45/black_parrot/bsg_mux_segmented_segments_p5_segment_width_p128.v' to AST representation.
Generating RTLIL representation for module `\bsg_mux_segmented_segments_p5_segment_width_p128'.
Successfully finished Verilog frontend.

77. Executing Verilog-2005 frontend: /home/qualcomm_clinic/RTL/OpenABC/leaf_level_verilog/nangate45/black_parrot/bsg_mux_segmented_segments_p8_segment_width_p8.v
Parsing SystemVerilog input from `/home/qualcomm_clinic/RTL/OpenABC/leaf_level_verilog/nangate45/black_parrot/bsg_mux_segmented_segments_p8_segment_width_p8.v' to AST representation.
Generating RTLIL representation for module `\bsg_mux_segmented_segments_p8_segment_width_p8'.
Successfully finished Verilog frontend.

78. Executing Verilog-2005 frontend: /home/qualcomm_clinic/RTL/OpenABC/leaf_level_verilog/nangate45/black_parrot/bsg_mux_width_p16_els_p4.v
Parsing SystemVerilog input from `/home/qualcomm_clinic/RTL/OpenABC/leaf_level_verilog/nangate45/black_parrot/bsg_mux_width_p16_els_p4.v' to AST representation.
Generating RTLIL representation for module `\bsg_mux_width_p16_els_p4'.
Successfully finished Verilog frontend.

79. Executing Verilog-2005 frontend: /home/qualcomm_clinic/RTL/OpenABC/leaf_level_verilog/nangate45/black_parrot/bsg_mux_width_p32_els_p2.v
Parsing SystemVerilog input from `/home/qualcomm_clinic/RTL/OpenABC/leaf_level_verilog/nangate45/black_parrot/bsg_mux_width_p32_els_p2.v' to AST representation.
Generating RTLIL representation for module `\bsg_mux_width_p32_els_p2'.
Successfully finished Verilog frontend.

80. Executing Verilog-2005 frontend: /home/qualcomm_clinic/RTL/OpenABC/leaf_level_verilog/nangate45/black_parrot/bsg_mux_width_p64_els_p2.v
Parsing SystemVerilog input from `/home/qualcomm_clinic/RTL/OpenABC/leaf_level_verilog/nangate45/black_parrot/bsg_mux_width_p64_els_p2.v' to AST representation.
Generating RTLIL representation for module `\bsg_mux_width_p64_els_p2'.
Successfully finished Verilog frontend.

81. Executing Verilog-2005 frontend: /home/qualcomm_clinic/RTL/OpenABC/leaf_level_verilog/nangate45/black_parrot/bsg_mux_width_p64_els_p8.v
Parsing SystemVerilog input from `/home/qualcomm_clinic/RTL/OpenABC/leaf_level_verilog/nangate45/black_parrot/bsg_mux_width_p64_els_p8.v' to AST representation.
Generating RTLIL representation for module `\bsg_mux_width_p64_els_p8'.
Successfully finished Verilog frontend.

82. Executing Verilog-2005 frontend: /home/qualcomm_clinic/RTL/OpenABC/leaf_level_verilog/nangate45/black_parrot/bsg_mux_width_p8_els_p8.v
Parsing SystemVerilog input from `/home/qualcomm_clinic/RTL/OpenABC/leaf_level_verilog/nangate45/black_parrot/bsg_mux_width_p8_els_p8.v' to AST representation.
Generating RTLIL representation for module `\bsg_mux_width_p8_els_p8'.
Successfully finished Verilog frontend.

83. Executing Verilog-2005 frontend: /home/qualcomm_clinic/RTL/OpenABC/leaf_level_verilog/nangate45/black_parrot/bsg_round_robin_arb_inputs_p2.v
Parsing SystemVerilog input from `/home/qualcomm_clinic/RTL/OpenABC/leaf_level_verilog/nangate45/black_parrot/bsg_round_robin_arb_inputs_p2.v' to AST representation.
Generating RTLIL representation for module `\bsg_round_robin_arb_inputs_p2'.
Successfully finished Verilog frontend.

84. Executing Verilog-2005 frontend: /home/qualcomm_clinic/RTL/OpenABC/leaf_level_verilog/nangate45/black_parrot/bsg_round_robin_arb_inputs_p4.v
Parsing SystemVerilog input from `/home/qualcomm_clinic/RTL/OpenABC/leaf_level_verilog/nangate45/black_parrot/bsg_round_robin_arb_inputs_p4.v' to AST representation.
Generating RTLIL representation for module `\bsg_round_robin_arb_inputs_p4'.
Successfully finished Verilog frontend.

85. Executing Verilog-2005 frontend: /home/qualcomm_clinic/RTL/OpenABC/leaf_level_verilog/nangate45/black_parrot/bsg_round_robin_arb_inputs_p5.v
Parsing SystemVerilog input from `/home/qualcomm_clinic/RTL/OpenABC/leaf_level_verilog/nangate45/black_parrot/bsg_round_robin_arb_inputs_p5.v' to AST representation.
Generating RTLIL representation for module `\bsg_round_robin_arb_inputs_p5'.
Successfully finished Verilog frontend.

86. Executing Verilog-2005 frontend: /home/qualcomm_clinic/RTL/OpenABC/leaf_level_verilog/nangate45/black_parrot/bsg_scan_width_p5_or_p1_lo_to_hi_p1.v
Parsing SystemVerilog input from `/home/qualcomm_clinic/RTL/OpenABC/leaf_level_verilog/nangate45/black_parrot/bsg_scan_width_p5_or_p1_lo_to_hi_p1.v' to AST representation.
Generating RTLIL representation for module `\bsg_scan_width_p5_or_p1_lo_to_hi_p1'.
Successfully finished Verilog frontend.

87. Executing Verilog-2005 frontend: /home/qualcomm_clinic/RTL/OpenABC/leaf_level_verilog/nangate45/black_parrot/bsg_scan_width_p8_or_p1_lo_to_hi_p1.v
Parsing SystemVerilog input from `/home/qualcomm_clinic/RTL/OpenABC/leaf_level_verilog/nangate45/black_parrot/bsg_scan_width_p8_or_p1_lo_to_hi_p1.v' to AST representation.
Generating RTLIL representation for module `\bsg_scan_width_p8_or_p1_lo_to_hi_p1'.
Successfully finished Verilog frontend.

88. Executing Verilog-2005 frontend: /home/qualcomm_clinic/RTL/OpenABC/leaf_level_verilog/nangate45/black_parrot/instr_scan_eaddr_width_p64_instr_width_p32.v
Parsing SystemVerilog input from `/home/qualcomm_clinic/RTL/OpenABC/leaf_level_verilog/nangate45/black_parrot/instr_scan_eaddr_width_p64_instr_width_p32.v' to AST representation.
Generating RTLIL representation for module `\instr_scan_eaddr_width_p64_instr_width_p32'.
Successfully finished Verilog frontend.

89. Executing Verilog-2005 frontend: /home/qualcomm_clinic/RTL/OpenABC/leaf_level_verilog/nangate45/black_parrot/itlb_vaddr_width_p56_paddr_width_p22_eaddr_width_p64_btb_indx_width_p9_bht_indx_width_p5_ras_addr_width_p22_asid_width_p10_ppn_start_bit_p12_tag_width_p10.v
Parsing SystemVerilog input from `/home/qualcomm_clinic/RTL/OpenABC/leaf_level_verilog/nangate45/black_parrot/itlb_vaddr_width_p56_paddr_width_p22_eaddr_width_p64_btb_indx_width_p9_bht_indx_width_p5_ras_addr_width_p22_asid_width_p10_ppn_start_bit_p12_tag_width_p10.v' to AST representation.
Generating RTLIL representation for module `\itlb_vaddr_width_p56_paddr_width_p22_eaddr_width_p64_btb_indx_width_p9_bht_indx_width_p5_ras_addr_width_p22_asid_width_p10_ppn_start_bit_p12_tag_width_p10'.
Successfully finished Verilog frontend.

90. Executing HIERARCHY pass (managing design hierarchy).

90.1. Analyzing design hierarchy..
Top module:  \bsg_mux_segmented_segments_p8_segment_width_p8

90.2. Analyzing design hierarchy..
Top module:  \bsg_mux_segmented_segments_p8_segment_width_p8
Removing unused module `\itlb_vaddr_width_p56_paddr_width_p22_eaddr_width_p64_btb_indx_width_p9_bht_indx_width_p5_ras_addr_width_p22_asid_width_p10_ppn_start_bit_p12_tag_width_p10'.
Removing unused module `\instr_scan_eaddr_width_p64_instr_width_p32'.
Removing unused module `\bsg_scan_width_p8_or_p1_lo_to_hi_p1'.
Removing unused module `\bsg_scan_width_p5_or_p1_lo_to_hi_p1'.
Removing unused module `\bsg_round_robin_arb_inputs_p5'.
Removing unused module `\bsg_round_robin_arb_inputs_p4'.
Removing unused module `\bsg_round_robin_arb_inputs_p2'.
Removing unused module `\bsg_mux_width_p8_els_p8'.
Removing unused module `\bsg_mux_width_p64_els_p8'.
Removing unused module `\bsg_mux_width_p64_els_p2'.
Removing unused module `\bsg_mux_width_p32_els_p2'.
Removing unused module `\bsg_mux_width_p16_els_p4'.
Removing unused module `\bsg_mux_segmented_segments_p5_segment_width_p128'.
Removing unused module `\bsg_mux_one_hot_width_p64_els_p5'.
Removing unused module `\bsg_mux_one_hot_width_p542_els_p5'.
Removing unused module `\bsg_mux_one_hot_width_p542_els_p4'.
Removing unused module `\bsg_mux_one_hot_width_p542_els_p2'.
Removing unused module `\bsg_mux_one_hot_width_p541_els_p5'.
Removing unused module `\bsg_mux_one_hot_width_p541_els_p4'.
Removing unused module `\bsg_mux_one_hot_width_p541_els_p2'.
Removing unused module `\bsg_mux_one_hot_width_p539_els_p5'.
Removing unused module `\bsg_mux_one_hot_width_p539_els_p4'.
Removing unused module `\bsg_mux_one_hot_width_p539_els_p2'.
Removing unused module `\bsg_mux_one_hot_width_p38_els_p5'.
Removing unused module `\bsg_mux_one_hot_width_p38_els_p4'.
Removing unused module `\bsg_mux_one_hot_width_p38_els_p2'.
Removing unused module `\bsg_mux_one_hot_width_p32_els_p5'.
Removing unused module `\bsg_mux_one_hot_width_p32_els_p4'.
Removing unused module `\bsg_mux_one_hot_width_p32_els_p2'.
Removing unused module `\bsg_mux_one_hot_width_p28_els_p5'.
Removing unused module `\bsg_mux_one_hot_width_p28_els_p4'.
Removing unused module `\bsg_mux_one_hot_width_p28_els_p2'.
Removing unused module `\bsg_mesh_router_dor_decoder_x_cord_width_p1_y_cord_width_p1_dirs_lp5_XY_order_p0'.
Removing unused module `\bsg_mem_2r1w_sync_synth_width_p64_els_p32_read_write_same_addr_p1_harden_p0'.
Removing unused module `\bsg_mem_1r1w_synth_width_p567_els_p2_read_write_same_addr_p0_harden_p0'.
Removing unused module `\bsg_mem_1r1w_synth_width_p55_els_p2_read_write_same_addr_p0_harden_p0'.
Removing unused module `\bsg_mem_1r1w_synth_width_p542_els_p2_read_write_same_addr_p0_harden_p0'.
Removing unused module `\bsg_mem_1r1w_synth_width_p541_els_p2_read_write_same_addr_p0_harden_p0'.
Removing unused module `\bsg_mem_1r1w_synth_width_p540_els_p2_read_write_same_addr_p0_harden_p0'.
Removing unused module `\bsg_mem_1r1w_synth_width_p539_els_p2_read_write_same_addr_p0_harden_p0'.
Removing unused module `\bsg_mem_1r1w_synth_width_p537_els_p2_read_write_same_addr_p0_harden_p0'.
Removing unused module `\bsg_mem_1r1w_synth_width_p38_els_p2_read_write_same_addr_p0_harden_p0'.
Removing unused module `\bsg_mem_1r1w_synth_width_p36_els_p2_read_write_same_addr_p0_harden_p0'.
Removing unused module `\bsg_mem_1r1w_synth_width_p32_els_p2_read_write_same_addr_p0_harden_p0'.
Removing unused module `\bsg_mem_1r1w_synth_width_p30_els_p2_read_write_same_addr_p0_harden_p0'.
Removing unused module `\bsg_mem_1r1w_synth_width_p28_els_p2_read_write_same_addr_p0_harden_p0'.
Removing unused module `\bsg_mem_1r1w_synth_width_p27_els_p2_read_write_same_addr_p0_harden_p0'.
Removing unused module `\bsg_mem_1r1w_synth_width_p26_els_p2_read_write_same_addr_p0_harden_p0'.
Removing unused module `\bsg_mem_1r1w_synth_width_p134_els_p16_read_write_same_addr_p0_harden_p0'.
Removing unused module `\bsg_mem_1r1w_synth_width_p109_els_p8_read_write_same_addr_p0_harden_p0'.
Removing unused module `\bsg_encode_one_hot_width_p1'.
Removing unused module `\bsg_dff_width_p640'.
Removing unused module `\bsg_dff_width_p35'.
Removing unused module `\bsg_dff_width_p1890'.
Removing unused module `\bsg_dff_reset_en_width_p8'.
Removing unused module `\bsg_dff_reset_en_width_p221'.
Removing unused module `\bsg_dff_reset_en_width_p1'.
Removing unused module `\bsg_dff_reset_en_64_80000124'.
Removing unused module `\bsg_dff_en_width_p5'.
Removing unused module `\bsg_dff_en_width_p36'.
Removing unused module `\bsg_decode_num_out_p8'.
Removing unused module `\bsg_decode_num_out_p2'.
Removing unused module `\bsg_circular_ptr_slots_p8_max_add_p1'.
Removing unused module `\bsg_circular_ptr_slots_p32_max_add_p31'.
Removing unused module `\bsg_circular_ptr_slots_p32_max_add_p1'.
Removing unused module `\bp_fe_lce_tr_resp_in_data_width_p64_lce_data_width_p512_lce_addr_width_p22_lce_sets_p64_ways_p8_num_cce_p1_num_lce_p2_block_size_in_bytes_p8'.
Removing unused module `\bp_fe_lce_req_data_width_p64_lce_addr_width_p22_num_cce_p1_num_lce_p2_lce_sets_p64_ways_p8_block_size_in_bytes_p8'.
Removing unused module `\bp_fe_lce_data_cmd_data_width_p64_lce_addr_width_p22_lce_data_width_p512_num_cce_p1_num_lce_p2_lce_sets_p64_ways_p8_block_size_in_bytes_p8'.
Removing unused module `\bp_fe_lce_cmd_data_width_p64_lce_data_width_p512_lce_addr_width_p22_lce_sets_p64_ways_p8_tag_width_p10_num_cce_p1_num_lce_p2_block_size_in_bytes_p8'.
Removing unused module `\bp_fe_bht_bht_indx_width_p5'.
Removing unused module `\bp_cce_reg_num_lce_p2_num_cce_p1_addr_width_p22_lce_assoc_p8_lce_sets_p64_block_size_in_bytes_p64'.
Removing unused module `\bp_cce_inst_rom_width_p95_addr_width_p8'.
Removing unused module `\bp_cce_inst_decode_inst_width_p95_inst_addr_width_p8'.
Removing unused module `\bp_cce_alu_width_p16'.
Removing unused module `\bp_be_pipe_mul'.
Removing unused module `\bp_be_pipe_mem_vaddr_width_p56_lce_sets_p64_cce_block_size_in_bytes_p64'.
Removing unused module `\bp_be_pipe_fp'.
Removing unused module `\bp_be_int_alu'.
Removing unused module `\bp_be_instr_decoder'.
Removing unused module `\bp_be_detector_vaddr_width_p56_paddr_width_p22_asid_width_p10_branch_metadata_fwd_width_p36'.
Removing unused module `\bp_be_dcache_wbuf_queue_width_p97'.
Removing unused module `\bp_be_dcache_lru_encode_ways_p8'.
Removing unused module `\bp_be_dcache_lru_decode_ways_p8'.
Removing unused module `\bp_be_dcache_lce_tr_num_lce_p2_num_cce_p1_data_width_p64_paddr_width_p22_lce_data_width_p512_ways_p8_sets_p64'.
Removing unused module `\bp_be_dcache_lce_req_data_width_p64_paddr_width_p22_num_cce_p1_num_lce_p2_ways_p8_sets_p64'.
Removing unused module `\bp_be_dcache_lce_data_cmd_num_cce_p1_num_lce_p2_data_width_p64_paddr_width_p22_lce_data_width_p512_ways_p8_sets_p64'.
Removing unused module `\bp_be_dcache_lce_cmd_num_cce_p1_num_lce_p2_paddr_width_p22_lce_data_width_p512_sets_p64_ways_p8_data_width_p64'.
Removing unused module `\sky130_osu_sc_12T_hs__xor2_l'.
Removing unused module `\sky130_osu_sc_12T_hs__xnor2_l'.
Removing unused module `\sky130_osu_sc_12T_hs__tnbufi_l'.
Removing unused module `\sky130_osu_sc_12T_hs__tnbufi_1'.
Removing unused module `\sky130_osu_sc_12T_hs__tielo'.
Removing unused module `\sky130_osu_sc_12T_hs__tiehi'.
Removing unused module `\sky130_osu_sc_12T_hs__tbufi_l'.
Removing unused module `\sky130_osu_sc_12T_hs__tbufi_1'.
Removing unused module `\sky130_osu_sc_12T_hs__or2_l'.
Removing unused module `\sky130_osu_sc_12T_hs__or2_8'.
Removing unused module `\sky130_osu_sc_12T_hs__or2_4'.
Removing unused module `\sky130_osu_sc_12T_hs__or2_2'.
Removing unused module `\sky130_osu_sc_12T_hs__or2_1'.
Removing unused module `\sky130_osu_sc_12T_hs__oai22_l'.
Removing unused module `\sky130_osu_sc_12T_hs__oai21_l'.
Removing unused module `\sky130_osu_sc_12T_hs__nor2_l'.
Removing unused module `\sky130_osu_sc_12T_hs__nor2_1'.
Removing unused module `\sky130_osu_sc_12T_hs__nand2_l'.
Removing unused module `\sky130_osu_sc_12T_hs__nand2_1'.
Removing unused module `\sky130_osu_sc_12T_hs__mux2_1'.
Removing unused module `\sky130_osu_sc_12T_hs__inv_l'.
Removing unused module `\sky130_osu_sc_12T_hs__inv_8'.
Removing unused module `\sky130_osu_sc_12T_hs__inv_6'.
Removing unused module `\sky130_osu_sc_12T_hs__inv_4'.
Removing unused module `\sky130_osu_sc_12T_hs__inv_3'.
Removing unused module `\sky130_osu_sc_12T_hs__inv_2'.
Removing unused module `\sky130_osu_sc_12T_hs__inv_10'.
Removing unused module `\sky130_osu_sc_12T_hs__inv_1'.
Removing unused module `\sky130_osu_sc_12T_hs__dffsr_l'.
Removing unused module `\sky130_osu_sc_12T_hs__dffsr_1'.
Removing unused module `\sky130_osu_sc_12T_hs__dffs_l'.
Removing unused module `\sky130_osu_sc_12T_hs__dffs_1'.
Removing unused module `\sky130_osu_sc_12T_hs__dffr_l'.
Removing unused module `\sky130_osu_sc_12T_hs__dffr_1'.
Removing unused module `\sky130_osu_sc_12T_hs__dff_l'.
Removing unused module `\sky130_osu_sc_12T_hs__dff_1'.
Removing unused module `\sky130_osu_sc_12T_hs__buf_l'.
Removing unused module `\sky130_osu_sc_12T_hs__buf_8'.
Removing unused module `\sky130_osu_sc_12T_hs__buf_6'.
Removing unused module `\sky130_osu_sc_12T_hs__buf_4'.
Removing unused module `\sky130_osu_sc_12T_hs__buf_2'.
Removing unused module `\sky130_osu_sc_12T_hs__buf_1'.
Removing unused module `\sky130_osu_sc_12T_hs__aoi22_l'.
Removing unused module `\sky130_osu_sc_12T_hs__aoi21_l'.
Removing unused module `\sky130_osu_sc_12T_hs__ant'.
Removing unused module `\sky130_osu_sc_12T_hs__and2_l'.
Removing unused module `\sky130_osu_sc_12T_hs__and2_8'.
Removing unused module `\sky130_osu_sc_12T_hs__and2_6'.
Removing unused module `\sky130_osu_sc_12T_hs__and2_4'.
Removing unused module `\sky130_osu_sc_12T_hs__and2_2'.
Removing unused module `\sky130_osu_sc_12T_hs__and2_1'.
Removing unused module `\sky130_osu_sc_12T_hs__addh_l'.
Removing unused module `\sky130_osu_sc_12T_hs__addh_1'.
Removing unused module `\sky130_osu_sc_12T_hs__addf_l'.
Removing unused module `\sky130_osu_sc_12T_hs__addf_1'.
Removed 142 unused modules.

91. Executing PROC pass (convert processes to netlists).

91.1. Executing PROC_CLEAN pass (remove empty switches from decision trees).
Cleaned up 0 empty switches.

91.2. Executing PROC_RMDEAD pass (remove dead branches from decision trees).
Removed a total of 0 dead cases.

91.3. Executing PROC_PRUNE pass (remove redundant assignments in processes).
Removed 0 redundant assignments.
Promoted 0 assignments to connections.

91.4. Executing PROC_INIT pass (extract init attributes).

91.5. Executing PROC_ARST pass (detect async resets in processes).

91.6. Executing PROC_ROM pass (convert switches to ROMs).
Converted 0 switches.

91.7. Executing PROC_MUX pass (convert decision trees to multiplexers).

91.8. Executing PROC_DLATCH pass (convert process syncs to latches).

91.9. Executing PROC_DFF pass (convert process syncs to FFs).

91.10. Executing PROC_MEMWR pass (convert process memory writes to cells).

91.11. Executing PROC_CLEAN pass (remove empty switches from decision trees).
Cleaned up 0 empty switches.

91.12. Executing OPT_EXPR pass (perform const folding).
Optimizing module bsg_mux_segmented_segments_p8_segment_width_p8.
<suppressed ~16 debug messages>

92. Executing FLATTEN pass (flatten design).

93. Executing MEMORY pass.

93.1. Executing OPT_MEM pass (optimize memories).
Performed a total of 0 transformations.

93.2. Executing OPT_MEM_PRIORITY pass (removing unnecessary memory write priority relations).
Performed a total of 0 transformations.

93.3. Executing OPT_MEM_FEEDBACK pass (finding memory read-to-write feedback paths).

93.4. Executing MEMORY_BMUX2ROM pass (converting muxes to ROMs).

93.5. Executing MEMORY_DFF pass (merging $dff cells to $memrd).

93.6. Executing OPT_CLEAN pass (remove unused cells and wires).
Finding unused cells or wires in module \bsg_mux_segmented_segments_p8_segment_width_p8..
Removed 8 unused cells and 32 unused wires.
<suppressed ~17 debug messages>

93.7. Executing MEMORY_SHARE pass (consolidating $memrd/$memwr cells).

93.8. Executing OPT_MEM_WIDEN pass (optimize memories where all ports are wide).
Performed a total of 0 transformations.

93.9. Executing OPT_CLEAN pass (remove unused cells and wires).
Finding unused cells or wires in module \bsg_mux_segmented_segments_p8_segment_width_p8..

93.10. Executing MEMORY_COLLECT pass (generating $mem cells).

93.11. Executing MEMORY_MAP pass (converting memories to logic and flip-flops).

94. Executing TECHMAP pass (map to technology primitives).

94.1. Executing Verilog-2005 frontend: /usr/local/bin/../share/yosys/techmap.v
Parsing Verilog input from `/usr/local/bin/../share/yosys/techmap.v' to AST representation.
Generating RTLIL representation for module `\_90_simplemap_bool_ops'.
Generating RTLIL representation for module `\_90_simplemap_reduce_ops'.
Generating RTLIL representation for module `\_90_simplemap_logic_ops'.
Generating RTLIL representation for module `\_90_simplemap_compare_ops'.
Generating RTLIL representation for module `\_90_simplemap_various'.
Generating RTLIL representation for module `\_90_simplemap_registers'.
Generating RTLIL representation for module `\_90_shift_ops_shr_shl_sshl_sshr'.
Generating RTLIL representation for module `\_90_shift_shiftx'.
Generating RTLIL representation for module `\_90_fa'.
Generating RTLIL representation for module `\_90_lcu'.
Generating RTLIL representation for module `\_90_alu'.
Generating RTLIL representation for module `\_90_macc'.
Generating RTLIL representation for module `\_90_alumacc'.
Generating RTLIL representation for module `\$__div_mod_u'.
Generating RTLIL representation for module `\$__div_mod_trunc'.
Generating RTLIL representation for module `\_90_div'.
Generating RTLIL representation for module `\_90_mod'.
Generating RTLIL representation for module `\$__div_mod_floor'.
Generating RTLIL representation for module `\_90_divfloor'.
Generating RTLIL representation for module `\_90_modfloor'.
Generating RTLIL representation for module `\_90_pow'.
Generating RTLIL representation for module `\_90_pmux'.
Generating RTLIL representation for module `\_90_demux'.
Generating RTLIL representation for module `\_90_lut'.
Successfully finished Verilog frontend.

94.2. Continuing TECHMAP pass.
Using extmapper simplemap for cells of type $mux.
No more expansions possible.
<suppressed ~89 debug messages>

95. Executing MEMORY pass.

95.1. Executing OPT_MEM pass (optimize memories).
Performed a total of 0 transformations.

95.2. Executing OPT_MEM_PRIORITY pass (removing unnecessary memory write priority relations).
Performed a total of 0 transformations.

95.3. Executing OPT_MEM_FEEDBACK pass (finding memory read-to-write feedback paths).

95.4. Executing MEMORY_BMUX2ROM pass (converting muxes to ROMs).

95.5. Executing MEMORY_DFF pass (merging $dff cells to $memrd).

95.6. Executing OPT_CLEAN pass (remove unused cells and wires).
Finding unused cells or wires in module \bsg_mux_segmented_segments_p8_segment_width_p8..

95.7. Executing MEMORY_SHARE pass (consolidating $memrd/$memwr cells).

95.8. Executing OPT_MEM_WIDEN pass (optimize memories where all ports are wide).
Performed a total of 0 transformations.

95.9. Executing OPT_CLEAN pass (remove unused cells and wires).
Finding unused cells or wires in module \bsg_mux_segmented_segments_p8_segment_width_p8..

95.10. Executing MEMORY_COLLECT pass (generating $mem cells).

95.11. Executing MEMORY_MAP pass (converting memories to logic and flip-flops).

96. Executing ABC pass (technology mapping using ABC).

96.1. Extracting gate netlist of module `\bsg_mux_segmented_segments_p8_segment_width_p8' to `<abc-temp-dir>/input.blif'..
Extracted 128 gates and 265 wires to a netlist network with 136 inputs and 64 outputs.

96.1.1. Executing ABC.
Running ABC command: "<yosys-exe-dir>/yosys-abc" -s -f <abc-temp-dir>/abc.script 2>&1
ABC: ABC command line: "source <abc-temp-dir>/abc.script".
ABC: 
ABC: + read_blif <abc-temp-dir>/input.blif 
ABC: + read_library <abc-temp-dir>/stdcells.genlib 
ABC: Entered genlib library with 13 gates from file "<abc-temp-dir>/stdcells.genlib".
ABC: + strash 
ABC: + dretime 
ABC: + map 
ABC: + write_blif <abc-temp-dir>/output.blif 

96.1.2. Re-integrating ABC results.
ABC RESULTS:               MUX cells:       64
ABC RESULTS:        internal signals:       65
ABC RESULTS:           input signals:      136
ABC RESULTS:          output signals:       64
Removing temp directory.

97. Executing ASYNC2SYNC pass.

98. Executing DFFUNMAP pass (unmap clock enable and synchronous reset from FFs).

99. Executing AIGMAP pass (map logic to AIG).
Module bsg_mux_segmented_segments_p8_segment_width_p8: replaced 64 cells with 448 new cells, skipped 0 cells.
  replaced 1 cell types:
      64 $_MUX_

100. Printing statistics.

=== bsg_mux_segmented_segments_p8_segment_width_p8 ===

   Number of wires:                668
   Number of wire bits:            920
   Number of public wires:          12
   Number of public wire bits:     208
   Number of memories:               0
   Number of memory bits:            0
   Number of processes:              0
   Number of cells:                448
     $_AND_                        192
     $_NOT_                        256

101. Executing AIGER backend.

Warnings: 36 unique messages, 36 total
End of script. Logfile hash: dd445a34d6, CPU: user 8.06s system 0.33s, MEM: 560.56 MB peak
Yosys 0.35+24 (git sha1 032fab1f5, clang 15.0.7 -fPIC -Os)
Time spent: 78% 90x read_verilog (6 sec), 15% 2x read_liberty (1 sec), ...
./aigtodot ./graphs/bsg_mux_segmented_segments_p8_segment_width_p8/bsg_mux_segmented_segments_p8_segment_width_p8.aig ./graphs/bsg_mux_segmented_segments_p8_segment_width_p8/bsg_mux_segmented_segments_p8_segment_width_p8.dot
                                           module  ... language
0                                      lsu_bypass  ...  verilog
1                                         eth_crc  ...  verilog
2  bsg_mux_segmented_segments_p8_segment_width_p8  ...  verilog

[3 rows x 3 columns]
Generating pickle for lsu_bypass
PYTHON OUTPUT

['4', 'I1', '6', 'I2', '8', 'I3', '10', 'I4', '12', 'I5', '14', 'I6', '16', 'I7', '18', 'I8', '20', 'I9', '22', 'I10', '24', 'I11', '26', 'I12', '28', 'I13', '30', 'I14', '32', 'I15', '34', 'I16', '36', 'I17', '38', 'I18', '40', 'I19', '42', 'I20', '44', 'I21', '46', 'I22', '48', 'I23', '50', 'I24', '52', 'I25', '54', 'I26', '56', 'I27', '58', 'I28', '60', 'I29', '62', 'I30', '64', 'I31', '66', 'I32', '68', 'I33', '70', 'I34', '72', 'I35', '74', 'I36', '76', 'I37', '78', 'I38', '80', 'I39', '82', 'I40', '84', 'I41', '86', 'I42', '88', 'I43', '90', 'I44', '92', 'I45', '94', 'I46', '96', 'I47', '98', 'I48', '100', 'I49', '102', 'I50', '104', 'I51', '106', 'I52', '108', 'I53', '110', 'I54', '112', 'I55', '114', 'I56', '116', 'I57', '118', 'I58', '120', 'I59', '122', 'I60', '124', 'I61', '126', 'I62', '128', 'I63', '130', 'I64', '132', 'I65', '134', 'I66', '136', 'I67', '138', 'I68', '140', 'I69', '142', 'I70', '144', 'I71', '146', 'I72', '148', 'I73', '150', 'I74', '152', 'I75', '154', 'I76', '156', 'I77', '158', 'I78', '160', 'I79', '162', 'I80', '164', 'I81', '166', 'I82', '168', 'I83', '170', 'I84', '172', 'I85', '174', 'I86', '176', 'I87', '178', 'I88', '180', 'I89', '182', 'I90', '184', 'I91', '186', 'I92', '188', 'I93', '190', 'I94', '192', 'I95', '194', 'I96', '196', 'I97', '198', 'I98', '200', 'I99', '202', 'I100', '204', 'I101', '206', 'I102', '208', 'I103', '210', 'I104', '212', 'I105', '214', 'I106', '216', 'I107', '218', 'I108', '220', 'I109', '222', 'I110', '224', 'I111', '226', 'I112', '228', 'I113', '230', 'I114', '232', 'I115', '234', 'I116', '236', 'I117', '238', 'I118', '240', 'I119', '242', 'I120', '244', 'I121', '246', 'I122', '248', 'I123', '250', 'I124', '252', 'I125', '254', 'I126', '256', 'I127', '258', 'I128', '260', 'I129', '262', 'I130', '264', 'I131', '266', 'I132', '268', 'I133', '270', 'I134', '272', 'I135', '274', 'I136', '276', 'I137', '278', 'I138', '280', 'I139', '282', 'I140', '284', 'I141', '286', 'I142', '288', 'I143', '290', 'I144', '292', 'I145', '294', 'I146', '296', 'I147', '298', 'I148', '300', 'I149', '302', 'I150', '304', 'I151', '306', 'I152', '308', 'I153', '310', 'I154', '312', 'I155', '314', 'I156', '316', 'I157', '318', 'I158', '320', 'I159', '322', 'I160', '324', 'I161', '326', 'I162', '328', 'I163', '330', 'I164', '332', 'I165', '334', 'I166', '336', 'I167', '338', 'I168', '340', 'I169', '342', 'I170', '344', 'I171', '346', 'I172', '348', 'I173', '350', 'I174', '352', 'I175', '354', 'I176', '356', 'I177', '358', 'I178', '360', 'I179', '362', 'I180', '364', 'I181', '366', 'I182', '368', 'I183', '370', 'I184', '372', 'I185', '374', 'I186', '376', 'I187', '378', 'I188', '380', 'I189', '382', 'I190', '384', 'I191', '386', 'I192', '388', 'I193', '390', 'I194', '392', 'I195', '394', 'I196', '396', 'I197', '398', 'I198', '400', 'I199', '402', 'I200', '404', 'I201', '406', 'I202', '408', 'I203', '410', 'I204', '412', 'I205', '414', 'I206', '416', 'I207', '418', 'I208', '420', 'I209', '422', 'I210', '424', 'I211', '426', 'I212', '428', 'I213', '430', 'I214', '432', 'I215', '434', 'I216', '436', 'I217', '438', 'I218', '440', 'I219', '442', 'I220', '444', 'I221', '446', 'I222', '448', 'I223', '450', 'I224', '452', 'I225', '454', 'I226', '456', 'I227', '458', 'I228', '460', 'I229', '462', 'I230', '464', 'I231', '466', 'I232', '468', 'I233', '470', 'I234', '472', 'I235', '474', 'I236', '476', 'I237', '478', 'I238', '480', 'I239', '482', 'I240', '484', 'I241', '486', 'I242', '488', 'I243', '490', 'I244', '492', 'I245', '494', 'I246', '496', 'I247', '498', 'I248', '500', 'I249', '502', 'I250', '504', 'I251', '506', 'I252', '508', 'I253', '510', 'I254', '512', 'I255', '514', 'I256', '516', 'I257', '518', 'I258', '520', 'I259', '522', 'I260', '524', 'I261', '526', 'I262', '528', 'I263', '530', 'I264', '532', 'I265', '534', 'I266', '536', 'I267', '538', 'I268', '540', 'I269', '542', 'I270', '544', 'I271', '546', 'I272', '548', 'I273', '550', 'I274', '552', 'I275', '554', 'I276', '556', 'I277', '558', 'I278', '560', 'I279', '562', 'I280', '564', 'I281', '566', 'I282', '568', 'I283', '570', 'I284', '572', 'I285', '574', 'I286', '576', 'I287', '578', 'I288', '580', 'I289', '582', 'I290', '584', 'I291', '586', 'I292', '588', 'I293', '590', 'I294', '592', 'I295', '594', 'I296', '596', 'I297', '598', 'I298', '600', 'I299', '602', 'I300', '604', 'I301', '606', 'I302', '608', 'I303', '610', 'I304', '612', 'I305', '614', 'I306', '616', 'I307', '618', 'I308', '620', 'I309', '622', 'I310', '624', 'I311', '626', 'I312', '628', 'I313', '630', 'I314', '632', 'I315', '634', 'I316', '636', 'I317', '638', 'I318', '640', 'I319', '642', 'I320', '644', 'I321', '646', 'I322', '648', 'I323', '650', 'I324', '652', 'I325', '654', 'I326', '656', 'I327', '658', 'I328', '660', 'I329', '662', 'I330', '664', 'I331', '666', 'I332', '668', 'I333', '670', 'I334', '672', 'I335', '674', 'I336', '676', 'I337', '678', 'I338', '680', 'I339', '682', 'I340', '684', 'I341', '686', 'I342', '688', 'I343', '690', 'I344', '692', 'I345', '694', 'I346', '696', 'I347', '698', 'I348', '700', 'I349', '702', 'I350', '704', 'I351', '706', 'I352', '708', 'I353', '710', 'I354', '712', 'I355', '714', 'I356', '716', 'I357', '718', 'I358', '720', 'I359', '722', 'I360', '724', 'I361', '726', 'I362', '728', 'I363', '730', 'I364', '732', 'I365', '734', 'I366', '736', 'I367', '738', 'I368', '740', 'I369', '742', 'I370', '744', 'I371', '746', 'I372', '748', 'I373', '750', 'I374', '752', 'I375', '754', 'I376', '756', 'I377', '758', 'I378', '760', 'I379', '762', 'I380', '764', 'I381', '766', 'I382', '768', 'I383', '770', 'I384', '772', 'I385', '774', 'I386', '776', 'I387', '778', 'I388', '780', 'I389', '782', 'I390', '784', 'I391', '786', 'I392', '788', 'I393', '790', 'I394', '792', 'I395', '794', 'I396', '796', 'I397', '798', 'I398', '800', 'I399', '802', 'I400', '804', 'I401', '806', 'I402', '808', 'I403', '810', 'I404', '812', 'I405', '814', 'I406', '816', 'I407', '818', 'I408', '820', 'I409', '822', 'I410', '824', 'I411', '826', 'I412', '828', 'I413', '830', 'I414', '832', 'I415', '834', 'I416', '836', 'I417', '838', 'I418', '840', 'I419', '842', 'I420', '844', 'I421', '846', 'I422', '848', 'I423', '850', 'I424', '852', 'I425', '854', 'I426', '856', 'I427', '858', 'I428', '860', 'I429', '862', 'I430', '864', 'I431', '866', 'I432', '868', 'I433', '870', 'I434', '872', 'I435', '874', 'I436', '876', 'I437', '878', 'I438', '880', 'I439', '882', 'I440', '884', 'I441', '886', 'I442', '888', 'I443', '890', 'I444', '892', 'I445', '894', 'I446', '896', 'I447', '898', 'I448', '900', 'I449', '902', 'I450', '904', 'I451', '906', 'I452', '908', 'I453', '910', 'I454', '912', 'I455', '914', 'I456', '916', 'I457', '918', 'I458', '920', 'I459', '922', 'I460', '924', 'I461', '926', 'I462', 'O0', 'O1', 'O2', 'O3', 'O4', 'O5', 'O6', 'O7', 'O8', 'O9', 'O10', 'O11', 'O12', 'O13', 'O14', 'O15', 'O16', 'O17', 'O18', 'O19', 'O20', 'O21', 'O22', 'O23', 'O24', 'O25', 'O26', 'O27', 'O28', 'O29', 'O30', 'O31', 'O32', 'O33', 'O34', 'O35', 'O36', 'O37', 'O38', 'O39', 'O40', 'O41', 'O42', 'O43', 'O44', 'O45', 'O46', 'O47', 'O48', 'O49', 'O50', 'O51', 'O52', 'O53', 'O54', 'O55', 'O56', 'O57', 'O58', 'O59', 'O60', 'O61', 'O62', 'O63', 'O64', 'O65', 'O66', 'O67', 'O68', 'O69', 'O70', 'O71', 'O72', 'O73', 'O74', 'O75', 'O76', 'O77', 'O78', 'O79', 'O80', 'O81', 'O82', 'O83', 'O84', 'O85', 'O86', 'O87', 'O88', 'O89', 'O90', 'O91', 'O92', 'O93', 'O94', 'O95', 'O96', 'O97', 'O98', 'O99', 'O100', 'O101', 'O102', 'O103', 'O104', 'O105', 'O106', 'O107', 'O108', 'O109', 'O110', 'O111', 'O112', 'O113', 'O114', 'O115', 'O116', 'O117', 'O118', 'O119', 'O120', 'O121', 'O122', 'O123', 'O124', 'O125', 'O126', 'O127', 'O128', 'O129', 'O130', 'O131', 'O132', 'O133', 'O134', 'O135', 'O136', 'O137', 'O138', 'O139', 'O140', 'O141', 'O142', 'O143', 'O144', 'O145', 'O146', 'O147', 'O148', 'O149', 'O150', 'O151', 'L0', 'L1', 'L2', 'L3', 'L4', 'L5', 'L6', 'L7', 'L8', 'L9', 'L10', 'L11', 'L12', 'L13', 'L14', 'L15', 'L16', 'L17', 'L18', 'L19', 'L20', 'L21', 'L22', 'L23', 'L24', 'L25', 'L26', 'L27', 'L28', 'L29', 'L30', 'L31', 'L32', 'L33', 'L34', 'L35', 'L36', 'L37', 'L38', 'L39', 'L40', 'L41', 'L42', 'L43', 'L44', 'L45', 'L46', 'L47', 'L48', 'L49', 'L50', 'L51', 'L52', 'L53', 'L54', 'L55', 'L56', 'L57', 'L58', 'L59', 'L60', 'L61', 'L62', 'L63', 'L64', 'L65', 'L66', 'L67', 'L68', 'L69', 'L70', 'L71', 'L72', 'L73', 'L74', 'L75', 'L76', 'L77', 'L78', 'L79', 'L80', 'L81', 'L82', 'L83', 'L84', 'L85', 'L86', 'L87', 'L88', 'L89', 'L90', 'L91', 'L92', 'L93', 'L94', 'L95', 'L96', 'L97', 'L98', 'L99', 'L100', 'L101', 'L102', 'L103', 'L104', 'L105', 'L106', 'L107', 'L108', 'L109', 'L110', 'L111', 'L112', 'L113', 'L114', 'L115', 'L116', 'L117', 'L118', 'L119', 'L120', 'L121', 'L122', 'L123', 'L124', 'L125', 'L126', 'L127', 'L128', 'L129', 'L130', 'L131', 'L132', 'L133', 'L134', 'L135', 'L136', 'L137', 'L138', 'L139', 'L140', 'L141', 'L142', 'L143', 'L144', 'L145', 'L146', 'L147', 'L148', 'L149', 'L150', 'L151', 'L152', 'L153', 'L154', 'L155', 'L156', 'L157', 'L158', 'L159', 'L160', 'L161', 'L162', 'L163', 'L164', 'L165', 'L166', 'L167', 'L168', 'L169', 'L170', 'L171', 'L172', 'L173', 'L174', 'L175', 'L176', 'L177', 'L178', 'L179', 'L180', 'L181', 'L182', 'L183', 'L184', 'L185', 'L186', 'L187', 'L188', 'L189', 'L190', 'L191', 'L192', 'L193', 'L194', 'L195', 'L196', 'L197', 'L198', 'L199', 'L200', 'L201', 'L202', 'L203', 'L204', 'L205', 'L206', 'L207', 'L208', 'L209', 'L210', 'L211', 'L212', 'L213', 'L214', 'L215', 'L216', 'L217', 'L218', 'L219', 'L220', 'L221', 'L222', 'L223', 'L224', 'L225', 'L226', 'L227', 'L228', 'L229', 'L230', 'L231', 'L232', 'L233', 'L234', 'L235', 'L236', 'L237', 'L238', 'L239', 'L240', 'L241', 'L242', 'L243', 'L244', 'L245', 'L246', 'L247', 'L248', 'L249', 'L250', 'L251', 'L252', 'L253', 'L254', 'L255', 'L256', 'L257', 'L258', 'L259', 'L260', 'L261', 'L262', 'L263', 'L264', 'L265', 'L266', 'L267', 'L268', 'L269', 'L270', 'L271', 'L272', 'L273', 'L274', 'L275', 'L276', 'L277', 'L278', 'L279', 'L280', 'L281', 'L282', 'L283', 'L284', 'L285', 'L286', 'L287', 'L288', 'L289', 'L290', 'L291', 'L292', 'L293', 'L294', 'L295', 'L296', 'L297', 'L298', 'L299', 'L300', 'L301', 'L302', 'L303', 'L304', 'L305', '1542', '1544', '1546', '1548', '1550', '1552', '1554', '1556', '1558', '1560', '1562', '1564', '1566', '1568', '1570', '1572', '1574', '1576', '1578', '1580', '1582', '1584', '1586', '1588', '1590', '1592', '1594', '1596', '1598', '1600', '1602', '1604', '1606', '1608', '1610', '1612', '1614', '1616', '1618', '1620', '1622', '1624', '1626', '1628', '1630', '1632', '1634', '1636', '1638', '1640', '1642', '1644', '1646', '1648', '1650', '1652', '1654', '1656', '1658', '1660', '1662', '1664', '1666', '1668', '1670', '1672', '1674', '1676', '1678', '1680', '1682', '1684', '1686', '1688', '1690', '1692', '1694', '1696', '1698', '1700', '1702', '1704', '1706', '1708', '1710', '1712', '1714', '1716', '1718', '1720', '1722', '1724', '1726', '1728', '1730', '1732', '1734', '1736', '1738', '1740', '1742', '1744', '1746', '1748', '1750', '1752', '1754', '1756', '1758', '1760', '1762', '1764', '1766', '1768', '1770', '1772', '1774', '1776', '1778', '1780', '1782', '1784', '1786', '1788', '1790', '1792', '1794', '1796', '1798', '1800', '1802', '1804', '1806', '1808', '1810', '1812', '1814', '1816', '1818', '1820', '1822', '1824', '1826', '1828', '1830', '1832', '1834', '1836', '1838', '1840', '1842', '1844', '1846', '1848', '1850', '1852', '1854', '1856', '1858', '1860', '1862', '1864', '1866', '1868', '1870', '1872', '1874', '1876', '1878', '1880', '1882', '1884', '1886', '1888', '1890', '1892', '1894', '1896', '1898', '1900', '1902', '1904', '1906', '1908', '1910', '1912', '1914', '1916', '1918', '1920', '1922', '1924', '1926', '1928', '1930', '1932', '1934', '1936', '1938', '1940', '1942', '1944', '1946', '1948', '1950', '1952', '1954', '1956', '1958', '1960', '1962', '1964', '1966', '1968', '1970', '1972', '1974', '1976', '1978', '1980', '1982', '1984', '1986', '1988', '1990', '1992', '1994', '1996', '1998', '2000', '2002', '2004', '2006', '2008', '2010', '2012', '2014', '2016', '2018', '2020', '2022', '2024', '2026', '2028', '2030', '2032', '2034', '2036', '2038', '2040', '2042', '2044', '2046', '2048', '2050', '2052', '2054', '2056', '2058', '2060', '2062', '2064', '2066', '2068', '2070', '2072', '2074', '2076', '2078', '2080', '2082', '2084', '2086', '2088', '2090', '2092', '2094', '2096', '2098', '2100', '2102', '2104', '2106', '2108', '2110', '2112', '2114', '2116', '2118', '2120', '2122', '2124', '2126', '2128', '2130', '2132', '2134', '2136', '2138', '2140', '2142', '2144', '2146', '2148', '2150', '2152', '2154', '2156', '2158', '2160', '2162', '2164', '2166', '2168', '2170', '2172', '2174', '2176', '2178', '2180', '2182', '2184', '2186', '2188', '2190', '2192', '2194', '2196', '2198', '2200', '2202', '2204', '2206', '2208', '2210', '2212', '2214', '2216', '2218', '2220', '2222', '2224', '2226', '2228', '2230', '2232', '2234', '2236', '2238', '2240', '2242', '2244', '2246', '2248', '2250', '2252', '2254', '2256', '2258', '2260', '2262', '2264', '2266', '2268', '2270', '2272', '2274', '2276', '2278', '2280', '2282', '2284', '2286', '2288', '2290', '2292', '2294', '2296', '2298', '2300', '2302', '2304', '2306', '2308', '2310', '2312', '2314', '2316', '2318', '2320', '2322', '2324', '2326', '2328', '2330', '2332', '2334', '2336', '2338', '2340', '2342', '2344', '2346', '2348', '2350', '2352', '2354', '2356', '2358', '2360', '2362', '2364', '2366', '2368', '2370', '2372', '2374', '2376', '2378', '2380', '2382', '2384', '2386', '2388', '2390', '2392', '2394', '2396', '2398', '2400', '2402', '2404', '2406', '2408', '2410', '2412', '2414', '2416', '2418', '2420', '2422', '2424', '2426', '2428', '2430', '2432', '2434', '2436', '2438', '2440', '2442', '2444', '2446', '2448', '2450', '2452', '2454', '2456', '2458', '2460', '2462', '2464', '2466', '2468', '2470', '2472', '2474', '2476', '2478', '2480', '2482', '2484', '2486', '2488', '2490', '2492', '2494', '2496', '2498', '2500', '2502', '2504', '2506', '2508', '2510', '2512', '2514', '2516', '2518', '2520', '2522', '2524', '2526', '2528', '2530', '2532', '2534', '2536', '2538', '2540', '2542', '2544', '2546', '2548', '2550', '2552', '2554', '2556', '2558', '2560', '2562', '2564', '2566', '2568', '2570', '2572', '2574', '2576', '2578', '2580', '2582', '2584', '2586', '2588', '2590', '2592', '2594', '2596', '2598', '2600', '2602', '2604', '2606', '2608', '2610', '2612', '2614', '2616', '2618', '2620', '2622', '2624', '2626', '2628', '2630', '2632', '2634', '2636', '2638', '2640', '2642', '2644', '2646', '2648', '2650', '2652', '2654', '2656', '2658', '2660', '2662', '2664', '2666', '2668', '2670', '2672', '2674', '2676', '2678', '2680', '2682', '2684', '2686', '2688', '2690', '2692', '2694', '2696', '2698', '2700', '2702', '2704', '2706', '2708', '2710', '2712', '2714', '2716', '2718', '2720', '2722', '2724', '2726', '2728', '2730', '2732', '2734', '2736', '2738', '2740', '2742', '2744', '2746', '2748', '2750', '2752', '2754', '2756', '2758', '2760', '2762', '2764', '2766', '2768', '2770', '2772', '2774', '2776', '2778', '2780', '2782', '2784', '2786', '2788', '2790', '2792', '2794', '2796', '2798', '2800', '2802', '2804', '2806', '2808', '2810', '2812', '2814', '2816', '2818', '2820', '2822', '2824', '2826', '2828', '2830', '2832', '2834', '2836', '2838', '2840', '2842', '2844', '2846', '2848', '2850', '2852', '2854', '2856', '2858', '2860', '2862', '2864', '2866', '2868', '2870', '2872', '2874', '2876', '2878', '2880', '2882', '2884', '2886', '2888', '2890', '2892', '2894', '2896', '2898', '2900', '2902', '2904', '2906', '2908', '2910', '2912', '2914', '2916', '2918', '2920', '2922', '2924', '2926', '2928', '2930', '2932', '2934', '2936', '2938', '2940', '2942', '2944', '2946', '2948', '2950', '2952', '2954', '2956', '2958', '2960', '2962', '2964', '2966', '2968', '2970', '2972', '2974', '2976', '2978', '2980', '2982', '2984', '2986', '2988', '2990', '2992', '2994', '2996', '2998', '3000', '3002', '3004', '3006', '3008', '3010', '3012', '3014', '3016', '3018', '3020', '3022', '3024', '3026', '3028', '3030', '3032', '3034', '3036', '3038', '3040', '3042', '3044', '3046', '3048', '3050', '3052', '3054', '3056', '3058', '3060', '3062', '3064', '3066', '3068', '3070', '3072', '3074', '3076', '3078', '3080', '3082', '3084', '3086', '3088', '3090', '3092', '3094', '3096', '3098', '3100', '3102', '3104', '3106', '3108', '3110', '3112', '3114', '3116', '3118', '3120', '3122', '3124', '3126', '3128', '3130', '3132', '3134', '3136', '3138', '3140', '3142', '3144', '3146', '3148', '3150', '3152', '3154', '3156', '3158', '3160', '3162', '3164', '3166', '3168', '3170', '3172', '3174', '3176', '3178', '3180', '3182', '3184', '3186', '3188', '3190', '3192', '3194', '3196', '3198', '3200', '3202', '3204', '3206', '3208', '3210', '3212', '3214', '3216', '3218', '3220', '3222', '3224', '3226', '3228', '3230', '3232', '3234', '3236', '3238', '3240', '3242', '3244', '3246', '3248', '3250', '3252', '3254', '3256', '3258', '3260', '3262', '3264', '3266', '3268', '3270', '3272', '3274', '3276', '3278', '3280', '3282', '3284', '3286', '3288', '3290', '3292', '3294', '3296', '3298', '3300', '3302', '3304', '3306', '3308', '3310', '3312', '3314', '3316', '3318', '3320', '3322', '3324', '3326', '3328', '3330', '3332', '3334', '3336', '3338', '3340', '3342', '3344', '3346', '3348', '3350', '3352', '3354', '3356', '3358', '3360', '3362', '3364', '3366', '3368', '3370', '3372', '3374', '3376', '3378', '3380', '3382', '3384', '3386', '3388', '3390', '3392', '3394', '3396', '3398', '3400', '3402', '3404', '3406', '3408', '3410', '3412', '3414', '3416', '3418', '3420', '3422', '3424', '3426', '3428', '3430', '3432', '3434', '3436', '3438', '3440', '3442', '3444', '3446', '3448', '3450', '3452', '3454', '3456', '3458', '3460', '3462', '3464', '3466', '3468', '3470', '3472', '3474', '3476', '3478', '3480', '3482', '3484', '3486', '3488', '3490', '3492', '3494', '3496', '3498', '3500', '3502', '3504', '3506', '3508', '3510', '3512', '3514', '3516', '3518', '3520', '3522', '3524', '3526', '3528', '3530', '3532', '3534', '3536', '3538', '3540', '3542', '3544', '3546', '3548', '3550', '3552', '3554', '3556', '3558', '3560', '3562', '3564', '3566', '3568', '3570', '3572', '3574', '3576', '3578', '3580', '3582', '3584', '3586', '3588', '3590', '3592', '3594', '3596', '3598', '3600', '3602', '3604', '3606', '3608', '3610', '3612', '3614', '3616', '3618', '3620', '3622', '3624', '3626', '3628', '3630', '3632', '3634', '3636', '3638', '3640', '3642', '3644', '3646', '3648', '3650', '3652', '3654', '3656', '3658', '3660', '3662', '3664', '3666', '3668', '3670', '3672', '3674', '3676', '3678', '3680', '3682', '3684', '3686', '3688', '3690', '3692', '3694', '3696', '3698', '3700', '3702', '3704', '3706', '3708', '3710', '3712', '3714', '3716', '3718', '3720', '3722', '3724', '3726', '3728', '3730', '3732', '3734', '3736', '3738', '3740', '3742', '3744', '3746', '3748', '3750', '3752', '3754', '3756', '3758', '3760', '3762', '3764', '3766', '3768', '3770', '3772', '3774', '3776', '3778', '3780', '3782', '3784', '3786', '3788', '3790', '3792', '3794', '3796', '3798', '3800', '3802', '3804', '3806', '3808', '3810', '3812', '3814', '3816', '3818', '3820', '3822', '3824', '3826', '3828', '3830', '3832', '3834', '3836', '3838', '3840', '3842', '3844', '3846', '3848', '3850', '3852', '3854', '3856', '3858', '3860', '3862', '3864', '3866', '3868', '3870', '3872', '3874', '3876', '3878', '3880', '3882', '3884', '3886', '3888', '3890', '3892', '3894', '3896', '3898', '3900', '3902', '3904', '3906', '3908', '3910', '3912', '3914', '3916', '3918', '3920', '3922', '3924', '3926', '3928', '3930', '3932', '3934', '3936', '3938', '3940', '3942', '3944', '3946', '3948', '3950', '3952', '3954', '3956', '3958', '3960', '3962', '3964', '3966', '3968', '3970', '3972', '3974', '3976', '3978', '3980', '3982', '3984', '3986', '3988', '3990', '3992', '3994', '3996', '3998', '4000', '4002', '4004', '4006', '4008', '4010', '4012', '4014', '4016', '4018', '4020', '4022', '4024', '4026', '4028', '4030', '4032', '4034', '4036', '4038', '4040', '4042', '4044', '4046', '4048', '4050', '4052', '4054', '4056', '4058', '4060', '4062', '4064', '4066', '4068', '4070', '4072', '4074', '4076', '4078', '4080', '4082', '4084', '4086', '4088', '4090', '4092', '4094', '4096', '4098', '4100', '4102', '4104', '4106', '4108', '4110', '4112', '4114', '4116', '4118', '4120', '4122', '4124', '4126', '4128', '4130', '4132', '4134', '4136', '4138', '4140', '4142', '4144', '4146', '4148', '4150', '4152', '4154', '4156', '4158', '4160', '4162', '4164', '4166', '4168', '4170', '4172', '4174', '4176', '4178', '4180', '4182', '4184', '4186', '4188', '4190', '4192', '4194', '4196', '4198', '4200', '4202', '4204', '4206', '4208', '4210', '4212', '4214', '4216', '4218', '4220', '4222', '4224', '4226', '4228', '4230', '4232', '4234', '4236', '4238', '4240', '4242', '4244', '4246', '4248', '4250', '4252', '4254', '4256', '4258', '4260', '4262', '4264', '4266', '4268', '4270', '4272', '4274', '4276', '4278', '4280', '4282', '4284', '4286', '4288', '4290', '4292', '4294', '4296', '4298', '4300', '4302', '4304', '4306', '4308', '4310', '4312', '4314', '4316', '4318', '4320', '4322', '4324', '4326', '4328', '4330', '4332', '4334', '4336', '4338', '4340', '4342', '4344', '4346', '4348', '4350', '4352', '4354', '4356', '4358', '4360', '4362', '4364', '4366', '4368', '4370', '4372', '4374', '4376', '4378', '4380', '4382', '4384', '4386', '4388', '4390', '4392', '4394', '4396', '4398', '4400', '4402', '4404', '4406', '4408', '4410', '4412', '4414', '4416', '4418', '4420', '4422', '4424', '4426', '4428', '4430', '4432', '4434', '4436', '4438', '4440', '4442', '4444', '4446', '4448', '4450', '4452', '4454', '4456', '4458', '4460', '4462', '4464', '4466', '4468', '4470', '4472', '4474', '4476', '4478', '4480', '4482', '4484', '4486', '4488', '4490', '4492', '4494', '4496', '4498', '4500', '4502', '4504', '4506', '4508', '4510', '4512', '4514', '4516', '4518', '4520', '4522', '4524', '4526', '4528', '4530', '4532', '4534', '4536', '4538', '4540', '4542', '4544', '4546', '4548', '4550', '4552', '4554', '4556', '4558', '4560', '4562', '4564', '4566', '4568', '4570', '4572', '4574', '4576', '4578', '4580', '4582', '4584', '4586', '4588', '4590', '4592', '4594', '4596', '4598', '4600', '4602', '4604', '4606', '4608', '4610', '4612', '4614', '4616', '4618', '4620', '4622', '4624', '4626', '4628', '4630', '4632', '4634', '4636', '4638', '4640', '4642', '4644', '4646', '4648', '4650', '4652', '4654', '4656', '4658', '4660', '4662', '4664', '4666', '4668', '4670', '4672', '4674', '4676', '4678', '4680', '4682', '4684', '4686', '4688', '4690', '4692', '4694', '4696', '4698', '4700', '4702', '4704', '4706', '4708', '4710', '4712', '4714', '4716', '4718', '4720', '4722', '4724', '4726', '4728', '4730', '4732', '4734', '4736', '4738', '4740', '4742', '4744', '4746', '4748', '4750', '4752', '4754', '4756', '4758', '4760', '4762', '4764', '4766', '4768', '4770', '4772', '4774', '4776', '4778', '4780', '4782', '4784', '4786', '4788', '4790', '4792', '4794', '4796', '4798', '4800', '4802', '4804', '4806', '4808', '4810', '4812', '4814', '4816', '4818', '4820', '4822', '4824', '4826', '4828', '4830', '4832', '4834', '4836', '4838', '4840', '4842', '4844', '4846', '4848', '4850', '4852', '4854', '4856', '4858', '4860', '4862', '4864', '4866', '4868', '4870', '4872', '4874', '4876', '4878', '4880', '4882', '4884', '4886', '4888', '4890', '4892', '4894', '4896', '4898', '4900', '4902', '4904', '4906', '4908', '4910', '4912', '4914', '4916', '4918', '4920', '4922', '4924', '4926', '4928', '4930', '4932', '4934', '4936', '4938', '4940', '4942', '4944', '4946', '4948', '4950', '4952', '4954', '4956', '4958', '4960', '4962', '4964', '4966', '4968', '4970', '4972', '4974', '4976', '4978', '4980', '4982', '4984', '4986', '4988', '4990', '4992', '4994', '4996', '4998', '5000', '5002', '5004', '5006', '5008', '5010', '5012', '5014', '5016', '5018', '5020', '5022', '5024', '5026', '5028', '5030', '5032', '5034', '5036', '5038', '5040', '5042', '5044', '5046', '5048', '5050', '5052', '5054', '5056', '5058', '5060', '5062', '5064', '5066', '5068', '5070', '5072', '5074', '5076', '5078', '5080', '5082', '5084', '5086', '5088', '5090', '5092', '5094', '5096', '5098', '5100', '5102', '5104', '5106', '5108', '5110', '5112', '5114', '5116', '5118', '5120', '5122', '5124', '5126', '5128', '5130', '5132', '5134', '5136', '5138', '5140', '5142', '5144', '5146', '5148', '5150', '5152', '5154', '5156', '5158', '5160', '5162', '5164', '5166', '5168', '5170', '5172', '5174', '5176', '5178', '5180', '5182', '5184', '5186', '5188', '5190', '5192', '5194', '5196', '5198', '5200', '5202', '5204', '5206', '5208', '5210', '5212', '5214', '5216', '5218', '5220', '5222', '5224', '5226', '5228', '5230', '5232', '5234', '5236', '5238', '5240', '5242', '5244', '5246', '5248', '5250', '5252', '5254', '5256', '5258', '5260', '5262', '5264', '5266', '5268', '5270', '5272', '5274', '5276', '5278', '5280', '5282', '5284', '5286', '5288', '5290', '5292', '5294', '5296', '5298', '5300', '5302', '5304', '5306', '5308', '5310', '5312', '5314', '5316', '5318', '5320', '5322', '5324', '5326', '5328', '5330', '5332', '5334', '5336', '5338', '5340', '5342', '5344', '5346', '5348', '5350', '5352', '5354', '5356', '5358', '5360', '5362', '5364', '5366', '5368', '5370', '5372', '5374', '5376', '5378', '5380', '5382', '5384', '5386', '5388', '5390', '5392', '5394', '5396', '5398', '5400', '5402', '5404', '5406', '5408', '5410', '5412', '5414', '5416', '5418', '5420', '5422', '5424', '5426', '5428', '5430', '5432', '5434', '5436', '5438', '5440', '5442', '5444', '5446', '5448', '5450', '5452', '5454', '5456', '5458', '5460', '5462', '5464', '5466', '5468', '5470', '5472', '5474', '5476', '5478', '5480', '5482', '5484', '5486', '5488', '5490', '5492', '5494', '5496', '5498', '5500', '5502', '5504', '5506', '5508', '5510', '5512', '5514', '5516', '5518', '5520', '5522', '5524', '5526', '5528', '5530', '5532', '5534', '5536', '5538', '5540', '5542', '5544', '5546', '5548', '5550', '5552', '5554', '5556', '5558', '5560', '5562', '5564', '5566', '5568', '5570', '5572', '5574', '5576', '5578', '5580', '5582', '5584', '5586', '5588', '5590', '5592', '5594', '5596', '5598', '5600', '5602', '5604', '5606', '5608', '5610', '5612', '5614', '5616', '5618', '5620', '5622', '5624', '5626', '5628', '5630', '5632', '5634', '5636', '5638', '5640', '5642', '5644', '5646', '5648', '5650', '5652', '5654', '5656', '5658', '5660', '5662', '5664', '5666', '5668', '5670', '5672', '5674', '5676', '5678', '5680', '5682', '5684', '5686', '5688', '5690', '5692', '5694', '5696', '5698', '5700', '5702', '5704', '5706', '5708', '5710', '5712', '5714', '5716', '5718', '5720', '5722', '5724', '5726', '5728', '5730', '5732', '5734', '5736', '5738', '5740', '5742', '5744', '5746', '5748', '5750', '5752', '5754', '5756', '5758', '5760', '5762', '5764', '5766', '5768', '5770', '5772', '5774', '5776', '5778', '5780', '5782', '5784', '5786', '5788', '5790', '5792', '5794', '5796', '5798', '5800', '5802', '5804', '5806', '5808', '5810', '5812', '5814', '5816', '5818', '5820', '5822', '5824', '5826', '5828', '5830', '5832', '5834', '5836', '5838', '5840', '5842', '5844', '5846', '5848', '5850', '5852', '5854', '5856', '5858', '5860', '5862', '5864', '5866', '5868', '5870', '5872', '5874', '5876', '5878', '5880', '5882', '5884', '5886', '5888', '5890', '5892', '5894', '5896', '5898', '5900', '5902', '5904', '5906', '5908', '5910', '5912', '5914', '5916', '5918', '5920', '5922', '5924', '5926', '5928', '5930', '5932', '5934', '5936', '5938', '5940', '5942', '5944', '5946', '5948', '5950', '5952', '5954', '5956', '5958', '5960', '5962', '5964', '5966', '5968', '5970', '5972', '5974', '5976', '5978', '5980', '5982', '5984', '5986', '5988', '5990', '5992', '5994', '5996', '5998', '6000', '6002', '6004', '6006', '6008', '6010', '6012', '6014', '6016', '6018', '6020', '6022', '6024', '6026', '6028', '6030', '6032', '6034', '6036', '6038', '6040', '6042', '6044', '6046', '6048', '6050', '6052', '6054', '6056', '6058', '6060', '6062', '6064', '6066', '6068', '6070', '6072', '6074', '6076', '6078', '6080', '6082', '6084', '6086', '6088', '6090', '6092', '6094', '6096', '6098', '6100', '6102', '6104', '6106', '6108', '6110', '6112', '6114', '6116', '6118', '6120', '6122', '6124', '6126', '6128', '6130', '6132', '6134', '6136', '6138', '6140', '6142', '6144', '6146', '6148', '6150', '6152', '6154', '6156', '6158', '6160', '6162', '6164', '6166', '6168', '6170', '6172', '6174', '6176', '6178', '6180', '6182', '6184', '6186', '6188', '6190', '6192', '6194', '6196', '6198', '6200', '6202', '6204', '6206', '6208', '6210', '6212', '6214', '6216', '6218', '6220', '6222', '6224', '6226', '6228', '6230', '6232', '6234', '6236', '6238', '6240', '6242', '6244', '6246', '6248', '6250', '6252', '6254', '6256', '6258', '6260', '6262', '6264', '6266', '6268', '6270', '6272', '6274', '6276', '6278', '6280', '6282', '6284', '6286', '6288', '6290', '6292', '6294', '6296', '6298', '6300', '6302', '6304', '6306', '6308', '6310', '6312', '6314', '6316', '6318', '6320', '6322', '6324', '6326', '6328', '6330', '6332', '6334', '6336', '6338', '6340', '6342', '6344', '6346', '6348', '6350', '6352', '6354', '6356', '6358', '6360', '6362', '6364', '6366', '6368', '6370', '6372', '6374', '6376', '6378', '6380', '6382', '6384', '6386', '6388', '6390', '6392', '6394', '6396', '6398', '6400', '6402', '6404', '6406', '6408', '6410', '6412', '6414', '6416', '6418', '6420', '6422', '6424', '6426', '6428', '6430', '6432', '6434', '6436', '6438', '6440', '6442', '6444', '6446', '6448', '6450', '6452', '6454', '6456', '6458', '6460', '6462', '6464', '6466', '6468', '6470', '6472', '6474', '6476', '6478', '6480', '6482', '6484', '6486', '6488', '6490', '6492', '6494', '6496', '6498', '6500', '6502', '6504', '6506', '6508', '6510', '6512', '6514', '6516', '6518', '6520', '6522', '6524', '6526', '6528', '6530', '6532', '6534', '6536', '6538', '6540', '6542', '6544', '6546', '6548', '6550', '6552', '6554', '6556', '6558', '6560', '6562', '6564', '6566', '6568', '6570', '6572', '6574', '6576', '6578', '6580', '6582', '6584', '6586', '6588', '6590', '6592', '6594', '6596', '6598', '6600', '6602', '6604', '6606', '6608', '6610', '6612', '6614', '6616', '6618', '6620', '6622', '6624', '6626', '6628', '6630', '6632', '6634', '6636', '6638', '6640', '6642', '6644', '6646', '6648', '6650', '6652', '6654', '6656', '6658', '6660', '6662', '6664', '6666', '6668', '6670', '6672', '6674', '6676', '6678', '6680', '6682', '6684', '6686', '6688', '6690', '6692', '6694', '6696', '6698', '6700', '6702', '6704', '6706', '6708', '6710', '6712', '6714', '6716', '6718', '6720', '6722', '6724', '6726', '6728', '6730', '6732', '6734', '6736', '6738', '6740', '6742', '6744', '6746', '6748', '6750', '6752', '6754', '6756', '6758', '6760', '6762', '6764', '6766', '6768', '6770', '6772', '6774', '6776', '6778', '6780', '6782', '6784', '6786', '6788', '6790', '6792', '6794', '6796', '6798', '6800', '6802', '6804', '6806', '6808', '6810', '6812', '6814', '6816', '6818', '6820', '6822', '6824', '6826', '6828', '6830', '6832', '6834', '6836', '6838', '6840', '6842', '6844', '6846', '6848', '6850', '6852', '6854', '6856', '6858', '6860', '6862', '6864', '6866', '6868', '6870', '6872', '6874', '6876', '6878', '6880', '6882', '6884', '6886', '6888', '6890', '6892', '6894', '6896', '6898', '6900', '6902', '6904', '6906', '6908', '6910', '6912', '6914', '6916', '6918', '6920', '6922', '6924', '6926', '6928', '6930', '6932', '6934', '6936', '6938', '6940', '6942', '6944', '6946', '6948', '6950', '6952', '6954', '6956', '6958', '6960', '6962', '6964', '6966', '6968', '6970', '6972', '6974', '6976', '6978', '6980', '6982', '6984', '6986', '6988', '6990', '6992', '6994', '6996', '6998', '7000', '7002', '7004', '7006', '7008', '7010', '7012', '7014', '7016', '7018', '7020', '7022', '7024', '7026', '7028', '7030', '7032', '7034', '7036', '7038', '7040', '7042', '7044', '7046', '7048', '7050', '7052', '7054', '7056', '7058', '7060', '7062', '7064', '7066', '7068', '7070', '7072', '7074', '7076', '7078', '7080', '7082', '7084', '7086', '7088', '7090', '7092', '7094', '7096', '7098', '7100', '7102', '7104', '7106', '7108', '7110', '7112', '7114', '7116', '7118', '7120', '7122', '7124', '7126', '7128', '7130', '7132', '7134', '7136', '7138', '7140', '7142', '7144', '7146', '7148', '7150', '7152', '7154', '7156', '7158', '7160', '7162', '7164', '7166', '7168', '7170', '7172', '7174', '7176', '7178', '7180', '7182', '7184', '7186', '7188', '7190', '7192', '7194', '7196', '7198', '7200', '7202', '7204', '7206', '7208', '7210', '7212', '7214', '7216', '7218', '7220', '7222', '7224', '7226', '7228', '7230', '7232', '7234', '7236', '7238', '7240', '7242', '7244', '7246', '7248', '7250', '7252', '7254', '7256', '7258', '7260', '7262', '7264', '7266', '7268', '7270', '7272', '7274', '7276', '7278', '7280', '7282', '7284', '7286', '7288', '7290', '7292', '7294', '7296', '7298', '7300', '7302', '7304', '7306', '7308', '7310', '7312', '7314', '7316', '7318', '7320', '7322', '7324', '7326', '7328', '7330', '7332', '7334', '7336', '7338', '7340', '7342', '7344', '7346', '7348', '7350', '7352', '7354', '7356', '7358', '7360', '7362', '7364', '7366', '7368', '7370', '7372', '7374', '7376', '7378', '7380', '7382', '7384', '7386', '7388', '7390', '7392', '7394', '7396', '7398', '7400', '7402', '7404', '7406', '7408', '7410', '7412', '7414', '7416', '7418', '7420', '7422', '7424', '7426', '7428', '7430', '7432', '7434', '7436', '7438', '7440', '7442', '7444', '7446', '7448', '7450', '7452', '7454', '7456', '7458', '7460', '7462', '7464', '7466', '7468', '7470', '7472', '7474', '7476', '7478', '7480', '7482', '7484', '7486', '7488', '7490', '7492', '7494', '7496', '7498', '7500', '7502', '7504', '7506', '7508', '7510', '7512', '7514', '7516', '7518', '7520', '7522', '7524', '7526', '7528', '7530', '7532', '7534', '7536', '7538', '7540', '7542', '7544', '7546', '7548', '7550', '7552', '7554', '7556', '7558', '7560', '7562', '7564', '7566', '7568', '7570', '7572', '7574', '7576', '7578', '7580', '7582', '7584', '7586', '7588', '7590', '7592', '7594', '7596', '7598', '7600', '7602', '7604', '7606', '7608', '7610', '7612', '7614', '7616', '7618', '7620', '7622', '7624', '7626', '7628', '7630', '7632', '7634', '7636', '7638', '7640', '7642', '7644', '7646', '7648', '7650', '7652', '7654', '7656', '7658', '7660', '7662', '7664', '7666', '7668', '7670', '7672', '7674', '7676', '7678', '7680', '7682', '7684', '7686', '7688', '7690', '7692', '7694', '7696', '7698', '7700', '7702', '7704', '7706', '7708', '7710', '7712', '7714', '7716', '7718', '7720', '7722', '7724', '7726', '7728', '7730', '7732', '7734', '7736', '7738', '7740', '7742', '7744', '7746', '7748', '7750', '7752', '7754', '7756', '7758', '7760', '7762', '7764', '7766', '7768', '7770', '7772', '7774', '7776', '7778', '7780', '7782', '7784', '7786', '7788', '7790', '7792', '7794', '7796', '7798', '7800', '7802', '7804', '7806', '7808', '7810', '7812', '7814', '7816', '7818', '7820', '7822', '7824', '7826', '7828', '7830', '7832', '7834', '7836', '7838', '7840', '7842', '7844', '7846', '7848', '7850', '7852', '7854', '7856', '7858', '7860', '7862', '7864', '7866', '7868', '7870', '7872', '7874', '7876', '7878', '7880', '7882', '7884', '7886', '7888', '7890', '7892', '7894', '7896', '7898', '7900', '7902', '7904', '7906', '7908', '7910', '7912', '7914', '7916', '7918', '7920', '7922', '7924', '7926', '7928', '7930', '7932', '7934', '7936', '7938', '7940', '7942', '7944', '7946', '7948', '7950', '7952', '7954', '7956', '7958', '7960', '7962', '7964', '7966', '7968', '7970', '7972', '7974', '7976', '7978', '7980', '7982', '7984', '7986', '7988', '7990', '7992', '7994', '7996', '7998', '8000', '8002', '8004', '8006', '8008', '8010', '8012', '8014', '8016', '8018', '8020', '8022', '8024', '8026', '8028', '8030', '8032', '8034', '8036', '8038', '8040', '8042', '8044', '8046', '8048', '8050', '8052', '8054', '8056', '8058', '8060', '8062', '8064', '8066', '8068', '8070', '8072', '8074', '8076', '8078', '8080', '8082', '8084', '8086', '8088', '8090', '8092', '8094', '8096', '8098', '8100', '8102', '8104', '8106', '8108', '8110', '8112', '8114', '8116', '8118', '8120', '8122', '8124', '8126', '8128', '8130', '8132', '8134', '8136', '8138', '8140', '8142', '8144', '8146', '8148', '8150', '8152', '8154', '8156', '8158', '8160', '8162', '8164', '8166', '8168', '8170', '8172', '8174', '8176', '8178', '8180', '8182', '8184', '8186', '8188', '8190', '8192', '8194', '8196', '8198', '8200', '8202', '8204', '8206', '8208', '8210', '8212', '8214', '8216', '8218', '8220', '8222', '8224', '8226', '8228', '8230', '8232', '8234', '8236', '8238', '8240', '8242', '8244', '8246', '8248', '8250', '8252', '8254', '8256', '8258', '8260', '8262', '8264', '8266', '8268', '8270', '8272', '8274', '8276', '8278', '8280', '8282', '8284', '8286', '8288', '8290', '8292', '8294', '8296', '8298', '8300', '8302', '8304', '8306', '8308', '8310', '8312', '8314', '8316', '8318', '8320', '8322', '8324', '8326', '8328', '8330', '8332', '8334', '8336', '8338', '8340', '8342', '8344', '8346', '8348', '8350', '8352', '8354', '8356', '8358', '8360', '8362', '8364', '8366', '8368', '8370', '8372', '8374', '8376', '8378', '8380', '8382', '8384', '8386', '8388', '8390', '8392', '8394', '8396', '8398', '8400', '8402', '8404', '8406', '8408', '8410', '8412', '8414', '8416', '8418', '8420', '8422', '8424', '8426', '8428', '8430', '8432', '8434', '8436', '8438', '8440', '8442', '8444', '8446', '8448', '8450', '8452', '8454', '8456', '8458', '8460', '8462', '8464', '8466', '8468', '8470', '8472', '8474', '8476', '8478', '8480', '8482', '8484', '8486', '8488', '8490', '8492', '8494', '8496', '8498', '8500', '8502', '8504', '8506', '8508', '8510', '8512', '8514', '8516', '8518', '8520', '8522', '8524', '8526', '8528', '8530', '8532', '8534', '8536', '8538', '8540', '8542', '8544', '8546', '8548', '8550', '8552', '8554', '8556', '8558', '8560', '8562', '8564', '8566', '8568', '8570', '8572', '8574', '8576', '8578', '8580', '8582', '8584', '8586', '8588', '8590', '8592', '8594', '8596', '8598', '8600', '8602', '8604', '8606', '8608', '8610', '8612', '8614', '8616', '8618', '8620', '8622', '8624', '8626', '8628', '8630', '8632', '8634', '8636', '8638', '8640', '8642', '8644', '8646', '8648', '8650', '8652', '8654', '8656', '8658', '8660', '8662', '8664', '8666', '8668', '8670', '8672', '8674', '8676', '8678', '8680', '8682', '8684', '8686', '8688', '8690', '8692', '8694', '8696', '8698', '8700', '8702', '8704', '8706', '8708', '8710', '8712', '8714', '8716', '8718', '8720', '8722', '8724', '8726', '8728', '8730', '8732', '8734', '8736', '8738', '8740', '8742', '8744', '8746', '8748', '8750', '8752', '8754', '8756', '8758', '8760', '8762', '8764', '8766', '8768', '8770', '8772', '8774', '8776', '8778', '8780', '8782', '8784', '8786', '8788', '8790', '8792', '8794', '8796', '8798', '8800', '8802', '8804', '8806', '8808', '8810', '8812', '8814', '8816', '8818', '8820', '8822', '8824', '8826', '8828', '8830', '8832', '8834', '8836', '8838', '8840', '8842', '8844', '8846', '8848', '8850', '8852', '8854', '8856', '8858', '8860', '8862', '8864', '8866', '8868', '8870', '8872', '8874', '8876', '8878', '8880', '8882', '8884', '8886', '8888', '8890', '8892', '8894', '8896', '8898', '8900', '8902', '8904', '8906', '8908', '8910', '8912', '8914', '8916', '8918', '8920', '8922', '8924', '8926', '8928', '8930', '8932', '8934', '8936', '8938', '8940', '8942', '8944', '8946', '8948', '8950', '8952', '8954', '8956', '8958', '8960', '8962', '8964', '8966', '8968', '8970', '8972', '8974', '8976', '8978', '8980', '8982', '8984', '8986', '8988', '8990', '8992', '8994', '8996', '8998', '9000', '9002', '9004', '9006', '9008', '9010', '9012', '9014', '9016', '9018', '9020', '9022', '9024', '9026', '9028', '9030', '9032', '9034', '9036', '9038', '9040', '9042', '9044', '9046', '9048', '9050', '9052', '9054', '9056', '9058', '9060', '9062', '9064', '9066', '9068', '9070', '9072', '9074', '9076', '9078', '9080', '9082', '9084', '9086', '9088', '9090', '9092', '9094', '9096', '9098', '9100', '9102', '9104', '9106', '9108', '9110', '9112', '9114', '9116', '9118', '9120', '9122', '9124', '9126', '9128', '9130', '9132', '9134', '9136', '9138', '9140', '9142', '9144', '9146', '9148', '9150', '9152', '9154', '9156', '9158', '9160', '9162', '9164', '9166', '9168', '9170', '9172', '9174', '9176', '9178', '9180', '9182', '9184', '9186', '9188', '9190', '9192', '9194', '9196', '9198', '9200', '9202', '9204', '9206', '9208', '9210', '9212', '9214', '9216', '9218', '9220', '9222', '9224', '9226', '9228', '9230', '9232', '9234', '9236', '9238', '9240', '9242', '9244', '9246', '9248', '9250', '9252', '9254', '9256', '9258', '9260', '9262', '9264', '9266', '9268', '9270', '9272', '9274', '9276', '9278', '9280', '9282', '9284', '9286', '9288', '9290', '9292', '9294', '9296', '9298', '9300', '9302', '9304', '9306', '9308', '9310', '9312', '9314', '9316', '9318', '9320', '9322', '9324', '9326', '9328', '9330', '9332', '9334', '9336', '9338', '9340', '9342', '9344', '9346', '9348', '9350', '9352', '9354', '9356', '9358', '9360', '9362', '9364', '9366', '9368', '9370', '9372', '9374', '9376', '9378', '9380', '9382', '9384', '9386', '9388', '9390', '9392', '9394', '9396', '9398', '9400', '9402', '9404', '9406', '9408', '9410', '9412', '9414', '9416', '9418', '9420', '9422', '9424', '9426', '9428', '9430', '9432', '9434', '9436', '9438', '9440', '9442', '9444', '9446', '9448', '9450', '9452', '9454', '9456', '9458', '9460', '9462', '9464', '9466', '9468', '9470', '9472', '9474', '9476', '9478', '9480', '9482', '9484', '9486', '9488', '9490', '9492', '9494', '9496', '9498', '9500', '9502', '9504', '9506', '9508', '9510', '9512', '9514', '9516', '9518', '9520', '9522', '9524', '9526', '9528', '9530', '9532', '9534', '9536', '9538', '9540', '9542', '9544', '9546', '9548', '9550', '9552', '9554', '9556', '9558', '9560', '9562', '9564', '9566', '9568', '9570', '9572', '9574', '9576', '9578', '9580', '9582', '9584', '9586', '9588', '9590', '9592', '9594', '9596', '9598', '9600', '9602', '9604', '9606', '9608', '9610', '9612', '9614', '9616', '9618', '9620', '9622', '9624', '9626', '9628', '9630', '9632', '9634', '9636', '9638', '9640', '9642', '9644', '9646', '9648', '9650', '9652', '9654', '9656', '9658', '9660', '9662', '9664', '9666', '9668', '9670', '9672', '9674', '9676', '9678', '9680', '9682', '9684', '9686', '9688', '9690', '9692', '9694', '9696', '9698', '9700', '9702', '9704', '9706', '9708', '9710', '9712', '9714', '9716', '9718', '9720', '9722', '9724', '9726', '9728', '9730', '9732', '9734', '9736', '9738', '9740', '9742', '9744', '9746', '9748', '9750', '9752', '9754', '9756', '9758', '9760', '9762', '9764', '9766', '9768', '9770', '9772', '9774', '9776', '9778', '9780', '9782', '9784', '9786', '9788', '9790', '9792', '9794', '9796', '9798', '9800', '9802', '9804', '9806', '9808', '9810', '9812', '9814', '9816', '9818', '9820', '9822', '9824', '9826', '9828', '9830', '9832', '9834', '9836', '9838', '9840', '9842', '9844', '9846', '9848', '9850', '9852', '9854', '9856', '9858', '9860', '9862', '9864', '9866', '9868', '9870', '9872', '9874', '9876', '9878', '9880', '9882', '9884', '9886', '9888', '9890', '9892', '9894', '9896', '9898', '9900', '9902', '9904', '9906', '9908', '9910', '9912', '9914', '9916', '9918', '9920', '9922', '9924', '9926', '9928', '9930', '9932', '9934', '9936', '9938', '9940', '9942', '9944', '9946', '9948', '9950', '9952', '9954', '9956', '9958', '9960', '9962', '9964', '9966', '9968', '9970', '9972', '9974', '9976', '9978', '9980', '9982', '9984', '9986', '9988', '9990', '9992', '9994', '9996', '9998', '10000', '10002', '10004', '10006', '10008', '10010', '10012', '10014', '10016', '10018', '10020', '10022', '10024', '10026', '10028', '10030', '10032', '10034', '10036', '10038', '10040', '10042', '10044', '10046', '10048', '10050', '10052', '10054', '10056', '10058', '10060', '10062', '10064', '10066', '10068', '10070', '10072', '10074', '10076', '10078', '10080', '10082', '10084', '10086', '10088', '10090', '10092', '10094', '10096', '10098', '10100', '10102', '10104', '10106', '10108', '10110', '10112', '10114', '10116', '10118', '10120', '10122', '10124', '10126', '10128', '10130', '10132', '10134', '10136', '10138', '10140', '10142', '10144', '10146', '10148', '10150', '10152', '10154', '10156', '10158', '10160', '10162', '10164', '10166', '10168', '10170', '10172', '10174', '10176', '10178', '10180', '10182', '10184', '10186', '10188', '10190', '10192', '10194', '10196', '10198', '10200', '10202', '10204', '10206', '10208', '10210', '10212', '10214', '10216', '10218', '10220', '10222', '10224', '10226', '10228', '10230', '10232', '10234', '10236', '10238', '10240', '10242', '10244', '10246', '10248', '10250', '10252', '10254', '10256', '10258', '10260', '10262', '10264', '10266', '10268', '10270', '10272', '10274', '10276', '10278', '10280', '10282', '10284', '10286', '10288', '10290', '10292', '10294', '10296', '10298', '10300', '10302', '10304', '10306', '10308', '10310', '10312', '10314', '10316', '10318', '10320', '10322', '10324', '10326', '10328', '10330', '10332', '10334', '10336', '10338', '10340', '10342', '10344', '10346', '10348', '10350', '10352', '10354', '10356', '10358', '10360', '10362', '10364', '10366', '10368', '10370', '10372', '10374', '10376', '10378', '10380', '10382', '10384', '10386', '10388', '10390', '10392', '10394', '10396', '10398', '10400', '10402', '10404', '10406', '10408', '10410', '10412', '10414', '10416', '10418', '10420', '10422', '10424', '10426', '10428', '10430', '10432', '10434', '10436', '10438', '10440', '10442', '10444', '10446', '10448', '10450', '10452', '10454', '10456', '10458', '10460', '10462', '10464', '10466', '10468', '10470', '10472', '10474', '10476', '10478', '10480', '10482', '10484', '10486', '10488', '10490', '10492', '10494', '10496', '10498', '10500', '10502', '10504', '10506', '10508', '10510', '10512', '10514', '10516', '10518', '10520', '10522', '10524', '10526', '10528', '10530', '10532', '10534', '10536', '10538', '10540', '10542', '10544', '10546', '10548', '10550', '10552', '10554', '10556', '10558', '10560', '10562', '10564', '10566', '10568', '10570', '10572', '10574', '10576', '10578', '10580', '10582', '10584', '10586', '10588', '10590', '10592', '10594', '10596', '10598', '10600', '10602', '10604', '10606', '10608', '10610', '10612', '10614', '10616', '10618', '10620', '10622', '10624', '10626', '10628', '10630', '10632', '10634', '10636', '10638', '10640', '10642', '10644', '10646', '10648', '10650', '10652', '10654', '10656', '10658', '10660', '10662', '10664', '10666', '10668', '10670', '10672', '10674', '10676', '10678', '10680', '10682', '10684', '10686', '10688', '10690', '10692', '10694', '10696', '10698', '10700', '10702', '10704', '10706', '10708', '10710', '10712', '10714', '10716', '10718', '10720', '10722', '10724', '10726', '10728', '10730', '10732', '10734', '10736', '10738', '10740', '10742', '10744', '10746', '10748', '10750', '10752', '10754', '10756', '10758', '10760', '10762', '10764', '10766', '10768', '10770', '10772', '10774', '10776', '10778', '10780', '10782', '10784', '10786', '10788', '10790', '10792', '10794', '10796', '10798', '10800', '10802', '10804', '10806', '10808', '10810', '10812', '10814', '10816', '10818', '10820', '10822', '10824', '10826', '10828', '10830', '10832', '10834', '10836', '10838', '10840', '10842', '10844', '10846', '10848', '10850', '10852', '10854', '10856', '10858', '10860', '10862', '10864', '10866', '10868', '10870', '10872', '10874', '10876', '10878', '10880', '10882', '10884', '10886', '10888', '10890', '10892', '10894', '10896', '10898', '10900', '10902', '10904', '10906', '10908', '10910', '10912', '10914', '10916', '10918', '10920', '10922', '10924', '10926', '10928', '10930', '10932', '10934', '10936', '10938', '10940', '10942', '10944', '10946', '10948', '10950', '10952', '10954', '10956', '10958', '10960', '10962', '10964', '10966', '10968', '10970', '10972', '10974', '10976', '10978', '10980', '10982', '10984', '10986', '10988', '10990', '10992', '10994', '10996', '10998', '11000', '11002', '11004', '11006', '11008', '11010', '11012', '11014', '11016', '11018', '11020', '11022', '11024', '11026', '11028', '11030', '11032', '11034', '11036', '11038', '11040', '11042', '11044', '11046', '11048', '11050', '11052', '11054', '11056', '11058', '11060', '11062', '11064', '11066', '11068', '11070', '11072', '11074', '11076', '11078', '11080', '11082', '11084', '11086', '11088', '11090', '11092', '11094', '11096', '11098', '11100', '11102', '11104', '11106', '11108', '11110', '11112', '11114', '11116', '11118', '11120', '11122', '11124', '11126', '11128', '11130', '11132', '11134', '11136', '11138', '11140', '11142', '11144', '11146', '11148', '11150', '11152', '11154', '11156', '11158', '11160', '11162', '11164', '11166', '11168', '11170', '11172', '11174', '11176', '11178', '11180', '11182', '11184', '11186', '11188', '11190', '11192', '11194', '11196', '11198', '11200', '11202', '11204', '11206', '11208', '11210', '11212', '11214', '11216', '11218', '11220', '11222', '11224', '11226', '11228', '11230', '11232', '11234', '11236', '11238', '11240', '11242', '11244', '11246', '11248', '11250', '11252', '11254', '11256', '11258', '11260', '11262', '11264', '11266', '11268', '11270', '11272', '11274', '11276', '11278', '11280', '11282', '11284', '11286', '11288', '11290', '11292', '11294', '11296', '11298', '11300', '11302', '11304', '11306', '11308', '11310', '11312', '11314', '11316', '11318', '11320', '11322', '11324', '11326', '11328', '11330', '11332', '11334', '11336', '11338', '11340', '11342', '11344', '11346', '11348', '11350', '11352', '11354', '11356', '11358', '11360', '11362', '11364', '11366', '11368', '11370', '11372', '11374', '11376', '11378', '11380', '11382', '11384', '11386', '11388', '11390', '11392', '11394', '11396', '11398', '11400', '11402', '11404', '11406', '11408', '11410', '11412', '11414', '11416', '11418', '11420', 'IL227', 'IL205', 'IL306', 'IL41', 'IL152', 'IL34', 'IL45', 'IL79', 'IL39', 'IL194', 'IL66', 'IL110', 'IL210', 'IL231', 'IL168', 'IL211', 'IL261', 'IL301', 'IL30', 'IL220', 'IL299', 'IL296', 'IL192', 'IL44', 'IL124', 'IL129', 'IL146', 'IL148', 'IL177', 'IL196', 'IL202', 'IL276', 'IL250', 'IL170', 'IL292', 'IL238', 'IL97', 'IL252', 'IL255', 'IL48', 'IL90', 'IL214', 'IL86', 'IL181', 'IL102', 'IL134', 'IL42', 'IL116', 'IL172', 'IL43', 'IL18', 'IL74', 'IL88', 'IL6', 'IL101', 'IL112', 'IL232', 'IL258', 'IL224', 'IL240', 'IL12', 'IL197', 'IL218', 'IL303', 'IL150', 'IL193', 'IL84', 'IL33', 'IL151', 'IL184', 'IL144', 'IL186', 'IL106', 'IL175', 'IL5', 'IL284', 'IL52', 'IL159', 'IL3', 'IL4', 'IL153', 'IL294', 'IL176', 'IL195', 'IL259', 'IL38', 'IL272', 'IL107', 'IL137', 'IL147', 'IL100', 'IL198', 'IL0', 'IL27', 'IL178', 'IL29', 'IL270', 'IL109', 'IL32', 'IL169', 'IL119', 'IL245', 'IL251', 'IL93', 'IL31', 'IL266', 'IL222', 'IL274', 'IL298', 'IL59', 'IL188', 'IL166', 'IL225', 'IL226', 'IL156', 'IL203', 'IL130', 'IL179', 'IL213', 'IL305', 'IL185', 'IL60', 'IL82', 'IL229', 'IL269', 'IL73', 'IL280', 'IL1', 'IL155', 'IL139', 'IL47', 'IL204', 'IL54', 'IL98', 'IL260', 'IL304', 'IL254', 'IL145', 'IL10', 'IL154', 'IL58', 'IL75', 'IL142', 'IL125', 'IL167', 'IL290', 'IL103', 'IL302', 'IL9', 'IL127', 'IL209', 'IL133', 'IL243', 'IL264', 'IL96', 'IL300', 'IL46', 'IL161', 'IL267', 'IL149', 'IL233', 'IL11', 'IL287', 'IL70', 'IL128', 'IL283', 'IL199', 'IL56', 'IL123', 'IL157', 'IL241', 'IL273', 'IL223', 'IL78', 'IL236', 'IL25', 'IL111', 'IL115', 'IL174', 'IL114', 'IL85', 'IL87', 'IL55', 'IL120', 'IL126', 'IL234', 'IL2', 'IL15', 'IL293', 'IL230', 'IL180', 'IL215', 'IL216', 'IL108', 'IL295', 'IL23', 'IL117', 'IL35', 'IL99', 'IL237', 'IL247', 'IL8', 'IL122', 'IL279', 'IL65', 'IL281', 'IL165', 'IL68', 'IL235', 'IL263', 'IL221', 'IL76', 'IL249', 'IL20', 'IL17', 'IL21', 'IL13', 'IL206', 'IL135', 'IL140', 'IL50', 'IL208', 'IL95', 'IL92', 'IL64', 'IL53', 'IL71', 'IL28', 'IL61', 'IL191', 'IL282', 'IL94', 'IL289', 'IL244', 'IL291', 'IL104', 'IL207', 'IL182', 'IL190', 'IL248', 'IL257', 'IL14', 'IL113', 'IL285', 'IL26', 'IL187', 'IL143', 'IL158', 'IL265', 'IL22', 'IL105', 'IL173', 'IL228', 'IL183', 'IL80', 'IL121', 'IL57', 'IL24', 'IL141', 'IL217', 'IL16', 'IL7', 'IL37', 'IL81', 'IL63', 'IL51', 'IL138', 'IL162', 'IL246', 'IL83', 'IL253', 'IL275', 'IL297', 'IL286', 'IL62', 'IL19', 'IL242', 'IL256', 'IL136', 'IL89', 'IL160', 'IL163', 'IL288', 'IL131', 'IL132', 'IL189', 'IL164', 'IL219', 'IL67', 'IL268', 'IL72', 'IL200', 'IL262', 'IL69', 'IL239', 'IL40', 'IL77', 'IL271', 'IL118', 'IL171', 'IL212', 'IL278', 'IL277', 'IL91', 'IL49', 'IL36', 'IL201', 'N0', 'N1', 'N2', 'N3', 'N4', 'N5', 'N6', 'N7', 'N8', 'N9', 'N10', 'N11', 'N12', 'N13', 'N14', 'N15', 'N16', 'N17', 'N18', 'N19', 'N20', 'N21', 'N22', 'N23', 'N24', 'N25', 'N26', 'N27', 'N28', 'N29', 'N30', 'N31', 'N32', 'N33', 'N34', 'N35', 'N36', 'N37', 'N38', 'N39', 'N40', 'N41', 'N42', 'N43', 'N44', 'N45', 'N46', 'N47', 'N48', 'N49', 'N50', 'N51', 'N52', 'N53', 'N54', 'N55', 'N56', 'N57', 'N58', 'N59', 'N60', 'N61', 'N62', 'N63', 'N64', 'N65', 'N66', 'N67', 'N68', 'N69', 'N70', 'N71', 'N72', 'N73', 'N74', 'N75', 'N76', 'N77', 'N78', 'N79', 'N80', 'N81', 'N82', 'N83', 'N84', 'N85', 'N86', 'N87', 'N88', 'N89', 'N90', 'N91', 'N92', 'N93', 'N94', 'N95', 'N96', 'N97', 'N98', 'N99', 'N100', 'N101', 'N102', 'N103', 'N104', 'N105', 'N106', 'N107', 'N108', 'N109', 'N110', 'N111', 'N112', 'N113', 'N114', 'N115', 'N116', 'N117', 'N118', 'N119', 'N120', 'N121', 'N122', 'N123', 'N124', 'N125', 'N126', 'N127', 'N128', 'N129', 'N130', 'N131', 'N132', 'N133', 'N134', 'N135', 'N136', 'N137', 'N138', 'N139', 'N140', 'N141', 'N142', 'N143', 'N144', 'N145', 'N146', 'N147', 'N148', 'N149', 'N150', 'N151', 'N152', 'N153', 'N154', 'N155', 'N156', 'N157', 'N158', 'N159', 'N160', 'N161', 'N162', 'N163', 'N164', 'N165', 'N166', 'N167', 'N168', 'N169', 'N170', 'N171', 'N172', 'N173', 'N174', 'N175', 'N176', 'N177', 'N178', 'N179', 'N180', 'N181', 'N182', 'N183', 'N184', 'N185', 'N186', 'N187', 'N188', 'N189', 'N190', 'N191', 'N192', 'N193', 'N194', 'N195', 'N196', 'N197', 'N198', 'N199', 'N200', 'N201', 'N202', 'N203', 'N204', 'N205', 'N206', 'N207', 'N208', 'N209', 'N210', 'N211', 'N212', 'N213', 'N214', 'N215', 'N216', 'N217', 'N218', 'N219', 'N220', 'N221', 'N222', 'N223', 'N224', 'N225', 'N226', 'N227', 'N228', 'N229', 'N230', 'N231', 'N232', 'N233', 'N234', 'N235', 'N236', 'N237', 'N238', 'N239', 'N240', 'N241', 'N242', 'N243', 'N244', 'N245', 'N246', 'N247', 'N248', 'N249', 'N250', 'N251', 'N252', 'N253', 'N254', 'N255', 'N256', 'N257', 'N258', 'N259', 'N260', 'N261', 'N262', 'N263', 'N264', 'N265', 'N266', 'N267', 'N268', 'N269', 'N270', 'N271', 'N272', 'N273', 'N274', 'N275', 'N276', 'N277', 'N278', 'N279', 'N280', 'N281', 'N282', 'N283', 'N284', 'N285', 'N286', 'N287', 'N288', 'N289', 'N290', 'N291', 'N292', 'N293', 'N294', 'N295', 'N296', 'N297', 'N298', 'N299', 'N300', 'N301', 'N302', 'N303', 'N304', 'N305', 'N306', 'N307', 'N308', 'N309', 'N310', 'N311', 'N312', 'N313', 'N314', 'N315', 'N316', 'N317', 'N318', 'N319', 'N320', 'N321', 'N322', 'N323', 'N324', 'N325', 'N326', 'N327', 'N328', 'N329', 'N330', 'N331', 'N332', 'N333', 'N334', 'N335', 'N336', 'N337', 'N338', 'N339', 'N340', 'N341', 'N342', 'N343', 'N344', 'N345', 'N346', 'N347', 'N348', 'N349', 'N350', 'N351', 'N352', 'N353', 'N354', 'N355', 'N356', 'N357', 'N358', 'N359', 'N360', 'N361', 'N362', 'N363', 'N364', 'N365', 'N366', 'N367', 'N368', 'N369', 'N370', 'N371', 'N372', 'N373', 'N374', 'N375', 'N376', 'N377', 'N378', 'N379', 'N380', 'N381', 'N382', 'N383', 'N384', 'N385', 'N386', 'N387', 'N388', 'N389', 'N390', 'N391', 'N392', 'N393', 'N394', 'N395', 'N396', 'N397', 'N398', 'N399', 'N400', 'N401', 'N402', 'N403', 'N404', 'N405', 'N406', 'N407', 'N408', 'N409', 'N410', 'N411', 'N412', 'N413', 'N414', 'N415', 'N416', 'N417', 'N418', 'N419', 'N420', 'N421', 'N422', 'N423', 'N424', 'N425', 'N426', 'N427', 'N428', 'N429', 'N430', 'N431', 'N432', 'N433', 'N434', 'N435', 'N436', 'N437', 'N438', 'N439', 'N440', 'N441', 'N442', 'N443', 'N444', 'N445', 'N446', 'N447', 'N448', 'N449', 'N450', 'N451', 'N452', 'N453', 'N454', 'N455', 'N456', 'N457', 'N458', 'N459', 'N460', 'N461', 'N462', 'N463', 'N464', 'N465', 'N466', 'N467', 'N468', 'N469', 'N470', 'N471', 'N472', 'N473', 'N474', 'N475', 'N476', 'N477', 'N478', 'N479', 'N480', 'N481', 'N482', 'N483', 'N484', 'N485', 'N486', 'N487', 'N488', 'N489', 'N490', 'N491', 'N492', 'N493', 'N494', 'N495', 'N496', 'N497', 'N498', 'N499', 'N500', 'N501', 'N502', 'N503', 'N504', 'N505', 'N506', 'N507', 'N508', 'N509', 'N510', 'N511', 'N512', 'N513', 'N514', 'N515', 'N516', 'N517', 'N518', 'N519', 'N520', 'N521', 'N522', 'N523', 'N524', 'N525', 'N526', 'N527', 'N528', 'N529', 'N530', 'N531', 'N532', 'N533', 'N534', 'N535', 'N536', 'N537', 'N538', 'N539', 'N540', 'N541', 'N542', 'N543', 'N544', 'N545', 'N546', 'N547', 'N548', 'N549', 'N550', 'N551', 'N552', 'N553', 'N554', 'N555', 'N556', 'N557', 'N558', 'N559', 'N560', 'N561', 'N562', 'N563', 'N564', 'N565', 'N566', 'N567', 'N568', 'N569', 'N570', 'N571', 'N572', 'N573', 'N574', 'N575', 'N576', 'N577', 'N578', 'N579', 'N580', 'N581', 'N582', 'N583', 'N584', 'N585', 'N586', 'N587', 'N588', 'N589', 'N590', 'N591', 'N592', 'N593', 'N594', 'N595', 'N596', 'N597', 'N598', 'N599', 'N600', 'N601', 'N602', 'N603', 'N604', 'N605', 'N606', 'N607', 'N608', 'N609', 'N610', 'N611', 'N612', 'N613', 'N614', 'N615', 'N616', 'N617', 'N618', 'N619', 'N620', 'N621', 'N622', 'N623', 'N624', 'N625', 'N626', 'N627', 'N628', 'N629', 'N630', 'N631', 'N632', 'N633', 'N634', 'N635', 'N636', 'N637', 'N638', 'N639', 'N640', 'N641', 'N642', 'N643', 'N644', 'N645', 'N646', 'N647', 'N648', 'N649', 'N650', 'N651', 'N652', 'N653', 'N654', 'N655', 'N656', 'N657', 'N658', 'N659', 'N660', 'N661', 'N662', 'N663', 'N664', 'N665', 'N666', 'N667', 'N668', 'N669', 'N670', 'N671', 'N672', 'N673', 'N674', 'N675', 'N676', 'N677', 'N678', 'N679', 'N680', 'N681', 'N682', 'N683', 'N684', 'N685', 'N686', 'N687', 'N688', 'N689', 'N690', 'N691', 'N692', 'N693', 'N694', 'N695', 'N696', 'N697', 'N698', 'N699', 'N700', 'N701', 'N702', 'N703', 'N704', 'N705', 'N706', 'N707', 'N708', 'N709', 'N710', 'N711', 'N712', 'N713', 'N714', 'N715', 'N716', 'N717', 'N718', 'N719', 'N720', 'N721', 'N722', 'N723', 'N724', 'N725', 'N726', 'N727', 'N728', 'N729', 'N730', 'N731', 'N732', 'N733', 'N734', 'N735', 'N736', 'N737', 'N738', 'N739', 'N740', 'N741', 'N742', 'N743', 'N744', 'N745', 'N746', 'N747', 'N748', 'N749', 'N750', 'N751', 'N752', 'N753', 'N754', 'N755', 'N756', 'N757', 'N758', 'N759', 'N760', 'N761', 'N762', 'N763', 'N764', 'N765', 'N766', 'N767', 'N768', 'N769', 'N770', 'N771', 'N772', 'N773', 'N774', 'N775', 'N776', 'N777', 'N778', 'N779', 'N780', 'N781', 'N782', 'N783', 'N784', 'N785', 'N786', 'N787', 'N788', 'N789', 'N790', 'N791', 'N792', 'N793', 'N794', 'N795', 'N796', 'N797', 'N798', 'N799', 'N800', 'N801', 'N802', 'N803', 'N804', 'N805', 'N806', 'N807', 'N808', 'N809', 'N810', 'N811', 'N812', 'N813', 'N814', 'N815', 'N816', 'N817', 'N818', 'N819', 'N820', 'N821', 'N822', 'N823', 'N824', 'N825', 'N826', 'N827', 'N828', 'N829', 'N830', 'N831', 'N832', 'N833', 'N834', 'N835', 'N836', 'N837', 'N838', 'N839', 'N840', 'N841', 'N842', 'N843', 'N844', 'N845', 'N846', 'N847', 'N848', 'N849', 'N850', 'N851', 'N852', 'N853', 'N854', 'N855', 'N856', 'N857', 'N858', 'N859', 'N860', 'N861', 'N862', 'N863', 'N864', 'N865', 'N866', 'N867', 'N868', 'N869', 'N870', 'N871', 'N872', 'N873', 'N874', 'N875', 'N876', 'N877', 'N878', 'N879', 'N880', 'N881', 'N882', 'N883', 'N884', 'N885', 'N886', 'N887', 'N888', 'N889', 'N890', 'N891', 'N892', 'N893', 'N894', 'N895', 'N896', 'N897', 'N898', 'N899', 'N900', 'N901', 'N902', 'N903', 'N904', 'N905', 'N906', 'N907', 'N908', 'N909', 'N910', 'N911', 'N912', 'N913', 'N914', 'N915', 'N916', 'N917', 'N918', 'N919', 'N920', 'N921', 'N922', 'N923', 'N924', 'N925', 'N926', 'N927', 'N928', 'N929', 'N930', 'N931', 'N932', 'N933', 'N934', 'N935', 'N936', 'N937', 'N938', 'N939', 'N940', 'N941', 'N942', 'N943', 'N944', 'N945', 'N946', 'N947', 'N948', 'N949', 'N950', 'N951', 'N952', 'N953', 'N954', 'N955', 'N956', 'N957', 'N958', 'N959', 'N960', 'N961', 'N962', 'N963', 'N964', 'N965', 'N966', 'N967', 'N968', 'N969', 'N970', 'N971', 'N972', 'N973', 'N974', 'N975', 'N976', 'N977', 'N978', 'N979', 'N980', 'N981', 'N982', 'N983', 'N984', 'N985', 'N986', 'N987', 'N988', 'N989', 'N990', 'N991', 'N992', 'N993', 'N994', 'N995', 'N996', 'N997', 'N998', 'N999', 'N1000', 'N1001', 'N1002', 'N1003', 'N1004', 'N1005', 'N1006', 'N1007', 'N1008', 'N1009', 'N1010', 'N1011', 'N1012', 'N1013', 'N1014', 'N1015', 'N1016', 'N1017', 'N1018', 'N1019', 'N1020', 'N1021', 'N1022', 'N1023', 'N1024', 'N1025', 'N1026', 'N1027', 'N1028', 'N1029', 'N1030', 'N1031', 'N1032', 'N1033', 'N1034', 'N1035', 'N1036', 'N1037', 'N1038', 'N1039', 'N1040', 'N1041', 'N1042', 'N1043', 'N1044', 'N1045', 'N1046', 'N1047', 'N1048', 'N1049', 'N1050', 'N1051', 'N1052', 'N1053', 'N1054', 'N1055', 'N1056', 'N1057', 'N1058', 'N1059', 'N1060', 'N1061', 'N1062', 'N1063', 'N1064', 'N1065', 'N1066', 'N1067', 'N1068', 'N1069', 'N1070', 'N1071', 'N1072', 'N1073', 'N1074', 'N1075', 'N1076', 'N1077', 'N1078', 'N1079', 'N1080', 'N1081', 'N1082', 'N1083', 'N1084', 'N1085', 'N1086', 'N1087', 'N1088', 'N1089', 'N1090', 'N1091', 'N1092', 'N1093', 'N1094', 'N1095', 'N1096', 'N1097', 'N1098', 'N1099', 'N1100', 'N1101', 'N1102', 'N1103', 'N1104', 'N1105', 'N1106', 'N1107', 'N1108', 'N1109', 'N1110', 'N1111', 'N1112', 'N1113', 'N1114', 'N1115', 'N1116', 'N1117', 'N1118', 'N1119', 'N1120', 'N1121', 'N1122', 'N1123', 'N1124', 'N1125', 'N1126', 'N1127', 'N1128', 'N1129', 'N1130', 'N1131', 'N1132', 'N1133', 'N1134', 'N1135', 'N1136', 'N1137', 'N1138', 'N1139', 'N1140', 'N1141', 'N1142', 'N1143', 'N1144', 'N1145', 'N1146', 'N1147', 'N1148', 'N1149', 'N1150', 'N1151', 'N1152', 'N1153', 'N1154', 'N1155', 'N1156', 'N1157', 'N1158', 'N1159', 'N1160', 'N1161', 'N1162', 'N1163', 'N1164', 'N1165', 'N1166', 'N1167', 'N1168', 'N1169', 'N1170', 'N1171', 'N1172', 'N1173', 'N1174', 'N1175', 'N1176', 'N1177', 'N1178', 'N1179', 'N1180', 'N1181', 'N1182', 'N1183', 'N1184', 'N1185', 'N1186', 'N1187', 'N1188', 'N1189', 'N1190', 'N1191', 'N1192', 'N1193', 'N1194', 'N1195', 'N1196', 'N1197', 'N1198', 'N1199', 'N1200', 'N1201', 'N1202', 'N1203', 'N1204', 'N1205', 'N1206', 'N1207', 'N1208', 'N1209', 'N1210', 'N1211', 'N1212', 'N1213', 'N1214', 'N1215', 'N1216', 'N1217', 'N1218', 'N1219', 'N1220', 'N1221', 'N1222', 'N1223', 'N1224', 'N1225', 'N1226', 'N1227', 'N1228', 'N1229', 'N1230', 'N1231', 'N1232', 'N1233', 'N1234', 'N1235', 'N1236', 'N1237', 'N1238', 'N1239', 'N1240', 'N1241', 'N1242', 'N1243', 'N1244', 'N1245', 'N1246', 'N1247', 'N1248', 'N1249', 'N1250', 'N1251', 'N1252', 'N1253', 'N1254', 'N1255', 'N1256', 'N1257', 'N1258', 'N1259', 'N1260', 'N1261', 'N1262', 'N1263', 'N1264', 'N1265', 'N1266', 'N1267', 'N1268', 'N1269', 'N1270', 'N1271', 'N1272', 'N1273', 'N1274', 'N1275', 'N1276', 'N1277', 'N1278', 'N1279', 'N1280', 'N1281', 'N1282', 'N1283', 'N1284', 'N1285', 'N1286', 'N1287', 'N1288', 'N1289', 'N1290', 'N1291', 'N1292', 'N1293', 'N1294', 'N1295', 'N1296', 'N1297', 'N1298', 'N1299', 'N1300', 'N1301', 'N1302', 'N1303', 'N1304', 'N1305', 'N1306', 'N1307', 'N1308', 'N1309', 'N1310', 'N1311', 'N1312', 'N1313', 'N1314', 'N1315', 'N1316', 'N1317', 'N1318', 'N1319', 'N1320', 'N1321', 'N1322', 'N1323', 'N1324', 'N1325', 'N1326', 'N1327', 'N1328', 'N1329', 'N1330', 'N1331', 'N1332', 'N1333', 'N1334', 'N1335', 'N1336', 'N1337', 'N1338', 'N1339', 'N1340', 'N1341', 'N1342', 'N1343', 'N1344', 'N1345', 'N1346', 'N1347', 'N1348', 'N1349', 'N1350', 'N1351', 'N1352', 'N1353', 'N1354', 'N1355', 'N1356', 'N1357', 'N1358', 'N1359', 'N1360', 'N1361', 'N1362', 'N1363', 'N1364', 'N1365', 'N1366', 'N1367', 'N1368', 'N1369', 'N1370', 'N1371', 'N1372', 'N1373', 'N1374', 'N1375', 'N1376', 'N1377', 'N1378', 'N1379', 'N1380', 'N1381', 'N1382', 'N1383', 'N1384', 'N1385', 'N1386', 'N1387', 'N1388', 'N1389', 'N1390', 'N1391', 'N1392', 'N1393', 'N1394', 'N1395', 'N1396', 'N1397', 'N1398', 'N1399', 'N1400', 'N1401', 'N1402', 'N1403', 'N1404', 'N1405', 'N1406', 'N1407', 'N1408', 'N1409', 'N1410', 'N1411', 'N1412', 'N1413', 'N1414', 'N1415', 'N1416', 'N1417', 'N1418', 'N1419', 'N1420', 'N1421', 'N1422', 'N1423', 'N1424', 'N1425', 'N1426', 'N1427', 'N1428', 'N1429', 'N1430', 'N1431', 'N1432', 'N1433', 'N1434', 'N1435', 'N1436', 'N1437', 'N1438', 'N1439', 'N1440', 'N1441', 'N1442', 'N1443', 'N1444', 'N1445', 'N1446', 'N1447', 'N1448', 'N1449', 'N1450', 'N1451', 'N1452', 'N1453', 'N1454', 'N1455', 'N1456', 'N1457', 'N1458', 'N1459', 'N1460', 'N1461', 'N1462', 'N1463', 'N1464', 'N1465', 'N1466', 'N1467', 'N1468', 'N1469', 'N1470', 'N1471', 'N1472', 'N1473', 'N1474', 'N1475', 'N1476', 'N1477', 'N1478', 'N1479', 'N1480', 'N1481', 'N1482', 'N1483', 'N1484', 'N1485', 'N1486', 'N1487', 'N1488', 'N1489', 'N1490', 'N1491', 'N1492', 'N1493', 'N1494', 'N1495', 'N1496', 'N1497', 'N1498', 'N1499', 'N1500', 'N1501', 'N1502', 'N1503', 'N1504', 'N1505', 'N1506', 'N1507', 'N1508', 'N1509', 'N1510', 'N1511', 'N1512', 'N1513', 'N1514', 'N1515', 'N1516', 'N1517', 'N1518', 'N1519', 'N1520', 'N1521', 'N1522', 'N1523', 'N1524', 'N1525', 'N1526', 'N1527', 'N1528', 'N1529', 'N1530', 'N1531', 'N1532', 'N1533', 'N1534', 'N1535', 'N1536', 'N1537', 'N1538', 'N1539', 'N1540', 'N1541', 'N1542', 'N1543', 'N1544', 'N1545', 'N1546', 'N1547', 'N1548', 'N1549', 'N1550', 'N1551', 'N1552', 'N1553', 'N1554', 'N1555', 'N1556', 'N1557', 'N1558', 'N1559', 'N1560', 'N1561', 'N1562', 'N1563', 'N1564', 'N1565', 'N1566', 'N1567', 'N1568', 'N1569', 'N1570', 'N1571', 'N1572', 'N1573', 'N1574', 'N1575', 'N1576', 'N1577', 'N1578', 'N1579', 'N1580', 'N1581', 'N1582', 'N1583', 'N1584', 'N1585', 'N1586', 'N1587', 'N1588', 'N1589', 'N1590', 'N1591', 'N1592', 'N1593', 'N1594', 'N1595', 'N1596', 'N1597', 'N1598', 'N1599', 'N1600', 'N1601', 'N1602', 'N1603', 'N1604', 'N1605', 'N1606', 'N1607', 'N1608', 'N1609', 'N1610', 'N1611', 'N1612', 'N1613', 'N1614', 'N1615', 'N1616', 'N1617', 'N1618', 'N1619', 'N1620', 'N1621', 'N1622', 'N1623', 'N1624', 'N1625', 'N1626', 'N1627', 'N1628', 'N1629', 'N1630', 'N1631', 'N1632', 'N1633', 'N1634', 'N1635', 'N1636', 'N1637', 'N1638', 'N1639', 'N1640', 'N1641', 'N1642', 'N1643', 'N1644', 'N1645', 'N1646', 'N1647', 'N1648', 'N1649', 'N1650', 'N1651', 'N1652', 'N1653', 'N1654', 'N1655', 'N1656', 'N1657', 'N1658', 'N1659', 'N1660', 'N1661', 'N1662', 'N1663', 'N1664', 'N1665', 'N1666', 'N1667', 'N1668', 'N1669', 'N1670', 'N1671', 'N1672', 'N1673', 'N1674', 'N1675', 'N1676', 'N1677', 'N1678', 'N1679', 'N1680', 'N1681', 'N1682', 'N1683', 'N1684', 'N1685', 'N1686', 'N1687', 'N1688', 'N1689', 'N1690', 'N1691', 'N1692', 'N1693', 'N1694', 'N1695', 'N1696', 'N1697', 'N1698', 'N1699', 'N1700', 'N1701', 'N1702', 'N1703', 'N1704', 'N1705', 'N1706', 'N1707', 'N1708', 'N1709', 'N1710', 'N1711', 'N1712', 'N1713', 'N1714', 'N1715', 'N1716', 'N1717', 'N1718', 'N1719', 'N1720', 'N1721', 'N1722', 'N1723', 'N1724', 'N1725', 'N1726', 'N1727', 'N1728', 'N1729', 'N1730', 'N1731', 'N1732', 'N1733', 'N1734', 'N1735', 'N1736', 'N1737', 'N1738', 'N1739', 'N1740', 'N1741', 'N1742', 'N1743', 'N1744', 'N1745', 'N1746', 'N1747', 'N1748', 'N1749', 'N1750', 'N1751', 'N1752', 'N1753', 'N1754', 'N1755', 'N1756', 'N1757', 'N1758', 'N1759', 'N1760', 'N1761', 'N1762', 'N1763', 'N1764', 'N1765', 'N1766', 'N1767', 'N1768', 'N1769', 'N1770', 'N1771', 'N1772', 'N1773', 'N1774', 'N1775', 'N1776', 'N1777', 'N1778', 'N1779', 'N1780', 'N1781', 'N1782', 'N1783', 'N1784', 'N1785', 'N1786', 'N1787', 'N1788', 'N1789', 'N1790', 'N1791', 'N1792', 'N1793', 'N1794', 'N1795', 'N1796', 'N1797', 'N1798', 'N1799', 'N1800', 'N1801', 'N1802', 'N1803', 'N1804', 'N1805', 'N1806', 'N1807', 'N1808', 'N1809', 'N1810', 'N1811', 'N1812', 'N1813', 'N1814', 'N1815', 'N1816', 'N1817', 'N1818', 'N1819', 'N1820', 'N1821', 'N1822', 'N1823', 'N1824', 'N1825', 'N1826', 'N1827', 'N1828', 'N1829', 'N1830', 'N1831', 'N1832', 'N1833', 'N1834', 'N1835', 'N1836', 'N1837', 'N1838', 'N1839', 'N1840', 'N1841', 'N1842', 'N1843', 'N1844', 'N1845', 'N1846', 'N1847', 'N1848', 'N1849', 'N1850', 'N1851', 'N1852', 'N1853', 'N1854', 'N1855', 'N1856', 'N1857', 'N1858', 'N1859', 'N1860', 'N1861', 'N1862', 'N1863', 'N1864', 'N1865', 'N1866', 'N1867', 'N1868', 'N1869', 'N1870', 'N1871', 'N1872', 'N1873', 'N1874', 'N1875', 'N1876', 'N1877', 'N1878', 'N1879', 'N1880', 'N1881', 'N1882', 'N1883', 'N1884', 'N1885', 'N1886', 'N1887', 'N1888', 'N1889', 'N1890', 'N1891', 'N1892', 'N1893', 'N1894', 'N1895', 'N1896', 'N1897', 'N1898', 'N1899', 'N1900', 'N1901', 'N1902', 'N1903', 'N1904', 'N1905', 'N1906', 'N1907', 'N1908', 'N1909', 'N1910', 'N1911', 'N1912', 'N1913', 'N1914', 'N1915', 'N1916', 'N1917', 'N1918', 'N1919', 'N1920', 'N1921', 'N1922', 'N1923', 'N1924', 'N1925', 'N1926', 'N1927', 'N1928', 'N1929', 'N1930', 'N1931', 'N1932', 'N1933', 'N1934', 'N1935', 'N1936', 'N1937', 'N1938', 'N1939', 'N1940', 'N1941', 'N1942', 'N1943', 'N1944', 'N1945', 'N1946', 'N1947', 'N1948', 'N1949', 'N1950', 'N1951', 'N1952', 'N1953', 'N1954', 'N1955', 'N1956', 'N1957', 'N1958', 'N1959', 'N1960', 'N1961', 'N1962', 'N1963', 'N1964', 'N1965', 'N1966', 'N1967', 'N1968', 'N1969', 'N1970', 'N1971', 'N1972', 'N1973', 'N1974', 'N1975', 'N1976', 'N1977', 'N1978', 'N1979', 'N1980', 'N1981', 'N1982', 'N1983', 'N1984', 'N1985', 'N1986', 'N1987', 'N1988', 'N1989', 'N1990', 'N1991', 'N1992', 'N1993', 'N1994', 'N1995', 'N1996', 'N1997', 'N1998', 'N1999', 'N2000', 'N2001', 'N2002', 'N2003', 'N2004', 'N2005', 'N2006', 'N2007', 'N2008', 'N2009', 'N2010', 'N2011', 'N2012', 'N2013', 'N2014', 'N2015', 'N2016', 'N2017', 'N2018', 'N2019', 'N2020', 'N2021', 'N2022', 'N2023', 'N2024', 'N2025', 'N2026', 'N2027', 'N2028', 'N2029', 'N2030', 'N2031', 'N2032', 'N2033', 'N2034', 'N2035', 'N2036', 'N2037', 'N2038', 'N2039', 'N2040', 'N2041', 'N2042', 'N2043', 'N2044', 'N2045', 'N2046', 'N2047', 'N2048', 'N2049', 'N2050', 'N2051', 'N2052', 'N2053', 'N2054', 'N2055', 'N2056', 'N2057', 'N2058', 'N2059', 'N2060', 'N2061', 'N2062', 'N2063', 'N2064', 'N2065', 'N2066', 'N2067', 'N2068', 'N2069', 'N2070', 'N2071', 'N2072', 'N2073', 'N2074', 'N2075', 'N2076', 'N2077', 'N2078', 'N2079', 'N2080', 'N2081', 'N2082', 'N2083', 'N2084', 'N2085', 'N2086', 'N2087', 'N2088', 'N2089', 'N2090', 'N2091', 'N2092', 'N2093', 'N2094', 'N2095', 'N2096', 'N2097', 'N2098', 'N2099', 'N2100', 'N2101', 'N2102', 'N2103', 'N2104', 'N2105', 'N2106', 'N2107', 'N2108', 'N2109', 'N2110', 'N2111', 'N2112', 'N2113', 'N2114', 'N2115', 'N2116', 'N2117', 'N2118', 'N2119', 'N2120', 'N2121', 'N2122', 'N2123', 'N2124', 'N2125', 'N2126', 'N2127', 'N2128', 'N2129', 'N2130', 'N2131', 'N2132', 'N2133', 'N2134', 'N2135', 'N2136', 'N2137', 'N2138', 'N2139', 'N2140', 'N2141', 'N2142', 'N2143', 'N2144', 'N2145', 'N2146', 'N2147', 'N2148', 'N2149', 'N2150', 'N2151', 'N2152', 'N2153', 'N2154', 'N2155', 'N2156', 'N2157', 'N2158', 'N2159', 'N2160', 'N2161', 'N2162', 'N2163', 'N2164', 'N2165', 'N2166', 'N2167', 'N2168', 'N2169', 'N2170', 'N2171', 'N2172', 'N2173', 'N2174', 'N2175', 'N2176', 'N2177', 'N2178', 'N2179', 'N2180', 'N2181', 'N2182', 'N2183', 'N2184', 'N2185', 'N2186', 'N2187', 'N2188', 'N2189', 'N2190', 'N2191', 'N2192', 'N2193', 'N2194', 'N2195', 'N2196', 'N2197', 'N2198', 'N2199', 'N2200', 'N2201', 'N2202', 'N2203', 'N2204', 'N2205', 'N2206', 'N2207', 'N2208', 'N2209', 'N2210', 'N2211', 'N2212', 'N2213', 'N2214', 'N2215', 'N2216', 'N2217', 'N2218', 'N2219', 'N2220', 'N2221', 'N2222', 'N2223', 'N2224', 'N2225', 'N2226', 'N2227', 'N2228', 'N2229', 'N2230', 'N2231', 'N2232', 'N2233', 'N2234', 'N2235', 'N2236', 'N2237', 'N2238', 'N2239', 'N2240', 'N2241', 'N2242', 'N2243', 'N2244', 'N2245', 'N2246', 'N2247', 'N2248', 'N2249', 'N2250', 'N2251', 'N2252', 'N2253', 'N2254', 'N2255', 'N2256', 'N2257', 'N2258', 'N2259', 'N2260', 'N2261', 'N2262', 'N2263', 'N2264', 'N2265', 'N2266', 'N2267', 'N2268', 'N2269', 'N2270', 'N2271', 'N2272', 'N2273', 'N2274', 'N2275', 'N2276', 'N2277', 'N2278', 'N2279', 'N2280', 'N2281', 'N2282', 'N2283', 'N2284', 'N2285', 'N2286', 'N2287', 'N2288', 'N2289', 'N2290', 'N2291', 'N2292', 'N2293', 'N2294', 'N2295', 'N2296', 'N2297', 'N2298', 'N2299', 'N2300', 'N2301', 'N2302', 'N2303', 'N2304', 'N2305', 'N2306', 'N2307', 'N2308', 'N2309', 'N2310', 'N2311', 'N2312', 'N2313', 'N2314', 'N2315', 'N2316', 'N2317', 'N2318', 'N2319', 'N2320', 'N2321', 'N2322', 'N2323', 'N2324', 'N2325', 'N2326', 'N2327', 'N2328', 'N2329', 'N2330', 'N2331', 'N2332', 'N2333', 'N2334', 'N2335', 'N2336', 'N2337', 'N2338', 'N2339', 'N2340', 'N2341', 'N2342', 'N2343', 'N2344', 'N2345', 'N2346', 'N2347', 'N2348', 'N2349', 'N2350', 'N2351', 'N2352', 'N2353', 'N2354', 'N2355', 'N2356', 'N2357', 'N2358', 'N2359', 'N2360', 'N2361', 'N2362', 'N2363', 'N2364', 'N2365', 'N2366', 'N2367', 'N2368', 'N2369', 'N2370', 'N2371', 'N2372', 'N2373', 'N2374', 'N2375', 'N2376', 'N2377', 'N2378', 'N2379', 'N2380', 'N2381', 'N2382', 'N2383', 'N2384', 'N2385', 'N2386', 'N2387', 'N2388', 'N2389', 'N2390', 'N2391', 'N2392', 'N2393', 'N2394', 'N2395', 'N2396', 'N2397', 'N2398', 'N2399', 'N2400', 'N2401', 'N2402', 'N2403', 'N2404', 'N2405', 'N2406', 'N2407', 'N2408', 'N2409', 'N2410', 'N2411', 'N2412', 'N2413', 'N2414', 'N2415', 'N2416', 'N2417', 'N2418', 'N2419', 'N2420', 'N2421', 'N2422', 'N2423', 'N2424', 'N2425', 'N2426', 'N2427', 'N2428', 'N2429', 'N2430', 'N2431', 'N2432', 'N2433', 'N2434', 'N2435', 'N2436', 'N2437', 'N2438', 'N2439', 'N2440', 'N2441', 'N2442', 'N2443', 'N2444', 'N2445', 'N2446', 'N2447', 'N2448', 'N2449', 'N2450', 'N2451', 'N2452', 'N2453', 'N2454', 'N2455', 'N2456', 'N2457', 'N2458', 'N2459', 'N2460', 'N2461', 'N2462', 'N2463', 'N2464', 'N2465', 'N2466', 'N2467', 'N2468', 'N2469', 'N2470', 'N2471', 'N2472', 'N2473', 'N2474', 'N2475', 'N2476', 'N2477', 'N2478', 'N2479', 'N2480', 'N2481', 'N2482', 'N2483', 'N2484', 'N2485', 'N2486', 'N2487', 'N2488', 'N2489', 'N2490', 'N2491', 'N2492', 'N2493', 'N2494', 'N2495', 'N2496', 'N2497', 'N2498', 'N2499', 'N2500', 'N2501', 'N2502', 'N2503', 'N2504', 'N2505', 'N2506', 'N2507', 'N2508', 'N2509', 'N2510', 'N2511', 'N2512', 'N2513', 'N2514', 'N2515', 'N2516', 'N2517', 'N2518', 'N2519', 'N2520', 'N2521', 'N2522', 'N2523', 'N2524', 'N2525', 'N2526', 'N2527', 'N2528', 'N2529', 'N2530', 'N2531', 'N2532', 'N2533', 'N2534', 'N2535', 'N2536', 'N2537', 'N2538', 'N2539', 'N2540', 'N2541', 'N2542', 'N2543', 'N2544', 'N2545', 'N2546', 'N2547', 'N2548', 'N2549', 'N2550', 'N2551', 'N2552', 'N2553', 'N2554', 'N2555', 'N2556', 'N2557', 'N2558', 'N2559', 'N2560', 'N2561', 'N2562', 'N2563', 'N2564', 'N2565', 'N2566', 'N2567', 'N2568', 'N2569', 'N2570', 'N2571', 'N2572', 'N2573', 'N2574', 'N2575', 'N2576', 'N2577', 'N2578', 'N2579', 'N2580', 'N2581', 'N2582', 'N2583', 'N2584', 'N2585', 'N2586', 'N2587', 'N2588', 'N2589', 'N2590', 'N2591', 'N2592', 'N2593', 'N2594', 'N2595', 'N2596', 'N2597', 'N2598', 'N2599', 'N2600', 'N2601', 'N2602', 'N2603', 'N2604', 'N2605', 'N2606', 'N2607', 'N2608', 'N2609', 'N2610', 'N2611', 'N2612', 'N2613', 'N2614', 'N2615', 'N2616', 'N2617', 'N2618', 'N2619', 'N2620', 'N2621', 'N2622', 'N2623', 'N2624', 'N2625', 'N2626', 'N2627', 'N2628', 'N2629', 'N2630', 'N2631', 'N2632', 'N2633', 'N2634', 'N2635', 'N2636', 'N2637', 'N2638', 'N2639', 'N2640', 'N2641', 'N2642', 'N2643', 'N2644', 'N2645', 'N2646', 'N2647', 'N2648', 'N2649', 'N2650', 'N2651', 'N2652', 'N2653', 'N2654', 'N2655', 'N2656', 'N2657', 'N2658', 'N2659', 'N2660', 'N2661', 'N2662', 'N2663', 'N2664', 'N2665', 'N2666', 'N2667', 'N2668', 'N2669', 'N2670', 'N2671', 'N2672', 'N2673', 'N2674', 'N2675', 'N2676', 'N2677', 'N2678', 'N2679', 'N2680', 'N2681', 'N2682', 'N2683', 'N2684', 'N2685', 'N2686', 'N2687', 'N2688', 'N2689', 'N2690', 'N2691', 'N2692', 'N2693', 'N2694', 'N2695', 'N2696', 'N2697', 'N2698', 'N2699', 'N2700', 'N2701', 'N2702', 'N2703', 'N2704', 'N2705', 'N2706', 'N2707', 'N2708', 'N2709', 'N2710', 'N2711', 'N2712', 'N2713', 'N2714', 'N2715', 'N2716', 'N2717', 'N2718', 'N2719', 'N2720', 'N2721', 'N2722', 'N2723', 'N2724', 'N2725', 'N2726', 'N2727', 'N2728', 'N2729', 'N2730', 'N2731', 'N2732', 'N2733', 'N2734', 'N2735', 'N2736', 'N2737', 'N2738', 'N2739', 'N2740', 'N2741', 'N2742', 'N2743', 'N2744', 'N2745', 'N2746', 'N2747', 'N2748', 'N2749', 'N2750', 'N2751', 'N2752', 'N2753', 'N2754', 'N2755', 'N2756', 'N2757', 'N2758', 'N2759', 'N2760', 'N2761', 'N2762', 'N2763', 'N2764', 'N2765', 'N2766', 'N2767', 'N2768', 'N2769', 'N2770', 'N2771', 'N2772', 'N2773', 'N2774', 'N2775', 'N2776', 'N2777', 'N2778', 'N2779', 'N2780', 'N2781', 'N2782', 'N2783', 'N2784', 'N2785', 'N2786', 'N2787', 'N2788', 'N2789', 'N2790', 'N2791', 'N2792', 'N2793', 'N2794', 'N2795', 'N2796', 'N2797', 'N2798', 'N2799', 'N2800', 'N2801', 'N2802', 'N2803', 'N2804', 'N2805', 'N2806', 'N2807', 'N2808', 'N2809', 'N2810', 'N2811', 'N2812', 'N2813', 'N2814', 'N2815', 'N2816', 'N2817', 'N2818', 'N2819', 'N2820', 'N2821', 'N2822', 'N2823', 'N2824', 'N2825', 'N2826', 'N2827', 'N2828', 'N2829', 'N2830', 'N2831', 'N2832', 'N2833', 'N2834', 'N2835', 'N2836', 'N2837', 'N2838', 'N2839', 'N2840', 'N2841', 'N2842', 'N2843', 'N2844', 'N2845', 'N2846', 'N2847', 'N2848', 'N2849', 'N2850', 'N2851', 'N2852', 'N2853', 'N2854', 'N2855', 'N2856', 'N2857', 'N2858', 'N2859', 'N2860', 'N2861', 'N2862', 'N2863', 'N2864', 'N2865', 'N2866', 'N2867', 'N2868', 'N2869', 'N2870', 'N2871', 'N2872', 'N2873', 'N2874', 'N2875', 'N2876', 'N2877', 'N2878', 'N2879', 'N2880', 'N2881', 'N2882', 'N2883', 'N2884', 'N2885', 'N2886', 'N2887', 'N2888', 'N2889', 'N2890', 'N2891', 'N2892', 'N2893', 'N2894', 'N2895', 'N2896', 'N2897', 'N2898', 'N2899', 'N2900', 'N2901', 'N2902', 'N2903', 'N2904', 'N2905', 'N2906', 'N2907', 'N2908', 'N2909', 'N2910', 'N2911', 'N2912', 'N2913', 'N2914', 'N2915', 'N2916', 'N2917', 'N2918', 'N2919', 'N2920', 'N2921', 'N2922', 'N2923', 'N2924', 'N2925', 'N2926', 'N2927', 'N2928', 'N2929', 'N2930', 'N2931', 'N2932', 'N2933', 'N2934', 'N2935', 'N2936', 'N2937', 'N2938', 'N2939', 'N2940', 'N2941', 'N2942', 'N2943', 'N2944', 'N2945', 'N2946', 'N2947', 'N2948', 'N2949', 'N2950', 'N2951', 'N2952', 'N2953', 'N2954', 'N2955', 'N2956', 'N2957', 'N2958', 'N2959', 'N2960', 'N2961', 'N2962', 'N2963', 'N2964', 'N2965', 'N2966', 'N2967', 'N2968', 'N2969', 'N2970', 'N2971', 'N2972', 'N2973', 'N2974', 'N2975', 'N2976', 'N2977', 'N2978', 'N2979', 'N2980', 'N2981', 'N2982', 'N2983', 'N2984', 'N2985', 'N2986', 'N2987', 'N2988', 'N2989', 'N2990', 'N2991', 'N2992', 'N2993', 'N2994', 'N2995', 'N2996', 'N2997', 'N2998', 'N2999', 'N3000', 'N3001', 'N3002', 'N3003', 'N3004', 'N3005', 'N3006', 'N3007', 'N3008', 'N3009', 'N3010', 'N3011', 'N3012', 'N3013', 'N3014', 'N3015', 'N3016', 'N3017', 'N3018', 'N3019', 'N3020', 'N3021', 'N3022', 'N3023', 'N3024', 'N3025', 'N3026', 'N3027', 'N3028', 'N3029', 'N3030', 'N3031', 'N3032', 'N3033', 'N3034', 'N3035', 'N3036', 'N3037', 'N3038', 'N3039', 'N3040', 'N3041', 'N3042', 'N3043', 'N3044', 'N3045', 'N3046', 'N3047', 'N3048', 'N3049', 'N3050', 'N3051', 'N3052', 'N3053', 'N3054', 'N3055', 'N3056', 'N3057', 'N3058', 'N3059', 'N3060', 'N3061', 'N3062', 'N3063', 'N3064', 'N3065', 'N3066', 'N3067', 'N3068', 'N3069', 'N3070', 'N3071', 'N3072', 'N3073', 'N3074', 'N3075', 'N3076', 'N3077', 'N3078', 'N3079', 'N3080', 'N3081', 'N3082', 'N3083', 'N3084', 'N3085', 'N3086', 'N3087', 'N3088', 'N3089', 'N3090', 'N3091', 'N3092', 'N3093', 'N3094', 'N3095', 'N3096', 'N3097', 'N3098', 'N3099', 'N3100', 'N3101', 'N3102', 'N3103', 'N3104', 'N3105', 'N3106', 'N3107', 'N3108', 'N3109', 'N3110', 'N3111', 'N3112', 'N3113', 'N3114', 'N3115', 'N3116', 'N3117', 'N3118', 'N3119', 'N3120', 'N3121', 'N3122', 'N3123', 'N3124', 'N3125', 'N3126', 'N3127', 'N3128', 'N3129', 'N3130', 'N3131', 'N3132', 'N3133', 'N3134', 'N3135', 'N3136', 'N3137', 'N3138', 'N3139', 'N3140', 'N3141', 'N3142', 'N3143', 'N3144', 'N3145', 'N3146', 'N3147', 'N3148', 'N3149', 'N3150', 'N3151', 'N3152', 'N3153', 'N3154', 'N3155', 'N3156', 'N3157', 'N3158', 'N3159', 'N3160', 'N3161', 'N3162', 'N3163', 'N3164', 'N3165', 'N3166', 'N3167', 'N3168', 'N3169', 'N3170', 'N3171', 'N3172', 'N3173', 'N3174', 'N3175', 'N3176', 'N3177', 'N3178', 'N3179', 'N3180', 'N3181', 'N3182', 'N3183', 'N3184', 'N3185', 'N3186', 'N3187', 'N3188', 'N3189', 'N3190', 'N3191', 'N3192', 'N3193', 'N3194', 'N3195', 'N3196', 'N3197', 'N3198', 'N3199', 'N3200', 'N3201', 'N3202', 'N3203', 'N3204', 'N3205', 'N3206', 'N3207', 'N3208', 'N3209', 'N3210', 'N3211', 'N3212', 'N3213', 'N3214', 'N3215', 'N3216', 'N3217', 'N3218', 'N3219', 'N3220', 'N3221', 'N3222', 'N3223', 'N3224', 'N3225', 'N3226', 'N3227', 'N3228', 'N3229', 'N3230', 'N3231', 'N3232', 'N3233', 'N3234', 'N3235', 'N3236', 'N3237', 'N3238', 'N3239', 'N3240', 'N3241', 'N3242', 'N3243', 'N3244', 'N3245', 'N3246', 'N3247', 'N3248', 'N3249', 'N3250', 'N3251', 'N3252', 'N3253', 'N3254', 'N3255', 'N3256', 'N3257', 'N3258', 'N3259', 'N3260', 'N3261', 'N3262', 'N3263', 'N3264', 'N3265', 'N3266', 'N3267', 'N3268', 'N3269', 'N3270', 'N3271', 'N3272', 'N3273', 'N3274', 'N3275', 'N3276', 'N3277', 'N3278', 'N3279', 'N3280', 'N3281', 'N3282', 'N3283', 'N3284', 'N3285', 'N3286', 'N3287', 'N3288', 'N3289', 'N3290', 'N3291', 'N3292', 'N3293', 'N3294', 'N3295', 'N3296', 'N3297', 'N3298', 'N3299', 'N3300', 'N3301', 'N3302', 'N3303', 'N3304', 'N3305', 'N3306', 'N3307', 'N3308', 'N3309', 'N3310', 'N3311', 'N3312', 'N3313', 'N3314', 'N3315', 'N3316', 'N3317', 'N3318', 'N3319', 'N3320', 'N3321', 'N3322', 'N3323', 'N3324', 'N3325', 'N3326', 'N3327', 'N3328', 'N3329', 'N3330', 'N3331', 'N3332', 'N3333', 'N3334', 'N3335', 'N3336', 'N3337', 'N3338', 'N3339', 'N3340', 'N3341', 'N3342', 'N3343', 'N3344', 'N3345', 'N3346', 'N3347', 'N3348', 'N3349', 'N3350', 'N3351', 'N3352', 'N3353', 'N3354', 'N3355', 'N3356', 'N3357', 'N3358', 'N3359', 'N3360', 'N3361', 'N3362', 'N3363', 'N3364', 'N3365', 'N3366', 'N3367', 'N3368', 'N3369', 'N3370', 'N3371', 'N3372', 'N3373', 'N3374', 'N3375', 'N3376', 'N3377', 'N3378', 'N3379', 'N3380', 'N3381', 'N3382', 'N3383', 'N3384', 'N3385', 'N3386', 'N3387', 'N3388', 'N3389', 'N3390', 'N3391', 'N3392', 'N3393', 'N3394', 'N3395', 'N3396', 'N3397', 'N3398', 'N3399', 'N3400', 'N3401', 'N3402', 'N3403', 'N3404', 'N3405', 'N3406', 'N3407', 'N3408', 'N3409', 'N3410', 'N3411', 'N3412', 'N3413', 'N3414', 'N3415', 'N3416', 'N3417', 'N3418', 'N3419', 'N3420', 'N3421', 'N3422', 'N3423', 'N3424', 'N3425', 'N3426', 'N3427', 'N3428', 'N3429', 'N3430', 'N3431', 'N3432', 'N3433', 'N3434', 'N3435', 'N3436', 'N3437', 'N3438', 'N3439', 'N3440', 'N3441', 'N3442', 'N3443', 'N3444', 'N3445', 'N3446', 'N3447', 'N3448', 'N3449', 'N3450', 'N3451', 'N3452', 'N3453', 'N3454', 'N3455', 'N3456', 'N3457', 'N3458', 'N3459', 'N3460', 'N3461', 'N3462', 'N3463', 'N3464', 'N3465', 'N3466', 'N3467', 'N3468', 'N3469', 'N3470', 'N3471', 'N3472', 'N3473', 'N3474', 'N3475', 'N3476', 'N3477', 'N3478', 'N3479', 'N3480', 'N3481', 'N3482', 'N3483', 'N3484', 'N3485', 'N3486', 'N3487', 'N3488', 'N3489', 'N3490', 'N3491', 'N3492', 'N3493', 'N3494', 'N3495', 'N3496', 'N3497', 'N3498', 'N3499', 'N3500', 'N3501', 'N3502', 'N3503', 'N3504', 'N3505', 'N3506', 'N3507', 'N3508', 'N3509', 'N3510', 'N3511', 'N3512', 'N3513', 'N3514', 'N3515', 'N3516', 'N3517', 'N3518', 'N3519', 'N3520', 'N3521', 'N3522', 'N3523', 'N3524', 'N3525', 'N3526', 'N3527', 'N3528', 'N3529', 'N3530', 'N3531', 'N3532', 'N3533', 'N3534', 'N3535', 'N3536', 'N3537', 'N3538', 'N3539', 'N3540', 'N3541', 'N3542', 'N3543', 'N3544', 'N3545', 'N3546', 'N3547', 'N3548', 'N3549', 'N3550', 'N3551', 'N3552', 'N3553', 'N3554', 'N3555', 'N3556', 'N3557', 'N3558', 'N3559', 'N3560', 'N3561', 'N3562', 'N3563', 'N3564', 'N3565', 'N3566', 'N3567', 'N3568', 'N3569', 'N3570', 'N3571', 'N3572', 'N3573', 'N3574', 'N3575', 'N3576', 'N3577', 'N3578', 'N3579', 'N3580', 'N3581', 'N3582', 'N3583', 'N3584', 'N3585', 'N3586', 'N3587', 'N3588', 'N3589', 'N3590', 'N3591', 'N3592', 'N3593', 'N3594', 'N3595', 'N3596', 'N3597', 'N3598', 'N3599', 'N3600', 'N3601', 'N3602', 'N3603', 'N3604', 'N3605', 'N3606', 'N3607', 'N3608', 'N3609', 'N3610', 'N3611', 'N3612', 'N3613', 'N3614', 'N3615', 'N3616', 'N3617', 'N3618', 'N3619', 'N3620', 'N3621', 'N3622', 'N3623', 'N3624', 'N3625', 'N3626', 'N3627', 'N3628', 'N3629', 'N3630', 'N3631', 'N3632', 'N3633', 'N3634', 'N3635', 'N3636', 'N3637', 'N3638', 'N3639', 'N3640', 'N3641', 'N3642', 'N3643', 'N3644', 'N3645', 'N3646', 'N3647', 'N3648', 'N3649', 'N3650', 'N3651', 'N3652', 'N3653', 'N3654', 'N3655', 'N3656', 'N3657', 'N3658', 'N3659', 'N3660', 'N3661', 'N3662', 'N3663', 'N3664', 'N3665', 'N3666', 'N3667', 'N3668', 'N3669', 'N3670', 'N3671', 'N3672', 'N3673', 'N3674', 'N3675', 'N3676', 'N3677', 'N3678', 'N3679', 'N3680', 'N3681', 'N3682', 'N3683', 'N3684', 'N3685', 'N3686', 'N3687', 'N3688', 'N3689', 'N3690', 'N3691', 'N3692', 'N3693', 'N3694', 'N3695', 'N3696', 'N3697', 'N3698', 'N3699', 'N3700', 'N3701', 'N3702', 'N3703', 'N3704', 'N3705', 'N3706', 'N3707', 'N3708', 'N3709', 'N3710', 'N3711', 'N3712', 'N3713', 'N3714', 'N3715', 'N3716', 'N3717', 'N3718', 'N3719', 'N3720', 'N3721', 'N3722', 'N3723', 'N3724', 'N3725', 'N3726', 'N3727', 'N3728', 'N3729', 'N3730', 'N3731', 'N3732', 'N3733', 'N3734', 'N3735', 'N3736', 'N3737', 'N3738', 'N3739', 'N3740', 'N3741', 'N3742', 'N3743', 'N3744', 'N3745', 'N3746', 'N3747', 'N3748', 'N3749', 'N3750', 'N3751', 'N3752', 'N3753', 'N3754', 'N3755', 'N3756', 'N3757', 'N3758', 'N3759', 'N3760', 'N3761', 'N3762', 'N3763', 'N3764', 'N3765', 'N3766', 'N3767', 'N3768', 'N3769', 'N3770', 'N3771', 'N3772', 'N3773', 'N3774', 'N3775', 'N3776', 'N3777', 'N3778', 'N3779', 'N3780', 'N3781', 'N3782', 'N3783', 'N3784', 'N3785', 'N3786', 'N3787', 'N3788', 'N3789', 'N3790', 'N3791', 'N3792', 'N3793', 'N3794', 'N3795', 'N3796', 'N3797', 'N3798', 'N3799', 'N3800', 'N3801', 'N3802', 'N3803', 'N3804', 'N3805', 'N3806', 'N3807', 'N3808', 'N3809', 'N3810', 'N3811', 'N3812', 'N3813', 'N3814', 'N3815', 'N3816', 'N3817', 'N3818', 'N3819', 'N3820', 'N3821', 'N3822', 'N3823', 'N3824', 'N3825', 'N3826', 'N3827', 'N3828', 'N3829', 'N3830', 'N3831', 'N3832', 'N3833', 'N3834', 'N3835', 'N3836', 'N3837', 'N3838', 'N3839', 'N3840', 'N3841', 'N3842', 'N3843', 'N3844', 'N3845', 'N3846', 'N3847', 'N3848', 'N3849', 'N3850', 'N3851', 'N3852', 'N3853', 'N3854', 'N3855', 'N3856', 'N3857', 'N3858', 'N3859', 'N3860', 'N3861', 'N3862', 'N3863', 'N3864', 'N3865', 'N3866', 'N3867', 'N3868', 'N3869', 'N3870', 'N3871', 'N3872', 'N3873', 'N3874', 'N3875', 'N3876', 'N3877', 'N3878', 'N3879', 'N3880', 'N3881', 'N3882', 'N3883', 'N3884', 'N3885', 'N3886', 'N3887', 'N3888', 'N3889', 'N3890', 'N3891', 'N3892', 'N3893', 'N3894', 'N3895', 'N3896', 'N3897', 'N3898', 'N3899', 'N3900', 'N3901', 'N3902', 'N3903', 'N3904', 'N3905', 'N3906', 'N3907', 'N3908', 'N3909', 'N3910', 'N3911', 'N3912', 'N3913', 'N3914', 'N3915', 'N3916', 'N3917', 'N3918', 'N3919', 'N3920', 'N3921', 'N3922', 'N3923', 'N3924', 'N3925', 'N3926', 'N3927', 'N3928', 'N3929', 'N3930', 'N3931', 'N3932', 'N3933', 'N3934', 'N3935', 'N3936', 'N3937', 'N3938', 'N3939', 'N3940', 'N3941', 'N3942', 'N3943', 'N3944', 'N3945', 'N3946', 'N3947', 'N3948', 'N3949', 'N3950', 'N3951', 'N3952', 'N3953', 'N3954', 'N3955', 'N3956', 'N3957', 'N3958', 'N3959', 'N3960', 'N3961', 'N3962', 'N3963', 'N3964', 'N3965', 'N3966', 'N3967', 'N3968', 'N3969', 'N3970', 'N3971', 'N3972', 'N3973', 'N3974', 'N3975', 'N3976', 'N3977', 'N3978', 'N3979', 'N3980', 'N3981', 'N3982', 'N3983', 'N3984', 'N3985', 'N3986', 'N3987', 'N3988', 'N3989', 'N3990', 'N3991', 'N3992', 'N3993', 'N3994', 'N3995', 'N3996', 'N3997', 'N3998', 'N3999', 'N4000', 'N4001', 'N4002', 'N4003', 'N4004', 'N4005', 'N4006', 'N4007', 'N4008', 'N4009', 'N4010', 'N4011', 'N4012', 'N4013', 'N4014', 'N4015', 'N4016', 'N4017', 'N4018', 'N4019', 'N4020', 'N4021', 'N4022', 'N4023', 'N4024', 'N4025', 'N4026', 'N4027', 'N4028', 'N4029', 'N4030', 'N4031', 'N4032', 'N4033', 'N4034', 'N4035', 'N4036', 'N4037', 'N4038', 'N4039', 'N4040', 'N4041', 'N4042', 'N4043', 'N4044', 'N4045', 'N4046', 'N4047', 'N4048', 'N4049', 'N4050', 'N4051', 'N4052', 'N4053', 'N4054', 'N4055', 'N4056', 'N4057', 'N4058', 'N4059', 'N4060', 'N4061', 'N4062', 'N4063', 'N4064', 'N4065', 'N4066', 'N4067', 'N4068', 'N4069', 'N4070', 'N4071', 'N4072', 'N4073', 'N4074', 'N4075', 'N4076', 'N4077', 'N4078', 'N4079', 'N4080', 'N4081', 'N4082', 'N4083', 'N4084', 'N4085', 'N4086', 'N4087', 'N4088', 'N4089', 'N4090', 'N4091', 'N4092', 'N4093', 'N4094', 'N4095', 'N4096', 'N4097', 'N4098', 'N4099', 'N4100', 'N4101', 'N4102', 'N4103', 'N4104', 'N4105', 'N4106', 'N4107', 'N4108', 'N4109', 'N4110', 'N4111', 'N4112', 'N4113', 'N4114', 'N4115', 'N4116', 'N4117', 'N4118', 'N4119', 'N4120', 'N4121', 'N4122', 'N4123', 'N4124', 'N4125', 'N4126', 'N4127', 'N4128', 'N4129', 'N4130', 'N4131', 'N4132', 'N4133', 'N4134', 'N4135', 'N4136', 'N4137', 'N4138', 'N4139', 'N4140', 'N4141', 'N4142', 'N4143', 'N4144', 'N4145', 'N4146', 'N4147', 'N4148', 'N4149', 'N4150', 'N4151', 'N4152', 'N4153', 'N4154', 'N4155', 'N4156', 'N4157', 'N4158', 'N4159', 'N4160', 'N4161', 'N4162', 'N4163', 'N4164', 'N4165', 'N4166', 'N4167', 'N4168', 'N4169', 'N4170', 'N4171', 'N4172', 'N4173', 'N4174', 'N4175', 'N4176', 'N4177', 'N4178', 'N4179', 'N4180', 'N4181', 'N4182', 'N4183', 'N4184', 'N4185', 'N4186', 'N4187', 'N4188', 'N4189', 'N4190', 'N4191', 'N4192', 'N4193', 'N4194', 'N4195', 'N4196', 'N4197', 'N4198', 'N4199', 'N4200', 'N4201', 'N4202', 'N4203', 'N4204', 'N4205', 'N4206', 'N4207', 'N4208', 'N4209', 'N4210', 'N4211', 'N4212', 'N4213', 'N4214', 'N4215', 'N4216', 'N4217', 'N4218', 'N4219', 'N4220', 'N4221', 'N4222', 'N4223', 'N4224', 'N4225', 'N4226', 'N4227', 'N4228', 'N4229', 'N4230', 'N4231', 'N4232', 'N4233', 'N4234', 'N4235', 'N4236', 'N4237', 'N4238', 'N4239', 'N4240', 'N4241', 'N4242', 'N4243', 'N4244', 'N4245', 'N4246', 'N4247', 'N4248', 'N4249', 'N4250', 'N4251', 'N4252', 'N4253', 'N4254', 'N4255', 'N4256', 'N4257', 'N4258', 'N4259', 'N4260', 'N4261', 'N4262', 'N4263', 'N4264', 'N4265', 'N4266', 'N4267', 'N4268', 'N4269', 'N4270', 'N4271', 'N4272', 'N4273', 'N4274', 'N4275', 'N4276', 'N4277', 'N4278', 'N4279', 'N4280', 'N4281', 'N4282', 'N4283', 'N4284', 'N4285', 'N4286', 'N4287', 'N4288', 'N4289', 'N4290', 'N4291', 'N4292', 'N4293', 'N4294', 'N4295', 'N4296', 'N4297', 'N4298', 'N4299', 'N4300', 'N4301', 'N4302', 'N4303', 'N4304', 'N4305', 'N4306', 'N4307', 'N4308', 'N4309', 'N4310', 'N4311', 'N4312', 'N4313', 'N4314', 'N4315', 'N4316', 'N4317', 'N4318', 'N4319', 'N4320', 'N4321', 'N4322', 'N4323', 'N4324', 'N4325', 'N4326', 'N4327', 'N4328', 'N4329', 'N4330', 'N4331', 'N4332', 'N4333', 'N4334', 'N4335', 'N4336', 'N4337', 'N4338', 'N4339', 'N4340', 'N4341', 'N4342', 'N4343', 'N4344', 'N4345', 'N4346', 'N4347', 'N4348', 'N4349', 'N4350', 'N4351', 'N4352', 'N4353', 'N4354', 'N4355', 'N4356', 'N4357', 'N4358', 'N4359', 'N4360', 'N4361', 'N4362', 'N4363', 'N4364', 'N4365', 'N4366', 'N4367', 'N4368', 'N4369', 'N4370', 'N4371', 'N4372', 'N4373', 'N4374', 'N4375', 'N4376', 'N4377', 'N4378', 'N4379', 'N4380', 'N4381', 'N4382', 'N4383', 'N4384', 'N4385', 'N4386', 'N4387', 'N4388', 'N4389', 'N4390', 'N4391', 'N4392', 'N4393', 'N4394', 'N4395', 'N4396', 'N4397', 'N4398', 'N4399', 'N4400', 'N4401', 'N4402', 'N4403', 'N4404', 'N4405', 'N4406', 'N4407', 'N4408', 'N4409', 'N4410', 'N4411', 'N4412', 'N4413', 'N4414', 'N4415', 'N4416', 'N4417', 'N4418', 'N4419', 'N4420', 'N4421', 'N4422', 'N4423', 'N4424', 'N4425', 'N4426', 'N4427', 'N4428', 'N4429', 'N4430', 'N4431', 'N4432', 'N4433', 'N4434', 'N4435', 'N4436', 'N4437', 'N4438', 'N4439', 'N4440', 'N4441', 'N4442', 'N4443', 'N4444', 'N4445', 'N4446', 'N4447', 'N4448', 'N4449', 'N4450', 'N4451', 'N4452', 'N4453', 'N4454', 'N4455', 'N4456', 'N4457', 'N4458', 'N4459', 'N4460', 'N4461', 'N4462', 'N4463', 'N4464', 'N4465', 'N4466', 'N4467', 'N4468', 'N4469', 'N4470', 'N4471', 'N4472', 'N4473', 'N4474', 'N4475', 'N4476', 'N4477', 'N4478', 'N4479', 'N4480', 'N4481', 'N4482', 'N4483', 'N4484', 'N4485', 'N4486', 'N4487', 'N4488', 'N4489', 'N4490', 'N4491', 'N4492', 'N4493', 'N4494', 'N4495', 'N4496', 'N4497', 'N4498', 'N4499', 'N4500', 'N4501', 'N4502', 'N4503', 'N4504', 'N4505', 'N4506', 'N4507', 'N4508', 'N4509', 'N4510', 'N4511', 'N4512', 'N4513', 'N4514', 'N4515', 'N4516', 'N4517', 'N4518', 'N4519', 'N4520', 'N4521', 'N4522', 'N4523', 'N4524', 'N4525', 'N4526', 'N4527', 'N4528', 'N4529', 'N4530', 'N4531', 'N4532', 'N4533', 'N4534', 'N4535', 'N4536', 'N4537', 'N4538', 'N4539', 'N4540', 'N4541', 'N4542', 'N4543', 'N4544', 'N4545', 'N4546', 'N4547', 'N4548', 'N4549', 'N4550', 'N4551', 'N4552', 'N4553', 'N4554', 'N4555', 'N4556', 'N4557', 'N4558', 'N4559', 'N4560', 'N4561', 'N4562', 'N4563', 'N4564', 'N4565', 'N4566', 'N4567', 'N4568', 'N4569', 'N4570', 'N4571', 'N4572', 'N4573', 'N4574', 'N4575', 'N4576', 'N4577', 'N4578', 'N4579', 'N4580', 'N4581', 'N4582', 'N4583', 'N4584', 'N4585', 'N4586', 'N4587', 'N4588', 'N4589', 'N4590', 'N4591', 'N4592', 'N4593', 'N4594', 'N4595', 'N4596', 'N4597', 'N4598', 'N4599', 'N4600', 'N4601', 'N4602', 'N4603', 'N4604', 'N4605', 'N4606', 'N4607', 'N4608', 'N4609', 'N4610', 'N4611', 'N4612', 'N4613', 'N4614', 'N4615', 'N4616', 'N4617', 'N4618', 'N4619', 'N4620', 'N4621', 'N4622', 'N4623', 'N4624', 'N4625', 'N4626', 'N4627', 'N4628', 'N4629', 'N4630', 'N4631', 'N4632', 'N4633', 'N4634', 'N4635', 'N4636', 'N4637', 'N4638', 'N4639', 'N4640', 'N4641', 'N4642', 'N4643', 'N4644', 'N4645', 'N4646', 'N4647', 'N4648', 'N4649', 'N4650', 'N4651', 'N4652', 'N4653', 'N4654', 'N4655', 'N4656', 'N4657', 'N4658', 'N4659', 'N4660', 'N4661', 'N4662', 'N4663', 'N4664', 'N4665', 'N4666', 'N4667', 'N4668', 'N4669', 'N4670', 'N4671', 'N4672', 'N4673', 'N4674', 'N4675', 'N4676', 'N4677', 'N4678', 'N4679', 'N4680', 'N4681', 'N4682', 'N4683', 'N4684', 'N4685', 'N4686', 'N4687', 'N4688', 'N4689', 'N4690', 'N4691', 'N4692', 'N4693', 'N4694', 'N4695', 'N4696', 'N4697', 'N4698', 'N4699', 'N4700', 'N4701', 'N4702', 'N4703', 'N4704', 'N4705', 'N4706', 'N4707', 'N4708', 'N4709', 'N4710', 'N4711', 'N4712', 'N4713', 'N4714', 'N4715', 'N4716', 'N4717', 'N4718', 'N4719', 'N4720', 'N4721', 'N4722', 'N4723', 'N4724', 'N4725', 'N4726', 'N4727', 'N4728', 'N4729', 'N4730', 'N4731', 'N4732', 'N4733', 'N4734', 'N4735', 'N4736', 'N4737', 'N4738', 'N4739', 'N4740', 'N4741', 'N4742', 'N4743', 'N4744', 'N4745', 'N4746', 'N4747', 'N4748', 'N4749', 'N4750', 'N4751', 'N4752', 'N4753', 'N4754', 'N4755', 'N4756', 'N4757', 'N4758', 'N4759', 'N4760', 'N4761', 'N4762', 'N4763', 'N4764', 'N4765', 'N4766', 'N4767', 'N4768', 'N4769', 'N4770', 'N4771', 'N4772', 'N4773', 'N4774', 'N4775', 'N4776', 'N4777', 'N4778', 'N4779', 'N4780', 'N4781', 'N4782', 'N4783', 'N4784', 'N4785', 'N4786', 'N4787', 'N4788', 'N4789', 'N4790', 'N4791', 'N4792', 'N4793', 'N4794', 'N4795', 'N4796', 'N4797', 'N4798', 'N4799', 'N4800', 'N4801', 'N4802', 'N4803', 'N4804', 'N4805', 'N4806', 'N4807', 'N4808', 'N4809', 'N4810', 'N4811', 'N4812', 'N4813', 'N4814', 'N4815', 'N4816', 'N4817', 'N4818', 'N4819', 'N4820', 'N4821', 'N4822', 'N4823', 'N4824', 'N4825', 'N4826', 'N4827', 'N4828', 'N4829', 'N4830', 'N4831', 'N4832', 'N4833', 'N4834', 'N4835', 'N4836', 'N4837', 'N4838', 'N4839', 'N4840', 'N4841', 'N4842', 'N4843', 'N4844', 'N4845', 'N4846', 'N4847', 'N4848', 'N4849', 'N4850', 'N4851', 'N4852', 'N4853', 'N4854', 'N4855', 'N4856', 'N4857', 'N4858', 'N4859', 'N4860', 'N4861', 'N4862', 'N4863', 'N4864', 'N4865', 'N4866', 'N4867', 'N4868', 'N4869', 'N4870', 'N4871', 'N4872', 'N4873', 'N4874', 'N4875', 'N4876', 'N4877', 'N4878', 'N4879', 'N4880', 'N4881', 'N4882', 'N4883', 'N4884', 'N4885', 'N4886', 'N4887', 'N4888', 'N4889', 'N4890', 'N4891', 'N4892', 'N4893', 'N4894', 'N4895', 'N4896', 'N4897', 'N4898', 'N4899', 'N4900', 'N4901', 'N4902', 'N4903', 'N4904', 'N4905', 'N4906', 'N4907', 'N4908', 'N4909', 'N4910', 'N4911', 'N4912', 'N4913', 'N4914', 'N4915', 'N4916', 'N4917', 'N4918', 'N4919', 'N4920', 'N4921', 'N4922', 'N4923', 'N4924', 'N4925', 'N4926', 'N4927', 'N4928', 'N4929', 'N4930', 'N4931', 'N4932', 'N4933', 'N4934', 'N4935', 'N4936', 'N4937', 'N4938', 'N4939', 'N4940', 'N4941', 'N4942', 'N4943', 'N4944', 'N4945', 'N4946', 'N4947', 'N4948', 'N4949', 'N4950', 'N4951', 'N4952', 'N4953', 'N4954', 'N4955', 'N4956', 'N4957', 'N4958', 'N4959', 'N4960', 'N4961', 'N4962', 'N4963', 'N4964', 'N4965', 'N4966', 'N4967', 'N4968', 'N4969', 'N4970', 'N4971', 'N4972', 'N4973', 'N4974', 'N4975', 'N4976', 'N4977', 'N4978', 'N4979', 'N4980', 'N4981', 'N4982', 'N4983', 'N4984', 'N4985', 'N4986', 'N4987', 'N4988', 'N4989', 'N4990', 'N4991', 'N4992', 'N4993', 'N4994', 'N4995', 'N4996', 'N4997', 'N4998', 'N4999', 'N5000', 'N5001', 'N5002', 'N5003', 'N5004', 'N5005', 'N5006', 'N5007', 'N5008', 'N5009', 'N5010', 'N5011', 'N5012', 'N5013', 'N5014', 'N5015', 'N5016', 'N5017', 'N5018', 'N5019', 'N5020', 'N5021', 'N5022', 'N5023', 'N5024', 'N5025', 'N5026', 'N5027', 'N5028', 'N5029', 'N5030', 'N5031', 'N5032', 'N5033', 'N5034', 'N5035', 'N5036', 'N5037', 'N5038', 'N5039', 'N5040', 'N5041', 'N5042', 'N5043', 'N5044', 'N5045', 'N5046', 'N5047', 'N5048', 'N5049', 'N5050', 'N5051', 'N5052', 'N5053', 'N5054', 'N5055', 'N5056', 'N5057', 'N5058', 'N5059', 'N5060', 'N5061', 'N5062', 'N5063', 'N5064', 'N5065', 'N5066', 'N5067', 'N5068', 'N5069', 'N5070', 'N5071', 'N5072', 'N5073', 'N5074', 'N5075', 'N5076', 'N5077', 'N5078', 'N5079', 'N5080', 'N5081', 'N5082', 'N5083', 'N5084', 'N5085', 'N5086', 'N5087', 'N5088', 'N5089', 'N5090', 'N5091', 'N5092', 'N5093', 'N5094', 'N5095', 'N5096', 'N5097', 'N5098', 'N5099', 'N5100', 'N5101', 'N5102', 'N5103', 'N5104', 'N5105', 'N5106', 'N5107', 'N5108', 'N5109', 'N5110', 'N5111', 'N5112', 'N5113', 'N5114', 'N5115', 'N5116', 'N5117', 'N5118', 'N5119', 'N5120', 'N5121', 'N5122', 'N5123', 'N5124', 'N5125', 'N5126', 'N5127', 'N5128', 'N5129', 'N5130', 'N5131', 'N5132', 'N5133', 'N5134', 'N5135', 'N5136', 'N5137', 'N5138', 'N5139', 'N5140', 'N5141', 'N5142', 'N5143', 'N5144', 'N5145', 'N5146', 'N5147', 'N5148', 'N5149', 'N5150', 'N5151', 'N5152', 'N5153', 'N5154', 'N5155', 'N5156', 'N5157', 'N5158', 'N5159', 'N5160', 'N5161', 'N5162', 'N5163', 'N5164', 'N5165', 'N5166', 'N5167', 'N5168', 'N5169', 'N5170', 'N5171', 'N5172', 'N5173', 'N5174', 'N5175', 'N5176', 'N5177', 'N5178', 'N5179', 'N5180', 'N5181', 'N5182', 'N5183', 'N5184', 'N5185', 'N5186', 'N5187', 'N5188', 'N5189', 'N5190', 'N5191', 'N5192', 'N5193', 'N5194', 'N5195', 'N5196', 'N5197', 'N5198', 'N5199', 'N5200', 'N5201', 'N5202', 'N5203', 'N5204', 'N5205', 'N5206', 'N5207', 'N5208', 'N5209', 'N5210', 'N5211', 'N5212', 'N5213', 'N5214', 'N5215', 'N5216', 'N5217', 'N5218', 'N5219', 'N5220', 'N5221', 'N5222', 'N5223', 'N5224', 'N5225', 'N5226', 'N5227', 'N5228', 'N5229', 'N5230', 'N5231', 'N5232', 'N5233', 'N5234', 'N5235', 'N5236', 'N5237', 'N5238', 'N5239', 'N5240', 'N5241', 'N5242', 'N5243', 'N5244', 'N5245', 'N5246', 'N5247', 'N5248', 'N5249', 'N5250', 'N5251', 'N5252', 'N5253', 'N5254', 'N5255', 'N5256', 'N5257', 'N5258', 'N5259', 'N5260', 'N5261', 'N5262', 'N5263', 'N5264', 'N5265', 'N5266', 'N5267', 'N5268', 'N5269', 'N5270', 'N5271', 'N5272', 'N5273', 'N5274', 'N5275', 'N5276', 'N5277', 'N5278', 'N5279', 'N5280', 'N5281', 'N5282', 'N5283', 'N5284', 'N5285', 'N5286', 'N5287', 'N5288', 'N5289', 'N5290', 'N5291', 'N5292', 'N5293', 'N5294', 'N5295', 'N5296', 'N5297', 'N5298', 'N5299', 'N5300', 'N5301', 'N5302', 'N5303', 'N5304', 'N5305', 'N5306', 'N5307', 'N5308', 'N5309', 'N5310', 'N5311', 'N5312', 'N5313', 'N5314', 'N5315', 'N5316', 'N5317', 'N5318', 'N5319', 'N5320', 'N5321', 'N5322', 'N5323', 'N5324', 'N5325', 'N5326', 'N5327', 'N5328', 'N5329', 'N5330', 'N5331', 'N5332', 'N5333', 'N5334', 'N5335', 'N5336', 'N5337', 'N5338', 'N5339', 'N5340', 'N5341', 'N5342', 'N5343', 'N5344', 'N5345', 'N5346', 'N5347', 'N5348', 'N5349', 'N5350', 'N5351', 'N5352', 'N5353', 'N5354', 'N5355', 'N5356', 'N5357', 'N5358', 'N5359', 'N5360', 'N5361', 'N5362', 'N5363', 'N5364', 'N5365', 'N5366', 'N5367', 'N5368', 'N5369', 'N5370', 'N5371', 'N5372', 'N5373', 'N5374', 'N5375', 'N5376', 'N5377', 'N5378', 'N5379', 'N5380', 'N5381', 'N5382', 'N5383', 'N5384', 'N5385', 'N5386', 'N5387', 'N5388', 'N5389', 'N5390', 'N5391', 'N5392', 'N5393', 'N5394', 'N5395', 'N5396', 'N5397', 'N5398', 'N5399', 'N5400', 'N5401', 'N5402', 'N5403', 'N5404', 'N5405', 'N5406', 'N5407', 'N5408', 'N5409', 'N5410', 'N5411', 'N5412', 'N5413', 'N5414', 'N5415', 'N5416', 'N5417', 'N5418', 'N5419', 'N5420', 'N5421', 'N5422', 'N5423', 'N5424', 'N5425', 'N5426', 'N5427', 'N5428', 'N5429', 'N5430', 'N5431', 'N5432', 'N5433', 'N5434', 'N5435', 'N5436', 'N5437', 'N5438', 'N5439', 'N5440', 'N5441', 'N5442', 'N5443', 'N5444', 'N5445', 'N5446', 'N5447', 'N5448', 'N5449', 'N5450', 'N5451', 'N5452', 'N5453', 'N5454', 'N5455', 'N5456', 'N5457', 'N5458', 'N5459', 'N5460', 'N5461', 'N5462', 'N5463', 'N5464', 'N5465', 'N5466', 'N5467', 'N5468', 'N5469', 'N5470', 'N5471', 'N5472', 'N5473', 'N5474', 'N5475', 'N5476', 'N5477', 'N5478', 'N5479', 'N5480', 'N5481', 'N5482', 'N5483', 'N5484', 'N5485', 'N5486', 'N5487', 'N5488', 'N5489', 'N5490', 'N5491', 'N5492', 'N5493', 'N5494', 'N5495', 'N5496', 'N5497', 'N5498', 'N5499', 'N5500', 'N5501', 'N5502', 'N5503', 'N5504', 'N5505', 'N5506', 'N5507', 'N5508', 'N5509', 'N5510', 'N5511', 'N5512', 'N5513', 'N5514', 'N5515', 'N5516', 'N5517', 'N5518', 'N5519', 'N5520', 'N5521', 'N5522', 'N5523', 'N5524', 'N5525', 'N5526', 'N5527', 'N5528', 'N5529', 'N5530', 'N5531', 'N5532', 'N5533', 'N5534', 'N5535', 'N5536', 'N5537', 'N5538', 'N5539', 'N5540', 'N5541', 'N5542', 'N5543', 'N5544', 'N5545', 'N5546', 'N5547', 'N5548', 'N5549', 'N5550', 'N5551', 'N5552', 'N5553', 'N5554', 'N5555', 'N5556', 'N5557', 'N5558', 'N5559', 'N5560', 'N5561', 'N5562', 'N5563', 'N5564', 'N5565', 'N5566', 'N5567', 'N5568', 'N5569', 'N5570', 'N5571', 'N5572', 'N5573', 'N5574', 'N5575', 'N5576', 'N5577', 'N5578', 'N5579', 'N5580', 'N5581', 'N5582', 'N5583', 'N5584', 'N5585', 'N5586', 'N5587', 'N5588', 'N5589', 'N5590', 'N5591', 'N5592', 'N5593', 'N5594', 'N5595', 'N5596', 'N5597', 'N5598', 'N5599', 'N5600', 'N5601', 'N5602', 'N5603', 'N5604', 'N5605', 'N5606', 'N5607', 'N5608', 'N5609', 'N5610', 'N5611', 'N5612', 'N5613', 'N5614', 'N5615', 'N5616', 'N5617', 'N5618', 'N5619', 'N5620', 'N5621', 'N5622', 'N5623', 'N5624', 'N5625', 'N5626', 'N5627', 'N5628', 'N5629', 'N5630', 'N5631', 'N5632', 'N5633', 'N5634', 'N5635', 'N5636', 'N5637', 'N5638', 'N5639', 'N5640', 'N5641', 'N5642', 'N5643', 'N5644', 'N5645', 'N5646', 'N5647', 'N5648', 'N5649', 'N5650', 'N5651', 'N5652', 'N5653', 'N5654', 'N5655', 'N5656', 'N5657', 'N5658', 'N5659', 'N5660', 'N5661', 'N5662', 'N5663', 'N5664', 'N5665', 'N5666', 'N5667', 'N5668', 'N5669', 'N5670', 'N5671', 'N5672', 'N5673', 'N5674', 'N5675', 'N5676', 'N5677', 'N5678', 'N5679', 'N5680', 'N5681', 'N5682', 'N5683', 'N5684', 'N5685', 'N5686', 'N5687', 'N5688', 'N5689', 'N5690', 'N5691', 'N5692', 'N5693', 'N5694', 'N5695', 'N5696', 'N5697', 'N5698', 'N5699', 'N5700', 'N5701', 'N5702', 'N5703', 'N5704', 'N5705', 'N5706', 'N5707', 'N5708', 'N5709', 'N5710', 'N5711', 'N5712', 'N5713', 'N5714', 'N5715', 'N5716', 'N5717', 'N5718', 'N5719', 'N5720', 'N5721', 'N5722', 'N5723', 'N5724', 'N5725', 'N5726', 'N5727', 'N5728', 'N5729', 'N5730', 'N5731', 'N5732', 'N5733', 'N5734', 'N5735', 'N5736', 'N5737', 'N5738', 'N5739', 'N5740', 'N5741', 'N5742', 'N5743', 'N5744', 'N5745', 'N5746', 'N5747', 'N5748', 'N5749', 'N5750', 'N5751', 'N5752', 'N5753', 'N5754', 'N5755', 'N5756', 'N5757', 'N5758', 'N5759', 'N5760', 'N5761', 'N5762', 'N5763', 'N5764', 'N5765', 'N5766', 'N5767', 'N5768', 'N5769', 'N5770', 'N5771', 'N5772', 'N5773', 'N5774', 'N5775', 'N5776', 'N5777', 'N5778', 'N5779', 'N5780', 'N5781', 'N5782', 'N5783', 'N5784', 'N5785', 'N5786', 'N5787', 'N5788', 'N5789', 'N5790', 'N5791', 'N5792', 'N5793', 'N5794', 'N5795', 'N5796', 'N5797', 'N5798', 'N5799', 'N5800', 'N5801', 'N5802', 'N5803', 'N5804', 'N5805', 'N5806', 'N5807', 'N5808', 'N5809', 'N5810', 'N5811', 'N5812', 'N5813', 'N5814', 'N5815', 'N5816', 'N5817', 'N5818', 'N5819', 'N5820', 'N5821', 'N5822', 'N5823', 'N5824', 'N5825', 'N5826', 'N5827', 'N5828', 'N5829', 'N5830', 'N5831', 'N5832', 'N5833', 'N5834', 'N5835', 'N5836', 'N5837', 'N5838', 'N5839', 'N5840', 'N5841', 'N5842', 'N5843', 'N5844', 'N5845', 'N5846', 'N5847', 'N5848', 'N5849', 'N5850', 'N5851', 'N5852', 'N5853', 'N5854', 'N5855', 'N5856', 'N5857', 'N5858', 'N5859', 'N5860', 'N5861', 'N5862', 'N5863', 'N5864', 'N5865', 'N5866', 'N5867', 'N5868', 'N5869', 'N5870', 'N5871', 'N5872', 'N5873', 'N5874', 'N5875', 'N5876', 'N5877', 'N5878', 'N5879', 'N5880', 'N5881', 'N5882', 'N5883', 'N5884', 'N5885', 'N5886', 'N5887', 'N5888', 'N5889', 'N5890', 'N5891', 'N5892', 'N5893', 'N5894', 'N5895', 'N5896', 'N5897', 'N5898', 'N5899', 'N5900', 'N5901', 'N5902', 'N5903', 'N5904', 'N5905', 'N5906', 'N5907', 'N5908', 'N5909', 'N5910', 'N5911', 'N5912', 'N5913', 'N5914', 'N5915', 'N5916', 'N5917', 'N5918', 'N5919', 'N5920', 'N5921', 'N5922', 'N5923', 'N5924', 'N5925', 'N5926', 'N5927', 'N5928', 'N5929', 'N5930', 'N5931', 'N5932', 'N5933', 'N5934', 'N5935', 'N5936', 'N5937', 'N5938', 'N5939', 'N5940', 'N5941', 'N5942', 'N5943', 'N5944', 'N5945', 'N5946', 'N5947', 'N5948', 'N5949', 'N5950', 'N5951', 'N5952', 'N5953', 'N5954', 'N5955', 'N5956', 'N5957', 'N5958', 'N5959', 'N5960', 'N5961', 'N5962', 'N5963', 'N5964', 'N5965', 'N5966', 'N5967', 'N5968', 'N5969', 'N5970', 'N5971', 'N5972', 'N5973', 'N5974', 'N5975', 'N5976', 'N5977', 'N5978', 'N5979', 'N5980', 'N5981', 'N5982', 'N5983', 'N5984', 'N5985', 'N5986', 'N5987', 'N5988', 'N5989', 'N5990', 'N5991', 'N5992', 'N5993', 'N5994', 'N5995', 'N5996', 'N5997', 'N5998', 'N5999', 'N6000', 'N6001', 'N6002', 'N6003', 'N6004', 'N6005', 'N6006', 'N6007', 'N6008', 'N6009', 'N6010', 'N6011', 'N6012', 'N6013', 'N6014', 'N6015', 'N6016', 'N6017', 'N6018', 'N6019', 'N6020', 'N6021', 'N6022', 'N6023', 'N6024', 'N6025', 'N6026', 'N6027', 'N6028', 'N6029', 'N6030', 'N6031', 'N6032', 'N6033', 'N6034', 'N6035', 'N6036', 'N6037', 'N6038', 'N6039', 'N6040', 'N6041', 'N6042', 'N6043', 'N6044', 'N6045', 'N6046', 'N6047', 'N6048', 'N6049', 'N6050', 'N6051', 'N6052', 'N6053', 'N6054', 'N6055', 'N6056', 'N6057', 'N6058', 'N6059', 'N6060', 'N6061', 'N6062', 'N6063', 'N6064', 'N6065', 'N6066', 'N6067', 'N6068', 'N6069', 'N6070', 'N6071', 'N6072', 'N6073', 'N6074', 'N6075', 'N6076', 'N6077', 'N6078', 'N6079', 'N6080', 'N6081', 'N6082', 'N6083', 'N6084', 'N6085', 'N6086', 'N6087', 'N6088', 'N6089', 'N6090', 'N6091', 'N6092', 'N6093', 'N6094', 'N6095', 'N6096', 'N6097', 'N6098', 'N6099', 'N6100', 'N6101', 'N6102', 'N6103', 'N6104', 'N6105', 'N6106', 'N6107', 'N6108', 'N6109', 'N6110', 'N6111', 'N6112', 'N6113', 'N6114', 'N6115', 'N6116', 'N6117', 'N6118', 'N6119', 'N6120', 'N6121', 'N6122', 'N6123', 'N6124', 'N6125', 'N6126', 'N6127', 'N6128', 'N6129', 'N6130', 'N6131', 'N6132', 'N6133', 'N6134', 'N6135', 'N6136', 'N6137', 'N6138', 'N6139', 'N6140', 'N6141', 'N6142', 'N6143', 'N6144', 'N6145', 'N6146', 'N6147', 'N6148', 'N6149', 'N6150', 'N6151', 'N6152', 'N6153', 'N6154', 'N6155', 'N6156', 'N6157', 'N6158', 'N6159', 'N6160', 'N6161', 'N6162', 'N6163', 'N6164', 'N6165', 'N6166', 'N6167', 'N6168', 'N6169', 'N6170', 'N6171', 'N6172', 'N6173', 'N6174', 'N6175', 'N6176', 'N6177', 'N6178', 'N6179', 'N6180', 'N6181', 'N6182', 'N6183', 'N6184', 'N6185', 'N6186', 'N6187', 'N6188', 'N6189', 'N6190', 'N6191', 'N6192', 'N6193', 'N6194', 'N6195', 'N6196', 'N6197', 'N6198', 'N6199', 'N6200', 'N6201', 'N6202', 'N6203', 'N6204', 'N6205', 'N6206', 'N6207', 'N6208', 'N6209', 'N6210', 'N6211', 'N6212', 'N6213', 'N6214', 'N6215', 'N6216', 'N6217', 'N6218', 'N6219', 'N6220', 'N6221', 'N6222', 'N6223', 'N6224', 'N6225', 'N6226', 'N6227', 'N6228', 'N6229', 'N6230', 'N6231', 'N6232', 'N6233', 'N6234', 'N6235', 'N6236', 'N6237', 'N6238', 'N6239', 'N6240', 'N6241', 'N6242', 'N6243', 'N6244', 'N6245', 'N6246', 'N6247', 'N6248', 'N6249', 'N6250', 'N6251', 'N6252', 'N6253', 'N6254', 'N6255', 'N6256', 'N6257', 'N6258', 'N6259', 'N6260', 'N6261', 'N6262', 'N6263', 'N6264', 'N6265', 'N6266', 'N6267', 'N6268', 'N6269', 'N6270', 'N6271', 'N6272', 'N6273', 'N6274', 'N6275', 'N6276', 'N6277', 'N6278', 'N6279', 'N6280', 'N6281', 'N6282', 'N6283', 'N6284', 'N6285', 'N6286', 'N6287', 'N6288', 'N6289', 'N6290', 'N6291', 'N6292', 'N6293', 'N6294', 'N6295', 'N6296', 'N6297', 'N6298', 'N6299', 'N6300', 'N6301', 'N6302', 'N6303', 'N6304', 'N6305', 'N6306', 'N6307', 'N6308', 'N6309', 'N6310', 'N6311', 'N6312', 'N6313', 'N6314', 'N6315', 'N6316', 'N6317', 'N6318', 'N6319', 'N6320', 'N6321', 'N6322', 'N6323', 'N6324', 'N6325', 'N6326', 'N6327', 'N6328', 'N6329', 'N6330', 'N6331', 'N6332', 'N6333', 'N6334', 'N6335', 'N6336', 'N6337', 'N6338', 'N6339', 'N6340', 'N6341', 'N6342', 'N6343', 'N6344', 'N6345', 'N6346', 'N6347', 'N6348', 'N6349', 'N6350', 'N6351', 'N6352', 'N6353', 'N6354', 'N6355', 'N6356', 'N6357', 'N6358', 'N6359', 'N6360', 'N6361', 'N6362', 'N6363', 'N6364', 'N6365', 'N6366', 'N6367', 'N6368', 'N6369', 'N6370', 'N6371', 'N6372', 'N6373', 'N6374', 'N6375', 'N6376', 'N6377', 'N6378', 'N6379', 'N6380', 'N6381', 'N6382', 'N6383', 'N6384', 'N6385', 'N6386', 'N6387', 'N6388', 'N6389', 'N6390', 'N6391', 'N6392', 'N6393', 'N6394', 'N6395', 'N6396', 'N6397', 'N6398', 'N6399', 'N6400', 'N6401', 'N6402', 'N6403', 'N6404', 'N6405', 'N6406', 'N6407', 'N6408', 'N6409', 'N6410', 'N6411', 'N6412', 'N6413', 'N6414', 'N6415', 'N6416', 'N6417', 'N6418', 'N6419', 'N6420', 'N6421', 'N6422', 'N6423', 'N6424', 'N6425', 'N6426', 'N6427', 'N6428', 'N6429', 'N6430', 'N6431', 'N6432', 'N6433', 'N6434', 'N6435', 'N6436', 'N6437', 'N6438', 'N6439', 'N6440', 'N6441', 'N6442', 'N6443', 'N6444', 'N6445', 'N6446', 'N6447', 'N6448', 'N6449', 'N6450', 'N6451', 'N6452', 'N6453', 'N6454', 'N6455', 'N6456', 'N6457', 'N6458', 'N6459', 'N6460', 'N6461', 'N6462', 'N6463', 'N6464', 'N6465', 'N6466', 'N6467', 'N6468', 'N6469', 'N6470', 'N6471', 'N6472', 'N6473', 'N6474', 'N6475', 'N6476', 'N6477', 'N6478', 'N6479', 'N6480', 'N6481', 'N6482', 'N6483', 'N6484', 'N6485', 'N6486', 'N6487', 'N6488', 'N6489', 'N6490', 'N6491', 'N6492', 'N6493', 'N6494', 'N6495', 'N6496', 'N6497', 'N6498', 'N6499', 'N6500', 'N6501', 'N6502', 'N6503', 'N6504', 'N6505', 'N6506', 'N6507', 'N6508', 'N6509', 'N6510', 'N6511', 'N6512', 'N6513', 'N6514', 'N6515', 'N6516', 'N6517', 'N6518', 'N6519', 'N6520', 'N6521', 'N6522', 'N6523', 'N6524', 'N6525', 'N6526', 'N6527', 'N6528', 'N6529', 'N6530', 'N6531', 'N6532', 'N6533', 'N6534', 'N6535', 'N6536', 'N6537', 'N6538', 'N6539', 'N6540', 'N6541', 'N6542', 'N6543', 'N6544', 'N6545', 'N6546', 'N6547', 'N6548', 'N6549', 'N6550', 'N6551', 'N6552', 'N6553', 'N6554', 'N6555', 'N6556', 'N6557', 'N6558', 'N6559', 'N6560', 'N6561', 'N6562', 'N6563', 'N6564', 'N6565', 'N6566', 'N6567', 'N6568', 'N6569', 'N6570', 'N6571', 'N6572', 'N6573', 'N6574', 'N6575', 'N6576', 'N6577', 'N6578', 'N6579', 'N6580', 'N6581', 'N6582', 'N6583', 'N6584', 'N6585', 'N6586', 'N6587', 'N6588', 'N6589', 'N6590', 'N6591', 'N6592', 'N6593', 'N6594', 'N6595', 'N6596', 'N6597', 'N6598', 'N6599', 'N6600', 'N6601', 'N6602', 'N6603', 'N6604', 'N6605', 'N6606', 'N6607', 'N6608', 'N6609', 'N6610', 'N6611', 'N6612', 'N6613', 'N6614', 'N6615', 'N6616', 'N6617', 'N6618', 'N6619', 'N6620', 'N6621', 'N6622', 'N6623', 'N6624', 'N6625', 'N6626', 'N6627', 'N6628']
Generating pickle for eth_crc
PYTHON OUTPUT

['4', 'I1', '6', 'I2', '8', 'I3', '10', 'I4', '12', 'I5', '14', 'I6', '16', 'I7', '18', 'I8', '20', 'I9', '22', 'I10', '24', 'I11', '26', 'I12', '28', 'I13', '30', 'I14', '32', 'I15', '34', 'I16', '36', 'I17', '38', 'I18', '40', 'I19', '42', 'I20', '44', 'I21', '46', 'I22', '48', 'I23', '50', 'I24', '52', 'I25', '54', 'I26', '56', 'I27', '58', 'I28', '60', 'I29', '62', 'I30', '64', 'I31', '66', 'I32', '68', 'I33', '70', 'I34', '72', 'I35', '74', 'I36', '76', 'I37', '78', 'I38', '80', 'I39', 'O0', 'O1', 'O2', 'O3', 'O4', 'O5', 'O6', 'O7', 'O8', 'O9', 'O10', 'O11', 'O12', 'O13', 'O14', 'O15', 'O16', 'O17', 'O18', 'O19', 'O20', 'O21', 'O22', 'O23', 'O24', 'O25', 'O26', 'O27', 'O28', 'O29', 'O30', 'O31', 'O32', 'L0', 'L1', 'L2', 'L3', 'L4', 'L5', 'L6', 'L7', 'L8', 'L9', 'L10', 'L11', 'L12', 'L13', 'L14', 'L15', 'L16', 'L17', 'L18', 'L19', 'L20', 'L21', 'L22', 'L23', 'L24', 'L25', 'L26', 'L27', 'L28', 'L29', 'L30', 'L31', '148', '150', '152', '154', '156', '158', '160', '162', '164', '166', '168', '170', '172', '174', '176', '178', '180', '182', '184', '186', '188', '190', '192', '194', '196', '198', '200', '202', '204', '206', '208', '210', '212', '214', '216', '218', '220', '222', '224', '226', '228', '230', '232', '234', '236', '238', '240', '242', '244', '246', '248', '250', '252', '254', '256', '258', '260', '262', '264', '266', '268', '270', '272', '274', '276', '278', '280', '282', '284', '286', '288', '290', '292', '294', '296', '298', '300', '302', '304', '306', '308', '310', '312', '314', '316', '318', '320', '322', '324', '326', '328', '330', '332', '334', '336', '338', '340', '342', '344', '346', '348', '350', '352', '354', '356', '358', '360', '362', '364', '366', '368', '370', '372', '374', '376', '378', '380', '382', '384', '386', '388', '390', '392', '394', '396', '398', '400', '402', '404', '406', '408', '410', '412', '414', '416', '418', '420', '422', '424', '426', '428', '430', '432', '434', '436', '438', '440', '442', '444', '446', '448', '450', '452', '454', '456', '458', '460', '462', '464', '466', '468', '470', '472', '474', '476', '478', '480', '482', '484', '486', '488', '490', '492', '494', '496', '498', '500', '502', '504', '506', '508', '510', '512', '514', '516', '518', '520', '522', '524', '526', '528', '530', '532', '534', '536', '538', '540', '542', '544', '546', '548', '550', '552', '554', '556', '558', '560', '562', '564', '566', '568', '570', '572', '574', '576', '578', '580', '582', '584', '586', '588', '590', '592', '594', '596', '598', '600', '602', '604', '606', '608', '610', '612', '614', '616', '618', '620', '622', '624', '626', '628', '630', '632', '634', '636', '638', '640', '642', '644', '646', '648', '650', '652', '654', '656', '658', '660', '662', '664', '666', '668', '670', '672', '674', '676', '678', '680', '682', '684', '686', '688', '690', '692', '694', '696', '698', '700', '702', '704', '706', '708', '710', '712', '714', '716', '718', '720', '722', '724', '726', '728', '730', '732', '734', '736', '738', '740', '742', '744', '746', '748', '750', '752', '754', '756', '758', '760', '762', '764', '766', '768', '770', '772', '774', '776', '778', '780', '782', '784', '786', '788', '790', '792', '794', '796', '798', '800', '802', '804', '806', '808', '810', '812', '814', '816', '818', '820', '822', '824', '826', '828', '830', '832', '834', '836', '838', '840', '842', '844', '846', '848', '850', '852', '854', '856', '858', '860', '862', '864', '866', '868', '870', '872', '874', '876', '878', '880', '882', '884', '886', '888', '890', '892', '894', '896', '898', '900', '902', '904', '906', '908', '910', '912', '914', '916', '918', '920', '922', '924', '926', '928', '930', '932', '934', '936', '938', '940', '942', '944', '946', '948', '950', '952', '954', '956', '958', '960', '962', '964', '966', '968', '970', '972', '974', '976', '978', '980', '982', '984', '986', '988', '990', '992', '994', '996', '998', '1000', '1002', '1004', '1006', '1008', '1010', '1012', '1014', '1016', '1018', '1020', '1022', '1024', '1026', '1028', '1030', '1032', '1034', '1036', '1038', '1040', '1042', '1044', '1046', '1048', '1050', '1052', '1054', '1056', '1058', '1060', '1062', '1064', '1066', '1068', '1070', '1072', '1074', '1076', '1078', '1080', '1082', '1084', '1086', '1088', '1090', '1092', '1094', '1096', '1098', '1100', '1102', '1104', '1106', '1108', '1110', '1112', '1114', '1116', '1118', '1120', '1122', '1124', '1126', '1128', '1130', '1132', '1134', '1136', '1138', '1140', '1142', '1144', '1146', '1148', '1150', '1152', '1154', '1156', '1158', '1160', '1162', '1164', '1166', '1168', '1170', '1172', '1174', '1176', '1178', '1180', '1182', '1184', '1186', '1188', '1190', '1192', '1194', '1196', '1198', '1200', '1202', '1204', '1206', '1208', '1210', '1212', '1214', '1216', '1218', '1220', '1222', '1224', '1226', '1228', '1230', '1232', '1234', '1236', '1238', '1240', '1242', '1244', '1246', '1248', '1250', '1252', '1254', '1256', 'IL32', 'IL18', 'IL22', 'IL13', 'IL24', 'IL15', 'IL14', 'IL30', 'IL6', 'IL20', 'IL25', 'IL0', 'IL17', 'IL11', 'IL3', 'IL1', 'IL28', 'IL9', 'IL16', 'IL5', 'IL26', 'IL2', 'IL29', 'IL4', 'IL12', 'IL8', 'IL27', 'IL7', 'IL21', 'IL10', 'IL23', 'IL31', 'IL19', 'N0', 'N1', 'N2', 'N3', 'N4', 'N5', 'N6', 'N7', 'N8', 'N9', 'N10', 'N11', 'N12', 'N13', 'N14', 'N15', 'N16', 'N17', 'N18', 'N19', 'N20', 'N21', 'N22', 'N23', 'N24', 'N25', 'N26', 'N27', 'N28', 'N29', 'N30', 'N31', 'N32', 'N33', 'N34', 'N35', 'N36', 'N37', 'N38', 'N39', 'N40', 'N41', 'N42', 'N43', 'N44', 'N45', 'N46', 'N47', 'N48', 'N49', 'N50', 'N51', 'N52', 'N53', 'N54', 'N55', 'N56', 'N57', 'N58', 'N59', 'N60', 'N61', 'N62', 'N63', 'N64', 'N65', 'N66', 'N67', 'N68', 'N69', 'N70', 'N71', 'N72', 'N73', 'N74', 'N75', 'N76', 'N77', 'N78', 'N79', 'N80', 'N81', 'N82', 'N83', 'N84', 'N85', 'N86', 'N87', 'N88', 'N89', 'N90', 'N91', 'N92', 'N93', 'N94', 'N95', 'N96', 'N97', 'N98', 'N99', 'N100', 'N101', 'N102', 'N103', 'N104', 'N105', 'N106', 'N107', 'N108', 'N109', 'N110', 'N111', 'N112', 'N113', 'N114', 'N115', 'N116', 'N117', 'N118', 'N119', 'N120', 'N121', 'N122', 'N123', 'N124', 'N125', 'N126', 'N127', 'N128', 'N129', 'N130', 'N131', 'N132', 'N133', 'N134', 'N135', 'N136', 'N137', 'N138', 'N139', 'N140', 'N141', 'N142', 'N143', 'N144', 'N145', 'N146', 'N147', 'N148', 'N149', 'N150', 'N151', 'N152', 'N153', 'N154', 'N155', 'N156', 'N157', 'N158', 'N159', 'N160', 'N161', 'N162', 'N163', 'N164', 'N165', 'N166', 'N167', 'N168', 'N169', 'N170', 'N171', 'N172', 'N173', 'N174', 'N175', 'N176', 'N177', 'N178', 'N179', 'N180', 'N181', 'N182', 'N183', 'N184', 'N185', 'N186', 'N187', 'N188', 'N189', 'N190', 'N191', 'N192', 'N193', 'N194', 'N195', 'N196', 'N197', 'N198', 'N199', 'N200', 'N201', 'N202', 'N203', 'N204', 'N205', 'N206', 'N207', 'N208', 'N209', 'N210', 'N211', 'N212', 'N213', 'N214', 'N215', 'N216', 'N217', 'N218', 'N219', 'N220', 'N221', 'N222', 'N223', 'N224', 'N225', 'N226', 'N227', 'N228', 'N229', 'N230', 'N231', 'N232', 'N233', 'N234', 'N235', 'N236', 'N237', 'N238', 'N239', 'N240', 'N241', 'N242', 'N243', 'N244', 'N245', 'N246', 'N247', 'N248', 'N249', 'N250', 'N251', 'N252', 'N253', 'N254', 'N255', 'N256', 'N257', 'N258', 'N259', 'N260', 'N261', 'N262', 'N263', 'N264', 'N265', 'N266', 'N267', 'N268', 'N269', 'N270', 'N271', 'N272', 'N273', 'N274', 'N275', 'N276', 'N277', 'N278', 'N279', 'N280', 'N281', 'N282', 'N283', 'N284', 'N285', 'N286', 'N287', 'N288', 'N289', 'N290', 'N291', 'N292', 'N293', 'N294', 'N295', 'N296', 'N297', 'N298', 'N299', 'N300', 'N301', 'N302', 'N303', 'N304', 'N305', 'N306', 'N307', 'N308', 'N309', 'N310', 'N311', 'N312', 'N313', 'N314', 'N315', 'N316', 'N317', 'N318', 'N319', 'N320', 'N321', 'N322', 'N323', 'N324', 'N325', 'N326', 'N327', 'N328', 'N329', 'N330', 'N331', 'N332', 'N333', 'N334', 'N335', 'N336', 'N337', 'N338', 'N339', 'N340', 'N341', 'N342', 'N343', 'N344', 'N345', 'N346', 'N347', 'N348', 'N349', 'N350', 'N351', 'N352', 'N353', 'N354', 'N355', 'N356', 'N357', 'N358', 'N359', 'N360', 'N361', 'N362', 'N363', 'N364', 'N365', 'N366', 'N367', 'N368', 'N369', 'N370', 'N371', 'N372', 'N373', 'N374', 'N375', 'N376', 'N377', 'N378', 'N379', 'N380', 'N381', 'N382', 'N383', 'N384', 'N385', 'N386', 'N387', 'N388', 'N389', 'N390', 'N391', 'N392', 'N393', 'N394', 'N395', 'N396', 'N397', 'N398', 'N399', 'N400', 'N401', 'N402', 'N403', 'N404', 'N405', 'N406', 'N407', 'N408', 'N409', 'N410', 'N411', 'N412', 'N413', 'N414', 'N415', 'N416', 'N417', 'N418', 'N419', 'N420', 'N421', 'N422', 'N423', 'N424', 'N425', 'N426', 'N427', 'N428', 'N429', 'N430', 'N431', 'N432', 'N433', 'N434', 'N435', 'N436', 'N437', 'N438', 'N439', 'N440', 'N441', 'N442', 'N443', 'N444', 'N445', 'N446', 'N447', 'N448', 'N449', 'N450', 'N451', 'N452', 'N453', 'N454', 'N455', 'N456', 'N457', 'N458', 'N459', 'N460', 'N461', 'N462', 'N463', 'N464', 'N465', 'N466', 'N467', 'N468', 'N469', 'N470', 'N471', 'N472', 'N473', 'N474', 'N475', 'N476', 'N477', 'N478', 'N479', 'N480', 'N481', 'N482', 'N483', 'N484', 'N485', 'N486', 'N487', 'N488', 'N489', 'N490', 'N491', 'N492', 'N493', 'N494', 'N495', 'N496', 'N497', 'N498', 'N499', 'N500', 'N501', 'N502', 'N503', 'N504', 'N505', 'N506', 'N507', 'N508', 'N509', 'N510', 'N511', 'N512', 'N513', 'N514', 'N515', 'N516', 'N517', 'N518', 'N519', 'N520', 'N521', 'N522', 'N523', 'N524', 'N525', 'N526', 'N527', 'N528', 'N529', 'N530', 'N531', 'N532', 'N533', 'N534', 'N535', 'N536', 'N537', 'N538', 'N539', 'N540', 'N541', 'N542', 'N543', 'N544', 'N545', 'N546', 'N547', 'N548', 'N549', 'N550', 'N551', 'N552', 'N553', 'N554', 'N555', 'N556', 'N557', 'N558', 'N559', 'N560', 'N561', 'N562', 'N563', 'N564', 'N565', 'N566', 'N567', 'N568', 'N569', 'N570', 'N571', 'N572', 'N573', 'N574', 'N575', 'N576', 'N577', 'N578', 'N579', 'N580', 'N581', 'N582', 'N583', 'N584', 'N585', 'N586', 'N587', 'N588', 'N589', 'N590', 'N591', 'N592', 'N593', 'N594', 'N595', 'N596', 'N597', 'N598', 'N599', 'N600', 'N601', 'N602', 'N603', 'N604', 'N605', 'N606', 'N607', 'N608', 'N609', 'N610', 'N611', 'N612', 'N613', 'N614', 'N615', 'N616', 'N617', 'N618', 'N619', 'N620', 'N621', 'N622', 'N623', 'N624', 'N625', 'N626', 'N627', 'N628', 'N629', 'N630', 'N631', 'N632', 'N633', 'N634', 'N635', 'N636', 'N637', 'N638', 'N639', 'N640', 'N641', 'N642', 'N643', 'N644', 'N645', 'N646', 'N647', 'N648', 'N649', 'N650', 'N651', 'N652', 'N653', 'N654', 'N655', 'N656', 'N657', 'N658', 'N659', 'N660', 'N661', 'N662', 'N663', 'N664', 'N665', 'N666', 'N667', 'N668', 'N669', 'N670', 'N671', 'N672', 'N673', 'N674', 'N675', 'N676', 'N677', 'N678', 'N679', 'N680', 'N681', 'N682', 'N683', 'N684', 'N685', 'N686', 'N687', 'N688', 'N689', 'N690', 'N691', 'N692', 'N693', 'N694', 'N695', 'N696', 'N697', 'N698', 'N699', 'N700', 'N701', 'N702', 'N703', 'N704', 'N705', 'N706', 'N707', 'N708', 'N709', 'N710', 'N711', 'N712', 'N713', 'N714', 'N715', 'N716', 'N717', 'N718', 'N719', 'N720', 'N721', 'N722', 'N723', 'N724', 'N725', 'N726', 'N727', 'N728', 'N729', 'N730']
Generating pickle for bsg_mux_segmented_segments_p8_segment_width_p8
PYTHON OUTPUT

['4', 'I66', 'I68', 'I70', 'O5', '130', '316', '288', '314', '320', '282', 'O7', 'I2', '142', '8', 'I4', '290', '306', '312', 'I5', 'I64', '10', '2', '132', '284', '6', 'O4', 'O3', '298', '258', '280', 'I7', 'I69', '296', '138', '278', '310', '134', '294', '304', '318', 'I0', '286', '140', 'O6', '276', '14', '292', 'I3', 'O2', '16', '144', '300', 'I128', '136', '308', '274', '302', 'I6', 'O1', 'I65', 'I71', 'I1', 'I67', '12', 'O0', 'N0', 'N1', 'N2', 'N3', 'N4', 'N5', 'N6', 'N7', 'N8', 'N9', 'N10', 'N11', 'N12', 'N13', 'N14', 'N15', 'N16', 'N17', 'N18', 'N19', 'N20', 'N21', 'N22', 'N23', 'N24', 'N25', 'N26', 'N27', 'N28', 'N29', 'N30', 'N31', 'N32', 'N33', 'N34', 'N35', 'N36', 'N37', 'N38', 'N39', 'N40', 'N41', 'N42', 'N43', 'N44', 'N45', 'N46', 'N47', 'N48', 'N49', 'N50', 'N51', 'N52', 'N53', 'N54', 'N55', 'N56', 'N57', 'N58', 'N59']
